
> globalrx@0.1.0 test /Users/andyhellman/Library/CloudStorage/Dropbox/9-REALi Data Solutions/GlobalRx_v2
> vitest


[1m[46m RUN [49m[22m [36mv4.0.18 [39m[90m/Users/andyhellman/Library/CloudStorage/Dropbox/9-REALi Data Solutions/GlobalRx_v2[39m

 [31m❯[39m src/components/services/__tests__/CommentCreateModal.test.tsx [2m([22m[2m23 tests[22m[2m | [22m[31m20 failed[39m[2m)[22m[33m 3484[2mms[22m[39m
       [32m✓[39m should display modal title with service name[32m 22[2mms[22m[39m
[31m       [31m×[31m should show template dropdown with all available templates[39m[32m 11[2mms[22m[39m
[31m       [31m×[31m should show Internal Only checkbox checked by default[39m[32m 5[2mms[22m[39m
[31m       [31m×[31m should show character count as 0/1000 initially[39m[32m 3[2mms[22m[39m
[31m       [31m×[31m should show template text when template is selected[39m[32m 23[2mms[22m[39m
[31m       [31m×[31m should highlight placeholders in template preview[39m[32m 14[2mms[22m[39m
[31m       [31m×[31m should show placeholder form fields for each placeholder[39m[32m 12[2mms[22m[39m
       [32m✓[39m should show template without placeholders directly in text area[32m 12[2mms[22m[39m
[31m       [31m×[31m should update preview as user fills placeholder fields[39m[32m 12[2mms[22m[39m
       [32m✓[39m should update character count as user types[32m 63[2mms[22m[39m
[31m       [31m×[31m should show warning when character limit is exceeded[39m[33m 1633[2mms[22m[39m
[31m       [31m×[31m should require template selection[39m[32m 7[2mms[22m[39m
[31m       [31m×[31m should require comment text[39m[32m 21[2mms[22m[39m
[31m       [31m×[31m should prevent saving with unreplaced placeholders[39m[32m 11[2mms[22m[39m
[31m       [31m×[31m should prevent saving when text exceeds 1000 characters[39m[33m 1519[2mms[22m[39m
[31m       [31m×[31m should call onCreateComment with correct data when form is valid[39m[32m 14[2mms[22m[39m
[31m       [31m×[31m should close modal and reset form after successful submission[39m[32m 14[2mms[22m[39m
[31m       [31m×[31m should disable form while submitting[39m[32m 14[2mms[22m[39m
[31m       [31m×[31m should call onCancel when Cancel button clicked[39m[32m 6[2mms[22m[39m
[31m       [31m×[31m should warn about unsaved changes when cancelling[39m[32m 44[2mms[22m[39m
[31m       [31m×[31m should close without warning if no changes made[39m[32m 6[2mms[22m[39m
[31m       [31m×[31m should have proper ARIA labels[39m[32m 7[2mms[22m[39m
[31m       [31m×[31m should support keyboard navigation[39m[32m 10[2mms[22m[39m
 [31m❯[39m src/components/vendors/VendorForm.test.tsx [2m([22m[2m11 tests[22m[2m | [22m[31m3 failed[39m[2m)[22m[33m 4536[2mms[22m[39m
       [32m✓[39m should render all required fields[32m 20[2mms[22m[39m
       [32m✓[39m should show validation errors for empty required fields[32m 25[2mms[22m[39m
[31m       [31m×[31m should validate email format[39m[33m 3111[2mms[22m[39m
[31m       [31m×[31m should submit form with valid data[39m[33m 1093[2mms[22m[39m
[31m       [31m×[31m should show loading state while submitting[39m[32m 89[2mms[22m[39m
       [32m✓[39m should handle API errors[32m 88[2mms[22m[39m
       [32m✓[39m should populate form with existing vendor data[32m 4[2mms[22m[39m
       [32m✓[39m should submit only changed fields[32m 45[2mms[22m[39m
       [32m✓[39m should show warning when setting as primary vendor[32m 12[2mms[22m[39m
       [32m✓[39m should call onCancel when cancel button is clicked[32m 11[2mms[22m[39m
       [32m✓[39m should show confirmation if form has unsaved changes[32m 37[2mms[22m[39m
 [31m❯[39m src/hooks/__tests__/useServiceComments.test.ts [2m([22m[2m29 tests[22m[2m | [22m[31m12 failed[39m[2m)[22m[33m 2603[2mms[22m[39m
       [32m✓[39m should fetch comments for a specific service[32m 60[2mms[22m[39m
       [32m✓[39m should handle fetch errors gracefully[32m 54[2mms[22m[39m
       [32m✓[39m should handle network errors gracefully[32m 59[2mms[22m[39m
       [32m✓[39m should fetch all comments for services in an order[32m 56[2mms[22m[39m
[31m       [31m×[31m should calculate comment counts per service[39m[33m 1009[2mms[22m[39m
[31m       [31m×[31m should create a new comment with default internal visibility[39m[32m 6[2mms[22m[39m
       [32m✓[39m should validate comment text is not empty[32m 2[2mms[22m[39m
       [32m✓[39m should validate comment text does not exceed 1000 characters[32m 1[2mms[22m[39m
[31m       [31m×[31m should validate placeholders are replaced[39m[32m 1[2mms[22m[39m
[31m       [31m×[31m should require template selection[39m[32m 2[2mms[22m[39m
[31m       [31m×[31m should update comment text and visibility for internal users[39m[32m 1[2mms[22m[39m
       [32m✓[39m should show warning when changing from internal to external[32m 54[2mms[22m[39m
[31m       [31m×[31m should not allow vendors to update comments[39m[32m 2[2mms[22m[39m
[31m       [31m×[31m should validate updated text is not empty[39m[32m 2[2mms[22m[39m
[31m       [31m×[31m should validate updated text does not exceed 1000 characters[39m[32m 1[2mms[22m[39m
[31m       [31m×[31m should delete comment for internal users[39m[32m 1[2mms[22m[39m
       [32m✓[39m should require confirmation before deletion[32m 1[2mms[22m[39m
[31m       [31m×[31m should not allow vendors to delete comments[39m[32m 1[2mms[22m[39m
[31m       [31m×[31m should not allow customers to delete comments[39m[32m 1[2mms[22m[39m
       [32m✓[39m should show all comments to internal users[32m 52[2mms[22m[39m
       [32m✓[39m should show all comments to vendors[32m 54[2mms[22m[39m
       [32m✓[39m should show only external comments to customers[32m 55[2mms[22m[39m
       [32m✓[39m should sort comments by createdAt in descending order (newest first)[32m 65[2mms[22m[39m
       [32m✓[39m should check if user can create comments[32m 9[2mms[22m[39m
       [32m✓[39m should check if user can edit comments[32m 22[2mms[22m[39m
       [32m✓[39m should check if user can delete comments[32m 22[2mms[22m[39m
[31m       [31m×[31m should fetch available templates for service type and status[39m[33m 1009[2mms[22m[39m
       [32m✓[39m should validate placeholder replacement in template text[32m 1[2mms[22m[39m
       [32m✓[39m should extract placeholders from template text[32m 1[2mms[22m[39m
 [31m❯[39m src/components/portal/orders/hooks/__tests__/useOrderFormState.services-loading-bug.test.ts [2m([22m[2m7 tests[22m[2m | [22m[31m2 failed[39m[2m)[22m[33m 2254[2mms[22m[39m
[31m       [31m×[31m should load services when editing a draft order[39m[33m 1019[2mms[22m[39m
       [32m✓[39m should navigate to Services & Locations tab correctly when editing draft[32m 62[2mms[22m[39m
[31m       [31m×[31m should load services when creating a new order[39m[33m 1004[2mms[22m[39m
       [32m✓[39m should start at step 1 for new orders[32m 2[2mms[22m[39m
       [32m✓[39m should still load services after page refresh while editing[32m 57[2mms[22m[39m
       [32m✓[39m should handle network failure when loading services in edit mode[32m 54[2mms[22m[39m
       [32m✓[39m should show loading state while fetching services[32m 54[2mms[22m[39m
 [31m❯[39m src/components/services/__tests__/ServiceResultsSection.test.tsx [2m([22m[2m26 tests[22m[2m | [22m[31m2 failed[39m[2m | [22m[33m15 skipped[39m[2m)[22m[33m 2189[2mms[22m[39m
       [32m✓[39m should render results textarea[32m 19[2mms[22m[39m
       [32m✓[39m should render attachments section[32m 6[2mms[22m[39m
       [32m✓[39m should show save and cancel buttons when editing results[32m 52[2mms[22m[39m
       [2m[90m↓[39m[22m should fetch and display existing results
       [2m[90m↓[39m[22m should fetch and display existing attachments
       [32m✓[39m should disable editing when user lacks fulfillment.edit permission[32m 5[2mms[22m[39m
       [2m[90m↓[39m[22m should enable editing for vendors assigned to the service
       [32m✓[39m should disable editing for vendors not assigned to the service[32m 3[2mms[22m[39m
       [32m✓[39m should make textarea read-only for customers[32m 3[2mms[22m[39m
       [32m✓[39m should disable editing when service status is completed[32m 3[2mms[22m[39m
       [32m✓[39m should disable editing when service status is cancelled[32m 3[2mms[22m[39m
       [32m✓[39m should disable editing when service status is cancelled_dnb[32m 3[2mms[22m[39m
       [2m[90m↓[39m[22m should still allow downloading attachments when in terminal status
[31m       [31m×[31m should save results when Save button is clicked[39m[33m 1073[2mms[22m[39m
       [2m[90m↓[39m[22m should show error message if save fails - integration test
       [2m[90m↓[39m[22m should revert changes when Cancel button is clicked - integration test
[31m       [31m×[31m should handle PDF file upload[39m[33m 1019[2mms[22m[39m
       [2m[90m↓[39m[22m should reject non-PDF files - integration test
       [2m[90m↓[39m[22m should reject files larger than 5MB - integration test
       [2m[90m↓[39m[22m should download attachment when download button is clicked - integration test
       [2m[90m↓[39m[22m should delete attachment when delete button is clicked - integration test
       [2m[90m↓[39m[22m should not show delete button for customers - integration test
       [2m[90m↓[39m[22m should show loading state while fetching data
       [2m[90m↓[39m[22m should show saving indicator when saving results - integration test
       [2m[90m↓[39m[22m should show upload progress indicator - integration test
       [2m[90m↓[39m[22m should show metadata about results - integration test
 [31m❯[39m src/components/services/__tests__/ServiceCommentSection.test.tsx [2m([22m[2m18 tests[22m[2m | [22m[31m5 failed[39m[2m)[22m[33m 2096[2mms[22m[39m
       [32m✓[39m should show empty state when no comments exist[32m 14[2mms[22m[39m
       [32m✓[39m should display comments list when comments exist[32m 8[2mms[22m[39m
       [32m✓[39m should show loading state while fetching comments[32m 1[2mms[22m[39m
       [32m✓[39m should show error state when loading fails[32m 1[2mms[22m[39m
       [32m✓[39m should visually distinguish internal comments[32m 3[2mms[22m[39m
       [32m✓[39m should show Add Comment button when user has permission[32m 6[2mms[22m[39m
       [32m✓[39m should hide Add Comment button when user lacks permission[32m 1[2mms[22m[39m
[31m       [31m×[31m should open comment creation modal when Add Comment clicked[39m[33m 1008[2mms[22m[39m
[31m       [31m×[31m should disable Add Comment when no templates available[39m[32m 6[2mms[22m[39m
       [32m✓[39m should show Edit button for internal users[32m 5[2mms[22m[39m
       [32m✓[39m should not show Edit button for vendors[32m 2[2mms[22m[39m
[31m       [31m×[31m should open edit modal with current values when Edit clicked[39m[33m 1019[2mms[22m[39m
       [32m✓[39m should show Delete button for internal users[32m 3[2mms[22m[39m
       [32m✓[39m should not show Delete button for vendors[32m 1[2mms[22m[39m
       [32m✓[39m should show confirmation dialog when Delete clicked[32m 5[2mms[22m[39m
[31m       [31m×[31m should call deleteComment when deletion is confirmed[39m[32m 9[2mms[22m[39m
       [32m✓[39m should show only external comments to customers[32m 1[2mms[22m[39m
[31m       [31m×[31m should display comments in chronological order (newest first)[39m[32m 3[2mms[22m[39m
 [31m❯[39m src/components/comment-templates/CommentTemplateGrid.test.tsx [2m([22m[2m23 tests[22m[2m | [22m[31m2 failed[39m[2m)[22m[33m 2075[2mms[22m[39m
       [32m✓[39m should render dropdown for template selection and add new button[32m 36[2mms[22m[39m
       [32m✓[39m should show templates in dropdown[32m 33[2mms[22m[39m
       [32m✓[39m should only show active templates in dropdown[32m 21[2mms[22m[39m
       [32m✓[39m should show loading state[32m 1[2mms[22m[39m
       [32m✓[39m should show error state[32m 1[2mms[22m[39m
       [32m✓[39m should open create dialog when clicking add new template[32m 19[2mms[22m[39m
       [32m✓[39m should validate required fields[32m 19[2mms[22m[39m
       [32m✓[39m should enforce character limits[32m 34[2mms[22m[39m
       [32m✓[39m should show placeholder helper text[32m 13[2mms[22m[39m
       [32m✓[39m should create template and show availability grid[32m 26[2mms[22m[39m
       [32m✓[39m should show Edit Selected button when template is selected[32m 65[2mms[22m[39m
       [32m✓[39m should open edit dialog when clicking Edit Selected button[32m 74[2mms[22m[39m
       [32m✓[39m should update template successfully[32m 70[2mms[22m[39m
       [32m✓[39m should show active/inactive checkbox[32m 74[2mms[22m[39m
       [32m✓[39m should show delete/deactivate button in edit dialog[32m 75[2mms[22m[39m
       [32m✓[39m should show deactivate for used templates[32m 80[2mms[22m[39m
       [32m✓[39m should confirm before deleting[32m 88[2mms[22m[39m
       [32m✓[39m should show availability grid on main page when template is selected[32m 62[2mms[22m[39m
[31m       [31m×[31m should have All row that toggles all services for a status[39m[32m 88[2mms[22m[39m
[31m       [31m×[31m should display statuses in workflow order[39m[33m 1060[2mms[22m[39m
       [32m✓[39m should display services grouped by category[32m 58[2mms[22m[39m
       [32m✓[39m should save availability configuration[32m 71[2mms[22m[39m
       [32m✓[39m should disable add button when user lacks permission[32m 8[2mms[22m[39m
 [31m❯[39m src/components/services/__tests__/CommentEditModal.test.tsx [2m([22m[2m25 tests[22m[2m | [22m[31m19 failed[39m[2m)[22m[33m 1957[2mms[22m[39m
       [32m✓[39m should display Edit Comment title[32m 22[2mms[22m[39m
       [32m✓[39m should pre-fill current comment text[32m 6[2mms[22m[39m
[31m       [31m×[31m should pre-fill current visibility setting[39m[32m 9[2mms[22m[39m
[31m       [31m×[31m should show template name as read-only[39m[32m 7[2mms[22m[39m
       [32m✓[39m should show character count based on current text[32m 4[2mms[22m[39m
[31m       [31m×[31m should show edit history if comment was previously edited[39m[32m 3[2mms[22m[39m
       [32m✓[39m should show warning when changing from internal to external[32m 24[2mms[22m[39m
       [32m✓[39m should not show warning when changing from external to internal[32m 11[2mms[22m[39m
[31m       [31m×[31m should allow user to cancel visibility change[39m[32m 16[2mms[22m[39m
[31m       [31m×[31m should allow user to proceed with visibility change[39m[32m 14[2mms[22m[39m
       [32m✓[39m should update character count as user types[32m 52[2mms[22m[39m
[31m       [31m×[31m should show error when text is empty[39m[32m 9[2mms[22m[39m
[31m       [31m×[31m should show error when text exceeds 1000 characters[39m[33m 1536[2mms[22m[39m
[31m       [31m×[31m should detect and prevent unreplaced placeholders[39m[32m 8[2mms[22m[39m
[31m       [31m×[31m should call onUpdateComment with only changed fields[39m[32m 43[2mms[22m[39m
[31m       [31m×[31m should detect when no changes are made[39m[32m 5[2mms[22m[39m
[31m       [31m×[31m should close modal after successful save[39m[32m 31[2mms[22m[39m
[31m       [31m×[31m should disable form while saving[39m[32m 30[2mms[22m[39m
[31m       [31m×[31m should call onCancel when Cancel button clicked[39m[32m 5[2mms[22m[39m
[31m       [31m×[31m should warn about unsaved changes when cancelling[39m[32m 33[2mms[22m[39m
[31m       [31m×[31m should close without warning if no changes made[39m[32m 4[2mms[22m[39m
[31m       [31m×[31m should discard changes when user confirms cancellation[39m[32m 38[2mms[22m[39m
[31m       [31m×[31m should keep modal open when user cancels discard[39m[32m 33[2mms[22m[39m
[31m       [31m×[31m should have proper ARIA labels[39m[32m 3[2mms[22m[39m
[31m       [31m×[31m should announce visibility change warning to screen readers[39m[32m 9[2mms[22m[39m
 [31m❯[39m src/components/fulfillment/__tests__/ServiceFulfillmentTable.results-integration.test.tsx [2m([22m[2m12 tests[22m[2m | [22m[31m1 failed[39m[2m)[22m[33m 1270[2mms[22m[39m
       [32m✓[39m should render ServiceResultsSection when row is expanded[32m 59[2mms[22m[39m
[31m       [31m×[31m should pass correct props to ServiceResultsSection[39m[33m 1038[2mms[22m[39m
       [32m✓[39m should pass isCustomer=true prop when user is a customer[32m 33[2mms[22m[39m
       [32m✓[39m should show indicator when service has results[32m 8[2mms[22m[39m
       [32m✓[39m should show attachment count badge when service has attachments[32m 9[2mms[22m[39m
       [32m✓[39m should not show indicators when service has no results or attachments[32m 6[2mms[22m[39m
       [32m✓[39m should update indicators when results are added[32m 7[2mms[22m[39m
       [32m✓[39m should render both ServiceCommentSection and ServiceResultsSection in expanded row[32m 25[2mms[22m[39m
       [32m✓[39m should maintain expand/collapse state when results are updated[32m 23[2mms[22m[39m
       [32m✓[39m should handle comments and results independently[32m 23[2mms[22m[39m
       [32m✓[39m should show results section as read-only for customers[32m 19[2mms[22m[39m
       [32m✓[39m should enable editing for users with fulfillment.edit permission[32m 19[2mms[22m[39m
 [31m❯[39m src/__tests__/hooks/useDsxTab.test.ts [2m([22m[2m23 tests[22m[2m | [22m[31m2 failed[39m[2m)[22m[33m 1139[2mms[22m[39m
       [32m✓[39m should initialize with empty state[32m 7[2mms[22m[39m
       [32m✓[39m should load services on mount[32m 53[2mms[22m[39m
       [32m✓[39m should handle service loading error[32m 53[2mms[22m[39m
       [32m✓[39m should load all data when a service is selected[32m 56[2mms[22m[39m
       [32m✓[39m should clear data when switching services[32m 54[2mms[22m[39m
       [32m✓[39m should handle errors when loading service data[32m 56[2mms[22m[39m
       [32m✓[39m should toggle location availability without clearing requirements[32m 54[2mms[22m[39m
[31m       [31m×[31m should handle ALL checkbox correctly when toggling individual locations[39m[32m 57[2mms[22m[39m
       [32m✓[39m should handle bulk availability operations[32m 54[2mms[22m[39m
       [32m✓[39m should toggle requirement for a specific location[32m 54[2mms[22m[39m
       [32m✓[39m should handle bulk requirement operations for a location[32m 53[2mms[22m[39m
       [32m✓[39m should handle bulk requirement operations across all locations[32m 54[2mms[22m[39m
       [32m✓[39m should reorder requirements[32m 54[2mms[22m[39m
       [32m✓[39m should handle moving field up[32m 54[2mms[22m[39m
       [32m✓[39m should handle moving field down[32m 52[2mms[22m[39m
       [32m✓[39m should save DSX configuration successfully[32m 55[2mms[22m[39m
       [32m✓[39m should handle save errors gracefully[32m 52[2mms[22m[39m
       [32m✓[39m should not save if no service is selected[32m 2[2mms[22m[39m
[31m       [31m×[31m should show success message after save[39m[32m 54[2mms[22m[39m
       [32m✓[39m should handle empty locations list[32m 52[2mms[22m[39m
       [32m✓[39m should handle empty requirements list[32m 53[2mms[22m[39m
       [32m✓[39m should handle missing DSX configuration gracefully[32m 52[2mms[22m[39m
       [32m✓[39m should preserve requirement selections when unavailable[32m 53[2mms[22m[39m
[90mstderr[2m | src/app/fulfillment/__tests__/page-stats-display-bug.test.tsx[2m > [22m[2mDashboard Stats Display Bug - Component Level[2m > [22m[2mCurrent broken behavior (proves bug exists)[2m > [22m[2mshould NOT display Total Services count (bug: missing metric)
[22m[39mThe above error occurred in the <ServiceStatusList> component:

    at ServiceStatusList (/Users/andyhellman/Library/CloudStorage/Dropbox/9-REALi Data Solutions/GlobalRx_v2/src/components/orders/ServiceStatusList.tsx:22:56)
    at td
    at TableCell (/Users/andyhellman/Library/CloudStorage/Dropbox/9-REALi Data Solutions/GlobalRx_v2/src/components/ui/table.tsx:90:22)
    at tr
    at TableRow (/Users/andyhellman/Library/CloudStorage/Dropbox/9-REALi Data Solutions/GlobalRx_v2/src/components/ui/table.tsx:64:21)
    at tbody
    at TableBody (/Users/andyhellman/Library/CloudStorage/Dropbox/9-REALi Data Solutions/GlobalRx_v2/src/components/ui/table.tsx:41:22)
    at table
    at div
    at Table (/Users/andyhellman/Library/CloudStorage/Dropbox/9-REALi Data Solutions/GlobalRx_v2/src/components/ui/table.tsx:14:18)
    at div
    at div
    at CardContent (/Users/andyhellman/Library/CloudStorage/Dropbox/9-REALi Data Solutions/GlobalRx_v2/src/components/ui/card.tsx:54:24)
    at div
    at Card (/Users/andyhellman/Library/CloudStorage/Dropbox/9-REALi Data Solutions/GlobalRx_v2/src/components/ui/card.tsx:11:17)
    at div
    at FulfillmentPage (/Users/andyhellman/Library/CloudStorage/Dropbox/9-REALi Data Solutions/GlobalRx_v2/src/app/fulfillment/page.tsx:46:65)

Consider adding an error boundary to your tree to customize error handling behavior.
Visit https://reactjs.org/link/error-boundaries to learn more about error boundaries.
The above error occurred in the <ServiceStatusList> component:

    at ServiceStatusList (/Users/andyhellman/Library/CloudStorage/Dropbox/9-REALi Data Solutions/GlobalRx_v2/src/components/orders/ServiceStatusList.tsx:22:56)
    at td
    at TableCell (/Users/andyhellman/Library/CloudStorage/Dropbox/9-REALi Data Solutions/GlobalRx_v2/src/components/ui/table.tsx:90:22)
    at tr
    at TableRow (/Users/andyhellman/Library/CloudStorage/Dropbox/9-REALi Data Solutions/GlobalRx_v2/src/components/ui/table.tsx:64:21)
    at tbody
    at TableBody (/Users/andyhellman/Library/CloudStorage/Dropbox/9-REALi Data Solutions/GlobalRx_v2/src/components/ui/table.tsx:41:22)
    at table
    at div
    at Table (/Users/andyhellman/Library/CloudStorage/Dropbox/9-REALi Data Solutions/GlobalRx_v2/src/components/ui/table.tsx:14:18)
    at div
    at div
    at CardContent (/Users/andyhellman/Library/CloudStorage/Dropbox/9-REALi Data Solutions/GlobalRx_v2/src/components/ui/card.tsx:54:24)
    at div
    at Card (/Users/andyhellman/Library/CloudStorage/Dropbox/9-REALi Data Solutions/GlobalRx_v2/src/components/ui/card.tsx:11:17)
    at div
    at FulfillmentPage (/Users/andyhellman/Library/CloudStorage/Dropbox/9-REALi Data Solutions/GlobalRx_v2/src/app/fulfillment/page.tsx:46:65)

Consider adding an error boundary to your tree to customize error handling behavior.
Visit https://reactjs.org/link/error-boundaries to learn more about error boundaries.

[90mstderr[2m | src/app/fulfillment/__tests__/page-stats-display-bug.test.tsx[2m > [22m[2mDashboard Stats Display Bug - Component Level[2m > [22m[2mExpected correct behavior (after fix)[2m > [22m[2mshould NOT calculate stats locally when API provides them
[22m[39mThe above error occurred in the <ServiceStatusList> component:

    at ServiceStatusList (/Users/andyhellman/Library/CloudStorage/Dropbox/9-REALi Data Solutions/GlobalRx_v2/src/components/orders/ServiceStatusList.tsx:22:56)
    at td
    at TableCell (/Users/andyhellman/Library/CloudStorage/Dropbox/9-REALi Data Solutions/GlobalRx_v2/src/components/ui/table.tsx:90:22)
    at tr
    at TableRow (/Users/andyhellman/Library/CloudStorage/Dropbox/9-REALi Data Solutions/GlobalRx_v2/src/components/ui/table.tsx:64:21)
    at tbody
    at TableBody (/Users/andyhellman/Library/CloudStorage/Dropbox/9-REALi Data Solutions/GlobalRx_v2/src/components/ui/table.tsx:41:22)
    at table
    at div
    at Table (/Users/andyhellman/Library/CloudStorage/Dropbox/9-REALi Data Solutions/GlobalRx_v2/src/components/ui/table.tsx:14:18)
    at div
    at div
    at CardContent (/Users/andyhellman/Library/CloudStorage/Dropbox/9-REALi Data Solutions/GlobalRx_v2/src/components/ui/card.tsx:54:24)
    at div
    at Card (/Users/andyhellman/Library/CloudStorage/Dropbox/9-REALi Data Solutions/GlobalRx_v2/src/components/ui/card.tsx:11:17)
    at div
    at FulfillmentPage (/Users/andyhellman/Library/CloudStorage/Dropbox/9-REALi Data Solutions/GlobalRx_v2/src/app/fulfillment/page.tsx:46:65)

Consider adding an error boundary to your tree to customize error handling behavior.
Visit https://reactjs.org/link/error-boundaries to learn more about error boundaries.
The above error occurred in the <ServiceStatusList> component:

    at ServiceStatusList (/Users/andyhellman/Library/CloudStorage/Dropbox/9-REALi Data Solutions/GlobalRx_v2/src/components/orders/ServiceStatusList.tsx:22:56)
    at td
    at TableCell (/Users/andyhellman/Library/CloudStorage/Dropbox/9-REALi Data Solutions/GlobalRx_v2/src/components/ui/table.tsx:90:22)
    at tr
    at TableRow (/Users/andyhellman/Library/CloudStorage/Dropbox/9-REALi Data Solutions/GlobalRx_v2/src/components/ui/table.tsx:64:21)
    at tbody
    at TableBody (/Users/andyhellman/Library/CloudStorage/Dropbox/9-REALi Data Solutions/GlobalRx_v2/src/components/ui/table.tsx:41:22)
    at table
    at div
    at Table (/Users/andyhellman/Library/CloudStorage/Dropbox/9-REALi Data Solutions/GlobalRx_v2/src/components/ui/table.tsx:14:18)
    at div
    at div
    at CardContent (/Users/andyhellman/Library/CloudStorage/Dropbox/9-REALi Data Solutions/GlobalRx_v2/src/components/ui/card.tsx:54:24)
    at div
    at Card (/Users/andyhellman/Library/CloudStorage/Dropbox/9-REALi Data Solutions/GlobalRx_v2/src/components/ui/card.tsx:11:17)
    at div
    at FulfillmentPage (/Users/andyhellman/Library/CloudStorage/Dropbox/9-REALi Data Solutions/GlobalRx_v2/src/app/fulfillment/page.tsx:46:65)

Consider adding an error boundary to your tree to customize error handling behavior.
Visit https://reactjs.org/link/error-boundaries to learn more about error boundaries.

 [31m❯[39m src/app/fulfillment/__tests__/page-stats-display-bug.test.tsx [2m([22m[2m7 tests[22m[2m | [22m[31m2 failed[39m[2m)[22m[32m 108[2mms[22m[39m
[31m       [31m×[31m should render 5 stat cards instead of 3 (bug: wrong cards shown)[39m[32m 39[2mms[22m[39m
       [32m✓[39m should NOT display Total Services count (bug: missing metric)[32m 17[2mms[22m[39m
       [32m✓[39m should calculate stats on frontend instead of receiving from API (bug: wrong architecture)[32m 11[2mms[22m[39m
       [32m✓[39m should render exactly 3 stat cards with correct labels[32m 11[2mms[22m[39m
       [32m✓[39m should display correct stat values from API[32m 9[2mms[22m[39m
[31m       [31m×[31m should NOT calculate stats locally when API provides them[39m[32m 11[2mms[22m[39m
       [32m✓[39m should filter orders when clicking on stat cards[32m 9[2mms[22m[39m
 [31m❯[39m src/__tests__/integration/services/comments/create-comment.test.ts [2m([22m[2m18 tests[22m[2m | [22m[31m14 failed[39m[2m)[22m[32m 9[2mms[22m[39m
       [32m✓[39m should reject empty comment text[32m 1[2mms[22m[39m
       [32m✓[39m should reject whitespace-only comment text[32m 0[2mms[22m[39m
       [32m✓[39m should reject comment text exceeding 1000 characters[32m 0[2mms[22m[39m
[31m       [31m×[31m should accept comment text of exactly 1000 characters[39m[32m 2[2mms[22m[39m
       [32m✓[39m should reject when service does not exist[32m 0[2mms[22m[39m
[31m       [31m×[31m should accept when service exists[39m[32m 0[2mms[22m[39m
[31m       [31m×[31m should reject when template does not exist[39m[32m 2[2mms[22m[39m
[31m       [31m×[31m should reject when template is inactive[39m[32m 0[2mms[22m[39m
[31m       [31m×[31m should reject when template is not available for service type and status[39m[32m 0[2mms[22m[39m
[31m       [31m×[31m should accept when template is active and available[39m[32m 0[2mms[22m[39m
[31m       [31m×[31m should mark template as used after creating comment[39m[32m 0[2mms[22m[39m
[31m       [31m×[31m should default isInternalOnly to true when not provided[39m[32m 0[2mms[22m[39m
[31m       [31m×[31m should use provided isInternalOnly value when false[39m[32m 0[2mms[22m[39m
[31m       [31m×[31m should use provided isInternalOnly value when true[39m[32m 0[2mms[22m[39m
[31m       [31m×[31m should set createdBy to the current user[39m[32m 0[2mms[22m[39m
[31m       [31m×[31m should not set updatedBy or updatedAt on creation[39m[32m 0[2mms[22m[39m
[31m       [31m×[31m should include template details in response[39m[32m 0[2mms[22m[39m
[31m       [31m×[31m should include user details in response[39m[32m 0[2mms[22m[39m
 [31m❯[39m src/components/fulfillment/__tests__/ServiceFulfillmentTable.expandable.test.tsx [2m([22m[2m12 tests[22m[2m | [22m[31m1 failed[39m[2m)[22m[33m 310[2mms[22m[39m
       [32m✓[39m should expand row when chevron is clicked[32m 49[2mms[22m[39m
       [32m✓[39m should rotate chevron icon when expanded[32m 23[2mms[22m[39m
       [32m✓[39m should collapse row when chevron is clicked again[32m 32[2mms[22m[39m
       [32m✓[39m should expand row when comment badge is clicked[32m 19[2mms[22m[39m
       [32m✓[39m should show comment count in badge[32m 13[2mms[22m[39m
       [32m✓[39m should show lock icon for internal comments when user is not customer[32m 7[2mms[22m[39m
       [32m✓[39m should not show lock icon for customers even with internal comments[32m 7[2mms[22m[39m
       [32m✓[39m should allow multiple rows to be expanded simultaneously[32m 43[2mms[22m[39m
       [32m✓[39m should maintain independent expansion state for each row[32m 31[2mms[22m[39m
       [32m✓[39m should display all three sections when expanded[32m 24[2mms[22m[39m
[31m       [31m×[31m should pass correct props to child components[39m[32m 27[2mms[22m[39m
       [32m✓[39m should synchronize expansion state between chevron and badge clicks[32m 34[2mms[22m[39m
 [31m❯[39m src/components/fulfillment/__tests__/OrderDetailsView.customer-readonly.test.tsx [2m([22m[2m21 tests[22m[2m | [22m[31m6 failed[39m[2m)[22m[32m 147[2mms[22m[39m
       [32m✓[39m should not show edit buttons for customer users[32m 18[2mms[22m[39m
       [32m✓[39m should pass readOnly=true to ServiceFulfillmentTable for customers[32m 5[2mms[22m[39m
       [32m✓[39m should hide notes in ServiceFulfillmentTable for customers[32m 4[2mms[22m[39m
       [32m✓[39m should pass readOnly=true to ServiceFulfillmentTable for customer users[32m 5[2mms[22m[39m
       [32m✓[39m should not show add comment button for customer users[32m 5[2mms[22m[39m
       [32m✓[39m should not show delete buttons on comments for customer users[32m 4[2mms[22m[39m
[31m       [31m×[31m should show basic order information to customers[39m[32m 7[2mms[22m[39m
[31m       [31m×[31m should show subject information to customers[39m[32m 4[2mms[22m[39m
       [32m✓[39m should show service information without vendor details[32m 4[2mms[22m[39m
       [32m✓[39m should show only external comments to customers[32m 4[2mms[22m[39m
[31m       [31m×[31m should show status history without user information[39m[32m 7[2mms[22m[39m
       [32m✓[39m should not show internal notes fields[32m 4[2mms[22m[39m
[31m       [31m×[31m should show all controls for internal users[39m[32m 31[2mms[22m[39m
[31m       [31m×[31m should show all data including sensitive information for internal users[39m[32m 6[2mms[22m[39m
       [32m✓[39m should show all comments including internal ones for internal users[32m 4[2mms[22m[39m
       [32m✓[39m should show error message when order fails to load[32m 3[2mms[22m[39m
       [32m✓[39m should show 403 error when customer lacks permission[32m 2[2mms[22m[39m
       [32m✓[39m should show 404 error when order not found[32m 2[2mms[22m[39m
       [32m✓[39m should handle retry after error[32m 12[2mms[22m[39m
       [32m✓[39m should show back navigation for customer users[32m 4[2mms[22m[39m
[31m       [31m×[31m should navigate back when back button is clicked[39m[32m 9[2mms[22m[39m
 [31m❯[39m src/components/portal/orders/hooks/__tests__/useOrderFormState.memory.test.ts [2m([22m[2m7 tests[22m[2m | [22m[31m4 failed[39m[2m)[22m[32m 294[2mms[22m[39m
[31m       [31m×[31m should not create memory leak from loadOrderForEdit references (regression test)[39m[32m 12[2mms[22m[39m
       [32m✓[39m should prevent repeated API calls with proper cleanup (regression test)[32m 56[2mms[22m[39m
[31m       [31m×[31m should have stable hook dependencies preventing useEffect re-triggers (regression test)[39m[32m 1[2mms[22m[39m
       [32m✓[39m Expected: stable dependencies after fix with useMemo/useCallback[32m 1[2mms[22m[39m
[31m       [31m×[31m measures render count impact from unstable dependencies[39m[32m 2[2mms[22m[39m
[31m       [31m×[31m tracks object allocation from unstable dependencies[39m[32m 1[2mms[22m[39m
       [32m✓[39m detects potential race conditions from multiple loadOrderForEdit calls[32m 220[2mms[22m[39m
 [31m❯[39m src/__tests__/order-services-refactor.test.ts [2m([22m[2m28 tests[22m[2m | [22m[31m15 failed[39m[2m)[22m[32m 65[2mms[22m[39m
         [32m✓[39m should generate order number in format: YYYYMMDD-ABC-0001[32m 55[2mms[22m[39m
         [32m✓[39m should increment sequence number for same customer same day[32m 0[2mms[22m[39m
         [32m✓[39m should reset sequence number daily per customer[32m 0[2mms[22m[39m
         [32m✓[39m should generate consistent customer code for same customer[32m 0[2mms[22m[39m
         [32m✓[39m should reuse existing address when exact match found[32m 0[2mms[22m[39m
         [32m✓[39m should create new address when no exact match found[32m 0[2mms[22m[39m
         [32m✓[39m should return null for empty address data[32m 0[2mms[22m[39m
         [32m✓[39m should resolve state UUID to "State Name (XX)" format[32m 0[2mms[22m[39m
         [32m✓[39m should resolve address UUID to "Street, City, County, State (XX), ZIP" format[32m 0[2mms[22m[39m
         [32m✓[39m should be extensible for future field mappings[32m 0[2mms[22m[39m
[31m         [31m×[31m should save as draft when validation fails[39m[32m 2[2mms[22m[39m
       [32m✓[39m should normalize field names to camelCase[32m 0[2mms[22m[39m
       [32m✓[39m should be extensible for new field mappings[32m 0[2mms[22m[39m
[31m         [31m×[31m should allow transition from draft to submitted[39m[32m 0[2mms[22m[39m
[31m         [31m×[31m should allow transition from draft to cancelled[39m[32m 0[2mms[22m[39m
[31m         [31m×[31m should allow transition from submitted to processing[39m[32m 0[2mms[22m[39m
[31m         [31m×[31m should allow transition from submitted to more_info_needed[39m[32m 0[2mms[22m[39m
[31m         [31m×[31m should allow transition from submitted to cancelled[39m[32m 0[2mms[22m[39m
[31m         [31m×[31m should allow transition from processing to completed[39m[32m 0[2mms[22m[39m
[31m         [31m×[31m should allow transition from processing to more_info_needed[39m[32m 0[2mms[22m[39m
[31m         [31m×[31m should allow transition from processing to cancelled[39m[32m 0[2mms[22m[39m
[31m         [31m×[31m should allow transition from more_info_needed to submitted[39m[32m 0[2mms[22m[39m
[31m         [31m×[31m should allow transition from more_info_needed to cancelled[39m[32m 0[2mms[22m[39m
[31m         [31m×[31m should allow transition from completed to cancelled[39m[32m 0[2mms[22m[39m
[31m         [31m×[31m should go through submitted when transitioning from more_info_needed to processing[39m[32m 1[2mms[22m[39m
[31m         [31m×[31m should track status change reasons in history[39m[32m 0[2mms[22m[39m
         [32m✓[39m should reject invalid transitions[32m 1[2mms[22m[39m
[31m         [31m×[31m should allow cancellation from any state[39m[32m 0[2mms[22m[39m
[90mstderr[2m | src/hooks/__tests__/useServiceComments-regression.test.ts[2m > [22m[2museServiceComments - Regression Test for NULL ID Bug[2m > [22m[2mCritical Bug Fix: Ensure correct ID is used for API calls[2m > [22m[2mshould NEVER call API with /api/services/null/comments
[22m[39mThe above error occurred in the <TestComponent> component:

    at TestComponent (/Users/andyhellman/Library/CloudStorage/Dropbox/9-REALi Data Solutions/GlobalRx_v2/node_modules/.pnpm/@testing-library+react@16.3.2_@testing-library+dom@10.4.1_@types+react-dom@18.3.5_@type_5fb74840ee5a00953f7f3c7299d3ce34/node_modules/@testing-library/react/dist/pure.js:328:5)
    at div
    at wrapper (/Users/andyhellman/Library/CloudStorage/Dropbox/9-REALi Data Solutions/GlobalRx_v2/src/hooks/__tests__/useServiceComments-regression.test.ts:18:26)

Consider adding an error boundary to your tree to customize error handling behavior.
Visit https://reactjs.org/link/error-boundaries to learn more about error boundaries.

[90mstderr[2m | src/hooks/__tests__/useServiceComments-regression.test.ts[2m > [22m[2museServiceComments - Regression Test for NULL ID Bug[2m > [22m[2mCritical Bug Fix: Ensure correct ID is used for API calls[2m > [22m[2mshould use the serviceId parameter when provided in create/update/delete
[22m[39mThe above error occurred in the <TestComponent> component:

    at TestComponent (/Users/andyhellman/Library/CloudStorage/Dropbox/9-REALi Data Solutions/GlobalRx_v2/node_modules/.pnpm/@testing-library+react@16.3.2_@testing-library+dom@10.4.1_@types+react-dom@18.3.5_@type_5fb74840ee5a00953f7f3c7299d3ce34/node_modules/@testing-library/react/dist/pure.js:328:5)
    at div
    at wrapper (/Users/andyhellman/Library/CloudStorage/Dropbox/9-REALi Data Solutions/GlobalRx_v2/src/hooks/__tests__/useServiceComments-regression.test.ts:61:26)

Consider adding an error boundary to your tree to customize error handling behavior.
Visit https://reactjs.org/link/error-boundaries to learn more about error boundaries.

[90mstderr[2m | src/hooks/__tests__/useServiceComments-regression.test.ts[2m > [22m[2museServiceComments - Regression Test for NULL ID Bug[2m > [22m[2mCritical Bug Fix: Ensure correct ID is used for API calls[2m > [22m[2mshould update commentsByService state correctly when in order mode
[22m[39mThe above error occurred in the <TestComponent> component:

    at TestComponent (/Users/andyhellman/Library/CloudStorage/Dropbox/9-REALi Data Solutions/GlobalRx_v2/node_modules/.pnpm/@testing-library+react@16.3.2_@testing-library+dom@10.4.1_@types+react-dom@18.3.5_@type_5fb74840ee5a00953f7f3c7299d3ce34/node_modules/@testing-library/react/dist/pure.js:328:5)
    at div
    at wrapper (/Users/andyhellman/Library/CloudStorage/Dropbox/9-REALi Data Solutions/GlobalRx_v2/src/hooks/__tests__/useServiceComments-regression.test.ts:126:26)

Consider adding an error boundary to your tree to customize error handling behavior.
Visit https://reactjs.org/link/error-boundaries to learn more about error boundaries.

 [31m❯[39m src/hooks/__tests__/useServiceComments-regression.test.ts [2m([22m[2m4 tests[22m[2m | [22m[31m3 failed[39m[2m)[22m[32m 69[2mms[22m[39m
[31m       [31m×[31m should NEVER call API with /api/services/null/comments[39m[32m 63[2mms[22m[39m
[31m       [31m×[31m should use the serviceId parameter when provided in create/update/delete[39m[32m 2[2mms[22m[39m
[31m       [31m×[31m should update commentsByService state correctly when in order mode[39m[32m 2[2mms[22m[39m
       [32m✓[39m Documents the fix approach[32m 0[2mms[22m[39m
 [31m❯[39m src/services/service-comment-service.test.ts [2m([22m[2m25 tests[22m[2m | [22m[31m2 failed[39m[2m)[22m[32m 8[2mms[22m[39m
         [32m✓[39m should validate that the service exists[32m 2[2mms[22m[39m
         [32m✓[39m should validate that the template exists[32m 0[2mms[22m[39m
         [32m✓[39m should validate that the template is active[32m 0[2mms[22m[39m
         [32m✓[39m should validate template availability for service type and status[32m 0[2mms[22m[39m
         [32m✓[39m should validate finalText is not empty[32m 0[2mms[22m[39m
         [32m✓[39m should validate finalText does not exceed 1000 characters[32m 0[2mms[22m[39m
         [32m✓[39m should create a comment with all required fields[32m 0[2mms[22m[39m
         [32m✓[39m should default isInternalOnly to true when not provided[32m 0[2mms[22m[39m
         [32m✓[39m should validate that the comment exists[32m 0[2mms[22m[39m
         [32m✓[39m should validate finalText is not empty when provided[32m 0[2mms[22m[39m
         [32m✓[39m should validate finalText does not exceed 1000 characters[32m 0[2mms[22m[39m
         [32m✓[39m should update comment and set audit fields[32m 0[2mms[22m[39m
         [32m✓[39m should update only isInternalOnly when provided[32m 0[2mms[22m[39m
         [32m✓[39m should update both fields when provided[32m 0[2mms[22m[39m
         [32m✓[39m should return all comments for internal users[32m 0[2mms[22m[39m
         [32m✓[39m should return all comments for vendor users[32m 0[2mms[22m[39m
         [32m✓[39m should filter internal comments for customer users[32m 0[2mms[22m[39m
         [32m✓[39m should return comments in descending order by creation date[32m 0[2mms[22m[39m
[31m       [31m×[31m should return comments grouped by service[39m[32m 2[2mms[22m[39m
[31m       [31m×[31m should filter comments based on user role[39m[32m 0[2mms[22m[39m
       [32m✓[39m should validate internal user has access to service[32m 0[2mms[22m[39m
       [32m✓[39m should validate vendor has access to assigned service[32m 0[2mms[22m[39m
       [32m✓[39m should deny vendor access to non-assigned service[32m 0[2mms[22m[39m
       [32m✓[39m should validate customer has access to their order services[32m 0[2mms[22m[39m
       [32m✓[39m should deny customer access to other customer services[32m 0[2mms[22m[39m
 [31m❯[39m src/contexts/ViewContext.test.tsx [2m([22m[2m13 tests[22m[2m | [22m[31m6 failed[39m[2m)[22m[32m 34[2mms[22m[39m
[31m       [31m×[31m should default to config view and allow toggling[39m[32m 9[2mms[22m[39m
[31m       [31m×[31m should allow switching between views[39m[32m 2[2mms[22m[39m
       [32m✓[39m should default to orders view and not allow toggling[32m 1[2mms[22m[39m
       [32m✓[39m should stay in orders view when trying to switch to config[32m 13[2mms[22m[39m
       [32m✓[39m should default to orders view and not allow toggling[32m 1[2mms[22m[39m
       [32m✓[39m should stay in orders view regardless of permissions[32m 1[2mms[22m[39m
       [32m✓[39m should default to orders view and not allow toggling[32m 1[2mms[22m[39m
       [32m✓[39m should default to orders view and not allow toggling[32m 1[2mms[22m[39m
       [32m✓[39m should throw error when used outside provider[32m 2[2mms[22m[39m
[31m       [31m×[31m should check for global_config permission[39m[32m 1[2mms[22m[39m
[31m       [31m×[31m should check for customer_config permission[39m[32m 1[2mms[22m[39m
[31m       [31m×[31m should check for user_admin permission[39m[32m 1[2mms[22m[39m
[31m       [31m×[31m should require candidate_workflow for orders view[39m[32m 1[2mms[22m[39m
 [31m❯[39m src/hooks/useToast.test.ts [2m([22m[2m26 tests[22m[2m | [22m[31m11 failed[39m[2m)[22m[32m 31[2mms[22m[39m
       [32m✓[39m should create success toast[32m 6[2mms[22m[39m
       [32m✓[39m should create error toast[32m 1[2mms[22m[39m
       [32m✓[39m should create warning toast[32m 1[2mms[22m[39m
       [32m✓[39m should create info toast[32m 1[2mms[22m[39m
       [32m✓[39m should create generic toast with custom options[32m 1[2mms[22m[39m
       [32m✓[39m should position toast at top-right by default[32m 1[2mms[22m[39m
       [32m✓[39m should support different positions[32m 3[2mms[22m[39m
       [32m✓[39m should auto-dismiss after default duration[32m 1[2mms[22m[39m
       [32m✓[39m should respect custom duration[32m 1[2mms[22m[39m
       [32m✓[39m should not auto-dismiss when duration is 0[32m 0[2mms[22m[39m
       [32m✓[39m should dismiss toast when close button is clicked[32m 2[2mms[22m[39m
       [32m✓[39m should call onClose callback when toast is dismissed[32m 1[2mms[22m[39m
       [32m✓[39m should dismiss specific toast by ID[32m 1[2mms[22m[39m
       [32m✓[39m should dismiss all toasts[32m 1[2mms[22m[39m
[31m       [31m×[31m should stack multiple toasts vertically[39m[32m 3[2mms[22m[39m
[31m       [31m×[31m should limit maximum number of visible toasts[39m[32m 1[2mms[22m[39m
[31m       [31m×[31m should display appropriate icon for each type[39m[32m 1[2mms[22m[39m
[31m       [31m×[31m should animate toast entrance[39m[32m 1[2mms[22m[39m
[31m       [31m×[31m should animate toast exit[39m[32m 1[2mms[22m[39m
[31m       [31m×[31m should have proper ARIA attributes[39m[32m 1[2mms[22m[39m
[31m       [31m×[31m should use assertive for error toasts[39m[32m 0[2mms[22m[39m
[31m       [31m×[31m should have accessible close button[39m[32m 1[2mms[22m[39m
[31m       [31m×[31m should render action button when provided[39m[32m 0[2mms[22m[39m
[31m       [31m×[31m should update existing toast content[39m[32m 1[2mms[22m[39m
[31m       [31m×[31m should show progress bar for auto-dismissing toasts[39m[32m 0[2mms[22m[39m
       [32m✓[39m should not show progress bar for persistent toasts[32m 0[2mms[22m[39m
[90mstdout[2m | src/app/api/fulfillment/services/[id]/__tests__/route.test.ts[2m > [22m[2mPATCH /api/fulfillment/services/[id][2m > [22m[2mauthorization[2m > [22m[2mshould allow internal users with fulfillment permission to update status
[22m[39mPATCH error response for internal user: [33m400[39m {
  error: [32m'Invalid input'[39m,
  details: [
    {
      received: [32m'Processing'[39m,
      code: [32m'invalid_enum_value'[39m,
      options: [36m[Array][39m,
      path: [36m[Array][39m,
      message: [32m"Invalid enum value. Expected 'draft' | 'pending' | 'submitted' | 'processing' | 'missing_info' | 'completed' | 'cancelled' | 'cancelled_dnb', received 'Processing'"[39m
    }
  ]
}

[90mstdout[2m | src/app/api/fulfillment/services/[id]/__tests__/route.test.ts[2m > [22m[2mPATCH /api/fulfillment/services/[id][2m > [22m[2mbusiness logic[2m > [22m[2mshould return 404 when service does not exist
[22m[39mService not found test error: [33m400[39m {
  error: [32m'Invalid input'[39m,
  details: [
    {
      received: [32m'Processing'[39m,
      code: [32m'invalid_enum_value'[39m,
      options: [36m[Array][39m,
      path: [36m[Array][39m,
      message: [32m"Invalid enum value. Expected 'draft' | 'pending' | 'submitted' | 'processing' | 'missing_info' | 'completed' | 'cancelled' | 'cancelled_dnb', received 'Processing'"[39m
    }
  ]
}
Mock called: [33m0[39m

[90mstdout[2m | src/app/api/fulfillment/services/[id]/__tests__/route.test.ts[2m > [22m[2mPATCH /api/fulfillment/services/[id][2m > [22m[2mbusiness logic[2m > [22m[2mshould allow multiple field updates in single request
[22m[39mMultiple update test error: [33m400[39m {
  error: [32m'Invalid input'[39m,
  details: [
    {
      received: [32m'Completed'[39m,
      code: [32m'invalid_enum_value'[39m,
      options: [36m[Array][39m,
      path: [36m[Array][39m,
      message: [32m"Invalid enum value. Expected 'draft' | 'pending' | 'submitted' | 'processing' | 'missing_info' | 'completed' | 'cancelled' | 'cancelled_dnb', received 'Completed'"[39m
    }
  ]
}

 [31m❯[39m src/app/api/fulfillment/services/[id]/__tests__/route.test.ts [2m([22m[2m27 tests[22m[2m | [22m[31m6 failed[39m[2m)[22m[32m 21[2mms[22m[39m
       [32m✓[39m should return 401 when not authenticated[32m 2[2mms[22m[39m
       [32m✓[39m should allow internal users with fulfillment permission[32m 0[2mms[22m[39m
       [32m✓[39m should allow vendor users to see their assigned services[32m 0[2mms[22m[39m
       [32m✓[39m should return 403 when vendor tries to access unassigned service[32m 0[2mms[22m[39m
       [32m✓[39m should return 404 when customer tries to access service not belonging to them[32m 0[2mms[22m[39m
       [32m✓[39m should return 404 when service does not exist[32m 0[2mms[22m[39m
       [32m✓[39m should return 400 when service ID is not provided[32m 0[2mms[22m[39m
       [32m✓[39m should return full service details including relations[32m 0[2mms[22m[39m
       [32m✓[39m should return 500 when service throws an unexpected error[32m 0[2mms[22m[39m
       [32m✓[39m should return 401 when not authenticated[32m 1[2mms[22m[39m
[31m       [31m×[31m should allow internal users with fulfillment permission to update status[39m[32m 6[2mms[22m[39m
[31m       [31m×[31m should allow vendor users to update their assigned services[39m[32m 1[2mms[22m[39m
       [32m✓[39m should require fulfillment.manage permission for vendor assignment[32m 0[2mms[22m[39m
       [32m✓[39m should prevent vendors from updating internal notes[32m 0[2mms[22m[39m
       [32m✓[39m should return 403 for customer users[32m 0[2mms[22m[39m
       [32m✓[39m should return 400 for invalid status value[32m 0[2mms[22m[39m
       [32m✓[39m should return 400 for non-UUID vendor ID[32m 0[2mms[22m[39m
       [32m✓[39m should return 400 for notes exceeding maximum length[32m 0[2mms[22m[39m
       [32m✓[39m should return 400 when service ID is not provided[32m 0[2mms[22m[39m
       [32m✓[39m should return 400 for empty update body[32m 0[2mms[22m[39m
[31m       [31m×[31m should return 404 when service does not exist[39m[32m 1[2mms[22m[39m
       [32m✓[39m should prevent assignment to deactivated vendor[32m 0[2mms[22m[39m
[31m       [31m×[31m should allow multiple field updates in single request[39m[32m 3[2mms[22m[39m
       [32m✓[39m should allow unassigning vendor by setting to null[32m 0[2mms[22m[39m
[31m       [31m×[31m should pass IP address and user agent to service[39m[32m 1[2mms[22m[39m
[31m       [31m×[31m should return 500 when service throws an unexpected error[39m[32m 0[2mms[22m[39m
       [32m✓[39m should handle malformed JSON body[32m 2[2mms[22m[39m
 [31m❯[39m src/app/api/services/[id]/results/__tests__/route.test.ts [2m([22m[2m17 tests[22m[2m | [22m[31m2 failed[39m[2m)[22m[32m 16[2mms[22m[39m
       [32m✓[39m should return 401 when not authenticated[32m 2[2mms[22m[39m
       [32m✓[39m should allow internal users with fulfillment.edit permission[32m 2[2mms[22m[39m
       [32m✓[39m should return 403 when internal user lacks fulfillment.edit permission[32m 1[2mms[22m[39m
       [32m✓[39m should allow vendor to update their assigned service[32m 1[2mms[22m[39m
       [32m✓[39m should return 403 when vendor tries to update non-assigned service[32m 0[2mms[22m[39m
       [32m✓[39m should return 403 when customer tries to update results[32m 0[2mms[22m[39m
       [32m✓[39m should return 400 when body is not valid JSON[32m 0[2mms[22m[39m
       [32m✓[39m should return 400 when results is not a string[32m 0[2mms[22m[39m
       [32m✓[39m should accept null to clear results[32m 0[2mms[22m[39m
       [32m✓[39m should return 404 when service does not exist[32m 0[2mms[22m[39m
       [32m✓[39m should return 409 when service is in terminal status (completed)[32m 0[2mms[22m[39m
       [32m✓[39m should return 409 when service is in terminal status (cancelled)[32m 0[2mms[22m[39m
[31m       [31m×[31m should track first addition of results[39m[32m 4[2mms[22m[39m
[31m       [31m×[31m should only update modification fields on subsequent edits[39m[32m 1[2mms[22m[39m
       [32m✓[39m should create audit log entry for results update[32m 0[2mms[22m[39m
       [32m✓[39m should log addition of new results[32m 0[2mms[22m[39m
       [32m✓[39m should return 500 when database error occurs[32m 0[2mms[22m[39m
 [31m❯[39m src/app/api/comment-templates/__tests__/route.test.ts [2m([22m[2m23 tests[22m[2m | [22m[31m6 failed[39m[2m)[22m[32m 19[2mms[22m[39m
       [32m✓[39m should return 401 when not authenticated[32m 2[2mms[22m[39m
       [32m✓[39m should return 403 when user is vendor[32m 1[2mms[22m[39m
       [32m✓[39m should return 403 when user is customer[32m 0[2mms[22m[39m
       [32m✓[39m should return 403 when internal user lacks comment_management permission[32m 0[2mms[22m[39m
       [32m✓[39m should allow users with fulfillment permission when filtering by service/status[32m 1[2mms[22m[39m
[31m       [31m×[31m should return templates, services, and statuses when user has permission[39m[32m 6[2mms[22m[39m
[31m       [31m×[31m should return empty arrays when no data exists[39m[32m 1[2mms[22m[39m
       [32m✓[39m should return ONLY templates configured for the specific service/status combination[32m 1[2mms[22m[39m
       [32m✓[39m should return EMPTY array when NO templates are configured for the service/status combo[32m 1[2mms[22m[39m
[31m       [31m×[31m should handle uppercase status "SUBMITTED" and match database "Submitted"[39m[32m 1[2mms[22m[39m
[31m       [31m×[31m should handle special case status "MISSING INFORMATION" and normalize to "Missing Information"[39m[32m 1[2mms[22m[39m
       [32m✓[39m should filter by serviceStatus only when serviceType is not provided[32m 1[2mms[22m[39m
[31m       [31m×[31m should return all active templates when no filter parameters provided[39m[32m 1[2mms[22m[39m
[31m       [31m×[31m should handle database-stored mixed case statuses correctly[39m[32m 0[2mms[22m[39m
       [32m✓[39m should return 401 when not authenticated[32m 0[2mms[22m[39m
       [32m✓[39m should return 403 when user is vendor[32m 0[2mms[22m[39m
       [32m✓[39m should return 403 when internal user lacks comment_management permission[32m 0[2mms[22m[39m
       [32m✓[39m should return 400 when shortName is missing[32m 1[2mms[22m[39m
       [32m✓[39m should return 400 when longName is missing[32m 0[2mms[22m[39m
       [32m✓[39m should return 400 when templateText is missing[32m 0[2mms[22m[39m
       [32m✓[39m should return 400 when shortName exceeds 50 characters[32m 0[2mms[22m[39m
       [32m✓[39m should return 400 when duplicate shortName exists[32m 0[2mms[22m[39m
       [32m✓[39m should create template successfully with valid data[32m 0[2mms[22m[39m
 [31m❯[39m src/app/api/dsx/update-field-order/__tests__/route.test.ts [2m([22m[2m9 tests[22m[2m | [22m[31m3 failed[39m[2m)[22m[32m 9[2mms[22m[39m
       [32m✓[39m should return 401 when not authenticated[32m 2[2mms[22m[39m
       [32m✓[39m should return 403 when user lacks global_config permission[32m 2[2mms[22m[39m
[31m       [31m×[31m should allow user with global_config permission to update field order[39m[32m 2[2mms[22m[39m
       [32m✓[39m should return 403 when vendor user tries to update field order[32m 0[2mms[22m[39m
       [32m✓[39m should return 400 when serviceId is missing[32m 0[2mms[22m[39m
       [32m✓[39m should return 400 when fieldOrders is missing[32m 0[2mms[22m[39m
       [32m✓[39m should return 400 when fieldOrders is not an array[32m 0[2mms[22m[39m
[31m       [31m×[31m should update existing field orders successfully[39m[32m 0[2mms[22m[39m
[31m       [31m×[31m should create missing service requirements[39m[32m 0[2mms[22m[39m
 [31m❯[39m src/app/api/fulfillment/orders/[id]/__tests__/route.test.ts [2m([22m[2m19 tests[22m[2m | [22m[31m4 failed[39m[2m)[22m[32m 16[2mms[22m[39m
       [32m✓[39m should allow internal users with fulfillment permission to access order details[32m 4[2mms[22m[39m
       [32m✓[39m should also allow internal users with candidate_workflow permission to access order details[32m 1[2mms[22m[39m
       [32m✓[39m should return 401 when not authenticated[32m 0[2mms[22m[39m
       [32m✓[39m should return 401 when session exists but user is undefined[32m 0[2mms[22m[39m
       [32m✓[39m should return 403 when internal user lacks both fulfillment and candidate_workflow permissions[32m 0[2mms[22m[39m
[31m       [31m×[31m should return 403 when customer user tries to access this endpoint[39m[32m 3[2mms[22m[39m
[31m       [31m×[31m should return 403 when vendor user tries to access this endpoint[39m[32m 1[2mms[22m[39m
       [32m✓[39m should return 404 when order does not exist[32m 0[2mms[22m[39m
       [32m✓[39m should return 400 when order ID is not provided[32m 0[2mms[22m[39m
       [32m✓[39m should return full order details including customer information[32m 1[2mms[22m[39m
       [32m✓[39m should handle orders without assigned vendors[32m 0[2mms[22m[39m
       [32m✓[39m should handle orders with deleted/soft-deleted status[32m 1[2mms[22m[39m
[31m       [31m×[31m should return 500 when database error occurs[39m[32m 1[2mms[22m[39m
[31m       [31m×[31m should handle timeout errors gracefully[39m[32m 1[2mms[22m[39m
       [32m✓[39m should handle malformed order data gracefully[32m 0[2mms[22m[39m
       [32m✓[39m should handle permission object in different formats[32m 1[2mms[22m[39m
       [32m✓[39m should handle admin users with no explicit fulfillment permission[32m 0[2mms[22m[39m
       [32m✓[39m should handle superadmin role[32m 0[2mms[22m[39m
       [32m✓[39m should not cache sensitive order data[32m 0[2mms[22m[39m
 [31m❯[39m src/app/api/services/[id]/attachments/[attachmentId]/__tests__/route.test.ts [2m([22m[2m25 tests[22m[2m | [22m[31m10 failed[39m[2m)[22m[32m 25[2mms[22m[39m
       [32m✓[39m should return 401 when not authenticated[32m 3[2mms[22m[39m
[31m       [31m×[31m should allow internal users with fulfillment.view permission to download[39m[32m 6[2mms[22m[39m
[31m       [31m×[31m should allow vendor to download attachment for assigned service[39m[32m 1[2mms[22m[39m
       [32m✓[39m should return 403 when vendor tries to download attachment for non-assigned service[32m 0[2mms[22m[39m
[31m       [31m×[31m should allow customer to download attachment for their own order[39m[32m 1[2mms[22m[39m
       [32m✓[39m should return 403 when customer tries to download attachment for another customer's order[32m 0[2mms[22m[39m
       [32m✓[39m should return 404 when service does not exist[32m 0[2mms[22m[39m
       [32m✓[39m should return 404 when attachment does not exist[32m 0[2mms[22m[39m
       [32m✓[39m should return 404 when attachment belongs to different service[32m 0[2mms[22m[39m
[31m       [31m×[31m should return 404 when file does not exist on disk[39m[32m 0[2mms[22m[39m
[31m       [31m×[31m should return 500 when file read fails[39m[32m 3[2mms[22m[39m
       [32m✓[39m should return 401 when not authenticated[32m 1[2mms[22m[39m
[31m       [31m×[31m should allow internal users with fulfillment.edit permission to delete[39m[32m 1[2mms[22m[39m
       [32m✓[39m should return 403 when internal user lacks fulfillment.edit permission[32m 0[2mms[22m[39m
[31m       [31m×[31m should allow vendor to delete attachment for assigned service[39m[32m 1[2mms[22m[39m
       [32m✓[39m should return 403 when vendor tries to delete attachment for non-assigned service[32m 1[2mms[22m[39m
       [32m✓[39m should return 403 when customer tries to delete attachment[32m 1[2mms[22m[39m
       [32m✓[39m should return 404 when service does not exist[32m 0[2mms[22m[39m
       [32m✓[39m should return 404 when attachment does not exist[32m 0[2mms[22m[39m
       [32m✓[39m should return 409 when service is in terminal status (completed)[32m 0[2mms[22m[39m
       [32m✓[39m should return 409 when service is in terminal status (cancelled)[32m 0[2mms[22m[39m
[31m       [31m×[31m should still delete database record even if file does not exist on disk[39m[32m 1[2mms[22m[39m
[31m       [31m×[31m should create audit log entry for attachment deletion[39m[32m 1[2mms[22m[39m
       [32m✓[39m should return 500 when database error occurs[32m 0[2mms[22m[39m
[31m       [31m×[31m should handle file deletion error gracefully[39m[32m 0[2mms[22m[39m
 [31m❯[39m src/app/api/portal/orders/[id]/__tests__/route.test.ts [2m([22m[2m9 tests[22m[2m | [22m[31m6 failed[39m[2m)[22m[32m 14[2mms[22m[39m
       [32m✓[39m should successfully update a draft order without throwing logger undefined error[32m 4[2mms[22m[39m
       [32m✓[39m should create and edit a draft order multiple times without error[32m 1[2mms[22m[39m
[31m       [31m×[31m should successfully change a draft order to submitted status[39m[32m 3[2mms[22m[39m
[31m       [31m×[31m should validate required fields before allowing submission[39m[32m 2[2mms[22m[39m
[31m       [31m×[31m should properly log errors when order not found[39m[32m 1[2mms[22m[39m
[31m       [31m×[31m should log database errors properly[39m[32m 1[2mms[22m[39m
[31m       [31m×[31m should handle permission errors with proper logging[39m[32m 0[2mms[22m[39m
       [32m✓[39m should return 401 when no session exists[32m 0[2mms[22m[39m
[31m       [31m×[31m should handle malformed request body gracefully[39m[32m 1[2mms[22m[39m
 [31m❯[39m src/app/api/services/[id]/status/__tests__/route.test.ts [2m([22m[2m18 tests[22m[2m | [22m[31m13 failed[39m[2m)[22m[32m 14[2mms[22m[39m
       [32m✓[39m should return 401 when not authenticated[32m 2[2mms[22m[39m
       [32m✓[39m should return 403 when user lacks fulfillment permission[32m 0[2mms[22m[39m
       [32m✓[39m should return 403 when vendor user tries to change status[32m 0[2mms[22m[39m
       [32m✓[39m should return 400 when status is missing[32m 1[2mms[22m[39m
       [32m✓[39m should return 400 when status is invalid[32m 0[2mms[22m[39m
[31m       [31m×[31m should return 400 when comment exceeds 1000 characters[39m[32m 4[2mms[22m[39m
[31m       [31m×[31m should return 404 when service does not exist[39m[32m 1[2mms[22m[39m
[31m       [31m×[31m should check lock status before allowing status change[39m[32m 1[2mms[22m[39m
[31m       [31m×[31m should return 423 when order is locked by another user[39m[32m 0[2mms[22m[39m
[31m       [31m×[31m should automatically acquire lock if not locked[39m[32m 1[2mms[22m[39m
[31m       [31m×[31m should update service status and create audit entry[39m[32m 0[2mms[22m[39m
[31m       [31m×[31m should include optional comment with status change[39m[32m 0[2mms[22m[39m
[31m       [31m×[31m should require confirmation when changing from terminal status[39m[32m 0[2mms[22m[39m
[31m       [31m×[31m should allow reopening terminal status with confirmation[39m[32m 0[2mms[22m[39m
[31m       [31m×[31m should handle all terminal statuses (Cancelled, Cancelled-DNB)[39m[32m 0[2mms[22m[39m
[31m       [31m×[31m should return updated service with audit entry[39m[32m 0[2mms[22m[39m
[31m       [31m×[31m should handle database transaction errors[39m[32m 0[2mms[22m[39m
[31m       [31m×[31m should handle lock acquisition failure[39m[32m 0[2mms[22m[39m
 [31m❯[39m src/app/api/services/[id]/__tests__/uuid-storage-regression.test.ts [2m([22m[2m5 tests[22m[2m | [22m[31m2 failed[39m[2m)[22m[32m 10[2mms[22m[39m
[31m       [31m×[31m REGRESSION TEST: should store session.user.id (UUID) in uploadedBy field, not integer userId[39m[32m 5[2mms[22m[39m
       [32m✓[39m REGRESSION TEST: should store session.user.id (UUID) in resultsAddedBy when adding results for first time[32m 3[2mms[22m[39m
       [32m✓[39m REGRESSION TEST: should store session.user.id (UUID) in resultsLastModifiedBy when updating existing results[32m 1[2mms[22m[39m
[31m       [31m×[31m REGRESSION TEST: should NOT query User table for userId when uploading attachment[39m[32m 0[2mms[22m[39m
       [32m✓[39m REGRESSION TEST: should NOT query User table for userId when updating results[32m 0[2mms[22m[39m
 [31m❯[39m src/app/api/vendors/[id]/__tests__/usertype-bug.test.ts [2m([22m[2m10 tests[22m[2m | [22m[31m3 failed[39m[2m)[22m[32m 10[2mms[22m[39m
       [32m✓[39m should allow internal users with userType to view any vendor[32m 3[2mms[22m[39m
       [32m✓[39m should allow vendor users with userType to view their own vendor[32m 0[2mms[22m[39m
[31m       [31m×[31m should block vendor users with userType from viewing other vendors[39m[32m 3[2mms[22m[39m
[31m       [31m×[31m should block customer users with userType from viewing vendors[39m[32m 0[2mms[22m[39m
       [32m✓[39m should allow internal users with userType to update vendors[32m 1[2mms[22m[39m
       [32m✓[39m should block vendor users with userType from updating vendors[32m 0[2mms[22m[39m
       [32m✓[39m should block customer users with userType from updating vendors[32m 0[2mms[22m[39m
[31m       [31m×[31m should allow internal users with userType to delete vendors[39m[32m 0[2mms[22m[39m
       [32m✓[39m should block vendor users with userType from deleting vendors[32m 0[2mms[22m[39m
       [32m✓[39m should use userType when both exist but differ[32m 0[2mms[22m[39m
 [31m❯[39m src/lib/services/__tests__/service-fulfillment.service.test.ts [2m([22m[2m36 tests[22m[2m | [22m[31m9 failed[39m[2m)[22m[32m 15[2mms[22m[39m
[31m       [31m×[31m should create service fulfillment records for all order items[39m[32m 6[2mms[22m[39m
       [32m✓[39m should skip creation if services already exist for the order[32m 0[2mms[22m[39m
       [32m✓[39m should handle orders with no items[32m 0[2mms[22m[39m
       [32m✓[39m should handle database errors gracefully[32m 1[2mms[22m[39m
       [32m✓[39m should return all services for internal users with fulfillment permission[32m 0[2mms[22m[39m
       [32m✓[39m should filter services by assigned vendor for vendor users[32m 0[2mms[22m[39m
[31m       [31m×[31m should filter services by status when provided[39m[32m 1[2mms[22m[39m
       [32m✓[39m should filter services by orderId when provided[32m 0[2mms[22m[39m
       [32m✓[39m should apply pagination with limit and offset[32m 0[2mms[22m[39m
[31m       [31m×[31m should throw error for users without proper permissions[39m[32m 1[2mms[22m[39m
[31m       [31m×[31m should include deactivated vendor services but flag them[39m[32m 0[2mms[22m[39m
       [32m✓[39m should return service details for authorized users[32m 0[2mms[22m[39m
       [32m✓[39m should return service for vendor if they are assigned[32m 0[2mms[22m[39m
       [32m✓[39m should throw error if vendor tries to access unassigned service[32m 0[2mms[22m[39m
       [32m✓[39m should return null if service does not exist[32m 0[2mms[22m[39m
[31m       [31m×[31m should update service status and create audit log[39m[32m 0[2mms[22m[39m
       [32m✓[39m should update vendor assignment and set assignedAt timestamp[32m 0[2mms[22m[39m
       [32m✓[39m should update vendor notes when vendor user updates[32m 0[2mms[22m[39m
       [32m✓[39m should prevent vendor from updating internal notes[32m 0[2mms[22m[39m
       [32m✓[39m should prevent vendor assignment without fulfillment.manage permission[32m 0[2mms[22m[39m
[31m       [31m×[31m should set completedAt when status changes to completed[39m[32m 0[2mms[22m[39m
       [32m✓[39m should throw error if service not found[32m 0[2mms[22m[39m
       [32m✓[39m should throw error if trying to assign deactivated vendor[32m 0[2mms[22m[39m
[31m       [31m×[31m should assign multiple services to a vendor[39m[32m 0[2mms[22m[39m
       [32m✓[39m should throw error if vendor not found[32m 0[2mms[22m[39m
       [32m✓[39m should throw error if vendor is deactivated[32m 0[2mms[22m[39m
       [32m✓[39m should throw error if user lacks permission[32m 0[2mms[22m[39m
       [32m✓[39m should handle empty service list[32m 0[2mms[22m[39m
       [32m✓[39m should handle more than 100 services[32m 0[2mms[22m[39m
[31m       [31m×[31m should return true when all services are in terminal status[39m[32m 0[2mms[22m[39m
[31m       [31m×[31m should return false when some services are not in terminal status[39m[32m 0[2mms[22m[39m
       [32m✓[39m should return true for order with no services[32m 0[2mms[22m[39m
       [32m✓[39m should delegate to ServiceAuditService[32m 0[2mms[22m[39m
       [32m✓[39m should allow reassignment between vendors[32m 0[2mms[22m[39m
       [32m✓[39m should keep terminal status services visible to vendors[32m 0[2mms[22m[39m
       [32m✓[39m should only show orderNumber to vendors, not customer details[32m 0[2mms[22m[39m
 [31m❯[39m src/app/api/comment-templates/__tests__/status-casing-filter.test.ts [2m([22m[2m9 tests[22m[2m | [22m[31m6 failed[39m[2m)[22m[32m 15[2mms[22m[39m
[31m       [31m×[31m should FAIL to find templates when filtering by lowercase status - proves bug exists[39m[32m 6[2mms[22m[39m
[31m       [31m×[31m should apply Title Case normalization that masks the real problem[39m[32m 2[2mms[22m[39m
[31m       [31m×[31m returns hardcoded Title Case statuses instead of using constants[39m[32m 2[2mms[22m[39m
[31m       [31m×[31m should fail to match when database has lowercase but query uses Title Case[39m[32m 0[2mms[22m[39m
       [32m✓[39m should handle status values from SERVICE_STATUSES constant[32m 2[2mms[22m[39m
       [32m✓[39m should handle ORDER_STATUS_VALUES for consistency[32m 1[2mms[22m[39m
[31m       [31m×[31m should incorrectly handle underscore in missing_info status[39m[32m 0[2mms[22m[39m
[31m       [31m×[31m should incorrectly handle cancelled_dnb status format[39m[32m 0[2mms[22m[39m
       [32m✓[39m should log warning when no templates found due to casing mismatch[32m 1[2mms[22m[39m
 [31m❯[39m src/app/api/vendors/[id]/__tests__/route.test.ts [2m([22m[2m18 tests[22m[2m | [22m[31m2 failed[39m[2m)[22m[32m 11[2mms[22m[39m
       [32m✓[39m should return 401 when not authenticated[32m 2[2mms[22m[39m
       [32m✓[39m should return vendor for internal users[32m 1[2mms[22m[39m
       [32m✓[39m should return vendor for vendor users accessing their own vendor[32m 0[2mms[22m[39m
[31m       [31m×[31m should return 403 for vendor users accessing different vendor[39m[32m 3[2mms[22m[39m
[31m       [31m×[31m should return 403 for customer users[39m[32m 0[2mms[22m[39m
       [32m✓[39m should return 404 when vendor does not exist[32m 0[2mms[22m[39m
       [32m✓[39m should return 401 when not authenticated[32m 0[2mms[22m[39m
       [32m✓[39m should return 403 when user lacks permissions[32m 0[2mms[22m[39m
       [32m✓[39m should return 400 when email is invalid[32m 1[2mms[22m[39m
       [32m✓[39m should accept partial updates[32m 0[2mms[22m[39m
       [32m✓[39m should unset other primary vendors when updating to primary[32m 0[2mms[22m[39m
       [32m✓[39m should return 404 when vendor does not exist[32m 0[2mms[22m[39m
       [32m✓[39m should return 401 when not authenticated[32m 0[2mms[22m[39m
       [32m✓[39m should return 403 when user lacks permissions[32m 0[2mms[22m[39m
       [32m✓[39m should prevent deletion when vendor has assigned users[32m 0[2mms[22m[39m
       [32m✓[39m should prevent deletion when vendor has assigned orders[32m 0[2mms[22m[39m
       [32m✓[39m should successfully delete vendor without dependencies[32m 0[2mms[22m[39m
       [32m✓[39m should return 404 when vendor does not exist[32m 0[2mms[22m[39m
 [31m❯[39m src/app/api/fulfillment/orders/[id]/status/__tests__/service-closure.test.ts [2m([22m[2m17 tests[22m[2m | [22m[31m2 failed[39m[2m)[22m[32m 14[2mms[22m[39m
       [32m✓[39m should allow closing order when all services are in terminal status[32m 5[2mms[22m[39m
       [32m✓[39m should prevent closing order when services are not complete[32m 1[2mms[22m[39m
       [32m✓[39m should require closure comments when closing an order[32m 0[2mms[22m[39m
       [32m✓[39m should store closure timestamp when order is closed[32m 0[2mms[22m[39m
       [32m✓[39m should allow closing order with all services completed[32m 1[2mms[22m[39m
       [32m✓[39m should allow closing order with all services cancelled[32m 0[2mms[22m[39m
       [32m✓[39m should allow closing order with mixed terminal statuses[32m 0[2mms[22m[39m
       [32m✓[39m should prevent closing order with services in pending status[32m 0[2mms[22m[39m
       [32m✓[39m should prevent closing order with services in submitted status[32m 0[2mms[22m[39m
       [32m✓[39m should prevent closing order with services in processing status[32m 0[2mms[22m[39m
       [32m✓[39m should handle order with no services (allow closure)[32m 0[2mms[22m[39m
       [32m✓[39m should validate closure comments maximum length[32m 0[2mms[22m[39m
[31m       [31m×[31m should handle concurrent closure attempts gracefully[39m[32m 3[2mms[22m[39m
[31m       [31m×[31m should create audit log entry when closing order[39m[32m 1[2mms[22m[39m
       [32m✓[39m should require fulfillment permission to close orders[32m 0[2mms[22m[39m
       [32m✓[39m should prevent vendors from closing orders[32m 0[2mms[22m[39m
       [32m✓[39m should prevent customers from closing orders[32m 0[2mms[22m[39m
 [31m❯[39m src/types/__tests__/service-fulfillment-status-casing.test.ts [2m([22m[2m12 tests[22m[2m | [22m[31m11 failed[39m[2m)[22m[32m 8[2mms[22m[39m
[31m       [31m×[31m should reject lowercase status values from constants - proves the bug exists[39m[32m 3[2mms[22m[39m
[31m       [31m×[31m should reject database order status values[39m[32m 0[2mms[22m[39m
[31m       [31m×[31m currently only accepts Title Case statuses[39m[32m 1[2mms[22m[39m
[31m       [31m×[31m should fail to detect lowercase terminal statuses - proves the bug[39m[32m 0[2mms[22m[39m
[31m       [31m×[31m currently only detects Title Case terminal statuses[39m[32m 0[2mms[22m[39m
       [32m✓[39m should not detect non-terminal statuses regardless of casing[32m 0[2mms[22m[39m
[31m       [31m×[31m validation schema rejects all SERVICE_STATUSES constants[39m[32m 0[2mms[22m[39m
[31m       [31m×[31m validation schema rejects all ORDER_STATUS_VALUES[39m[32m 0[2mms[22m[39m
[31m       [31m×[31m should reject all case variations except exact Title Case[39m[32m 1[2mms[22m[39m
[31m       [31m×[31m should handle underscore vs space conversion[39m[32m 0[2mms[22m[39m
[31m       [31m×[31m should handle hyphen variations in cancelled-dnb[39m[32m 0[2mms[22m[39m
[31m       [31m×[31m should validate comment independently of status casing issue[39m[32m 0[2mms[22m[39m
 [31m❯[39m src/app/api/fulfillment/__tests__/usertype-bug.test.ts [2m([22m[2m8 tests[22m[2m | [22m[31m8 failed[39m[2m)[22m[32m 13[2mms[22m[39m
[31m       [31m×[31m should work for internal users with only userType (no fallback needed)[39m[32m 5[2mms[22m[39m
[31m       [31m×[31m should work for vendor users with only userType (no fallback needed)[39m[32m 1[2mms[22m[39m
[31m       [31m×[31m should work for customer users with only userType[39m[32m 1[2mms[22m[39m
[31m       [31m×[31m should NOT rely on the fallback pattern type || userType[39m[32m 2[2mms[22m[39m
[31m       [31m×[31m should use userType when both exist but differ (fallback bug)[39m[32m 1[2mms[22m[39m
[31m       [31m×[31m should handle status filter with correct userType[39m[32m 1[2mms[22m[39m
[31m       [31m×[31m should combine vendor filter with userType correctly[39m[32m 1[2mms[22m[39m
[31m       [31m×[31m should include services when requested by internal user[39m[32m 1[2mms[22m[39m
 [31m❯[39m src/__tests__/integration/services/comments/get-comments.test.ts [2m([22m[2m26 tests[22m[2m | [22m[31m7 failed[39m[2m)[22m[32m 15[2mms[22m[39m
[31m       [31m×[31m should return all comments for internal users[39m[32m 8[2mms[22m[39m
[31m       [31m×[31m should return all comments for vendor users[39m[32m 1[2mms[22m[39m
[31m       [31m×[31m should filter internal comments for customer users[39m[32m 1[2mms[22m[39m
       [32m✓[39m should return empty array when no comments exist[32m 0[2mms[22m[39m
[31m       [31m×[31m should return empty array for customer when only internal comments exist[39m[32m 1[2mms[22m[39m
       [32m✓[39m should return comments sorted by createdAt descending[32m 0[2mms[22m[39m
       [32m✓[39m should include template information[32m 0[2mms[22m[39m
       [32m✓[39m should include created by user information[32m 0[2mms[22m[39m
       [32m✓[39m should include updated by user information when present[32m 0[2mms[22m[39m
       [32m✓[39m should have null updatedByUser when comment not edited[32m 0[2mms[22m[39m
[31m       [31m×[31m should grant access to internal users for any service[39m[32m 0[2mms[22m[39m
       [32m✓[39m should deny access when service does not exist[32m 0[2mms[22m[39m
[31m       [31m×[31m should grant vendor access to assigned services[39m[32m 0[2mms[22m[39m
       [32m✓[39m should deny vendor access to non-assigned services[32m 0[2mms[22m[39m
[31m       [31m×[31m should grant customer access to their own order services[39m[32m 1[2mms[22m[39m
       [32m✓[39m should deny customer access to other customer services[32m 0[2mms[22m[39m
       [32m✓[39m should return false for unknown user types[32m 0[2mms[22m[39m
       [32m✓[39m should return false when user does not exist[32m 0[2mms[22m[39m
       [32m✓[39m should grant access to internal users for any order[32m 0[2mms[22m[39m
       [32m✓[39m should deny access when order does not exist[32m 0[2mms[22m[39m
       [32m✓[39m should grant vendor access to orders with assigned services[32m 0[2mms[22m[39m
       [32m✓[39m should deny vendor access to orders without assigned services[32m 0[2mms[22m[39m
       [32m✓[39m should grant customer access to their own orders[32m 0[2mms[22m[39m
       [32m✓[39m should deny customer access to other customer orders[32m 0[2mms[22m[39m
       [32m✓[39m should return false when user does not exist[32m 0[2mms[22m[39m
       [32m✓[39m should return false for unknown user types[32m 0[2mms[22m[39m
 [31m❯[39m src/app/api/fulfillment/orders/[id]/__tests__/vendor-field-integration.test.ts [2m([22m[2m3 tests[22m[2m | [22m[31m3 failed[39m[2m)[22m[32m 10[2mms[22m[39m
[31m       [31m×[31m should fetch complete order details with vendor information at all levels[39m[32m 7[2mms[22m[39m
[31m       [31m×[31m should handle mixed vendor assignments correctly[39m[32m 1[2mms[22m[39m
[31m       [31m×[31m should handle large orders with multiple services efficiently[39m[32m 1[2mms[22m[39m
 [31m❯[39m src/__tests__/integration/status-casing-bug.test.ts [2m([22m[2m13 tests[22m[2m | [22m[31m9 failed[39m[2m)[22m[32m 11[2mms[22m[39m
[31m       [31m×[31m complete flow FAILS with lowercase statuses from database - proves bug exists[39m[32m 5[2mms[22m[39m
[31m       [31m×[31m shows that Title Case works but violates the spec[39m[32m 1[2mms[22m[39m
[31m       [31m×[31m database constants do not match validation schemas[39m[32m 1[2mms[22m[39m
[31m       [31m×[31m order statuses and service statuses have inconsistent validation[39m[32m 0[2mms[22m[39m
       [32m✓[39m comment templates cannot be found when using database status values[32m 0[2mms[22m[39m
       [32m✓[39m hardcoded status list does not match constants[32m 0[2mms[22m[39m
[31m       [31m×[31m missing_info vs Missing Information causes validation failures[39m[32m 0[2mms[22m[39m
[31m       [31m×[31m cancelled_dnb format inconsistencies[39m[32m 0[2mms[22m[39m
[31m       [31m×[31m terminal status detection affects service modification permissions[39m[32m 1[2mms[22m[39m
[31m       [31m×[31m validation failures prevent legitimate status updates[39m[32m 1[2mms[22m[39m
[31m       [31m×[31m status progression automation would fail[39m[32m 0[2mms[22m[39m
       [32m✓[39m existing Title Case data in database would fail after fix[32m 0[2mms[22m[39m
       [32m✓[39m demonstrates need for data migration[32m 0[2mms[22m[39m
 [31m❯[39m src/app/api/fulfillment/__tests__/dashboard-stats-bug.test.ts [2m([22m[2m7 tests[22m[2m | [22m[31m3 failed[39m[2m)[22m[32m 12[2mms[22m[39m
[31m       [31m×[31m should NOT return Total Services metric (bug: missing)[39m[32m 7[2mms[22m[39m
[31m       [31m×[31m should NOT return In Progress metric correctly (bug: missing)[39m[32m 1[2mms[22m[39m
[31m       [31m×[31m should NOT allow customer users to access fulfillment API (bug: excluded)[39m[32m 1[2mms[22m[39m
       [32m✓[39m should return exactly 3 stats: Total Orders, Total Services, In Progress[32m 1[2mms[22m[39m
       [32m✓[39m should calculate In Progress correctly (excludes Draft, Completed, Cancelled)[32m 0[2mms[22m[39m
       [32m✓[39m should allow customer users to access fulfillment API[32m 0[2mms[22m[39m
       [32m✓[39m should count Total Services correctly across all orders[32m 0[2mms[22m[39m
[90mstderr[2m | src/app/api/services/[id]/comments/__tests__/route-full-editing.test.ts[2m > [22m[2mPOST /api/services/[id]/comments - Full Text Editing[2m > [22m[2mvalidation with brackets allowed[2m > [22m[2mshould accept text with opening brackets only
[22m[39mTest failed with: { error: [32m'User type not configured. Please contact support.'[39m }

 [31m❯[39m src/app/api/services/[id]/comments/__tests__/route-full-editing.test.ts [2m([22m[2m17 tests[22m[2m | [22m[31m15 failed[39m[2m)[22m[32m 12[2mms[22m[39m
       [32m✓[39m should return 401 when not authenticated[32m 2[2mms[22m[39m
       [32m✓[39m should return 403 when user lacks fulfillment permission[32m 0[2mms[22m[39m
[31m       [31m×[31m should accept text with opening brackets only[39m[32m 4[2mms[22m[39m
[31m       [31m×[31m should accept text with closing brackets only[39m[32m 1[2mms[22m[39m
[31m       [31m×[31m should accept text with placeholder-like brackets[39m[32m 1[2mms[22m[39m
[31m       [31m×[31m should accept text completely different from template[39m[32m 0[2mms[22m[39m
[31m       [31m×[31m should accept text with nested and complex brackets[39m[32m 0[2mms[22m[39m
[31m       [31m×[31m should accept exactly 1000 characters with brackets[39m[32m 0[2mms[22m[39m
[31m       [31m×[31m should return 400 when templateId is missing[39m[32m 0[2mms[22m[39m
[31m       [31m×[31m should return 400 when finalText is missing[39m[32m 0[2mms[22m[39m
[31m       [31m×[31m should return 400 when finalText is empty[39m[32m 0[2mms[22m[39m
[31m       [31m×[31m should return 400 when finalText is only whitespace[39m[32m 0[2mms[22m[39m
[31m       [31m×[31m should return 400 when finalText exceeds 1000 characters[39m[32m 0[2mms[22m[39m
[31m       [31m×[31m should default isInternalOnly to true when not provided[39m[32m 0[2mms[22m[39m
[31m       [31m×[31m should return 404 when template does not exist[39m[32m 0[2mms[22m[39m
[31m       [31m×[31m should handle database errors gracefully[39m[32m 0[2mms[22m[39m
[31m       [31m×[31m should track template ID even when text is completely different[39m[32m 0[2mms[22m[39m
 [31m❯[39m src/app/api/services/[id]/comments/[commentId]/__tests__/route-full-editing.test.ts [2m([22m[2m17 tests[22m[2m | [22m[31m16 failed[39m[2m)[22m[32m 24[2mms[22m[39m
       [32m✓[39m should return 401 when not authenticated[32m 4[2mms[22m[39m
[31m       [31m×[31m should return 403 when user lacks fulfillment permission[39m[32m 7[2mms[22m[39m
[31m       [31m×[31m should accept updated text with brackets[39m[32m 2[2mms[22m[39m
[31m       [31m×[31m should accept text with placeholder-like brackets[39m[32m 1[2mms[22m[39m
[31m       [31m×[31m should accept text completely different from original[39m[32m 1[2mms[22m[39m
[31m       [31m×[31m should accept only brackets as updated text[39m[32m 1[2mms[22m[39m
[31m       [31m×[31m should accept complex bracket patterns[39m[32m 0[2mms[22m[39m
[31m       [31m×[31m should update only isInternalOnly when finalText not provided[39m[32m 0[2mms[22m[39m
[31m       [31m×[31m should update both finalText and isInternalOnly[39m[32m 0[2mms[22m[39m
[31m       [31m×[31m should ignore attempts to update templateId[39m[32m 1[2mms[22m[39m
[31m       [31m×[31m should return 400 when finalText is empty string[39m[32m 0[2mms[22m[39m
[31m       [31m×[31m should return 400 when finalText is only whitespace[39m[32m 0[2mms[22m[39m
[31m       [31m×[31m should return 400 when finalText exceeds 1000 characters[39m[32m 0[2mms[22m[39m
[31m       [31m×[31m should accept exactly 1000 characters with brackets[39m[32m 0[2mms[22m[39m
[31m       [31m×[31m should return 404 when comment does not exist[39m[32m 0[2mms[22m[39m
[31m       [31m×[31m should handle database errors gracefully[39m[32m 1[2mms[22m[39m
[31m       [31m×[31m should preserve original templateId through updates[39m[32m 0[2mms[22m[39m
[90mstderr[2m | src/hooks/__tests__/useServiceComments-id-mismatch.test.ts[2m > [22m[2museServiceComments - OrderItem vs ServiceFulfillment ID handling[2m > [22m[2mCritical Bug Fix: ServiceFulfillment ID for API calls in order mode[2m > [22m[2mshould use ServiceFulfillment ID for API calls, not OrderItem ID
[22m[39mThe above error occurred in the <wrapper> component:

    at wrapper (/Users/andyhellman/Library/CloudStorage/Dropbox/9-REALi Data Solutions/GlobalRx_v2/src/hooks/__tests__/useServiceComments-id-mismatch.test.ts:20:22)

Consider adding an error boundary to your tree to customize error handling behavior.
Visit https://reactjs.org/link/error-boundaries to learn more about error boundaries.

[90mstderr[2m | src/hooks/__tests__/useServiceComments-id-mismatch.test.ts[2m > [22m[2museServiceComments - OrderItem vs ServiceFulfillment ID handling[2m > [22m[2mCritical Bug Fix: ServiceFulfillment ID for API calls in order mode[2m > [22m[2mshould update commentsByService state correctly after creating comment in order mode
[22m[39mThe above error occurred in the <wrapper> component:

    at wrapper (/Users/andyhellman/Library/CloudStorage/Dropbox/9-REALi Data Solutions/GlobalRx_v2/src/hooks/__tests__/useServiceComments-id-mismatch.test.ts:20:22)

Consider adding an error boundary to your tree to customize error handling behavior.
Visit https://reactjs.org/link/error-boundaries to learn more about error boundaries.

[90mstderr[2m | src/hooks/__tests__/useServiceComments-id-mismatch.test.ts[2m > [22m[2museServiceComments - OrderItem vs ServiceFulfillment ID handling[2m > [22m[2mCritical Bug Fix: ServiceFulfillment ID for API calls in order mode[2m > [22m[2mshould handle delete with ServiceFulfillment ID in order mode
[22m[39mThe above error occurred in the <wrapper> component:

    at wrapper (/Users/andyhellman/Library/CloudStorage/Dropbox/9-REALi Data Solutions/GlobalRx_v2/src/hooks/__tests__/useServiceComments-id-mismatch.test.ts:20:22)

Consider adding an error boundary to your tree to customize error handling behavior.
Visit https://reactjs.org/link/error-boundaries to learn more about error boundaries.

[90mstderr[2m | src/hooks/__tests__/useServiceComments-id-mismatch.test.ts[2m > [22m[2museServiceComments - OrderItem vs ServiceFulfillment ID handling[2m > [22m[2mCritical Bug Fix: ServiceFulfillment ID for API calls in order mode[2m > [22m[2mshould handle update with ServiceFulfillment ID in order mode
[22m[39mThe above error occurred in the <wrapper> component:

    at wrapper (/Users/andyhellman/Library/CloudStorage/Dropbox/9-REALi Data Solutions/GlobalRx_v2/src/hooks/__tests__/useServiceComments-id-mismatch.test.ts:20:22)

Consider adding an error boundary to your tree to customize error handling behavior.
Visit https://reactjs.org/link/error-boundaries to learn more about error boundaries.

[90mstderr[2m | src/hooks/__tests__/useServiceComments-id-mismatch.test.ts[2m > [22m[2museServiceComments - OrderItem vs ServiceFulfillment ID handling[2m > [22m[2mSingle service mode should still work[2m > [22m[2mshould use serviceId directly when not in order mode
[22m[39mThe above error occurred in the <wrapper> component:

    at wrapper (/Users/andyhellman/Library/CloudStorage/Dropbox/9-REALi Data Solutions/GlobalRx_v2/src/hooks/__tests__/useServiceComments-id-mismatch.test.ts:20:22)

Consider adding an error boundary to your tree to customize error handling behavior.
Visit https://reactjs.org/link/error-boundaries to learn more about error boundaries.

 [31m❯[39m src/hooks/__tests__/useServiceComments-id-mismatch.test.ts [2m([22m[2m5 tests[22m[2m | [22m[31m5 failed[39m[2m)[22m[32m 15[2mms[22m[39m
[31m       [31m×[31m should use ServiceFulfillment ID for API calls, not OrderItem ID[39m[32m 10[2mms[22m[39m
[31m       [31m×[31m should update commentsByService state correctly after creating comment in order mode[39m[32m 1[2mms[22m[39m
[31m       [31m×[31m should handle delete with ServiceFulfillment ID in order mode[39m[32m 1[2mms[22m[39m
[31m       [31m×[31m should handle update with ServiceFulfillment ID in order mode[39m[32m 1[2mms[22m[39m
[31m       [31m×[31m should use serviceId directly when not in order mode[39m[32m 1[2mms[22m[39m
 [31m❯[39m src/app/api/fulfillment/orders/[id]/__tests__/usertype-bug.test.ts [2m([22m[2m10 tests[22m[2m | [22m[31m7 failed[39m[2m)[22m[32m 11[2mms[22m[39m
[31m       [31m×[31m should work for internal users with only userType (no fallback needed)[39m[32m 5[2mms[22m[39m
[31m       [31m×[31m should work for vendor users with only userType viewing their orders[39m[32m 2[2mms[22m[39m
[31m       [31m×[31m should block vendor users with userType from viewing other vendor orders[39m[32m 0[2mms[22m[39m
       [32m✓[39m should work for customer users with userType viewing their orders[32m 1[2mms[22m[39m
[31m       [31m×[31m should block customer users with userType from viewing other customer orders[39m[32m 1[2mms[22m[39m
       [32m✓[39m should NOT need the reversed fallback pattern (userType || type)[32m 0[2mms[22m[39m
       [32m✓[39m should use userType even with reversed fallback pattern bug[32m 0[2mms[22m[39m
[31m       [31m×[31m should fail when type is set but userType is not (proves fallback is wrong)[39m[32m 0[2mms[22m[39m
[31m       [31m×[31m should return 404 when order does not exist[39m[32m 1[2mms[22m[39m
[31m       [31m×[31m should include service details based on query parameter[39m[32m 0[2mms[22m[39m
 [31m❯[39m src/lib/schemas/__tests__/service-fulfillment.schemas.test.ts [2m([22m[2m43 tests[22m[2m | [22m[31m7 failed[39m[2m)[22m[32m 12[2mms[22m[39m
[31m       [31m×[31m should accept valid status values[39m[32m 4[2mms[22m[39m
[31m       [31m×[31m should reject invalid status values[39m[32m 1[2mms[22m[39m
       [32m✓[39m should accept valid change types[32m 0[2mms[22m[39m
       [32m✓[39m should reject invalid change types[32m 0[2mms[22m[39m
[31m         [31m×[31m should accept status update only[39m[32m 1[2mms[22m[39m
         [32m✓[39m should accept vendor assignment[32m 0[2mms[22m[39m
         [32m✓[39m should accept null vendor assignment (unassign)[32m 0[2mms[22m[39m
         [32m✓[39m should accept vendor notes update[32m 0[2mms[22m[39m
         [32m✓[39m should accept internal notes update[32m 0[2mms[22m[39m
[31m         [31m×[31m should accept multiple fields at once[39m[32m 0[2mms[22m[39m
         [32m✓[39m should accept empty object (no updates)[32m 0[2mms[22m[39m
         [32m✓[39m should accept notes at maximum length[32m 0[2mms[22m[39m
         [32m✓[39m should reject invalid status[32m 0[2mms[22m[39m
         [32m✓[39m should reject non-UUID vendor ID[32m 0[2mms[22m[39m
         [32m✓[39m should reject notes exceeding maximum length[32m 0[2mms[22m[39m
[31m         [31m×[31m should reject unknown fields[39m[32m 0[2mms[22m[39m
         [32m✓[39m should reject non-string notes[32m 0[2mms[22m[39m
         [32m✓[39m should accept single service ID[32m 0[2mms[22m[39m
         [32m✓[39m should accept multiple service IDs[32m 0[2mms[22m[39m
         [32m✓[39m should accept maximum 100 service IDs[32m 0[2mms[22m[39m
         [32m✓[39m should reject empty service IDs array[32m 0[2mms[22m[39m
         [32m✓[39m should reject more than 100 service IDs[32m 0[2mms[22m[39m
         [32m✓[39m should reject non-UUID service IDs[32m 0[2mms[22m[39m
         [32m✓[39m should reject non-UUID vendor ID[32m 0[2mms[22m[39m
         [32m✓[39m should reject missing vendorId[32m 0[2mms[22m[39m
         [32m✓[39m should reject missing serviceFulfillmentIds[32m 0[2mms[22m[39m
         [32m✓[39m should reject non-array serviceFulfillmentIds[32m 0[2mms[22m[39m
         [32m✓[39m should accept empty query (defaults)[32m 0[2mms[22m[39m
         [32m✓[39m should accept orderId filter[32m 0[2mms[22m[39m
[31m         [31m×[31m should accept status filter[39m[32m 0[2mms[22m[39m
         [32m✓[39m should accept vendorId filter[32m 0[2mms[22m[39m
         [32m✓[39m should accept custom pagination[32m 0[2mms[22m[39m
[31m         [31m×[31m should accept all filters together[39m[32m 0[2mms[22m[39m
         [32m✓[39m should coerce string numbers to numbers[32m 0[2mms[22m[39m
         [32m✓[39m should accept maximum limit of 100[32m 0[2mms[22m[39m
         [32m✓[39m should reject invalid orderId[32m 0[2mms[22m[39m
         [32m✓[39m should reject invalid status[32m 0[2mms[22m[39m
         [32m✓[39m should reject invalid vendorId[32m 0[2mms[22m[39m
         [32m✓[39m should reject limit less than 1[32m 0[2mms[22m[39m
         [32m✓[39m should reject limit greater than 100[32m 0[2mms[22m[39m
         [32m✓[39m should reject negative offset[32m 0[2mms[22m[39m
         [32m✓[39m should reject non-numeric limit[32m 0[2mms[22m[39m
         [32m✓[39m should reject non-numeric offset[32m 0[2mms[22m[39m
 [31m❯[39m src/app/api/services/[id]/comments/__tests__/route-null-serviceId-bug.test.ts [2m([22m[2m10 tests[22m[2m | [22m[31m10 failed[39m[2m)[22m[32m 11[2mms[22m[39m
[31m       [31m×[31m should return 400 when serviceId is literally "null" string[39m[32m 5[2mms[22m[39m
[31m       [31m×[31m should return 400 for undefined serviceId[39m[32m 1[2mms[22m[39m
[31m       [31m×[31m should return 400 for empty serviceId[39m[32m 1[2mms[22m[39m
[31m       [31m×[31m should create comment with valid serviceId[39m[32m 1[2mms[22m[39m
[31m       [31m×[31m should update comment with valid serviceId[39m[32m 0[2mms[22m[39m
[31m       [31m×[31m should delete comment with valid serviceId[39m[32m 0[2mms[22m[39m
[31m       [31m×[31m should not allow updating comment from different service[39m[32m 0[2mms[22m[39m
[31m       [31m×[31m should not allow deleting comment from different service[39m[32m 0[2mms[22m[39m
[31m       [31m×[31m should not allow customers to create comments[39m[32m 1[2mms[22m[39m
[31m       [31m×[31m should not allow vendors to edit comments[39m[32m 0[2mms[22m[39m
 [31m❯[39m src/app/api/orders/[id]/services/comments/__tests__/route-fixed.test.ts [2m([22m[2m3 tests[22m[2m | [22m[31m3 failed[39m[2m)[22m[32m 11[2mms[22m[39m
[31m     [31m×[31m should include all styling fields in comment response[39m[32m 8[2mms[22m[39m
[31m     [31m×[31m should handle updated comments with updatedByName field[39m[32m 1[2mms[22m[39m
[31m     [31m×[31m should handle users with no names gracefully[39m[32m 1[2mms[22m[39m
 [31m❯[39m src/lib/schemas/__tests__/service-fulfillment-status-casing.test.ts [2m([22m[2m12 tests[22m[2m | [22m[31m11 failed[39m[2m)[22m[32m 8[2mms[22m[39m
[31m       [31m×[31m should FAIL with lowercase constants - proves the bug exists[39m[32m 3[2mms[22m[39m
[31m       [31m×[31m should FAIL when order status constants are used[39m[32m 0[2mms[22m[39m
[31m       [31m×[31m should FAIL with lowercase status in update schema[39m[32m 1[2mms[22m[39m
[31m       [31m×[31m currently accepts Title Case status in update[39m[32m 0[2mms[22m[39m
[31m       [31m×[31m should FAIL when filtering by lowercase status[39m[32m 0[2mms[22m[39m
[31m       [31m×[31m currently accepts Title Case status in query[39m[32m 0[2mms[22m[39m
[31m       [31m×[31m all schemas should accept the same status values from constants[39m[32m 0[2mms[22m[39m
       [32m✓[39m schema uses hardcoded Title Case instead of imported constants[32m 0[2mms[22m[39m
[31m       [31m×[31m should handle missing_info vs Missing Information mismatch[39m[32m 0[2mms[22m[39m
[31m       [31m×[31m should handle cancelled_dnb vs Cancelled-DNB mismatch[39m[32m 0[2mms[22m[39m
[31m       [31m×[31m ServiceStatus type should match runtime values[39m[32m 0[2mms[22m[39m
[31m       [31m×[31m should show Title Case options in error when lowercase is provided[39m[32m 0[2mms[22m[39m
 [31m❯[39m src/lib/services/__tests__/service-audit.service.test.ts [2m([22m[2m17 tests[22m[2m | [22m[31m5 failed[39m[2m)[22m[32m 11[2mms[22m[39m
       [32m✓[39m should create an audit log entry for status change[32m 1[2mms[22m[39m
       [32m✓[39m should create an audit log entry for vendor assignment[32m 1[2mms[22m[39m
       [32m✓[39m should create an audit log entry for note updates[32m 0[2mms[22m[39m
       [32m✓[39m should handle long text values in oldValue and newValue[32m 0[2mms[22m[39m
       [32m✓[39m should handle database errors gracefully[32m 1[2mms[22m[39m
       [32m✓[39m should include optional notes field when provided[32m 1[2mms[22m[39m
[31m       [31m×[31m should create multiple audit logs for bulk vendor assignment[39m[32m 2[2mms[22m[39m
[31m       [31m×[31m should handle empty changes array[39m[32m 0[2mms[22m[39m
[31m       [31m×[31m should handle database errors in bulk operations[39m[32m 2[2mms[22m[39m
       [32m✓[39m should return audit history for a service[32m 0[2mms[22m[39m
       [32m✓[39m should return empty array for service with no history[32m 0[2mms[22m[39m
       [32m✓[39m should handle database errors when fetching history[32m 0[2mms[22m[39m
       [32m✓[39m should include all change types in history[32m 0[2mms[22m[39m
[31m       [31m×[31m should return all audit logs for an order[39m[32m 1[2mms[22m[39m
[31m       [31m×[31m should return audit statistics for a user[39m[32m 0[2mms[22m[39m
       [32m✓[39m should never allow modification of existing audit logs[32m 0[2mms[22m[39m
       [32m✓[39m should always include timestamp in audit logs[32m 0[2mms[22m[39m
 [31m❯[39m src/lib/schemas/vendorSchemas.test.ts [2m([22m[2m24 tests[22m[2m | [22m[31m5 failed[39m[2m)[22m[32m 8[2mms[22m[39m
         [32m✓[39m should pass with all required fields[32m 1[2mms[22m[39m
         [32m✓[39m should pass with optional fields included[32m 0[2mms[22m[39m
         [32m✓[39m should pass when set as primary vendor[32m 0[2mms[22m[39m
         [32m✓[39m should fail when name is empty[32m 0[2mms[22m[39m
         [32m✓[39m should fail when email is not valid[32m 0[2mms[22m[39m
         [32m✓[39m should fail when isActive is not a boolean[32m 0[2mms[22m[39m
       [32m✓[39m should not allow id field on creation[32m 0[2mms[22m[39m
       [32m✓[39m should require all mandatory fields for creation[32m 0[2mms[22m[39m
       [32m✓[39m should allow partial updates[32m 0[2mms[22m[39m
       [32m✓[39m should allow updating primary status[32m 0[2mms[22m[39m
       [32m✓[39m should validate email format if provided[32m 0[2mms[22m[39m
         [32m✓[39m should pass with vendor user type and vendorId[32m 0[2mms[22m[39m
         [32m✓[39m should pass with internal user type[32m 0[2mms[22m[39m
         [32m✓[39m should pass with customer user type and customerId[32m 0[2mms[22m[39m
         [32m✓[39m should fail when vendor user lacks vendorId[32m 0[2mms[22m[39m
         [32m✓[39m should fail when customer user lacks customerId[32m 0[2mms[22m[39m
         [32m✓[39m should fail with invalid user type[32m 0[2mms[22m[39m
         [32m✓[39m should fail when email is invalid[32m 0[2mms[22m[39m
         [32m✓[39m should fail when user has both vendorId and customerId[32m 0[2mms[22m[39m
[31m         [31m×[31m should pass with vendor assignment[39m[32m 2[2mms[22m[39m
[31m         [31m×[31m should pass with null vendorId for internal assignment[39m[32m 0[2mms[22m[39m
[31m         [31m×[31m should pass without optional notes[39m[32m 0[2mms[22m[39m
[31m         [31m×[31m should fail without orderId[39m[32m 0[2mms[22m[39m
[31m         [31m×[31m should fail with empty orderId[39m[32m 0[2mms[22m[39m
 [31m❯[39m src/lib/utils/__tests__/service-results-utils.test.ts [2m([22m[2m45 tests[22m[2m | [22m[31m2 failed[39m[2m)[22m[32m 9[2mms[22m[39m
       [32m✓[39m should return true for completed status[32m 1[2mms[22m[39m
       [32m✓[39m should return true for cancelled status[32m 0[2mms[22m[39m
       [32m✓[39m should return false for non-terminal statuses[32m 0[2mms[22m[39m
       [32m✓[39m should return false for invalid statuses[32m 0[2mms[22m[39m
         [32m✓[39m should allow edit with fulfillment.edit permission[32m 0[2mms[22m[39m
         [32m✓[39m should allow edit with fulfillment wildcard permission[32m 0[2mms[22m[39m
         [32m✓[39m should deny edit without fulfillment.edit permission[32m 0[2mms[22m[39m
         [32m✓[39m should allow edit with fulfillment.edit permission[32m 0[2mms[22m[39m
         [32m✓[39m should allow edit with fulfillment wildcard permission[32m 0[2mms[22m[39m
         [32m✓[39m should allow edit for assigned service[32m 0[2mms[22m[39m
         [32m✓[39m should deny edit for non-assigned service[32m 0[2mms[22m[39m
         [32m✓[39m should deny edit if service is not assigned to any vendor[32m 0[2mms[22m[39m
         [32m✓[39m should deny edit if vendor ID is missing[32m 0[2mms[22m[39m
         [32m✓[39m should always deny edit for customers[32m 0[2mms[22m[39m
         [32m✓[39m should allow view with fulfillment.view permission[32m 0[2mms[22m[39m
         [32m✓[39m should allow view with fulfillment.edit permission[32m 0[2mms[22m[39m
         [32m✓[39m should allow view with fulfillment wildcard permission[32m 0[2mms[22m[39m
         [32m✓[39m should deny view without fulfillment permissions[32m 0[2mms[22m[39m
         [32m✓[39m should allow view for assigned service[32m 0[2mms[22m[39m
         [32m✓[39m should deny view for non-assigned service[32m 0[2mms[22m[39m
         [32m✓[39m should deny view if service is not assigned[32m 0[2mms[22m[39m
         [32m✓[39m should allow view for own orders[32m 0[2mms[22m[39m
         [32m✓[39m should deny view for other customer orders[32m 0[2mms[22m[39m
         [32m✓[39m should deny view if customer ID is missing[32m 0[2mms[22m[39m
         [32m✓[39m should deny view if order customer ID is missing[32m 0[2mms[22m[39m
       [32m✓[39m should remove path traversal attempts[32m 0[2mms[22m[39m
       [32m✓[39m should replace slashes with underscores[32m 0[2mms[22m[39m
       [32m✓[39m should remove special characters[32m 0[2mms[22m[39m
       [32m✓[39m should preserve allowed characters[32m 0[2mms[22m[39m
       [32m✓[39m should truncate long filenames[32m 0[2mms[22m[39m
       [32m✓[39m should handle files without extensions[32m 0[2mms[22m[39m
[31m       [31m×[31m should generate path with correct structure[39m[32m 2[2mms[22m[39m
       [32m✓[39m should generate unique paths for same inputs[32m 0[2mms[22m[39m
[31m       [31m×[31m should sanitize filename in path[39m[32m 0[2mms[22m[39m
       [32m✓[39m should format bytes correctly[32m 0[2mms[22m[39m
       [32m✓[39m should format KB correctly[32m 0[2mms[22m[39m
       [32m✓[39m should format MB correctly[32m 0[2mms[22m[39m
       [32m✓[39m should format GB correctly[32m 0[2mms[22m[39m
       [32m✓[39m should accept valid PDF files[32m 0[2mms[22m[39m
       [32m✓[39m should accept PDF at maximum size[32m 0[2mms[22m[39m
       [32m✓[39m should reject non-PDF files[32m 0[2mms[22m[39m
       [32m✓[39m should reject files over 5MB[32m 0[2mms[22m[39m
       [32m✓[39m should reject empty files[32m 0[2mms[22m[39m
       [32m✓[39m should reject Word documents[32m 0[2mms[22m[39m
       [32m✓[39m should reject text files[32m 0[2mms[22m[39m
 [31m❯[39m src/lib/utils/__tests__/terminal-status-casing.test.ts [2m([22m[2m11 tests[22m[2m | [22m[31m8 failed[39m[2m)[22m[32m 7[2mms[22m[39m
[31m       [31m×[31m service-fulfillment isTerminalStatus FAILS with lowercase - proves bug exists[39m[32m 3[2mms[22m[39m
[31m       [31m×[31m service-results isTerminalStatus PASSES with lowercase - correct implementation[39m[32m 0[2mms[22m[39m
       [32m✓[39m serviceStatusSchemas isTerminalStatus has inconsistent behavior[32m 0[2mms[22m[39m
[31m       [31m×[31m different files have different terminal status logic[39m[32m 0[2mms[22m[39m
[31m       [31m×[31m shows that service-results.ts has the correct implementation[39m[32m 0[2mms[22m[39m
       [32m✓[39m all implementations correctly identify non-terminal statuses[32m 0[2mms[22m[39m
[31m       [31m×[31m handles underscore vs hyphen in cancelled_dnb[39m[32m 0[2mms[22m[39m
       [32m✓[39m handles null and undefined inputs[32m 0[2mms[22m[39m
[31m       [31m×[31m terminal status check affects ability to change status[39m[32m 0[2mms[22m[39m
[31m       [31m×[31m affects service reopening logic[39m[32m 0[2mms[22m[39m
[31m       [31m×[31m should handle order statuses the same as service statuses[39m[32m 0[2mms[22m[39m
 [31m❯[39m src/app/portal/orders/new/__tests__/NewOrderPage.test.tsx [2m([22m[2m6 tests[22m[2m | [22m[31m6 failed[39m[2m)[22m[32m 6[2mms[22m[39m
[31m       [31m×[31m MUST FAIL: proves console.log statements exist in handleNext function[39m[32m 3[2mms[22m[39m
[31m       [31m×[31m MUST FAIL: proves console.error statements exist for clientLogger debugging[39m[32m 1[2mms[22m[39m
[31m       [31m×[31m should use Winston logger instead of console statements[39m[32m 0[2mms[22m[39m
[31m       [31m×[31m should handle clientLogger errors without console statements[39m[32m 0[2mms[22m[39m
[31m       [31m×[31m should not contain any console.* statements in production code[39m[32m 1[2mms[22m[39m
[31m       [31m×[31m should follow structured logging pattern for all log events[39m[32m 0[2mms[22m[39m
 [31m❯[39m src/services/__tests__/service-comment-service-id-bug.test.ts [2m([22m[2m5 tests[22m[2m | [22m[31m3 failed[39m[2m)[22m[32m 7[2mms[22m[39m
[31m       [31m×[31m should read status from orderItem.status, NOT from service.status[39m[32m 2[2mms[22m[39m
[31m       [31m×[31m should key comments by ServicesFulfillment.id for UI lookup[39m[32m 0[2mms[22m[39m
[31m       [31m×[31m should handle missing orderItem gracefully[39m[32m 3[2mms[22m[39m
       [32m✓[39m should filter internal comments for customer role[32m 1[2mms[22m[39m
       [32m✓[39m should show all comments for internal role[32m 0[2mms[22m[39m
 [31m❯[39m src/components/services/__tests__/ServiceCommentSection-id-fix.test.tsx [2m([22m[2m5 tests[22m[2m | [22m[31m5 failed[39m[2m)[22m[32m 6[2mms[22m[39m
[31m       [31m×[31m should use serviceFulfillmentId for API calls when in order mode[39m[32m 2[2mms[22m[39m
[31m       [31m×[31m should use serviceId directly when NOT in order mode[39m[32m 0[2mms[22m[39m
[31m       [31m×[31m should handle update with correct ID in order mode[39m[32m 2[2mms[22m[39m
[31m       [31m×[31m should handle delete with correct ID in order mode[39m[32m 0[2mms[22m[39m
[31m       [31m×[31m should NEVER pass null as serviceId to CRUD operations[39m[32m 0[2mms[22m[39m
 [31m❯[39m src/components/services/__tests__/ServiceCommentSection-null-serviceId-bug.test.tsx [2m([22m[2m7 tests[22m[2m | [22m[31m7 failed[39m[2m)[22m[32m 4[2mms[22m[39m
[31m       [31m×[31m should demonstrate the bug: creating comment in order mode fails with null serviceId[39m[32m 2[2mms[22m[39m
[31m       [31m×[31m should demonstrate correct behavior in single service mode (no bug)[39m[32m 0[2mms[22m[39m
[31m       [31m×[31m should pass serviceId to CRUD operations in order mode[39m[32m 0[2mms[22m[39m
[31m       [31m×[31m should correctly filter comments by service in order mode[39m[32m 0[2mms[22m[39m
[31m       [31m×[31m should filter internal comments for customer users[39m[32m 0[2mms[22m[39m
[31m       [31m×[31m should display error message when comment creation fails[39m[32m 0[2mms[22m[39m
[31m       [31m×[31m should handle API errors gracefully[39m[32m 0[2mms[22m[39m
 [31m❯[39m src/__tests__/integration/services/comments/bulk-get-comments-fixed.test.ts [2m([22m[2m5 tests[22m[2m | [22m[31m5 failed[39m[2m)[22m[32m 4[2mms[22m[39m
[31m       [31m×[31m should fetch comments through orderItem.comments relationship[39m[32m 2[2mms[22m[39m
[31m       [31m×[31m should include status change fields in comments[39m[32m 0[2mms[22m[39m
[31m       [31m×[31m should filter internal comments for customer users with new structure[39m[32m 0[2mms[22m[39m
[31m       [31m×[31m should handle services without orderItem gracefully[39m[32m 0[2mms[22m[39m
[31m       [31m×[31m should transform comment data for API response with all required fields[39m[32m 0[2mms[22m[39m
 [31m❯[39m src/__tests__/integration/services/comments/bulk-get-comments.test.ts [2m([22m[2m10 tests[22m[2m | [22m[31m10 failed[39m[2m)[22m[32m 6[2mms[22m[39m
[31m       [31m×[31m should return all comments for all services for internal users[39m[32m 3[2mms[22m[39m
[31m       [31m×[31m should filter internal comments for customer users[39m[32m 0[2mms[22m[39m
[31m       [31m×[31m should return all comments for vendor users[39m[32m 0[2mms[22m[39m
[31m       [31m×[31m should return empty object when order has no services[39m[32m 0[2mms[22m[39m
[31m       [31m×[31m should handle services with no comments[39m[32m 0[2mms[22m[39m
[31m       [31m×[31m should handle mixed scenario - some services with comments, some without[39m[32m 0[2mms[22m[39m
[31m       [31m×[31m should sort comments newest first within each service[39m[32m 0[2mms[22m[39m
[31m       [31m×[31m should include service details in response[39m[32m 0[2mms[22m[39m
[31m       [31m×[31m should include comment details with template and user info[39m[32m 0[2mms[22m[39m
[31m       [31m×[31m should use service ID as key in result object[39m[32m 0[2mms[22m[39m
 [32m✓[39m src/components/fulfillment/__tests__/ServiceFulfillmentTable.test.tsx [2m([22m[2m48 tests[22m[2m | [22m[33m2 skipped[39m[2m)[22m[33m 1094[2mms[22m[39m
 [32m✓[39m src/components/services/__tests__/CommentCreateModal-full-editing.test.tsx [2m([22m[2m21 tests[22m[2m)[22m[33m 1180[2mms[22m[39m
 [32m✓[39m src/__tests__/hooks/useLocationForm.test.ts [2m([22m[2m25 tests[22m[2m)[22m[33m 876[2mms[22m[39m
 [32m✓[39m src/hooks/useCommentTemplates.test.ts [2m([22m[2m19 tests[22m[2m)[22m[33m 975[2mms[22m[39m
 [32m✓[39m src/__tests__/auth.test.ts [2m([22m[2m27 tests[22m[2m)[22m[33m 637[2mms[22m[39m
 [32m✓[39m src/components/modules/user-admin/__tests__/user-form.test.tsx [2m([22m[2m17 tests[22m[2m)[22m[33m 780[2mms[22m[39m
 [32m✓[39m src/__tests__/hooks/useCustomerConfig.test.ts [2m([22m[2m19 tests[22m[2m)[22m[33m 406[2mms[22m[39m
 [32m✓[39m src/components/fulfillment/__tests__/ServiceFulfillmentTable.requirements.test.tsx [2m([22m[2m16 tests[22m[2m)[22m[33m 597[2mms[22m[39m
 [32m✓[39m src/hooks/__tests__/useServiceComments-null-serviceId-bug.test.ts [2m([22m[2m9 tests[22m[2m)[22m[33m 391[2mms[22m[39m
 [32m✓[39m src/__tests__/customer-configs-page.test.tsx [2m([22m[2m16 tests[22m[2m)[22m[33m 400[2mms[22m[39m
 [32m✓[39m src/components/portal/orders/hooks/__tests__/useOrderFormState.test.ts [2m([22m[2m9 tests[22m[2m)[22m[33m 339[2mms[22m[39m
 [32m✓[39m src/__tests__/hooks/useDataRxTab.test.ts [2m([22m[2m23 tests[22m[2m)[22m[32m 245[2mms[22m[39m
 [32m✓[39m src/components/modules/user-admin/__tests__/comment-management.test.tsx [2m([22m[2m10 tests[22m[2m)[22m[33m 365[2mms[22m[39m
 [32m✓[39m src/components/fulfillment/OrderDetailsSidebar.test.tsx [2m([22m[2m24 tests[22m[2m)[22m[32m 163[2mms[22m[39m
 [32m✓[39m src/components/portal/orders/steps/__tests__/DocumentsReviewStep.test.tsx [2m([22m[2m17 tests[22m[2m)[22m[32m 87[2mms[22m[39m
 [32m✓[39m src/hooks/__tests__/useServiceComments-deprecation-fix.test.ts [2m([22m[2m8 tests[22m[2m)[22m[32m 171[2mms[22m[39m
 [32m✓[39m src/components/orders/__tests__/ServiceStatusList.test.tsx [2m([22m[2m27 tests[22m[2m)[22m[32m 100[2mms[22m[39m
 [32m✓[39m src/app/fulfillment/__tests__/page.test.tsx [2m([22m[2m8 tests[22m[2m)[22m[32m 209[2mms[22m[39m
 [32m✓[39m src/components/fulfillment/__tests__/ServiceFulfillmentTable.status-format.test.tsx [2m([22m[2m12 tests[22m[2m)[22m[32m 205[2mms[22m[39m
 [32m✓[39m src/components/fulfillment/OrderStatusDropdown.test.tsx [2m([22m[2m26 tests[22m[2m)[22m[32m 136[2mms[22m[39m
 [32m✓[39m src/hooks/useVendorManagement.test.ts [2m([22m[2m17 tests[22m[2m)[22m[32m 143[2mms[22m[39m
[90mstdout[2m | src/app/api/services/[id]/attachments/__tests__/route.test.ts[2m > [22m[2mPOST /api/services/[id]/attachments[2m > [22m[2mauthorization - internal users[2m > [22m[2mshould allow internal users with fulfillment.edit permission to upload
[22m[39mNo logger.error calls were made

 [32m✓[39m src/app/api/services/[id]/attachments/__tests__/route.test.ts [2m([22m[2m25 tests[22m[2m)[22m[32m 112[2mms[22m[39m
 [32m✓[39m src/components/fulfillment/OrderDetailsView.test.tsx [2m([22m[2m6 tests[22m[2m)[22m[32m 126[2mms[22m[39m
 [32m✓[39m src/components/services/__tests__/ServiceResultsSection-fulfillment-id-standardization.test.tsx [2m([22m[2m14 tests[22m[2m)[22m[32m 92[2mms[22m[39m
 [32m✓[39m src/app/api/fulfillment/services/[id]/__tests__/orderData.test.ts [2m([22m[2m17 tests[22m[2m)[22m[32m 113[2mms[22m[39m
 [32m✓[39m src/components/portal/orders/__tests__/DocumentTemplateButton.test.tsx [2m([22m[2m19 tests[22m[2m)[22m[32m 66[2mms[22m[39m
 [32m✓[39m src/app/portal/orders/__tests__/page.test.tsx [2m([22m[2m9 tests[22m[2m)[22m[32m 83[2mms[22m[39m
 [32m✓[39m src/components/layout/ViewToggle.test.tsx [2m([22m[2m10 tests[22m[2m)[22m[32m 54[2mms[22m[39m
 [32m✓[39m src/components/layout/__tests__/client-nav-permissions.test.tsx [2m([22m[2m6 tests[22m[2m)[22m[32m 18[2mms[22m[39m
 [32m✓[39m src/components/services/__tests__/CommentCreateModal.fixed.test.tsx [2m([22m[2m4 tests[22m[2m)[22m[32m 38[2mms[22m[39m
 [32m✓[39m src/components/services/__tests__/ServiceCommentSection-fulfillment-id-standardization.test.tsx [2m([22m[2m15 tests[22m[2m | [22m[33m7 skipped[39m[2m)[22m[32m 44[2mms[22m[39m
 [32m✓[39m src/components/services/__tests__/ServiceRequirementsDisplay.test.tsx [2m([22m[2m22 tests[22m[2m)[22m[32m 42[2mms[22m[39m
 [32m✓[39m src/components/__tests__/address-block-input.test.tsx [2m([22m[2m8 tests[22m[2m)[22m[32m 32[2mms[22m[39m
 [32m✓[39m src/app/api/vendors/__tests__/route.test.ts [2m([22m[2m15 tests[22m[2m)[22m[32m 12[2mms[22m[39m
 [32m✓[39m src/components/dynamic-field-input.test.tsx [2m([22m[2m11 tests[22m[2m)[22m[32m 26[2mms[22m[39m
 [32m✓[39m src/hooks/__tests__/useDocumentTemplate.test.ts [2m([22m[2m13 tests[22m[2m)[22m[32m 17[2mms[22m[39m
 [32m✓[39m src/__tests__/order-form-hooks.test.ts [2m([22m[2m18 tests[22m[2m)[22m[32m 17[2mms[22m[39m
 [32m✓[39m src/__tests__/hooks/useRequirementsTable.test.ts [2m([22m[2m22 tests[22m[2m)[22m[32m 21[2mms[22m[39m
 [32m✓[39m src/__tests__/integration/fulfillment-id-standardization.integration.test.ts [2m([22m[2m6 tests[22m[2m)[22m[32m 12[2mms[22m[39m
 [32m✓[39m src/app/api/fulfillment/orders/[id]/__tests__/customer-view-only.test.ts [2m([22m[2m15 tests[22m[2m)[22m[32m 10[2mms[22m[39m
 [32m✓[39m src/app/api/fulfillment/services/__tests__/route.test.ts [2m([22m[2m23 tests[22m[2m)[22m[32m 11[2mms[22m[39m
 [32m✓[39m src/app/api/fulfillment/services/[id]/__tests__/route-order-data.test.ts [2m([22m[2m15 tests[22m[2m)[22m[32m 13[2mms[22m[39m
 [32m✓[39m src/app/api/services/[id]/results/__tests__/fulfillment-id-standardization.test.ts [2m([22m[2m11 tests[22m[2m)[22m[32m 10[2mms[22m[39m
 [32m✓[39m src/app/api/fulfillment/services/bulk-assign/__tests__/route.test.ts [2m([22m[2m23 tests[22m[2m)[22m[32m 12[2mms[22m[39m
 [32m✓[39m src/hooks/__tests__/useServiceComments-admin-bug.test.ts [2m([22m[2m7 tests[22m[2m)[22m[32m 14[2mms[22m[39m
 [32m✓[39m src/app/api/services/[id]/attachments/__tests__/fulfillment-id-standardization.test.ts [2m([22m[2m13 tests[22m[2m)[22m[32m 10[2mms[22m[39m
 [32m✓[39m src/app/api/users/[id]/__tests__/route.test.ts [2m([22m[2m17 tests[22m[2m)[22m[32m 11[2mms[22m[39m
 [32m✓[39m src/app/api/users/__tests__/route.test.ts [2m([22m[2m16 tests[22m[2m)[22m[32m 9[2mms[22m[39m
 [32m✓[39m src/__tests__/404-error-handling/missing-services-fulfillment.test.ts [2m([22m[2m14 tests[22m[2m)[22m[32m 12[2mms[22m[39m
 [32m✓[39m src/app/api/services/[id]/status/__tests__/fulfillment-id-standardization.test.ts [2m([22m[2m10 tests[22m[2m)[22m[32m 9[2mms[22m[39m
 [32m✓[39m src/app/api/fulfillment/orders/[id]/status/__tests__/route-enhanced.test.ts [2m([22m[2m18 tests[22m[2m | [22m[33m3 skipped[39m[2m)[22m[32m 10[2mms[22m[39m
 [32m✓[39m src/app/api/comment-templates/[id]/__tests__/route.test.ts [2m([22m[2m15 tests[22m[2m)[22m[32m 10[2mms[22m[39m
 [32m✓[39m src/app/api/fulfillment/orders/[id]/status/__tests__/route.test.ts [2m([22m[2m14 tests[22m[2m)[22m[32m 13[2mms[22m[39m
 [32m✓[39m src/app/api/orders/[id]/lock/__tests__/route.test.ts [2m([22m[2m18 tests[22m[2m)[22m[32m 9[2mms[22m[39m
 [32m✓[39m src/app/api/data-rx/documents/__tests__/route.test.ts [2m([22m[2m27 tests[22m[2m)[22m[32m 10[2mms[22m[39m
 [32m✓[39m src/app/api/services/[id]/comments/__tests__/fulfillment-id-standardization.test.ts [2m([22m[2m11 tests[22m[2m)[22m[32m 10[2mms[22m[39m
 [32m✓[39m src/lib/services/order-lock.service.test.ts [2m([22m[2m23 tests[22m[2m)[22m[32m 9[2mms[22m[39m
 [32m✓[39m src/app/api/fulfillment/services/[id]/history/__tests__/route.test.ts [2m([22m[2m17 tests[22m[2m)[22m[32m 9[2mms[22m[39m
 [32m✓[39m src/app/api/dsx/associate-requirements/__tests__/route.test.ts [2m([22m[2m12 tests[22m[2m)[22m[32m 9[2mms[22m[39m
 [32m✓[39m src/app/api/fulfillment/orders/[id]/__tests__/vendor-email-field.test.ts [2m([22m[2m8 tests[22m[2m)[22m[32m 8[2mms[22m[39m
 [32m✓[39m src/app/api/portal/documents/[id]/download-template/__tests__/route.test.ts [2m([22m[2m18 tests[22m[2m)[22m[32m 9[2mms[22m[39m
 [32m✓[39m src/app/api/comment-templates/__tests__/create-template-usertype-bug.test.ts [2m([22m[2m9 tests[22m[2m)[22m[32m 8[2mms[22m[39m
 [32m✓[39m src/app/api/dsx/__tests__/dsx-required-fields.test.ts [2m([22m[2m9 tests[22m[2m)[22m[32m 8[2mms[22m[39m
 [32m✓[39m src/app/api/dsx/toggle-required/__tests__/route.test.ts [2m([22m[2m12 tests[22m[2m)[22m[32m 8[2mms[22m[39m
 [32m✓[39m src/app/api/dsx/remove-requirement/__tests__/route.test.ts [2m([22m[2m16 tests[22m[2m)[22m[32m 8[2mms[22m[39m
 [32m✓[39m src/app/api/portal/orders/requirements/route.test.ts [2m([22m[2m17 tests[22m[2m)[22m[32m 7[2mms[22m[39m
 [32m✓[39m src/lib/schemas/serviceStatusSchemas.test.ts [2m([22m[2m21 tests[22m[2m)[22m[32m 6[2mms[22m[39m
 [32m✓[39m src/lib/schemas/__tests__/serviceCommentSchemas-deprecation-bug.test.ts [2m([22m[2m9 tests[22m[2m)[22m[32m 7[2mms[22m[39m
 [32m✓[39m src/app/api/fulfillment/__tests__/internal-users-unassigned-orders.test.ts [2m([22m[2m7 tests[22m[2m)[22m[32m 7[2mms[22m[39m
 [32m✓[39m src/lib/validations/service-comment.test.ts [2m([22m[2m23 tests[22m[2m)[22m[32m 6[2mms[22m[39m
 [32m✓[39m src/types/__tests__/service-fulfillment-status-regression.test.ts [2m([22m[2m18 tests[22m[2m)[22m[32m 4[2mms[22m[39m
 [32m✓[39m src/lib/schemas/__tests__/service-order-data.schemas.test.ts [2m([22m[2m12 tests[22m[2m)[22m[32m 4[2mms[22m[39m
 [32m✓[39m src/lib/schemas/__tests__/serviceCommentSchemas-full-editing.test.ts [2m([22m[2m28 tests[22m[2m)[22m[32m 5[2mms[22m[39m
 [32m✓[39m src/lib/schemas/__tests__/serviceCommentSchemas.test.ts [2m([22m[2m32 tests[22m[2m)[22m[32m 7[2mms[22m[39m
 [32m✓[39m src/app/api/vendors/__tests__/usertype-bug.test.ts [2m([22m[2m8 tests[22m[2m)[22m[32m 8[2mms[22m[39m
 [32m✓[39m src/lib/schemas/__tests__/orderStatusSchemas.test.ts [2m([22m[2m22 tests[22m[2m)[22m[32m 5[2mms[22m[39m
 [32m✓[39m src/types/__tests__/service-status-display.test.ts [2m([22m[2m18 tests[22m[2m)[22m[32m 6[2mms[22m[39m
 [32m✓[39m src/lib/utils/documentTemplateUtils.test.ts [2m([22m[2m33 tests[22m[2m)[22m[32m 4[2mms[22m[39m
 [32m✓[39m src/lib/services/__tests__/order-core-service-fulfillment.test.ts [2m([22m[2m9 tests[22m[2m)[22m[32m 7[2mms[22m[39m
 [32m✓[39m src/__tests__/integration/services/comments/update-comment.test.ts [2m([22m[2m18 tests[22m[2m)[22m[32m 6[2mms[22m[39m
 [32m✓[39m src/lib/validations/service-comment-full-editing.test.ts [2m([22m[2m32 tests[22m[2m)[22m[32m 5[2mms[22m[39m
 [32m✓[39m src/lib/services/__tests__/service-order-data.service.test.ts [2m([22m[2m38 tests[22m[2m | [22m[33m3 skipped[39m[2m)[22m[32m 5[2mms[22m[39m
 [32m✓[39m src/__tests__/order-form.test.ts [2m([22m[2m28 tests[22m[2m)[22m[32m 5[2mms[22m[39m
 [32m✓[39m src/lib/schemas/__tests__/serviceResultsSchemas.test.ts [2m([22m[2m24 tests[22m[2m)[22m[32m 4[2mms[22m[39m
 [32m✓[39m src/lib/schemas/documentTemplateSchemas.test.ts [2m([22m[2m20 tests[22m[2m)[22m[32m 5[2mms[22m[39m
 [32m✓[39m src/lib/vendorUtils.test.ts [2m([22m[2m33 tests[22m[2m)[22m[32m 4[2mms[22m[39m
 [32m✓[39m src/lib/__tests__/status-utils.test.ts [2m([22m[2m17 tests[22m[2m)[22m[32m 3[2mms[22m[39m
 [32m✓[39m src/lib/schemas/commentTemplateSchemas.test.ts [2m([22m[2m20 tests[22m[2m)[22m[32m 4[2mms[22m[39m
 [32m✓[39m src/lib/services/__tests__/order-status-progression.service.test.ts [2m([22m[2m14 tests[22m[2m | [22m[33m2 skipped[39m[2m)[22m[32m 5[2mms[22m[39m
 [32m✓[39m src/lib/services/__tests__/order-core-service-sorting-simple.test.ts [2m([22m[2m3 tests[22m[2m)[22m[32m 3[2mms[22m[39m
 [32m✓[39m src/__tests__/permission-utils.test.ts [2m([22m[2m21 tests[22m[2m)[22m[32m 3[2mms[22m[39m
 [32m✓[39m src/lib/utils/__tests__/customer-order-permissions.test.ts [2m([22m[2m28 tests[22m[2m)[22m[32m 4[2mms[22m[39m
 [32m✓[39m src/__tests__/fulfillment-id-standardization-suite.test.ts [2m([22m[2m13 tests[22m[2m)[22m[32m 3[2mms[22m[39m
 [32m✓[39m src/services/__tests__/service-comment-missing-fulfillment-bug.test.ts [2m([22m[2m5 tests[22m[2m)[22m[32m 3[2mms[22m[39m
 [32m✓[39m src/lib/services/__tests__/service-fulfillment-case-sensitivity.test.ts [2m([22m[2m4 tests[22m[2m)[22m[32m 3[2mms[22m[39m
 [32m✓[39m src/lib/schemas/__tests__/comment-management-permission.test.ts [2m([22m[2m11 tests[22m[2m)[22m[32m 2[2mms[22m[39m
[90mstdout[2m | src/types/__tests__/status-casing-verify.test.ts[2m > [22m[2mVERIFY: Current schema behavior[2m > [22m[2mshow what the schema actually accepts
[22m[39mLowercase "submitted": [33mtrue[39m
Title Case "Submitted": [33mfalse[39m
isTerminalStatus("completed"): [33mtrue[39m
isTerminalStatus("Completed"): [33mfalse[39m

 [32m✓[39m src/types/__tests__/status-casing-verify.test.ts [2m([22m[2m1 test[22m[2m)[22m[32m 2[2mms[22m[39m
 [2m[90m↓[39m[22m src/__tests__/hooks/useRequirementsDataTable.test.ts [2m([22m[2m22 tests[22m[2m | [22m[33m22 skipped[39m[2m)[22m
 [2m[90m↓[39m[22m src/components/services/__tests__/CommentCreateModal.undefined.test.tsx [2m([22m[2m2 tests[22m[2m | [22m[33m2 skipped[39m[2m)[22m

[31m⎯⎯⎯⎯⎯⎯[39m[1m[41m Failed Tests 377 [49m[22m[31m⎯⎯⎯⎯⎯⎯[39m

[41m[1m FAIL [22m[49m src/contexts/ViewContext.test.tsx[2m > [22mViewContext[2m > [22mfor internal users with config permissions[2m > [22mshould default to config view and allow toggling
[31m[1mError[22m: [2mexpect([22m[31melement[31m[2m).toHaveTextContent()[22m

Expected element to have text content:
[32m  config[31m
Received:
[31m  orders[31m[39m
[36m [2m❯[22m src/contexts/ViewContext.test.tsx:[2m50:50[22m[39m
    [90m 48| [39m      )[33m;[39m
    [90m 49| [39m
    [90m 50| [39m      expect(screen.getByTestId('current-view')).toHaveTextContent('co…
    [90m   | [39m                                                 [31m^[39m
    [90m 51| [39m      expect(screen.getByTestId('can-toggle')).toHaveTextContent('yes'…
    [90m 52| [39m    })[33m;[39m

[31m[2m⎯⎯⎯⎯⎯⎯⎯⎯⎯⎯⎯⎯⎯⎯⎯⎯⎯⎯⎯⎯⎯⎯[1/377]⎯[22m[39m

[41m[1m FAIL [22m[49m src/contexts/ViewContext.test.tsx[2m > [22mViewContext[2m > [22mfor internal users with config permissions[2m > [22mshould allow switching between views
[31m[1mError[22m: [2mexpect([22m[31melement[31m[2m).toHaveTextContent()[22m

Expected element to have text content:
[32m  config[31m
Received:
[31m  orders[31m[39m
[36m [2m❯[22m src/contexts/ViewContext.test.tsx:[2m76:50[22m[39m
    [90m 74| [39m
    [90m 75| [39m      [90m// Should start in config view[39m
    [90m 76| [39m      expect(screen.getByTestId('current-view')).toHaveTextContent('co…
    [90m   | [39m                                                 [31m^[39m
    [90m 77| [39m
    [90m 78| [39m      [90m// Switch to orders view[39m

[31m[2m⎯⎯⎯⎯⎯⎯⎯⎯⎯⎯⎯⎯⎯⎯⎯⎯⎯⎯⎯⎯⎯⎯[2/377]⎯[22m[39m

[41m[1m FAIL [22m[49m src/contexts/ViewContext.test.tsx[2m > [22mViewContext[2m > [22mpermission checks[2m > [22mshould check for global_config permission
[31m[1mError[22m: [2mexpect([22m[31melement[31m[2m).toHaveTextContent()[22m

Expected element to have text content:
[32m  yes[31m
Received:
[31m  no[31m[39m
[36m [2m❯[22m src/contexts/ViewContext.test.tsx:[2m260:48[22m[39m
    [90m258| [39m      )[33m;[39m
    [90m259| [39m
    [90m260| [39m      expect(screen.getByTestId('can-toggle')).toHaveTextContent('yes'…
    [90m   | [39m                                               [31m^[39m
    [90m261| [39m    })[33m;[39m
    [90m262| [39m

[31m[2m⎯⎯⎯⎯⎯⎯⎯⎯⎯⎯⎯⎯⎯⎯⎯⎯⎯⎯⎯⎯⎯⎯[3/377]⎯[22m[39m

[41m[1m FAIL [22m[49m src/contexts/ViewContext.test.tsx[2m > [22mViewContext[2m > [22mpermission checks[2m > [22mshould check for customer_config permission
[31m[1mError[22m: [2mexpect([22m[31melement[31m[2m).toHaveTextContent()[22m

Expected element to have text content:
[32m  yes[31m
Received:
[31m  no[31m[39m
[36m [2m❯[22m src/contexts/ViewContext.test.tsx:[2m282:48[22m[39m
    [90m280| [39m      )[33m;[39m
    [90m281| [39m
    [90m282| [39m      expect(screen.getByTestId('can-toggle')).toHaveTextContent('yes'…
    [90m   | [39m                                               [31m^[39m
    [90m283| [39m    })[33m;[39m
    [90m284| [39m

[31m[2m⎯⎯⎯⎯⎯⎯⎯⎯⎯⎯⎯⎯⎯⎯⎯⎯⎯⎯⎯⎯⎯⎯[4/377]⎯[22m[39m

[41m[1m FAIL [22m[49m src/contexts/ViewContext.test.tsx[2m > [22mViewContext[2m > [22mpermission checks[2m > [22mshould check for user_admin permission
[31m[1mError[22m: [2mexpect([22m[31melement[31m[2m).toHaveTextContent()[22m

Expected element to have text content:
[32m  yes[31m
Received:
[31m  no[31m[39m
[36m [2m❯[22m src/contexts/ViewContext.test.tsx:[2m304:48[22m[39m
    [90m302| [39m      )[33m;[39m
    [90m303| [39m
    [90m304| [39m      expect(screen.getByTestId('can-toggle')).toHaveTextContent('yes'…
    [90m   | [39m                                               [31m^[39m
    [90m305| [39m    })[33m;[39m
    [90m306| [39m

[31m[2m⎯⎯⎯⎯⎯⎯⎯⎯⎯⎯⎯⎯⎯⎯⎯⎯⎯⎯⎯⎯⎯⎯[5/377]⎯[22m[39m

[41m[1m FAIL [22m[49m src/contexts/ViewContext.test.tsx[2m > [22mViewContext[2m > [22mpermission checks[2m > [22mshould require candidate_workflow for orders view
[31m[1mError[22m: [2mexpect([22m[31melement[31m[2m).toHaveTextContent()[22m

Expected element to have text content:
[32m  config[31m
Received:
[31m  orders[31m[39m
[36m [2m❯[22m src/contexts/ViewContext.test.tsx:[2m327:50[22m[39m
    [90m325| [39m
    [90m326| [39m      [90m// Should still allow config view but not toggle to orders[39m
    [90m327| [39m      expect(screen.getByTestId('current-view')).toHaveTextContent('co…
    [90m   | [39m                                                 [31m^[39m
    [90m328| [39m      [34mexpect[39m(screen[33m.[39m[34mgetByTestId[39m([32m'can-toggle'[39m))[33m.[39m[34mtoHaveTextContent[39m([32m'no'[39m)[33m;[39m
    [90m329| [39m    })[33m;[39m

[31m[2m⎯⎯⎯⎯⎯⎯⎯⎯⎯⎯⎯⎯⎯⎯⎯⎯⎯⎯⎯⎯⎯⎯[6/377]⎯[22m[39m

[41m[1m FAIL [22m[49m src/__tests__/order-services-refactor.test.ts[2m > [22mOrder Services Refactor - TDD Tests[2m > [22mOrderValidationService[2m > [22mvalidateOrderRequirements[2m > [22mshould save as draft when validation fails
[31m[1mTypeError[22m: Cannot read properties of undefined (reading 'create')[39m
[36m [2m❯[22m src/lib/services/order-core.service.ts:[2m475:38[22m[39m
    [90m473| [39m        // This must happen in the same transaction to prevent orphane…
    [90m474| [39m        // that would cause cascading ID mismatch bugs in the fulfillm…
    [90m475| [39m        [35mawait[39m tx[33m.[39mservicesFulfillment[33m.[39m[34mcreate[39m({
    [90m   | [39m                                     [31m^[39m
    [90m476| [39m          data[33m:[39m {
    [90m477| [39m            orderId[33m:[39m order[33m.[39mid[33m,[39m

[31m[2m⎯⎯⎯⎯⎯⎯⎯⎯⎯⎯⎯⎯⎯⎯⎯⎯⎯⎯⎯⎯⎯⎯[7/377]⎯[22m[39m

[41m[1m FAIL [22m[49m src/__tests__/order-services-refactor.test.ts[2m > [22mOrder Services Refactor - TDD Tests[2m > [22mOrderStateTransitions[2m > [22mStatus transition rules[2m > [22mshould allow transition from draft to submitted
[41m[1m FAIL [22m[49m src/__tests__/order-services-refactor.test.ts[2m > [22mOrder Services Refactor - TDD Tests[2m > [22mOrderStateTransitions[2m > [22mStatus transition rules[2m > [22mshould allow transition from draft to cancelled
[41m[1m FAIL [22m[49m src/__tests__/order-services-refactor.test.ts[2m > [22mOrder Services Refactor - TDD Tests[2m > [22mOrderStateTransitions[2m > [22mStatus transition rules[2m > [22mshould allow transition from submitted to processing
[41m[1m FAIL [22m[49m src/__tests__/order-services-refactor.test.ts[2m > [22mOrder Services Refactor - TDD Tests[2m > [22mOrderStateTransitions[2m > [22mStatus transition rules[2m > [22mshould allow transition from submitted to more_info_needed
[41m[1m FAIL [22m[49m src/__tests__/order-services-refactor.test.ts[2m > [22mOrder Services Refactor - TDD Tests[2m > [22mOrderStateTransitions[2m > [22mStatus transition rules[2m > [22mshould allow transition from submitted to cancelled
[41m[1m FAIL [22m[49m src/__tests__/order-services-refactor.test.ts[2m > [22mOrder Services Refactor - TDD Tests[2m > [22mOrderStateTransitions[2m > [22mStatus transition rules[2m > [22mshould allow transition from processing to completed
[41m[1m FAIL [22m[49m src/__tests__/order-services-refactor.test.ts[2m > [22mOrder Services Refactor - TDD Tests[2m > [22mOrderStateTransitions[2m > [22mStatus transition rules[2m > [22mshould allow transition from processing to more_info_needed
[41m[1m FAIL [22m[49m src/__tests__/order-services-refactor.test.ts[2m > [22mOrder Services Refactor - TDD Tests[2m > [22mOrderStateTransitions[2m > [22mStatus transition rules[2m > [22mshould allow transition from processing to cancelled
[41m[1m FAIL [22m[49m src/__tests__/order-services-refactor.test.ts[2m > [22mOrder Services Refactor - TDD Tests[2m > [22mOrderStateTransitions[2m > [22mStatus transition rules[2m > [22mshould allow transition from more_info_needed to submitted
[41m[1m FAIL [22m[49m src/__tests__/order-services-refactor.test.ts[2m > [22mOrder Services Refactor - TDD Tests[2m > [22mOrderStateTransitions[2m > [22mStatus transition rules[2m > [22mshould allow transition from more_info_needed to cancelled
[41m[1m FAIL [22m[49m src/__tests__/order-services-refactor.test.ts[2m > [22mOrder Services Refactor - TDD Tests[2m > [22mOrderStateTransitions[2m > [22mStatus transition rules[2m > [22mshould allow transition from completed to cancelled
[41m[1m FAIL [22m[49m src/__tests__/order-services-refactor.test.ts[2m > [22mOrder Services Refactor - TDD Tests[2m > [22mOrderStateTransitions[2m > [22mStatus transition rules[2m > [22mshould track status change reasons in history
[41m[1m FAIL [22m[49m src/__tests__/order-services-refactor.test.ts[2m > [22mOrder Services Refactor - TDD Tests[2m > [22mOrderStateTransitions[2m > [22mStatus transition rules[2m > [22mshould allow cancellation from any state
[31m[1mError[22m: Order not found[39m
[36m [2m❯[22m Function.updateOrderStatus src/lib/services/order-core.service.ts:[2m554:13[22m[39m
    [90m552| [39m
    [90m553| [39m    [35mif[39m ([33m![39morder) {
    [90m554| [39m      [35mthrow[39m [35mnew[39m [33mError[39m([32m'Order not found'[39m)[33m;[39m
    [90m   | [39m            [31m^[39m
    [90m555| [39m    }
    [90m556| [39m

[31m[2m⎯⎯⎯⎯⎯⎯⎯⎯⎯⎯⎯⎯⎯⎯⎯⎯⎯⎯⎯⎯⎯⎯[8/377]⎯[22m[39m

[41m[1m FAIL [22m[49m src/__tests__/order-services-refactor.test.ts[2m > [22mOrder Services Refactor - TDD Tests[2m > [22mOrderStateTransitions[2m > [22mStatus transition rules[2m > [22mshould go through submitted when transitioning from more_info_needed to processing
[31m[1mError[22m: Order not found[39m
[36m [2m❯[22m Function.updateOrderStatus src/lib/services/order-core.service.ts:[2m554:13[22m[39m
    [90m552| [39m
    [90m553| [39m    [35mif[39m ([33m![39morder) {
    [90m554| [39m      [35mthrow[39m [35mnew[39m [33mError[39m([32m'Order not found'[39m)[33m;[39m
    [90m   | [39m            [31m^[39m
    [90m555| [39m    }
    [90m556| [39m
[90m [2m❯[22m src/__tests__/order-services-refactor.test.ts:[2m430:24[22m[39m

[31m[2m⎯⎯⎯⎯⎯⎯⎯⎯⎯⎯⎯⎯⎯⎯⎯⎯⎯⎯⎯⎯⎯⎯[9/377]⎯[22m[39m

[41m[1m FAIL [22m[49m src/hooks/useToast.test.ts[2m > [22museToast[2m > [22mtoast stacking[2m > [22mshould stack multiple toasts vertically
[31m[1mAssertionError[22m: expected '' to be '0px' // Object.is equality[39m

[32m- Expected[39m
[31m+ Received[39m

[32m- 0px[39m

[36m [2m❯[22m src/hooks/useToast.test.ts:[2m325:28[22m[39m
    [90m323| [39m
    [90m324| [39m      [90m// Check that each toast has a unique position[39m
    [90m325| [39m      [34mexpect[39m(positions[[34m0[39m])[33m.[39m[34mtoBe[39m([32m'0px'[39m)[33m;[39m
    [90m   | [39m                           [31m^[39m
    [90m326| [39m      [34mexpect[39m(positions[[34m1[39m])[33m.[39m[34mtoBe[39m([32m'64px'[39m)[33m;[39m
    [90m327| [39m      [34mexpect[39m(positions[[34m2[39m])[33m.[39m[34mtoBe[39m([32m'128px'[39m)[33m;[39m

[31m[2m⎯⎯⎯⎯⎯⎯⎯⎯⎯⎯⎯⎯⎯⎯⎯⎯⎯⎯⎯⎯⎯[10/377]⎯[22m[39m

[41m[1m FAIL [22m[49m src/hooks/useToast.test.ts[2m > [22museToast[2m > [22mtoast stacking[2m > [22mshould limit maximum number of visible toasts
[31m[1mAssertionError[22m: expected 10 to be less than or equal to 5[39m
[36m [2m❯[22m src/hooks/useToast.test.ts:[2m343:29[22m[39m
    [90m341| [39m      [90m// Should only show max allowed (typically 5)[39m
    [90m342| [39m      [35mconst[39m toasts [33m=[39m document[33m.[39m[34mquerySelectorAll[39m([32m'.toast'[39m)[33m;[39m
    [90m343| [39m      [34mexpect[39m(toasts[33m.[39mlength)[33m.[39m[34mtoBeLessThanOrEqual[39m([34m5[39m)[33m;[39m
    [90m   | [39m                            [31m^[39m
    [90m344| [39m    })[33m;[39m
    [90m345| [39m  })[33m;[39m

[31m[2m⎯⎯⎯⎯⎯⎯⎯⎯⎯⎯⎯⎯⎯⎯⎯⎯⎯⎯⎯⎯⎯[11/377]⎯[22m[39m

[41m[1m FAIL [22m[49m src/hooks/useToast.test.ts[2m > [22museToast[2m > [22mtoast icons[2m > [22mshould display appropriate icon for each type
[31m[1mError[22m: [2mexpect([22m[31mreceived[31m[2m).toBeInTheDocument()[22m

[31mreceived[31m value must be an HTMLElement or an SVGElement.
Received has type:  Null
Received has value: [31mnull[31m[39m
[36m [2m❯[22m src/hooks/useToast.test.ts:[2m358:27[22m[39m
    [90m356| [39m      [35mconst[39m successToast [33m=[39m document[33m.[39m[34mquerySelector[39m([32m'.toast-success'[39m)[33m;[39m
    [90m357| [39m      const successIcon = successToast?.querySelector('.toast-icon-suc…
    [90m358| [39m      [34mexpect[39m(successIcon)[33m.[39m[34mtoBeInTheDocument[39m()[33m;[39m
    [90m   | [39m                          [31m^[39m
    [90m359| [39m
    [90m360| [39m      [90m// Clean up properly[39m

[31m[2m⎯⎯⎯⎯⎯⎯⎯⎯⎯⎯⎯⎯⎯⎯⎯⎯⎯⎯⎯⎯⎯[12/377]⎯[22m[39m

[41m[1m FAIL [22m[49m src/hooks/useToast.test.ts[2m > [22museToast[2m > [22mtoast animations[2m > [22mshould animate toast entrance
[31m[1mError[22m: [2mexpect([22m[31melement[31m[2m).toHaveClass([22m[32m[32m"toast-enter"[32m[31m[2m)[22m

Expected the element to have class:
[32m  toast-enter[31m
Received:
[31m  toast toast-success[31m[39m
[36m [2m❯[22m src/hooks/useToast.test.ts:[2m385:21[22m[39m
    [90m383| [39m
    [90m384| [39m      [35mconst[39m toast [33m=[39m document[33m.[39m[34mquerySelector[39m([32m'.toast'[39m)[33m;[39m
    [90m385| [39m      [34mexpect[39m(toast)[33m.[39m[34mtoHaveClass[39m([32m'toast-enter'[39m)[33m;[39m
    [90m   | [39m                    [31m^[39m
    [90m386| [39m
    [90m387| [39m      [90m// After animation completes[39m

[31m[2m⎯⎯⎯⎯⎯⎯⎯⎯⎯⎯⎯⎯⎯⎯⎯⎯⎯⎯⎯⎯⎯[13/377]⎯[22m[39m

[41m[1m FAIL [22m[49m src/hooks/useToast.test.ts[2m > [22museToast[2m > [22mtoast animations[2m > [22mshould animate toast exit
[31m[1mError[22m: [2mexpect([22m[31melement[31m[2m).toHaveClass([22m[32m[32m"toast-exit"[32m[31m[2m)[22m

Expected the element to have class:
[32m  toast-exit[31m
Received:
[31m  toast toast-success[31m[39m
[36m [2m❯[22m src/hooks/useToast.test.ts:[2m408:21[22m[39m
    [90m406| [39m      })[33m;[39m
    [90m407| [39m
    [90m408| [39m      [34mexpect[39m(toast)[33m.[39m[34mtoHaveClass[39m([32m'toast-exit'[39m)[33m;[39m
    [90m   | [39m                    [31m^[39m
    [90m409| [39m
    [90m410| [39m      [34mact[39m(() [33m=>[39m {

[31m[2m⎯⎯⎯⎯⎯⎯⎯⎯⎯⎯⎯⎯⎯⎯⎯⎯⎯⎯⎯⎯⎯[14/377]⎯[22m[39m

[41m[1m FAIL [22m[49m src/hooks/useToast.test.ts[2m > [22museToast[2m > [22maccessibility[2m > [22mshould have proper ARIA attributes
[31m[1mError[22m: [2mexpect([22m[31melement[31m[2m).toHaveAttribute([22m[32m[32m"aria-live"[32m[31m[2m, [22m[32m[32m"polite"[32m[31m[2m) // element.getAttribute("aria-live") === "polite"[22m

Expected the element to have attribute:
[32m  aria-live="polite"[31m
Received:
[31m  null[31m[39m
[36m [2m❯[22m src/hooks/useToast.test.ts:[2m432:21[22m[39m
    [90m430| [39m      [34mexpect[39m(toast)[33m.[39m[34mtoBeInTheDocument[39m()[33m;[39m
    [90m431| [39m      [34mexpect[39m(toast)[33m.[39m[34mtoHaveAttribute[39m([32m'role'[39m[33m,[39m [32m'alert'[39m)[33m;[39m
    [90m432| [39m      [34mexpect[39m(toast)[33m.[39m[34mtoHaveAttribute[39m([32m'aria-live'[39m[33m,[39m [32m'polite'[39m)[33m;[39m
    [90m   | [39m                    [31m^[39m
    [90m433| [39m    })[33m;[39m
    [90m434| [39m

[31m[2m⎯⎯⎯⎯⎯⎯⎯⎯⎯⎯⎯⎯⎯⎯⎯⎯⎯⎯⎯⎯⎯[15/377]⎯[22m[39m

[41m[1m FAIL [22m[49m src/hooks/useToast.test.ts[2m > [22museToast[2m > [22maccessibility[2m > [22mshould use assertive for error toasts
[31m[1mError[22m: [2mexpect([22m[31melement[31m[2m).toHaveAttribute([22m[32m[32m"aria-live"[32m[31m[2m, [22m[32m[32m"assertive"[32m[31m[2m) // element.getAttribute("aria-live") === "assertive"[22m

Expected the element to have attribute:
[32m  aria-live="assertive"[31m
Received:
[31m  null[31m[39m
[36m [2m❯[22m src/hooks/useToast.test.ts:[2m445:21[22m[39m
    [90m443| [39m      [35mconst[39m toast [33m=[39m document[33m.[39m[34mquerySelector[39m([32m'.toast-error'[39m)[33m;[39m
    [90m444| [39m      [34mexpect[39m(toast)[33m.[39m[34mtoBeInTheDocument[39m()[33m;[39m
    [90m445| [39m      [34mexpect[39m(toast)[33m.[39m[34mtoHaveAttribute[39m([32m'aria-live'[39m[33m,[39m [32m'assertive'[39m)[33m;[39m
    [90m   | [39m                    [31m^[39m
    [90m446| [39m    })[33m;[39m
    [90m447| [39m

[31m[2m⎯⎯⎯⎯⎯⎯⎯⎯⎯⎯⎯⎯⎯⎯⎯⎯⎯⎯⎯⎯⎯[16/377]⎯[22m[39m

[41m[1m FAIL [22m[49m src/hooks/useToast.test.ts[2m > [22museToast[2m > [22maccessibility[2m > [22mshould have accessible close button
[31m[1mError[22m: [2mexpect([22m[31melement[31m[2m).toHaveAttribute([22m[32m[32m"aria-label"[32m[31m[2m, [22m[32m[32m"Close notification"[32m[31m[2m) // element.getAttribute("aria-label") === "Close notification"[22m

Expected the element to have attribute:
[32m  aria-label="Close notification"[31m
Received:
[31m  aria-label="Close"[31m[39m
[36m [2m❯[22m src/hooks/useToast.test.ts:[2m458:27[22m[39m
    [90m456| [39m      [35mconst[39m closeButton [33m=[39m document[33m.[39m[34mquerySelector[39m([32m'.toast-close'[39m)[33m;[39m
    [90m457| [39m      [34mexpect[39m(closeButton)[33m.[39m[34mtoBeInTheDocument[39m()[33m;[39m
    [90m458| [39m      expect(closeButton).toHaveAttribute('aria-label', 'Close notific…
    [90m   | [39m                          [31m^[39m
    [90m459| [39m    })[33m;[39m
    [90m460| [39m  })[33m;[39m

[31m[2m⎯⎯⎯⎯⎯⎯⎯⎯⎯⎯⎯⎯⎯⎯⎯⎯⎯⎯⎯⎯⎯[17/377]⎯[22m[39m

[41m[1m FAIL [22m[49m src/hooks/useToast.test.ts[2m > [22museToast[2m > [22maction buttons[2m > [22mshould render action button when provided
[31m[1mError[22m: [2mexpect([22m[31mreceived[31m[2m).toBeInTheDocument()[22m

[31mreceived[31m value must be an HTMLElement or an SVGElement.
Received has type:  Null
Received has value: [31mnull[31m[39m
[36m [2m❯[22m src/hooks/useToast.test.ts:[2m480:28[22m[39m
    [90m478| [39m
    [90m479| [39m      const actionButton = document.querySelector('.toast-action') as …
    [90m480| [39m      [34mexpect[39m(actionButton)[33m.[39m[34mtoBeInTheDocument[39m()[33m;[39m
    [90m   | [39m                           [31m^[39m
    [90m481| [39m      [34mexpect[39m(actionButton)[33m.[39m[34mtoHaveTextContent[39m([32m'Undo'[39m)[33m;[39m
    [90m482| [39m

[31m[2m⎯⎯⎯⎯⎯⎯⎯⎯⎯⎯⎯⎯⎯⎯⎯⎯⎯⎯⎯⎯⎯[18/377]⎯[22m[39m

[41m[1m FAIL [22m[49m src/hooks/useToast.test.ts[2m > [22museToast[2m > [22mtoast updates[2m > [22mshould update existing toast content
[31m[1mError[22m: [2mexpect([22m[31melement[31m[2m).toHaveTextContent()[22m

Expected element to have text content:
[32m  Updated message[31m
Received:
[31m  [object Object][31m[39m
[36m [2m❯[22m src/hooks/useToast.test.ts:[2m517:30[22m[39m
    [90m515| [39m      [35mconst[39m toast [33m=[39m document[33m.[39m[34mquerySelector[39m([32m'.toast'[39m)[33m;[39m
    [90m516| [39m      [35mconst[39m updatedMessage [33m=[39m toast[33m?.[39m[34mquerySelector[39m([32m'.toast-message'[39m)[33m;[39m
    [90m517| [39m      [34mexpect[39m(updatedMessage)[33m.[39m[34mtoHaveTextContent[39m([32m'Updated message'[39m)[33m;[39m
    [90m   | [39m                             [31m^[39m
    [90m518| [39m      [34mexpect[39m(toast)[33m.[39m[34mtoHaveClass[39m([32m'toast-error'[39m)[33m;[39m
    [90m519| [39m      [34mexpect[39m(toast)[33m.[39mnot[33m.[39m[34mtoHaveClass[39m([32m'toast-success'[39m)[33m;[39m

[31m[2m⎯⎯⎯⎯⎯⎯⎯⎯⎯⎯⎯⎯⎯⎯⎯⎯⎯⎯⎯⎯⎯[19/377]⎯[22m[39m

[41m[1m FAIL [22m[49m src/hooks/useToast.test.ts[2m > [22museToast[2m > [22mprogress indicator[2m > [22mshould show progress bar for auto-dismissing toasts
[31m[1mError[22m: [2mexpect([22m[31mreceived[31m[2m).toBeInTheDocument()[22m

[31mreceived[31m value must be an HTMLElement or an SVGElement.
Received has type:  Null
Received has value: [31mnull[31m[39m
[36m [2m❯[22m src/hooks/useToast.test.ts:[2m535:27[22m[39m
    [90m533| [39m      [34mexpect[39m(toast)[33m.[39m[34mtoBeInTheDocument[39m()[33m;[39m
    [90m534| [39m      [35mconst[39m progressBar [33m=[39m toast[33m?.[39m[34mquerySelector[39m([32m'.toast-progress'[39m)[33m;[39m
    [90m535| [39m      [34mexpect[39m(progressBar)[33m.[39m[34mtoBeInTheDocument[39m()[33m;[39m
    [90m   | [39m                          [31m^[39m
    [90m536| [39m    })[33m;[39m
    [90m537| [39m

[31m[2m⎯⎯⎯⎯⎯⎯⎯⎯⎯⎯⎯⎯⎯⎯⎯⎯⎯⎯⎯⎯⎯[20/377]⎯[22m[39m

[41m[1m FAIL [22m[49m src/services/service-comment-service.test.ts[2m > [22mServiceCommentService[2m > [22mgetOrderServiceComments[2m > [22mshould return comments grouped by service
[31m[1mTypeError[22m: items is not iterable[39m
[36m [2m❯[22m ServiceCommentService.getOrderServiceComments src/services/service-comment-service.ts:[2m263:24[22m[39m
    [90m261| [39m    }[33m>[39m [33m=[39m {}[33m;[39m
    [90m262| [39m
    [90m263| [39m    [35mfor[39m ([35mconst[39m item [35mof[39m items) {
    [90m   | [39m                       [31m^[39m
    [90m264| [39m      [35mconst[39m comments [33m=[39m item[33m.[39mcomments [33m||[39m [][33m;[39m
    [90m265| [39m      // Use ServicesFulfillment ID as key when it exists (for backwar…
[90m [2m❯[22m src/services/service-comment-service.test.ts:[2m593:22[22m[39m

[31m[2m⎯⎯⎯⎯⎯⎯⎯⎯⎯⎯⎯⎯⎯⎯⎯⎯⎯⎯⎯⎯⎯[21/377]⎯[22m[39m

[41m[1m FAIL [22m[49m src/services/service-comment-service.test.ts[2m > [22mServiceCommentService[2m > [22mgetOrderServiceComments[2m > [22mshould filter comments based on user role
[31m[1mTypeError[22m: items is not iterable[39m
[36m [2m❯[22m ServiceCommentService.getOrderServiceComments src/services/service-comment-service.ts:[2m263:24[22m[39m
    [90m261| [39m    }[33m>[39m [33m=[39m {}[33m;[39m
    [90m262| [39m
    [90m263| [39m    [35mfor[39m ([35mconst[39m item [35mof[39m items) {
    [90m   | [39m                       [31m^[39m
    [90m264| [39m      [35mconst[39m comments [33m=[39m item[33m.[39mcomments [33m||[39m [][33m;[39m
    [90m265| [39m      // Use ServicesFulfillment ID as key when it exists (for backwar…
[90m [2m❯[22m src/services/service-comment-service.test.ts:[2m628:30[22m[39m

[31m[2m⎯⎯⎯⎯⎯⎯⎯⎯⎯⎯⎯⎯⎯⎯⎯⎯⎯⎯⎯⎯⎯[22/377]⎯[22m[39m

[41m[1m FAIL [22m[49m src/__tests__/hooks/useDsxTab.test.ts[2m > [22museDsxTab[2m > [22mLocation Availability Management[2m > [22mshould handle ALL checkbox correctly when toggling individual locations
[31m[1mAssertionError[22m: expected undefined to be true // Object.is equality[39m

[32m- Expected:[39m 
true

[31m+ Received:[39m 
undefined

[36m [2m❯[22m src/__tests__/hooks/useDsxTab.test.ts:[2m410:58[22m[39m
    [90m408| [39m
    [90m409| [39m      [90m// Initially both locations are available, so ALL should be true[39m
    [90m410| [39m      [34mexpect[39m(result[33m.[39mcurrent[33m.[39mlocationAvailability[[32m'all'[39m])[33m.[39m[34mtoBe[39m([35mtrue[39m)[33m;[39m
    [90m   | [39m                                                         [31m^[39m
    [90m411| [39m
    [90m412| [39m      [90m// Toggle loc1 to false[39m

[31m[2m⎯⎯⎯⎯⎯⎯⎯⎯⎯⎯⎯⎯⎯⎯⎯⎯⎯⎯⎯⎯⎯[23/377]⎯[22m[39m

[41m[1m FAIL [22m[49m src/__tests__/hooks/useDsxTab.test.ts[2m > [22museDsxTab[2m > [22mData Persistence[2m > [22mshould show success message after save
[31m[1mAssertionError[22m: expected 'DSX configuration saved successfully' to be null[39m

[32m- Expected:[39m 
null

[31m+ Received:[39m 
"DSX configuration saved successfully"

[36m [2m❯[22m src/__tests__/hooks/useDsxTab.test.ts:[2m1084:45[22m[39m
    [90m1082| [39m      vi[33m.[39m[34museRealTimers[39m()[33m;[39m
    [90m1083| [39m
    [90m1084| [39m      [34mexpect[39m(result[33m.[39mcurrent[33m.[39msuccessMessage)[33m.[39m[34mtoBeNull[39m()[33m;[39m
    [90m   | [39m                                            [31m^[39m
    [90m1085| [39m    })[33m;[39m
    [90m1086| [39m  })[33m;[39m

[31m[2m⎯⎯⎯⎯⎯⎯⎯⎯⎯⎯⎯⎯⎯⎯⎯⎯⎯⎯⎯⎯⎯[24/377]⎯[22m[39m

[41m[1m FAIL [22m[49m src/__tests__/integration/status-casing-bug.test.ts[2m > [22mStatus Casing Bug - Integration Tests[2m > [22mREGRESSION TEST: End-to-end status flow with lowercase values[2m > [22mcomplete flow FAILS with lowercase statuses from database - proves bug exists
[31m[1mAssertionError[22m: expected true to be false // Object.is equality[39m

[32m- Expected[39m
[31m+ Received[39m

[32m- false[39m
[31m+ true[39m

[36m [2m❯[22m src/__tests__/integration/status-casing-bug.test.ts:[2m20:40[22m[39m
    [90m 18| [39m      [90m// 2. API tries to validate this status from database[39m
    [90m 19| [39m      const validationResult = serviceStatusSchema.safeParse(dbService…
    [90m 20| [39m      [34mexpect[39m(validationResult[33m.[39msuccess)[33m.[39m[34mtoBe[39m([35mfalse[39m)[33m;[39m [90m// FAILS - bug![39m
    [90m   | [39m                                       [31m^[39m
    [90m 21| [39m
    [90m 22| [39m      [90m// 3. If validation passed (it doesn't), we'd update the status[39m

[31m[2m⎯⎯⎯⎯⎯⎯⎯⎯⎯⎯⎯⎯⎯⎯⎯⎯⎯⎯⎯⎯⎯[25/377]⎯[22m[39m

[41m[1m FAIL [22m[49m src/__tests__/integration/status-casing-bug.test.ts[2m > [22mStatus Casing Bug - Integration Tests[2m > [22mREGRESSION TEST: End-to-end status flow with lowercase values[2m > [22mshows that Title Case works but violates the spec
[31m[1mAssertionError[22m: expected false to be true // Object.is equality[39m

[32m- Expected[39m
[31m+ Received[39m

[32m- true[39m
[31m+ false[39m

[36m [2m❯[22m src/__tests__/integration/status-casing-bug.test.ts:[2m50:35[22m[39m
    [90m 48| [39m
    [90m 49| [39m      const validation1 = serviceStatusSchema.safeParse(titleCaseFlow.…
    [90m 50| [39m      [34mexpect[39m(validation1[33m.[39msuccess)[33m.[39m[34mtoBe[39m([35mtrue[39m)[33m;[39m [90m// Works with Title Case[39m
    [90m   | [39m                                  [31m^[39m
    [90m 51| [39m
    [90m 52| [39m      [35mconst[39m updateValidation [33m=[39m updateServiceStatusSchema[33m.[39m[34msafeParse[39m({

[31m[2m⎯⎯⎯⎯⎯⎯⎯⎯⎯⎯⎯⎯⎯⎯⎯⎯⎯⎯⎯⎯⎯[26/377]⎯[22m[39m

[41m[1m FAIL [22m[49m src/__tests__/integration/status-casing-bug.test.ts[2m > [22mStatus Casing Bug - Integration Tests[2m > [22mDatabase vs Application Layer Mismatch[2m > [22mdatabase constants do not match validation schemas
[31m[1mAssertionError[22m: expected true to be false // Object.is equality[39m

[32m- Expected[39m
[31m+ Received[39m

[32m- false[39m
[31m+ true[39m

[36m [2m❯[22m src/__tests__/integration/status-casing-bug.test.ts:[2m86:32[22m[39m
    [90m 84| [39m      databaseStatuses[33m.[39m[34mforEach[39m(dbStatus [33m=>[39m {
    [90m 85| [39m        [35mconst[39m result [33m=[39m serviceStatusSchema[33m.[39m[34msafeParse[39m(dbStatus)[33m;[39m
    [90m 86| [39m        [34mexpect[39m(result[33m.[39msuccess)[33m.[39m[34mtoBe[39m([35mfalse[39m)[33m;[39m [90m// All fail![39m
    [90m   | [39m                               [31m^[39m
    [90m 87| [39m      })[33m;[39m
    [90m 88| [39m
[90m [2m❯[22m src/__tests__/integration/status-casing-bug.test.ts:[2m84:24[22m[39m

[31m[2m⎯⎯⎯⎯⎯⎯⎯⎯⎯⎯⎯⎯⎯⎯⎯⎯⎯⎯⎯⎯⎯[27/377]⎯[22m[39m

[41m[1m FAIL [22m[49m src/__tests__/integration/status-casing-bug.test.ts[2m > [22mStatus Casing Bug - Integration Tests[2m > [22mDatabase vs Application Layer Mismatch[2m > [22morder statuses and service statuses have inconsistent validation
[31m[1mAssertionError[22m: expected true to be false // Object.is equality[39m

[32m- Expected[39m
[31m+ Received[39m

[32m- false[39m
[31m+ true[39m

[36m [2m❯[22m src/__tests__/integration/status-casing-bug.test.ts:[2m99:32[22m[39m
    [90m 97| [39m      orderStatuses[33m.[39m[34mforEach[39m(orderStatus [33m=>[39m {
    [90m 98| [39m        [35mconst[39m result [33m=[39m serviceStatusSchema[33m.[39m[34msafeParse[39m(orderStatus)[33m;[39m
    [90m 99| [39m        expect(result.success).toBe(false); // Order statuses fail ser…
    [90m   | [39m                               [31m^[39m
    [90m100| [39m      })[33m;[39m
    [90m101| [39m
[90m [2m❯[22m src/__tests__/integration/status-casing-bug.test.ts:[2m97:21[22m[39m

[31m[2m⎯⎯⎯⎯⎯⎯⎯⎯⎯⎯⎯⎯⎯⎯⎯⎯⎯⎯⎯⎯⎯[28/377]⎯[22m[39m

[41m[1m FAIL [22m[49m src/__tests__/integration/status-casing-bug.test.ts[2m > [22mStatus Casing Bug - Integration Tests[2m > [22mSpecial Status Format Issues[2m > [22mmissing_info vs Missing Information causes validation failures
[31m[1mAssertionError[22m: expected true to be false // Object.is equality[39m

[32m- Expected[39m
[31m+ Received[39m

[32m- false[39m
[31m+ true[39m

[36m [2m❯[22m src/__tests__/integration/status-casing-bug.test.ts:[2m158:31[22m[39m
    [90m156| [39m      [90m// Database value fails validation[39m
    [90m157| [39m      [35mconst[39m result1 [33m=[39m serviceStatusSchema[33m.[39m[34msafeParse[39m(dbFormat)[33m;[39m
    [90m158| [39m      [34mexpect[39m(result1[33m.[39msuccess)[33m.[39m[34mtoBe[39m([35mfalse[39m)[33m;[39m
    [90m   | [39m                              [31m^[39m
    [90m159| [39m
    [90m160| [39m      [90m// Schema format passes[39m

[31m[2m⎯⎯⎯⎯⎯⎯⎯⎯⎯⎯⎯⎯⎯⎯⎯⎯⎯⎯⎯⎯⎯[29/377]⎯[22m[39m

[41m[1m FAIL [22m[49m src/__tests__/integration/status-casing-bug.test.ts[2m > [22mStatus Casing Bug - Integration Tests[2m > [22mSpecial Status Format Issues[2m > [22mcancelled_dnb format inconsistencies
[31m[1mAssertionError[22m: expected true to be false // Object.is equality[39m

[32m- Expected[39m
[31m+ Received[39m

[32m- false[39m
[31m+ true[39m

[36m [2m❯[22m src/__tests__/integration/status-casing-bug.test.ts:[2m175:74[22m[39m
    [90m173| [39m
    [90m174| [39m      [90m// Database format fails[39m
    [90m175| [39m      expect(serviceStatusSchema.safeParse(variations.database).succes…
    [90m   | [39m                                                                         [31m^[39m
    [90m176| [39m
    [90m177| [39m      [90m// Schema format passes[39m

[31m[2m⎯⎯⎯⎯⎯⎯⎯⎯⎯⎯⎯⎯⎯⎯⎯⎯⎯⎯⎯⎯⎯[30/377]⎯[22m[39m

[41m[1m FAIL [22m[49m src/__tests__/integration/status-casing-bug.test.ts[2m > [22mStatus Casing Bug - Integration Tests[2m > [22mImpact on Business Logic[2m > [22mterminal status detection affects service modification permissions
[31m[1mError[22m: Cannot find module '@/types/service-fulfillment'
Require stack:
- /Users/andyhellman/Library/CloudStorage/Dropbox/9-REALi Data Solutions/GlobalRx_v2/src/__tests__/integration/status-casing-bug.test.ts[39m
[36m [2m❯[22m src/__tests__/integration/status-casing-bug.test.ts:[2m196:36[22m[39m
    [90m194| [39m
    [90m195| [39m      [90m// Check if it's terminal to determine if modifications allowed[39m
    [90m196| [39m      const { isTerminalStatus } = require('@/types/service-fulfillmen…
    [90m   | [39m                                   [31m^[39m
    [90m197| [39m      [35mconst[39m canModify [33m=[39m [33m![39m[34misTerminalStatus[39m(completedService[33m.[39mstatus)[33m;[39m
    [90m198| [39m

[31m[2m⎯⎯⎯⎯⎯⎯⎯⎯⎯⎯⎯⎯⎯⎯⎯⎯⎯⎯⎯⎯⎯[31/377]⎯[22m[39m

[41m[1m FAIL [22m[49m src/__tests__/integration/status-casing-bug.test.ts[2m > [22mStatus Casing Bug - Integration Tests[2m > [22mImpact on Business Logic[2m > [22mvalidation failures prevent legitimate status updates
[31m[1mAssertionError[22m: expected true to be false // Object.is equality[39m

[32m- Expected[39m
[31m+ Received[39m

[32m- false[39m
[31m+ true[39m

[36m [2m❯[22m src/__tests__/integration/status-casing-bug.test.ts:[2m214:30[22m[39m
    [90m212| [39m      [90m// Validation fails even though status is valid[39m
    [90m213| [39m      const result = updateServiceStatusSchema.safeParse(updateRequest…
    [90m214| [39m      [34mexpect[39m(result[33m.[39msuccess)[33m.[39m[34mtoBe[39m([35mfalse[39m)[33m;[39m [90m// Legitimate update blocked![39m
    [90m   | [39m                             [31m^[39m
    [90m215| [39m
    [90m216| [39m      [90m// User gets error even though they used a valid status[39m

[31m[2m⎯⎯⎯⎯⎯⎯⎯⎯⎯⎯⎯⎯⎯⎯⎯⎯⎯⎯⎯⎯⎯[32/377]⎯[22m[39m

[41m[1m FAIL [22m[49m src/__tests__/integration/status-casing-bug.test.ts[2m > [22mStatus Casing Bug - Integration Tests[2m > [22mImpact on Business Logic[2m > [22mstatus progression automation would fail
[31m[1mAssertionError[22m: expected true to be false // Object.is equality[39m

[32m- Expected[39m
[31m+ Received[39m

[32m- false[39m
[31m+ true[39m

[36m [2m❯[22m src/__tests__/integration/status-casing-bug.test.ts:[2m228:36[22m[39m
    [90m226| [39m      [35mconst[39m nextValid [33m=[39m serviceStatusSchema[33m.[39m[34msafeParse[39m(nextStatus)[33m;[39m
    [90m227| [39m
    [90m228| [39m      expect(currentValid.success).toBe(false); // Can't validate curr…
    [90m   | [39m                                   [31m^[39m
    [90m229| [39m      [34mexpect[39m(nextValid[33m.[39msuccess)[33m.[39m[34mtoBe[39m([35mfalse[39m)[33m;[39m [90m// Can't validate next[39m
    [90m230| [39m

[31m[2m⎯⎯⎯⎯⎯⎯⎯⎯⎯⎯⎯⎯⎯⎯⎯⎯⎯⎯⎯⎯⎯[33/377]⎯[22m[39m

[41m[1m FAIL [22m[49m src/hooks/__tests__/useServiceComments-id-mismatch.test.ts[2m > [22museServiceComments - OrderItem vs ServiceFulfillment ID handling[2m > [22mCritical Bug Fix: ServiceFulfillment ID for API calls in order mode[2m > [22mshould use ServiceFulfillment ID for API calls, not OrderItem ID
[41m[1m FAIL [22m[49m src/hooks/__tests__/useServiceComments-id-mismatch.test.ts[2m > [22museServiceComments - OrderItem vs ServiceFulfillment ID handling[2m > [22mCritical Bug Fix: ServiceFulfillment ID for API calls in order mode[2m > [22mshould update commentsByService state correctly after creating comment in order mode
[41m[1m FAIL [22m[49m src/hooks/__tests__/useServiceComments-id-mismatch.test.ts[2m > [22museServiceComments - OrderItem vs ServiceFulfillment ID handling[2m > [22mCritical Bug Fix: ServiceFulfillment ID for API calls in order mode[2m > [22mshould handle delete with ServiceFulfillment ID in order mode
[41m[1m FAIL [22m[49m src/hooks/__tests__/useServiceComments-id-mismatch.test.ts[2m > [22museServiceComments - OrderItem vs ServiceFulfillment ID handling[2m > [22mCritical Bug Fix: ServiceFulfillment ID for API calls in order mode[2m > [22mshould handle update with ServiceFulfillment ID in order mode
[41m[1m FAIL [22m[49m src/hooks/__tests__/useServiceComments-id-mismatch.test.ts[2m > [22museServiceComments - OrderItem vs ServiceFulfillment ID handling[2m > [22mSingle service mode should still work[2m > [22mshould use serviceId directly when not in order mode
[31m[1mError[22m: [vitest] No "AuthContext" export is defined on the "@/contexts/AuthContext" mock. Did you forget to return it from "vi.mock"?
If you need to partially mock a module, you can use "importOriginal" helper inside:
[39m
vi.mock(import("@/contexts/AuthContext"), async (importOriginal) => {
  const actual = await importOriginal()
  return {
    ...actual,
    // your mocked methods
  }
})

[36m [2m❯[22m wrapper src/hooks/__tests__/useServiceComments-id-mismatch.test.ts:[2m20:25[22m[39m
    [90m 18| [39m
    [90m 19| [39m  [35mconst[39m wrapper [33m=[39m ({ children }[33m:[39m { children[33m:[39m [33mReact[39m[33m.[39m[33mReactNode[39m }) [33m=>[39m
    [90m 20| [39m    [33mReact[39m[33m.[39m[34mcreateElement[39m([33mAuthContext[39m[33m.[39m[33mProvider[39m[33m,[39m {
    [90m   | [39m                        [31m^[39m
    [90m 21| [39m      value[33m:[39m {
    [90m 22| [39m        user[33m:[39m mockUser[33m,[39m
[90m [2m❯[22m renderWithHooks node_modules/.pnpm/react-dom@18.3.1_react@18.3.1/node_modules/react-dom/cjs/react-dom.development.js:[2m15486:18[22m[39m
[90m [2m❯[22m mountIndeterminateComponent node_modules/.pnpm/react-dom@18.3.1_react@18.3.1/node_modules/react-dom/cjs/react-dom.development.js:[2m20103:13[22m[39m
[90m [2m❯[22m beginWork node_modules/.pnpm/react-dom@18.3.1_react@18.3.1/node_modules/react-dom/cjs/react-dom.development.js:[2m21626:16[22m[39m
[90m [2m❯[22m HTMLUnknownElement.callCallback node_modules/.pnpm/react-dom@18.3.1_react@18.3.1/node_modules/react-dom/cjs/react-dom.development.js:[2m4164:14[22m[39m
[90m [2m❯[22m HTMLUnknownElement.#callDispatchEventListeners ../../9-REALi%20Data%20Solutions/GlobalRx_v2/node_modules/.pnpm/happy-dom@20.7.0/node_modules/happy-dom/lib/event/EventTarget.js:[2m237:34[22m[39m
[90m [2m❯[22m HTMLUnknownElement.dispatchEvent ../../9-REALi%20Data%20Solutions/GlobalRx_v2/node_modules/.pnpm/happy-dom@20.7.0/node_modules/happy-dom/lib/event/EventTarget.js:[2m100:41[22m[39m
[90m [2m❯[22m HTMLUnknownElement.#goThroughDispatchEventPhases ../../9-REALi%20Data%20Solutions/GlobalRx_v2/node_modules/.pnpm/happy-dom@20.7.0/node_modules/happy-dom/lib/event/EventTarget.js:[2m160:38[22m[39m

[31m[2m⎯⎯⎯⎯⎯⎯⎯⎯⎯⎯⎯⎯⎯⎯⎯⎯⎯⎯⎯⎯⎯[34/377]⎯[22m[39m

[41m[1m FAIL [22m[49m src/hooks/__tests__/useServiceComments-regression.test.ts[2m > [22museServiceComments - Regression Test for NULL ID Bug[2m > [22mCritical Bug Fix: Ensure correct ID is used for API calls[2m > [22mshould NEVER call API with /api/services/null/comments
[31m[1mError[22m: Cannot find module '@/contexts/AuthContext'
Require stack:
- /Users/andyhellman/Library/CloudStorage/Dropbox/9-REALi Data Solutions/GlobalRx_v2/src/hooks/__tests__/useServiceComments-regression.test.ts[39m
[36m [2m❯[22m renderHook.wrapper.wrapper src/hooks/__tests__/useServiceComments-regression.test.ts:[2m50:20[22m[39m
    [90m 48| [39m          [35mconst[39m mockUser [33m=[39m { id[33m:[39m [32m'user-1'[39m[33m,[39m userType[33m:[39m [32m'internal'[39m }[33m;[39m
    [90m 49| [39m          [90m// @ts-ignore - Mocking internals[39m
    [90m 50| [39m          vi.spyOn(require('@/contexts/AuthContext'), 'useAuth').mockR…
    [90m   | [39m                   [31m^[39m
    [90m 51| [39m
    [90m 52| [39m          return useServiceComments(null, '550e8400-e29b-41d4-a716-446…
[90m [2m❯[22m TestComponent node_modules/.pnpm/@testing-library+react@16.3.2_@testing-library+dom@10.4.1_@types+react-dom@18.3.5_@type_5fb74840ee5a00953f7f3c7299d3ce34/node_modules/@testing-library/react/dist/pure.js:[2m330:27[22m[39m
[90m [2m❯[22m renderWithHooks node_modules/.pnpm/react-dom@18.3.1_react@18.3.1/node_modules/react-dom/cjs/react-dom.development.js:[2m15486:18[22m[39m
[90m [2m❯[22m mountIndeterminateComponent node_modules/.pnpm/react-dom@18.3.1_react@18.3.1/node_modules/react-dom/cjs/react-dom.development.js:[2m20103:13[22m[39m
[90m [2m❯[22m beginWork node_modules/.pnpm/react-dom@18.3.1_react@18.3.1/node_modules/react-dom/cjs/react-dom.development.js:[2m21626:16[22m[39m
[90m [2m❯[22m HTMLUnknownElement.callCallback node_modules/.pnpm/react-dom@18.3.1_react@18.3.1/node_modules/react-dom/cjs/react-dom.development.js:[2m4164:14[22m[39m

[31m[2m⎯⎯⎯⎯⎯⎯⎯⎯⎯⎯⎯⎯⎯⎯⎯⎯⎯⎯⎯⎯⎯[35/377]⎯[22m[39m

[41m[1m FAIL [22m[49m src/hooks/__tests__/useServiceComments-regression.test.ts[2m > [22museServiceComments - Regression Test for NULL ID Bug[2m > [22mCritical Bug Fix: Ensure correct ID is used for API calls[2m > [22mshould use the serviceId parameter when provided in create/update/delete
[31m[1mError[22m: Cannot find module '@/contexts/AuthContext'
Require stack:
- /Users/andyhellman/Library/CloudStorage/Dropbox/9-REALi Data Solutions/GlobalRx_v2/src/hooks/__tests__/useServiceComments-regression.test.ts[39m
[36m [2m❯[22m renderHook.wrapper.wrapper src/hooks/__tests__/useServiceComments-regression.test.ts:[2m108:20[22m[39m
    [90m106| [39m          [35mconst[39m mockUser [33m=[39m { id[33m:[39m [32m'user-1'[39m[33m,[39m userType[33m:[39m [32m'internal'[39m }[33m;[39m
    [90m107| [39m          [90m// @ts-ignore[39m
    [90m108| [39m          vi.spyOn(require('@/contexts/AuthContext'), 'useAuth').mockR…
    [90m   | [39m                   [31m^[39m
    [90m109| [39m          return useServiceComments(null, '550e8400-e29b-41d4-a716-446…
    [90m110| [39m        }[33m,[39m
[90m [2m❯[22m TestComponent node_modules/.pnpm/@testing-library+react@16.3.2_@testing-library+dom@10.4.1_@types+react-dom@18.3.5_@type_5fb74840ee5a00953f7f3c7299d3ce34/node_modules/@testing-library/react/dist/pure.js:[2m330:27[22m[39m
[90m [2m❯[22m renderWithHooks node_modules/.pnpm/react-dom@18.3.1_react@18.3.1/node_modules/react-dom/cjs/react-dom.development.js:[2m15486:18[22m[39m
[90m [2m❯[22m mountIndeterminateComponent node_modules/.pnpm/react-dom@18.3.1_react@18.3.1/node_modules/react-dom/cjs/react-dom.development.js:[2m20103:13[22m[39m
[90m [2m❯[22m beginWork node_modules/.pnpm/react-dom@18.3.1_react@18.3.1/node_modules/react-dom/cjs/react-dom.development.js:[2m21626:16[22m[39m
[90m [2m❯[22m HTMLUnknownElement.callCallback node_modules/.pnpm/react-dom@18.3.1_react@18.3.1/node_modules/react-dom/cjs/react-dom.development.js:[2m4164:14[22m[39m

[31m[2m⎯⎯⎯⎯⎯⎯⎯⎯⎯⎯⎯⎯⎯⎯⎯⎯⎯⎯⎯⎯⎯[36/377]⎯[22m[39m

[41m[1m FAIL [22m[49m src/hooks/__tests__/useServiceComments-regression.test.ts[2m > [22museServiceComments - Regression Test for NULL ID Bug[2m > [22mCritical Bug Fix: Ensure correct ID is used for API calls[2m > [22mshould update commentsByService state correctly when in order mode
[31m[1mError[22m: Cannot find module '@/contexts/AuthContext'
Require stack:
- /Users/andyhellman/Library/CloudStorage/Dropbox/9-REALi Data Solutions/GlobalRx_v2/src/hooks/__tests__/useServiceComments-regression.test.ts[39m
[36m [2m❯[22m renderHook.wrapper.wrapper src/hooks/__tests__/useServiceComments-regression.test.ts:[2m190:20[22m[39m
    [90m188| [39m          [35mconst[39m mockUser [33m=[39m { id[33m:[39m [32m'user-1'[39m[33m,[39m userType[33m:[39m [32m'internal'[39m }[33m;[39m
    [90m189| [39m          [90m// @ts-ignore[39m
    [90m190| [39m          vi.spyOn(require('@/contexts/AuthContext'), 'useAuth').mockR…
    [90m   | [39m                   [31m^[39m
    [90m191| [39m          return useServiceComments(null, '550e8400-e29b-41d4-a716-446…
    [90m192| [39m        }[33m,[39m
[90m [2m❯[22m TestComponent node_modules/.pnpm/@testing-library+react@16.3.2_@testing-library+dom@10.4.1_@types+react-dom@18.3.5_@type_5fb74840ee5a00953f7f3c7299d3ce34/node_modules/@testing-library/react/dist/pure.js:[2m330:27[22m[39m
[90m [2m❯[22m renderWithHooks node_modules/.pnpm/react-dom@18.3.1_react@18.3.1/node_modules/react-dom/cjs/react-dom.development.js:[2m15486:18[22m[39m
[90m [2m❯[22m mountIndeterminateComponent node_modules/.pnpm/react-dom@18.3.1_react@18.3.1/node_modules/react-dom/cjs/react-dom.development.js:[2m20103:13[22m[39m
[90m [2m❯[22m beginWork node_modules/.pnpm/react-dom@18.3.1_react@18.3.1/node_modules/react-dom/cjs/react-dom.development.js:[2m21626:16[22m[39m
[90m [2m❯[22m HTMLUnknownElement.callCallback node_modules/.pnpm/react-dom@18.3.1_react@18.3.1/node_modules/react-dom/cjs/react-dom.development.js:[2m4164:14[22m[39m

[31m[2m⎯⎯⎯⎯⎯⎯⎯⎯⎯⎯⎯⎯⎯⎯⎯⎯⎯⎯⎯⎯⎯[37/377]⎯[22m[39m

[41m[1m FAIL [22m[49m src/hooks/__tests__/useServiceComments.test.ts[2m > [22museServiceComments[2m > [22mbulk fetching comments for order[2m > [22mshould calculate comment counts per service
[31m[1mAssertionError[22m: expected +0 to be 3 // Object.is equality

Ignored nodes: comments, script, style
[36m<html>[31m
  [36m<head />[31m
  [36m<body>[31m
    [36m<div />[31m
  [36m</body>[31m
[36m</html>[31m[39m

[32m- Expected[39m
[31m+ Received[39m

[32m- 3[39m
[31m+ 0[39m

[36m [2m❯[22m src/hooks/__tests__/useServiceComments.test.ts:[2m164:88[22m[39m
    [90m162| [39m
    [90m163| [39m      [35mawait[39m [34mwaitFor[39m(() [33m=>[39m {
    [90m164| [39m        expect(result.current.getCommentCount('f47ac10b-58cc-4372-a567…
    [90m   | [39m                                                                                       [31m^[39m
    [90m165| [39m        expect(result.current.getCommentCount('a47ac10b-58cc-4372-a567…
    [90m166| [39m        expect(result.current.getCommentCount('b47ac10b-58cc-4372-a567…
[90m [2m❯[22m runWithExpensiveErrorDiagnosticsDisabled node_modules/.pnpm/@testing-library+dom@10.4.1/node_modules/@testing-library/dom/dist/config.js:[2m47:12[22m[39m
[90m [2m❯[22m checkCallback node_modules/.pnpm/@testing-library+dom@10.4.1/node_modules/@testing-library/dom/dist/wait-for.js:[2m124:77[22m[39m
[90m [2m❯[22m Timeout.checkRealTimersCallback node_modules/.pnpm/@testing-library+dom@10.4.1/node_modules/@testing-library/dom/dist/wait-for.js:[2m118:16[22m[39m

[31m[2m⎯⎯⎯⎯⎯⎯⎯⎯⎯⎯⎯⎯⎯⎯⎯⎯⎯⎯⎯⎯⎯[38/377]⎯[22m[39m

[41m[1m FAIL [22m[49m src/hooks/__tests__/useServiceComments.test.ts[2m > [22museServiceComments[2m > [22mcreating comments[2m > [22mshould create a new comment with default internal visibility
[31m[1mError[22m: Failed to create comment[39m
[36m [2m❯[22m Object.createComment src/hooks/useServiceComments.ts:[2m316:13[22m[39m
    [90m314| [39m        [35mthrow[39m err[33m;[39m [90m// Re-throw validation errors[39m
    [90m315| [39m      }
    [90m316| [39m      [35mthrow[39m [35mnew[39m [33mError[39m([32m'Failed to create comment'[39m)[33m;[39m
    [90m   | [39m            [31m^[39m
    [90m317| [39m    }
    [90m318| [39m  }[33m,[39m [serviceId[33m,[39m user[33m,[39m orderId[33m,[39m fetchOrderComments])[33m;[39m
[90m [2m❯[22m src/hooks/__tests__/useServiceComments.test.ts:[2m199:7[22m[39m

[31m[2m⎯⎯⎯⎯⎯⎯⎯⎯⎯⎯⎯⎯⎯⎯⎯⎯⎯⎯⎯⎯⎯[39/377]⎯[22m[39m

[41m[1m FAIL [22m[49m src/hooks/__tests__/useServiceComments.test.ts[2m > [22museServiceComments[2m > [22mcreating comments[2m > [22mshould validate placeholders are replaced
[31m[1mError[22m: Failed to create comment[39m
[36m [2m❯[22m Object.createComment src/hooks/useServiceComments.ts:[2m316:13[22m[39m
    [90m314| [39m        [35mthrow[39m err[33m;[39m [90m// Re-throw validation errors[39m
    [90m315| [39m      }
    [90m316| [39m      [35mthrow[39m [35mnew[39m [33mError[39m([32m'Failed to create comment'[39m)[33m;[39m
    [90m   | [39m            [31m^[39m
    [90m317| [39m    }
    [90m318| [39m  }[33m,[39m [serviceId[33m,[39m user[33m,[39m orderId[33m,[39m fetchOrderComments])[33m;[39m
[90m [2m❯[22m src/hooks/__tests__/useServiceComments.test.ts:[2m272:7[22m[39m

[31m[2m⎯⎯⎯⎯⎯⎯⎯⎯⎯⎯⎯⎯⎯⎯⎯⎯⎯⎯⎯⎯⎯[40/377]⎯[22m[39m

[41m[1m FAIL [22m[49m src/hooks/__tests__/useServiceComments.test.ts[2m > [22museServiceComments[2m > [22mcreating comments[2m > [22mshould require template selection
[31m[1mAssertionError[22m: expected "vi.fn()" to not be called at all, but actually been called 1 times[90m

Received: 

[1m  1st vi.fn() call:

[22m    Array [
      "/api/services/c47ac10b-58cc-4372-a567-0e02b2c3d479/comments",
      Object {
        "headers": Object {
          "Content-Type": "application/json",
        },
        "method": "GET",
      },
    ]
[31m[90m

Number of calls: [1m1[22m
[31m[39m
[36m [2m❯[22m src/hooks/__tests__/useServiceComments.test.ts:[2m302:25[22m[39m
    [90m300| [39m      )[33m.[39mrejects[33m.[39m[34mtoThrow[39m([32m'Template selection is required'[39m)[33m;[39m
    [90m301| [39m
    [90m302| [39m      [34mexpect[39m(fetch)[33m.[39mnot[33m.[39m[34mtoHaveBeenCalled[39m()[33m;[39m
    [90m   | [39m                        [31m^[39m
    [90m303| [39m    })[33m;[39m
    [90m304| [39m  })[33m;[39m

[31m[2m⎯⎯⎯⎯⎯⎯⎯⎯⎯⎯⎯⎯⎯⎯⎯⎯⎯⎯⎯⎯⎯[41/377]⎯[22m[39m

[41m[1m FAIL [22m[49m src/hooks/__tests__/useServiceComments.test.ts[2m > [22museServiceComments[2m > [22mupdating comments[2m > [22mshould update comment text and visibility for internal users
[31m[1mError[22m: Failed to update comment[39m
[36m [2m❯[22m Object.updateComment src/hooks/useServiceComments.ts:[2m392:13[22m[39m
    [90m390| [39m        [35mthrow[39m err[33m;[39m [90m// Re-throw validation/permission errors[39m
    [90m391| [39m      }
    [90m392| [39m      [35mthrow[39m [35mnew[39m [33mError[39m([32m'Failed to update comment'[39m)[33m;[39m
    [90m   | [39m            [31m^[39m
    [90m393| [39m    }
    [90m394| [39m  }[33m,[39m [serviceId[33m,[39m user[33m,[39m orderId])[33m;[39m
[90m [2m❯[22m src/hooks/__tests__/useServiceComments.test.ts:[2m330:7[22m[39m

[31m[2m⎯⎯⎯⎯⎯⎯⎯⎯⎯⎯⎯⎯⎯⎯⎯⎯⎯⎯⎯⎯⎯[42/377]⎯[22m[39m

[41m[1m FAIL [22m[49m src/hooks/__tests__/useServiceComments.test.ts[2m > [22museServiceComments[2m > [22mupdating comments[2m > [22mshould not allow vendors to update comments
[31m[1mAssertionError[22m: expected "vi.fn()" to not be called at all, but actually been called 1 times[90m

Received: 

[1m  1st vi.fn() call:

[22m    Array [
      "/api/services/c47ac10b-58cc-4372-a567-0e02b2c3d479/comments",
      Object {
        "headers": Object {
          "Content-Type": "application/json",
        },
        "method": "GET",
      },
    ]
[31m[90m

Number of calls: [1m1[22m
[31m[39m
[36m [2m❯[22m src/hooks/__tests__/useServiceComments.test.ts:[2m390:25[22m[39m
    [90m388| [39m      )[33m.[39mrejects[33m.[39m[34mtoThrow[39m([32m'Vendors cannot edit comments'[39m)[33m;[39m
    [90m389| [39m
    [90m390| [39m      [34mexpect[39m(fetch)[33m.[39mnot[33m.[39m[34mtoHaveBeenCalled[39m()[33m;[39m
    [90m   | [39m                        [31m^[39m
    [90m391| [39m    })[33m;[39m
    [90m392| [39m

[31m[2m⎯⎯⎯⎯⎯⎯⎯⎯⎯⎯⎯⎯⎯⎯⎯⎯⎯⎯⎯⎯⎯[43/377]⎯[22m[39m

[41m[1m FAIL [22m[49m src/hooks/__tests__/useServiceComments.test.ts[2m > [22museServiceComments[2m > [22mupdating comments[2m > [22mshould validate updated text is not empty
[31m[1mAssertionError[22m: expected "vi.fn()" to not be called at all, but actually been called 1 times[90m

Received: 

[1m  1st vi.fn() call:

[22m    Array [
      "/api/services/c47ac10b-58cc-4372-a567-0e02b2c3d479/comments",
      Object {
        "headers": Object {
          "Content-Type": "application/json",
        },
        "method": "GET",
      },
    ]
[31m[90m

Number of calls: [1m1[22m
[31m[39m
[36m [2m❯[22m src/hooks/__tests__/useServiceComments.test.ts:[2m402:25[22m[39m
    [90m400| [39m      )[33m.[39mrejects[33m.[39m[34mtoThrow[39m([32m'Comment text cannot be empty'[39m)[33m;[39m
    [90m401| [39m
    [90m402| [39m      [34mexpect[39m(fetch)[33m.[39mnot[33m.[39m[34mtoHaveBeenCalled[39m()[33m;[39m
    [90m   | [39m                        [31m^[39m
    [90m403| [39m    })[33m;[39m
    [90m404| [39m

[31m[2m⎯⎯⎯⎯⎯⎯⎯⎯⎯⎯⎯⎯⎯⎯⎯⎯⎯⎯⎯⎯⎯[44/377]⎯[22m[39m

[41m[1m FAIL [22m[49m src/hooks/__tests__/useServiceComments.test.ts[2m > [22museServiceComments[2m > [22mupdating comments[2m > [22mshould validate updated text does not exceed 1000 characters
[31m[1mAssertionError[22m: expected "vi.fn()" to not be called at all, but actually been called 1 times[90m

Received: 

[1m  1st vi.fn() call:

[22m    Array [
      "/api/services/c47ac10b-58cc-4372-a567-0e02b2c3d479/comments",
      Object {
        "headers": Object {
          "Content-Type": "application/json",
        },
        "method": "GET",
      },
    ]
[31m[90m

Number of calls: [1m1[22m
[31m[39m
[36m [2m❯[22m src/hooks/__tests__/useServiceComments.test.ts:[2m415:25[22m[39m
    [90m413| [39m      )[33m.[39mrejects[33m.[39m[34mtoThrow[39m([32m'Comment cannot exceed 1000 characters'[39m)[33m;[39m
    [90m414| [39m
    [90m415| [39m      [34mexpect[39m(fetch)[33m.[39mnot[33m.[39m[34mtoHaveBeenCalled[39m()[33m;[39m
    [90m   | [39m                        [31m^[39m
    [90m416| [39m    })[33m;[39m
    [90m417| [39m  })[33m;[39m

[31m[2m⎯⎯⎯⎯⎯⎯⎯⎯⎯⎯⎯⎯⎯⎯⎯⎯⎯⎯⎯⎯⎯[45/377]⎯[22m[39m

[41m[1m FAIL [22m[49m src/hooks/__tests__/useServiceComments.test.ts[2m > [22museServiceComments[2m > [22mdeleting comments[2m > [22mshould delete comment for internal users
[31m[1mError[22m: Failed to delete comment[39m
[36m [2m❯[22m Object.deleteComment src/hooks/useServiceComments.ts:[2m465:13[22m[39m
    [90m463| [39m        [35mthrow[39m err[33m;[39m
    [90m464| [39m      }
    [90m465| [39m      [35mthrow[39m [35mnew[39m [33mError[39m([32m'Failed to delete comment'[39m)[33m;[39m
    [90m   | [39m            [31m^[39m
    [90m466| [39m    }
    [90m467| [39m  }[33m,[39m [serviceId[33m,[39m user])[33m;[39m
[90m [2m❯[22m src/hooks/__tests__/useServiceComments.test.ts:[2m440:7[22m[39m

[31m[2m⎯⎯⎯⎯⎯⎯⎯⎯⎯⎯⎯⎯⎯⎯⎯⎯⎯⎯⎯⎯⎯[46/377]⎯[22m[39m

[41m[1m FAIL [22m[49m src/hooks/__tests__/useServiceComments.test.ts[2m > [22museServiceComments[2m > [22mdeleting comments[2m > [22mshould not allow vendors to delete comments
[31m[1mAssertionError[22m: expected "vi.fn()" to not be called at all, but actually been called 1 times[90m

Received: 

[1m  1st vi.fn() call:

[22m    Array [
      "/api/services/c47ac10b-58cc-4372-a567-0e02b2c3d479/comments",
      Object {
        "headers": Object {
          "Content-Type": "application/json",
        },
        "method": "GET",
      },
    ]
[31m[90m

Number of calls: [1m1[22m
[31m[39m
[36m [2m❯[22m src/hooks/__tests__/useServiceComments.test.ts:[2m473:25[22m[39m
    [90m471| [39m      )[33m.[39mrejects[33m.[39m[34mtoThrow[39m([32m'Vendors cannot delete comments'[39m)[33m;[39m
    [90m472| [39m
    [90m473| [39m      [34mexpect[39m(fetch)[33m.[39mnot[33m.[39m[34mtoHaveBeenCalled[39m()[33m;[39m
    [90m   | [39m                        [31m^[39m
    [90m474| [39m    })[33m;[39m
    [90m475| [39m

[31m[2m⎯⎯⎯⎯⎯⎯⎯⎯⎯⎯⎯⎯⎯⎯⎯⎯⎯⎯⎯⎯⎯[47/377]⎯[22m[39m

[41m[1m FAIL [22m[49m src/hooks/__tests__/useServiceComments.test.ts[2m > [22museServiceComments[2m > [22mdeleting comments[2m > [22mshould not allow customers to delete comments
[31m[1mAssertionError[22m: expected "vi.fn()" to not be called at all, but actually been called 1 times[90m

Received: 

[1m  1st vi.fn() call:

[22m    Array [
      "/api/services/c47ac10b-58cc-4372-a567-0e02b2c3d479/comments",
      Object {
        "headers": Object {
          "Content-Type": "application/json",
        },
        "method": "GET",
      },
    ]
[31m[90m

Number of calls: [1m1[22m
[31m[39m
[36m [2m❯[22m src/hooks/__tests__/useServiceComments.test.ts:[2m487:25[22m[39m
    [90m485| [39m      )[33m.[39mrejects[33m.[39m[34mtoThrow[39m([32m'Customers cannot delete comments'[39m)[33m;[39m
    [90m486| [39m
    [90m487| [39m      [34mexpect[39m(fetch)[33m.[39mnot[33m.[39m[34mtoHaveBeenCalled[39m()[33m;[39m
    [90m   | [39m                        [31m^[39m
    [90m488| [39m    })[33m;[39m
    [90m489| [39m  })[33m;[39m

[31m[2m⎯⎯⎯⎯⎯⎯⎯⎯⎯⎯⎯⎯⎯⎯⎯⎯⎯⎯⎯⎯⎯[48/377]⎯[22m[39m

[41m[1m FAIL [22m[49m src/hooks/__tests__/useServiceComments.test.ts[2m > [22museServiceComments[2m > [22mtemplate integration[2m > [22mshould fetch available templates for service type and status
[31m[1mAssertionError[22m: expected [] to deeply equal [ { id: 't1', …(2) }, …(1) ]

Ignored nodes: comments, script, style
[36m<html>[31m
  [36m<head />[31m
  [36m<body>[31m
    [36m<div />[31m
  [36m</body>[31m
[36m</html>[31m[39m

[32m- Expected[39m
[31m+ Received[39m

[32m- [[39m
[32m-   {[39m
[32m-     "id": "t1",[39m
[32m-     "name": "Processing Update",[39m
[32m-     "serviceTypes": [[39m
[32m-       "BACKGROUND_CHECK",[39m
[32m-     ],[39m
[32m-   },[39m
[32m-   {[39m
[32m-     "id": "t2",[39m
[32m-     "name": "Document Request",[39m
[32m-     "serviceTypes": [[39m
[32m-       "BACKGROUND_CHECK",[39m
[32m-     ],[39m
[32m-   },[39m
[32m- ][39m
[31m+ [][39m

[36m [2m❯[22m src/hooks/__tests__/useServiceComments.test.ts:[2m656:51[22m[39m
    [90m654| [39m
    [90m655| [39m      [35mawait[39m [34mwaitFor[39m(() [33m=>[39m {
    [90m656| [39m        expect(result.current.availableTemplates).toEqual(mockTemplate…
    [90m   | [39m                                                  [31m^[39m
    [90m657| [39m      })[33m;[39m
    [90m658| [39m
[90m [2m❯[22m runWithExpensiveErrorDiagnosticsDisabled node_modules/.pnpm/@testing-library+dom@10.4.1/node_modules/@testing-library/dom/dist/config.js:[2m47:12[22m[39m
[90m [2m❯[22m checkCallback node_modules/.pnpm/@testing-library+dom@10.4.1/node_modules/@testing-library/dom/dist/wait-for.js:[2m124:77[22m[39m
[90m [2m❯[22m Timeout.checkRealTimersCallback node_modules/.pnpm/@testing-library+dom@10.4.1/node_modules/@testing-library/dom/dist/wait-for.js:[2m118:16[22m[39m

[31m[2m⎯⎯⎯⎯⎯⎯⎯⎯⎯⎯⎯⎯⎯⎯⎯⎯⎯⎯⎯⎯⎯[49/377]⎯[22m[39m

[41m[1m FAIL [22m[49m src/lib/schemas/vendorSchemas.test.ts[2m > [22mVendor Schemas[2m > [22massignOrderToVendorSchema[2m > [22mvalid data[2m > [22mshould pass with vendor assignment
[31m[1mTypeError[22m: Cannot read properties of undefined (reading 'safeParse')[39m
[36m [2m❯[22m src/lib/schemas/vendorSchemas.test.ts:[2m297:50[22m[39m
    [90m295| [39m        }[33m;[39m
    [90m296| [39m
    [90m297| [39m        [35mconst[39m result [33m=[39m assignOrderToVendorSchema[33m.[39m[34msafeParse[39m(validData)[33m;[39m
    [90m   | [39m                                                 [31m^[39m
    [90m298| [39m        [34mexpect[39m(result[33m.[39msuccess)[33m.[39m[34mtoBe[39m([35mtrue[39m)[33m;[39m
    [90m299| [39m      })[33m;[39m

[31m[2m⎯⎯⎯⎯⎯⎯⎯⎯⎯⎯⎯⎯⎯⎯⎯⎯⎯⎯⎯⎯⎯[50/377]⎯[22m[39m

[41m[1m FAIL [22m[49m src/lib/schemas/vendorSchemas.test.ts[2m > [22mVendor Schemas[2m > [22massignOrderToVendorSchema[2m > [22mvalid data[2m > [22mshould pass with null vendorId for internal assignment
[31m[1mTypeError[22m: Cannot read properties of undefined (reading 'safeParse')[39m
[36m [2m❯[22m src/lib/schemas/vendorSchemas.test.ts:[2m308:50[22m[39m
    [90m306| [39m        }[33m;[39m
    [90m307| [39m
    [90m308| [39m        [35mconst[39m result [33m=[39m assignOrderToVendorSchema[33m.[39m[34msafeParse[39m(validData)[33m;[39m
    [90m   | [39m                                                 [31m^[39m
    [90m309| [39m        [34mexpect[39m(result[33m.[39msuccess)[33m.[39m[34mtoBe[39m([35mtrue[39m)[33m;[39m
    [90m310| [39m      })[33m;[39m

[31m[2m⎯⎯⎯⎯⎯⎯⎯⎯⎯⎯⎯⎯⎯⎯⎯⎯⎯⎯⎯⎯⎯[51/377]⎯[22m[39m

[41m[1m FAIL [22m[49m src/lib/schemas/vendorSchemas.test.ts[2m > [22mVendor Schemas[2m > [22massignOrderToVendorSchema[2m > [22mvalid data[2m > [22mshould pass without optional notes
[31m[1mTypeError[22m: Cannot read properties of undefined (reading 'safeParse')[39m
[36m [2m❯[22m src/lib/schemas/vendorSchemas.test.ts:[2m318:50[22m[39m
    [90m316| [39m        }[33m;[39m
    [90m317| [39m
    [90m318| [39m        [35mconst[39m result [33m=[39m assignOrderToVendorSchema[33m.[39m[34msafeParse[39m(validData)[33m;[39m
    [90m   | [39m                                                 [31m^[39m
    [90m319| [39m        [34mexpect[39m(result[33m.[39msuccess)[33m.[39m[34mtoBe[39m([35mtrue[39m)[33m;[39m
    [90m320| [39m      })[33m;[39m

[31m[2m⎯⎯⎯⎯⎯⎯⎯⎯⎯⎯⎯⎯⎯⎯⎯⎯⎯⎯⎯⎯⎯[52/377]⎯[22m[39m

[41m[1m FAIL [22m[49m src/lib/schemas/vendorSchemas.test.ts[2m > [22mVendor Schemas[2m > [22massignOrderToVendorSchema[2m > [22minvalid data[2m > [22mshould fail without orderId
[31m[1mTypeError[22m: Cannot read properties of undefined (reading 'safeParse')[39m
[36m [2m❯[22m src/lib/schemas/vendorSchemas.test.ts:[2m329:50[22m[39m
    [90m327| [39m        }[33m;[39m
    [90m328| [39m
    [90m329| [39m        const result = assignOrderToVendorSchema.safeParse(invalidData…
    [90m   | [39m                                                 [31m^[39m
    [90m330| [39m        [34mexpect[39m(result[33m.[39msuccess)[33m.[39m[34mtoBe[39m([35mfalse[39m)[33m;[39m
    [90m331| [39m      })[33m;[39m

[31m[2m⎯⎯⎯⎯⎯⎯⎯⎯⎯⎯⎯⎯⎯⎯⎯⎯⎯⎯⎯⎯⎯[53/377]⎯[22m[39m

[41m[1m FAIL [22m[49m src/lib/schemas/vendorSchemas.test.ts[2m > [22mVendor Schemas[2m > [22massignOrderToVendorSchema[2m > [22minvalid data[2m > [22mshould fail with empty orderId
[31m[1mTypeError[22m: Cannot read properties of undefined (reading 'safeParse')[39m
[36m [2m❯[22m src/lib/schemas/vendorSchemas.test.ts:[2m339:50[22m[39m
    [90m337| [39m        }[33m;[39m
    [90m338| [39m
    [90m339| [39m        const result = assignOrderToVendorSchema.safeParse(invalidData…
    [90m   | [39m                                                 [31m^[39m
    [90m340| [39m        [34mexpect[39m(result[33m.[39msuccess)[33m.[39m[34mtoBe[39m([35mfalse[39m)[33m;[39m
    [90m341| [39m      })[33m;[39m

[31m[2m⎯⎯⎯⎯⎯⎯⎯⎯⎯⎯⎯⎯⎯⎯⎯⎯⎯⎯⎯⎯⎯[54/377]⎯[22m[39m

[41m[1m FAIL [22m[49m src/components/comment-templates/CommentTemplateGrid.test.tsx[2m > [22mCommentTemplateGrid[2m > [22mAvailability Configuration[2m > [22mshould have All row that toggles all services for a status
[31m[1mAssertionError[22m: expected [ <button …(7)></button>, …(7) ] to have a length of 4 but got 8[39m

[32m- Expected[39m
[31m+ Received[39m

[32m- 4[39m
[31m+ 8[39m

[36m [2m❯[22m src/components/comment-templates/CommentTemplateGrid.test.tsx:[2m577:26[22m[39m
    [90m575| [39m      [90m// Check that it has checkboxes for each status[39m
    [90m576| [39m      [35mconst[39m checkboxes [33m=[39m [34mwithin[39m(allRow)[33m.[39m[34mgetAllByRole[39m([32m'checkbox'[39m)[33m;[39m
    [90m577| [39m      expect(checkboxes).toHaveLength(4); // DRAFT, SUBMITTED, PROCESS…
    [90m   | [39m                         [31m^[39m
    [90m578| [39m    })[33m;[39m
    [90m579| [39m

[31m[2m⎯⎯⎯⎯⎯⎯⎯⎯⎯⎯⎯⎯⎯⎯⎯⎯⎯⎯⎯⎯⎯[55/377]⎯[22m[39m

[41m[1m FAIL [22m[49m src/components/comment-templates/CommentTemplateGrid.test.tsx[2m > [22mCommentTemplateGrid[2m > [22mAvailability Configuration[2m > [22mshould display statuses in workflow order
[31m[1mError[22m[39m: [2mexpect([22m[31melement[39m[2m).toHaveTextContent()[22m

Expected element to have text content:
[32m  submitted[39m
Received:
[31m  pending[39m

Ignored nodes: comments, script, style
[36m<html>[39m
  [36m<head />[39m
  [36m<body>[39m
    [36m<div>[39m
      [36m<div[39m
        [33mclass[39m=[32m"w-full p-4"[39m
      [36m>[39m
        [36m<div[39m
          [33mclass[39m=[32m"space-y-6"[39m
        [36m>[39m
          [36m<div[39m
            [33mclass[39m=[32m"flex gap-4 items-end"[39m
          [36m>[39m
            [36m<div[39m
              [33mclass[39m=[32m"flex-1 max-w-md"[39m
            [36m>[39m
              [36m<label[39m
                [33mclass[39m=[32m"block text-sm font-medium mb-2"[39m
              [36m>[39m
                [0mSelect a template to edit[0m
              [36m</label>[39m
              [36m<button[39m
                [33maria-autocomplete[39m=[32m"none"[39m
                [33maria-controls[39m=[32m"radix-:r2t:"[39m
                [33maria-expanded[39m=[32m"false"[39m
                [33mclass[39m=[32m"flex h-7 w-full items-center justify-between rounded-md border border-gray-300 bg-white px-3 py-0 text-sm shadow-sm hover:border-gray-400 focus:border-blue-500 focus:outline-none focus:ring-2 focus:ring-blue-500/40 disabled:cursor-not-allowed disabled:opacity-50"[39m
                [33mdata-slot[39m=[32m"select-trigger"[39m
                [33mdata-state[39m=[32m"closed"[39m
                [33mdir[39m=[32m"ltr"[39m
                [33mrole[39m=[32m"combobox"[39m
                [33mstyle[39m=[32m"height: 28px; min-height: 28px; max-height: 28px; padding: 0px 8px; line-height: 28px;"[39m
                [33mtype[39m=[32m"button"[39m
              [36m>[39m
                [36m<span[39m
                  [33mdata-slot[39m=[32m"select-value"[39m
                  [33mstyle[39m=[32m"pointer-events: none;"[39m
                [36m>[39m
                  [0mMissing Doc[0m
                  [0m - [0m
                  [0mDocument Required - Customer Must Provide[0m
                [36m</span>[39m
                [36m<svg[39m
                  [33maria-hidden[39m=[32m"true"[39m
                  [33mclass[39m=[32m"lucide lucide-chevron-down h-4 w-4 opacity-70"[39m
                  [33mfill[39m=[32m"none"[39m
                  [33mheight[39m=[32m"24"[39m
                  [33mstroke[39m=[32m"currentColor"[39m
                  [33mstroke-linecap[39m=[32m"round"[39m
                  [33mstroke-linejoin[39m=[32m"round"[39m
                  [33mstroke-width[39m=[32m"2"[39m
                  [33mviewBox[39m=[32m"0 0 24 24"[39m
                  [33mwidth[39m=[32m"24"[39m
                  [33mxmlns[39m=[32m"http://www.w3.org/2000/svg"[39m
                [36m>[39m
                  [36m<path[39m
                    [33md[39m=[32m"m6 9 6 6 6-6"[39m
                  [36m/>[39m
                [36m</svg>[39m
              [36m</button>[39m
            [36m</div>[39m
            [36m<button[39m
              [33mclass[39m=[32m"inline-flex items-center justify-center gap-2 whitespace-nowrap rounded-md text-sm font-medium transition-[color,box-shadow] disabled:pointer-events-none disabled:opacity-50 [&_svg]:pointer-events-none [&_svg:not([class*='size-'])]:size-4 shrink-0 [&_svg]:shrink-0 outline-none focus-visible:border-ring focus-visible:ring-ring/50 focus-visible:ring-[3px] aria-invalid:ring-destructive/20 dark:aria-invalid:ring-destructive/40 aria-invalid:border-destructive bg-primary text-primary-foreground shadow-xs hover:bg-primary/90 h-9 px-4 py-2 has-[>svg]:px-3"[39m
              [33mdata-slot[39m=[32m"button"[39m
            [36m>[39m
              [0mAdd New Template[0m
            [36m</button>[39m
            [36m<button[39m
              [33mclass[39m=[32m"inline-flex items-center justify-center gap-2 whitespace-nowrap rounded-md text-sm font-medium transition-[color,box-shadow] disabled:pointer-events-none disabled:opacity-50 [&_svg]:pointer-events-none [&_svg:not([class*='size-'])]:size-4 shrink-0 [&_svg]:shrink-0 outline-none focus-visible:border-ring focus-visible:ring-ring/50 focus-visible:ring-[3px] aria-invalid:ring-destructive/20 dark:aria-invalid:ring-destructive/40 aria-invalid:border-destructive border border-input bg-background shadow-xs hover:bg-accent hover:text-accent-foreground h-9 px-4 py-2 has-[>svg]:px-3"[39m
              [33mdata-slot[39m=[32m"button"[39m
            [36m>[39m
              [0mEdit Selected[0m
            [36m</button>[39m
          [36m</div>[39m
          [36m<div[39m
            [33mclass[39m=[32m"border rounded-lg p-4 bg-gray-50"[39m
          [36m>[39m
            [36m<h3[39m
              [33mclass[39m=[32m"text-lg font-medium mb-2"[39m
            [36m>[39m
              [0mMissing Doc[0m
            [36m</h3>[39m
            [36m<p[39m
              [33mclass[39m=[32m"text-gray-600 mb-2"[39m
            [36m>[39m
              [0mDocument Required - Customer Must Provide[0m
            [36m</p>[39m
            [36m<p[39m
              [33mclass[39m=[32m"text-sm text-gray-500 italic"[39m
            [36m>[39m
              [0mPlease provide [document type] for [candidate name][0m
            [36m</p>[39m
          [36m</div>[39m
          [36m<div>[39m
            [36m<div[39m
              [33mclass[39m=[32m"flex justify-between items-center mb-4"[39m
            [36m>[39m
              [36m<h3[39m
                [33mclass[39m=[32m"text-lg font-medium"[39m
              [36m>[39m
                [0mAvailability Configuration: [0m
                [0mMissing Doc[0m
              [36m</h3>[39m
              [36m<button[39m
                [33mclass[39m=[32m"inline-flex items-center justify-center gap-2 whitespace-nowrap rounded-md text-sm font-medium transition-[color,box-shadow] disabled:pointer-events-none disabled:opacity-50 [&_svg]:pointer-events-none [&_svg:not([class*='size-'])]:size-4 shrink-0 [&_svg]:shrink-0 outline-none focus-visible:border-ring focus-visible:ring-ring/50 focus-visible:ring-[3px] aria-invalid:ring-destructive/20 dark:aria-invalid:ring-destructive/40 aria-invalid:border-destructive bg-primary text-primary-foreground shadow-xs hover:bg-primary/90 h-9 px-4 py-2 has-[>svg]:px-3"[39m
                [33mdata-slot[39m=[32m"button"[39m
              [36m>[39m
                [0mSave Configuration[0m
              [36m</button>[39m
            [36m</div>[39m
            [36m<p[39m
              [33mclass[39m=[32m"text-sm text-gray-600 mb-4"[39m
            [36m>[39m
              [0mSelect when this template should be available based on service and order status. Click category names to select all services in that category.[0m
            [36m</p>[39m
            [36m<div[39m
              [33mclass[39m=[32m"overflow-x-auto border rounded-lg"[39m
            [36m>[39m
              [36m<div[39m
                [33mclass[39m=[32m"rel...
[36m [2m❯[22m src/components/comment-templates/CommentTemplateGrid.test.tsx:[2m593:28[22m[39m
    [90m591| [39m        [90m// First header is 'Service', then the statuses in order[39m
    [90m592| [39m        [34mexpect[39m(headers[[34m1[39m])[33m.[39m[34mtoHaveTextContent[39m([32m'draft'[39m)[33m;[39m
    [90m593| [39m        [34mexpect[39m(headers[[34m2[39m])[33m.[39m[34mtoHaveTextContent[39m([32m'submitted'[39m)[33m;[39m
    [90m   | [39m                           [31m^[39m
    [90m594| [39m        [34mexpect[39m(headers[[34m3[39m])[33m.[39m[34mtoHaveTextContent[39m([32m'processing'[39m)[33m;[39m
    [90m595| [39m        [34mexpect[39m(headers[[34m4[39m])[33m.[39m[34mtoHaveTextContent[39m([32m'completed'[39m)[33m;[39m
[90m [2m❯[22m runWithExpensiveErrorDiagnosticsDisabled node_modules/.pnpm/@testing-library+dom@10.4.1/node_modules/@testing-library/dom/dist/config.js:[2m47:12[22m[39m
[90m [2m❯[22m checkCallback node_modules/.pnpm/@testing-library+dom@10.4.1/node_modules/@testing-library/dom/dist/wait-for.js:[2m124:77[22m[39m
[90m [2m❯[22m Timeout.checkRealTimersCallback node_modules/.pnpm/@testing-library+dom@10.4.1/node_modules/@testing-library/dom/dist/wait-for.js:[2m118:16[22m[39m

[31m[2m⎯⎯⎯⎯⎯⎯⎯⎯⎯⎯⎯⎯⎯⎯⎯⎯⎯⎯⎯⎯⎯[56/377]⎯[22m[39m

[41m[1m FAIL [22m[49m src/components/vendors/VendorForm.test.tsx[2m > [22mVendorForm Component[2m > [22mcreate mode[2m > [22mshould validate email format
[31m[1mTestingLibraryElementError[22m[39m: Unable to find an element with the text: /invalid email format/i. This could be because the text is broken up by multiple elements. In this case, you can provide a function for your text matcher to make your matcher more flexible.

Ignored nodes: comments, script, style
[36m<body>[39m
  [36m<div>[39m
    [36m<div[39m
      [33mclass[39m=[32m"vendor-form"[39m
    [36m>[39m
      [36m<form>[39m
        [36m<div[39m
          [33mclass[39m=[32m"form-table "[39m
        [36m>[39m
          [36m<table[39m
            [33mclass[39m=[32m"w-full"[39m
          [36m>[39m
            [36m<tbody>[39m
              [36m<tr[39m
                [33mclass[39m=[32m"form-row "[39m
              [36m>[39m
                [36m<td[39m
                  [33mclass[39m=[32m"form-label text-right py-2 pr-4 align-top"[39m
                [36m>[39m
                  [36m<label[39m
                    [33mclass[39m=[32m"font-medium text-sm"[39m
                    [33mfor[39m=[32m"name"[39m
                  [36m>[39m
                    [0mVendor Name[0m
                    [36m<span[39m
                      [33mclass[39m=[32m"text-red-500 ml-1"[39m
                    [36m>[39m
                      [0m*[0m
                    [36m</span>[39m
                  [36m</label>[39m
                [36m</td>[39m
                [36m<td[39m
                  [33mclass[39m=[32m"form-input py-2 align-top"[39m
                [36m>[39m
                  [36m<input[39m
                    [33mclass[39m=[32m"border-input file:text-foreground placeholder:text-muted-foreground selection:bg-primary selection:text-primary-foreground flex h-9 min-w-0 rounded-md border bg-transparent px-3 py-1 text-base shadow-xs transition-[color,box-shadow] outline-none file:inline-flex file:h-7 file:border-0 file:bg-transparent file:text-sm file:font-medium disabled:pointer-events-none disabled:cursor-not-allowed disabled:opacity-50 md:text-sm focus-visible:border-ring focus-visible:ring-ring/50 focus-visible:ring-[3px] aria-invalid:ring-destructive/20 dark:aria-invalid:ring-destructive/40 aria-invalid:border-destructive w-full"[39m
                    [33mdata-slot[39m=[32m"input"[39m
                    [33mid[39m=[32m"name"[39m
                    [33mname[39m=[32m"name"[39m
                    [33mtype[39m=[32m"text"[39m
                  [36m/>[39m
                [36m</td>[39m
                [36m<td[39m
                  [33mclass[39m=[32m"form-info text-xs text-gray-500 py-2 pl-4 align-top"[39m
                [36m>[39m
                  [0mRequired[0m
                [36m</td>[39m
              [36m</tr>[39m
              [36m<tr[39m
                [33mclass[39m=[32m"form-row "[39m
              [36m>[39m
                [36m<td[39m
                  [33mclass[39m=[32m"form-label text-right py-2 pr-4 align-top"[39m
                [36m>[39m
                  [36m<label[39m
                    [33mclass[39m=[32m"font-medium text-sm"[39m
                    [33mfor[39m=[32m"contactEmail"[39m
                  [36m>[39m
                    [0mContact Email[0m
                    [36m<span[39m
                      [33mclass[39m=[32m"text-red-500 ml-1"[39m
                    [36m>[39m
                      [0m*[0m
                    [36m</span>[39m
                  [36m</label>[39m
                [36m</td>[39m
                [36m<td[39m
                  [33mclass[39m=[32m"form-input py-2 align-top"[39m
                [36m>[39m
                  [36m<input[39m
                    [33mclass[39m=[32m"border-input file:text-foreground placeholder:text-muted-foreground selection:bg-primary selection:text-primary-foreground flex h-9 min-w-0 rounded-md border bg-transparent px-3 py-1 text-base shadow-xs transition-[color,box-shadow] outline-none file:inline-flex file:h-7 file:border-0 file:bg-transparent file:text-sm file:font-medium disabled:pointer-events-none disabled:cursor-not-allowed disabled:opacity-50 md:text-sm focus-visible:border-ring focus-visible:ring-ring/50 focus-visible:ring-[3px] aria-invalid:ring-destructive/20 dark:aria-invalid:ring-destructive/40 aria-invalid:border-destructive w-full"[39m
                    [33mdata-slot[39m=[32m"input"[39m
                    [33mid[39m=[32m"contactEmail"[39m
                    [33mname[39m=[32m"contactEmail"[39m
                    [33mtype[39m=[32m"email"[39m
                  [36m/>[39m
                [36m</td>[39m
                [36m<td[39m
                  [33mclass[39m=[32m"form-info text-xs text-gray-500 py-2 pl-4 align-top"[39m
                [36m>[39m
                  [0mRequired[0m
                [36m</td>[39m
              [36m</tr>[39m
              [36m<tr[39m
                [33mclass[39m=[32m"form-row "[39m
              [36m>[39m
                [36m<td[39m
                  [33mclass[39m=[32m"form-label text-right py-2 pr-4 align-top"[39m
                [36m>[39m
                  [36m<label[39m
                    [33mclass[39m=[32m"font-medium text-sm"[39m
                    [33mfor[39m=[32m"contactPhone"[39m
                  [36m>[39m
                    [0mContact Phone[0m
                    [36m<span[39m
                      [33mclass[39m=[32m"text-red-500 ml-1"[39m
                    [36m>[39m
                      [0m*[0m
                    [36m</span>[39m
                  [36m</label>[39m
                [36m</td>[39m
                [36m<td[39m
                  [33mclass[39m=[32m"form-input py-2 align-top"[39m
                [36m>[39m
                  [36m<input[39m
                    [33mclass[39m=[32m"border-input file:text-foreground placeholder:text-muted-foreground selection:bg-primary selection:text-primary-foreground flex h-9 min-w-0 rounded-md border bg-transparent px-3 py-1 text-base shadow-xs transition-[color,box-shadow] outline-none file:inline-flex file:h-7 file:border-0 file:bg-transparent file:text-sm file:font-medium disabled:pointer-events-none disabled:cursor-not-allowed disabled:opacity-50 md:text-sm focus-visible:border-ring focus-visible:ring-ring/50 focus-visible:ring-[3px] aria-invalid:ring-destructive/20 dark:aria-invalid:ring-destructive/40 aria-invalid:border-destructive w-full"[39m
                    [33mdata-slot[39m=[32m"input"[39m
                    [33mid[39m=[32m"contactPhone"[39m
                    [33mname[39m=[32m"contactPhone"[39m
                    [33mtype[39m=[32m"tel"[39m
                  [36m/>[39m
                [36m</td>[39m
                [36m<td[39m
                  [33mclass[39m=[32m"form-info text-xs text-gray-500 py-2 pl-4 align-top"[39m
                [36m>[39m
                  [0mRequired[0m
                [36m</td>[39m
              [36m</tr>[39m
              [36m<tr[39m
                [33mclass[39m=[32m"form-row "[39m
              [36m>[39m
                [36m<td[39m
                  [33mclass[39m=[32m"form-label text-right py-2 pr-4 align-top"[39m
                [36m>[39m
                  [36m<label[39m
                    [33mclass[39m=[32m"font-medium text-sm"[39m
                    [33mfor[39m=[32m"address"[39m
                  [36m>[39m
                    [0mAddress[0m
                  [36m</label>[39m
                [36m</td>[39m
                [36m<td[39m
                  [33mclass[39m=[32m"form-input py-2 align-top"[39m
                [36m>[39m
                  [36m<input[39m
                    [33mclass[39m=[32m"border-input file:text-foreground placeholder:text-muted-foreground selection:bg-primary selection:text-primary-foreground flex h-9 min-w-0 rounded-md border bg-transparent px-3 py-1 text-base shadow-xs transition-[color,box-shadow] outline-none file:inline-flex file:h-7 file:border-0 file:bg-transparent file:text-sm file:font-medium disabled:pointer-events-none disabled:cursor-not-allowed disabled:opacity-50 md:text-sm focus-visible:border-ring focus-visible:ring-ring/50 focus-visible:ring-[3px] aria-invalid:ring-destructive/20 dark:aria-invalid:ring-destructive/40 aria-invalid:border-destructive w-full"[39m
                    [33mdata-slot[39m=[32m"input"[39m
                    [33mid[39m=[32m"address"[39m
                    [33mname[39m=[32m"address"[39m
                    [33mtype[39m=[32m"text"[39m
                  [36m/>[39m
                [36m</td>[39m
                [36m<td[39m
                  [33mclass[39m=[32m"form-info text-xs text-gray-500 py-2 pl-4 align-top"[39m
                [36m>[39m
                  [0mOptional[0m
                [36m</td>[39m
              [36m</tr>[39m
              [36m<tr[39m
                [33mclass[39m=[32m"form-row "[39m
              [36m>[39m
                [36m<td[39m
                  [33mclass[39m=[32m"form-label text-right py-2 pr-4 align-top"[39m
                [36m>[39m
                  [36m<label[39m
                    [33mclass[39m=[32m"font-medium text-sm"[39m
                    [33mfor[39m=[32m"notes"[39m
                  [36m>[39m
                    [0mNotes[0m
                  [36m</label>[39m
                [36m</td>[39m
                [36m<td[39m
                  [33mclass[39m=[32m"form-input py-2 align-top"[39m
                [36m>[39m
                  [36m<textarea[39m
                    [33mclass[39m=[32m"w-full min-h-[80px] border rounded-md px-3 py-2"[39m
                    [33mid[39m=[32m"notes"[39m
                    [33mname[39m=[32m"notes"[39m
                    [33mrows[39m=[32m"3"[39m
                  [36m/>[39m
                [36m</td>[39m
                [36m<td[39m
                  [33mclass[39m=[32m"form-info text-xs text-gray-500 py-2 pl-4 align-top"[39m
                [36m>[39m
                  [0mOptional[0m
                [36m</td>[39m
              [36m</tr>[39m
              [36m<tr[39m
                [33mclass[39m=[32m"form-row "[39m
              [36m>[39m
                [36m<td[39m
                  [33mclass[39m=[32m"form-label text-right py-2 pr-4 align-top"[39m
                [36m>[39m
                  [36m<label[39m
                    [33mclass[39m=[32m"font-medium text-sm"[39m
                    [33mfor[39m=[32m"isActive"[39m
                  [36m>[39m
                    [0mActive[0m
                  [36m</label>[39m
                [36m</td>[39m
                [36m<td[39m
                  [33mclass[39m=[32m"form-input py-2 align-top"[39m
                [36m>[39m
                  [36m<div[39m
                    [33mclass[39m=[32m"flex items-center"[39m
                  [36m>[39m
                    [36m<input[39m
                      [33mclass[39m=[32m"mr-2"[39m
                      [33mid[39m=[32m"isActive"[39m
                      [33mname[39m=[32m"isActive"[39m
                      [33mtype[39m=[32m"checkbox"[39m
                    [36m/>[39m
                    [36m<label[39m
                      [33mclass[39m=[32m"text-sm"[39m
                      [33mfor[39m=[32m"isActive"[39m
                    [36m>[39m
                      [0mVendor is active and can receive orders[0m
                    [36m</label>[39m
                  [36m</div>[39m
                [36m</td>[39m
                [36m<td[39m
                  [33mclass[39m=[32m"form-info text-xs text-gray-500 py-2 pl-4 align-top"[39m
                [36m>[39m
                  [0mOptional[0m
                [36m</td>[39m
              [36m</tr>[39m
              [36m<tr[39m
                [33mclass[39m=[32m"form-row "[39m
              [36m>[39m
                [36m<td[39m
                  [33mclass[39m=[32m"form-label text-right py-2 pr-4 align-top"[39m
                [36m>[39m
                  [36m<label[39m
                    [33mclass[39m=[32m"font-medium text-sm"[39m
                    [33mfor[39m=[32m"isPrimary"[39m
                  [36m>[39m
                    [0mPrimary Vendor[0m
                  [36m</label>[39m
                [36m</td>[39m
                [36m<td[39m
                  [33mclass[39m=[32m"form-input py-2 align-top"[39m
                [36m>[39m
                  [36m<div[39m
                    [33mclass[39m=[32m"flex flex-col"[39m
                  [36m>[39m
                    [36m<div[39m
                      [33mclass[39m=[32m"flex items-center"[39m
                    [36m>[39m
                      [36m<input[39m
                        [33mclass[39m=[32m"mr-2"[39m
                        [33mid[39m=[32m"isPrimary"[39m
                        [33mname[39m=[32m"isPrimary"[39m
                        [33mtype[39m=[32m"checkbox"[39m
                      [36m/>[39m
                      [36m<label[39m
                        [33mclass[39m=[32m"text-sm"[39m
                        [33mfor[39m=[32m"isPrimary"[39m
                      [36m>[39m
                        [0mSet as primary vendor for automatic order assignment[0m
                      [36m</label>[39m
                    [36m</div>[39m
                  [36m</div>[39m
                [36m</td>[39m
                [36m<td[39m
                  [33mclass[39m=[32m"form-info text-xs text-gray-500 py-2 pl-4 align-top"[39m
                [36m>[39m
                  [0mOptional[0m
                [36m</td>[39m
              [36m</tr>[39m
            [36m</tbody>[39m
          [36m</table>[39m
        [36m</div>[39m
        [36m<div[39m
          [33mclass[39m=[32m"flex justify-end space-x-4 mt-6 "[39m
        [36m>[39m
          [36m<button[39m
            [33mclass[39m=[32m"inline-flex items-center justify-center gap-2 whitespace-nowrap rounded-md text-sm font-medium transition-[color,box-shadow] disabled:pointer-events-none disabled:opacity-50 [&_svg]:pointer-events-none [&_svg:not([class*='size-'])]:size-4 shrink-0 [&_svg]:shrink-0 outline-none focus-visible:border-ring focus-visible:ring-ring/50 focus-visible:ring-[3px] aria-invalid:ring-destructive/20 dark:aria-invalid:ring-destructive/40 aria-invalid:border-destructive border border-input bg-background shadow-xs hover:bg-accent hover:text-accent-foreground h-9 px-4 py-2 has-[>svg]:px-3"[39m
            [33mdata-slot[39m=[32m"button"[39m
            [33mtype[39m=[32m"button"[39m
          [36m>[39m
            [0mCancel[0m
          [36m</button>[39m
          [36m<button[39m
            [33mclass[39m=[32m"inline-flex items-center justify-center gap-2 whitespace-nowrap rounded-md text-sm font-medium transition-[color,box-shadow] disabled:pointer-events-none disabled:opacity-50 [&_svg]:pointer-events-none [&_svg:not([class*='size-'])]:size-4 shrink-0 [&_svg]:shrink-0 outline-none focus-visible:border-ring focus-visible:ring-ring/50 focus-visible:ring-[3px] aria-invalid:ring-destructive/20 dark:aria-invalid:ring-destructive/40 aria-invalid:border-destructive bg-primary text-primary-foreground shadow-xs hover:bg-primary/90 h-9 px-4 py-2 has-[>svg]:px-3"[39m
            [33mdata-slot[39m=[32m"button"[39m
            [33mtype[39m=[32m"submit"[39m
          [36m>[39m
            [0mSave[0m
          [36m</button>[39m
        [36m</div>[39m
      [36m</form>[39m
    [36m</div>[39m
  [36m</div>[39m
[36m</body>[39m

Ignored nodes: comments, script, style
[36m<html>[39m
  [36m<head />[39m
  [36m<body>[39m
    [36m<div>[39m
      [36m<div[39m
        [33mclass[39m=[32m"vendor-form"[39m
      [36m>[39m
        [36m<form>[39m
          [36m<div[39m
            [33mclass[39m=[32m"form-table "[39m
          [36m>[39m
            [36m<table[39m
              [33mclass[39m=[32m"w-full"[39m
            [36m>[39m
              [36m<tbody>[39m
                [36m<tr[39m
                  [33mclass[39m=[32m"form-row "[39m
                [36m>[39m
                  [36m<td[39m
                    [33mclass[39m=[32m"form-label text-right py-2 pr-4 align-top"[39m
                  [36m>[39m
                    [36m<label[39m
                      [33mclass[39m=[32m"font-medium text-sm"[39m
                      [33mfor[39m=[32m"name"[39m
                    [36m>[39m
                      [0mVendor Name[0m
                      [36m<span[39m
                        [33mclass[39m=[32m"text-red-500 ml-1"[39m
                      [36m>[39m
                        [0m*[0m
                      [36m</span>[39m
                    [36m</label>[39m
                  [36m</td>[39m
                  [36m<td[39m
                    [33mclass[39m=[32m"form-input py-2 align-top"[39m
                  [36m>[39m
                    [36m<input[39m
                      [33mclass[39m=[32m"border-input file:text-foreground placeholder:text-muted-foreground selection:bg-primary selection:text-primary-foreground flex h-9 min-w-0 rounded-md border bg-transparent px-3 py-1 text-base shadow-xs transition-[color,box-shadow] outline-none file:inline-flex file:h-7 file:border-0 file:bg-transparent file:text-sm file:font-medium disabled:pointer-events-none disabled:cursor-not-allowed disabled:opacity-50 md:text-sm focus-visible:border-ring focus-visible:ring-ring/50 focus-visible:ring-[3px] aria-invalid:ring-destructive/20 dark:aria-invalid:ring-destructive/40 aria-invalid:border-destructive w-full"[39m
                      [33mdata-slot[39m=[32m"input"[39m
                      [33mid[39m=[32m"name"[39m
                      [33mname[39m=[32m"name"[39m
                      [33mtype[39m=[32m"text"[39m
                    [36m/>[39m
                  [36m</td>[39m
                  [36m<td[39m
                    [33mclass[39m=[32m"form-info text-xs text-gray-500 py-2 pl-4 align-top"[39m
                  [36m>[39m
                    [0mRequired[0m
                  [36m</td>[39m
                [36m</tr>[39m
                [36m<tr[39m
                  [33mclass[39m=[32m"form-row "[39m
                [36m>[39m
                  [36m<td[39m
                    [33mclass[39m=[32m"form-label text-right py-2 pr-4 align-top"[39m
                  [36m>[39m
                    [36m<label[39m
                      [33mclass[39m=[32m"font-medium text-sm"[39m
                      [33mfor[39m=[32m"contactEmail"[39m
                    [36m>[39m
                      [0mContact Email[0m
                      [36m<span[39m
                        [33mclass[39m=[32m"text-red-500 ml-1"[39m
                      [36m>[39m
                        [0m*[0m
                      [36m</span>[39m
                    [36m</label>[39m
                  [36m</td>[39m
                  [36m<td[39m
                    [33mclass[39m=[32m"form-input py-2 align-top"[39m
                  [36m>[39m
                    [36m<input[39m
                      [33mclass[39m=[32m"border-input file:text-foreground placeholder:text-muted-foreground selection:bg-primary selection:text-primary-foreground flex h-9 min-w-0 rounded-md border bg-transparent px-3 py-1 text-base shadow-xs transition-[color,box-shadow] outline-none file:inline-flex file:h-7 file:border-0 file:bg-transparent file:text-sm file:font-medium disabled:pointer-events-none disabled:cursor-not-allowed disabled:opacity-50 md:text-sm focus-visible:border-ring focus-visible:ring-ring/50 focus-visible:ring-[3px] aria-invalid:ring-destructive/20 dark:aria-invalid:ring-destructive/40 aria-invalid:border-destructive w-full"[39m
                      [33mdata-slot[39m=[32m"input"[39m
                      [33mid[39m=[32m"contactEmail"[39m
                      [33mname[39m=[32m"contactEmail"[39m
                      [33mtype[39m=[32m"email"[39m
                    [36m/>[39m
                  [36m</td>[39m
                  [36m<td[39m
                    [33mclass[39m=[32m"form-info text-xs text-gray-500 py-2 pl-4 align-top"[39m
                  [36m>[39m
                    [0mRequired[0m
                  [36m</td>[39m
                [36m</tr>[39m
                [36m<tr[39m
                  [33mclass[39m=[32m"form-row "[39m
                [36m>[39m
                  [36m<td[39m
                    [33mclass[39m=[32m"form-label text-right py-2 pr-4 align-top"[39m
                  [36m>[39m
                    [36m<label[39m
                      [33mclass[39m=[32m"font-medium text-sm"[39m
                      [33mfor[39m=[32m"contactPhone"[39m
                    [36m>[39m
                      [0mContact Phone[0m
                      [36m<span[39m
                        [33mclass[39m=[32m"text-red-500 ml-1"[39m
                      [36m>[39m
                        [0m*[0m
                      [36m</span>[39m
                    [36m</label>[39m
                  [36m</td>[39m
                  [36m<td[39m
                    [33mclass[39m=[32m"form-input py-2 align-top"[39m
                  [36m>[39m
                    [36m<input[39m
                      [33mclass[39m=[32m"border-input file:text-foreground placeholder:text-muted-foreground selection:bg-primary selection:text-primary-foreground flex h-9 min-w-0 rounded-md border bg-transparent px-3 py-1 text-base shadow-xs transition-[color,box-shadow] outline-none file:inline-flex file:h-7 file:border-0 file:bg-transparent file:text-sm file:font-medium disabled:pointer-events-none disabled:cursor-not-allowed disabled:opacity-50 md:text-sm focus-visible:border-ring focus-visible:ring-ring/50 focus-visible:ring-[3px] aria-invalid:ring-destructive/20 dark:aria-invalid:ring-destructive/40 aria-invalid:border-destructive w-full"[39m
                      [33mdata-slot[39m=[32m"input"[39m
                      [33mid[39m=[32m"contactPhone"[39m
                      [33mname[39m=[32m"contactPhone"[39m
                      [33mtype[39m=[32m"tel"[39m
                    [36m/>[39m
                  [36m</td>[39m
                  [36m<td[39m
                    [33mclass[39m=[32m"form-info text-xs text-gray-500 py-2 pl-4 align-top"[39m
                  [36m>[39m
                    [0mRequired[0m
                  [36m</td>[39m
                [36m</tr>[39m
                [36m<tr[39m
                  [33mclass[39m=[32m"form-row "[39m
                [36m>[39m
                  [36m<td[39m
                    [33mclass[39m=[32m"form-label text-right py-2 pr-4 align-top"[39m
                  [36m>[39m
                    [36m<label[39m
                      [33mclass[39m=[32m"font-medium text-sm"[39m
                      [33mfor[39m=[32m"address"[39m
                    [36m>[39m
                      [0mAddress[0m
                    [36m</label>[39m
                  [36m</td>[39m
                  [36m<td[39m
                    [33mclass[39m=[32m"form-input py-2 align-top"[39m
                  [36m>[39m
                    [36m<input[39m
                      [33mclass[39m=[32m"border-input file:text-foreground placeholder:text-muted-foreground selection:bg-primary selection:text-primary-foreground flex h-9 min-w-0 rounded-md border bg-transparent px-3 py-1 text-base shadow-xs transition-[color,box-shadow] outline-none file:inline-flex file:h-7 file:border-0 file:bg-transparent file:text-sm file:font-medium disabled:pointer-events-none disabled:cursor-not-allowed disabled:opacity-50 md:text-sm focus-visible:border-ring focus-visible:ring-ring/50 focus-visible:ring-[3px] aria-invalid:ring-destructive/20 dark:aria-invalid:ring-destructive/40 aria-invalid:border-destructive w-full"[39m
                      [33mdata-slot[39m=[32m"input"[39m
                      [33mid[39m=[32m"address"[39m
                      [33mname[39m=[32m"address"[39m
                      [33mtype[39m=[32m"text"[39m
                    [36m/>[39m
                  [36m</td>[39m
                  [36m<td[39m
                    [33mclass[39m=[32m"form-info text-xs text-gray-500 py-2 pl-4 align-top"[39m
                  [36m>[39m
                    [0mOptional[0m
                  [36m</td>[39m
                [36m</tr>[39m
                [36m<tr[39m
                  [33mclass[39m=[32m"form-row "[39m
                [36m>[39m
                  [36m<td[39m
                    [33mclass[39m=[32m"form-label text-right py-2 pr-4 align-top"[39m
                  [36m>[39m
                    [36m<label[39m
                      [33mclass[39m=[32m"font-medium text-sm"[39m
                      [33mfor[39m=[32m"notes"[39m
                    [36m>[39m
                      [0mNotes[0m
                    [36m</label>[39m
                  [36m</td>[39m
                  [36m<td[39m
                    [33mclass[39m=[32m"form-input py-2 align-top"[39m
                  [36m>[39m
                    [36m<textarea[39m
                      [33mclass[39m=[32m"w-full min-h-[80px] border rounded-md px-3 py-2"[39m
                      [33mid[39m=[32m"notes"[39m
                      [33mname[39m=[32m"notes"[39m
                      [33mrows[39m=[32m"3"[39m
                    [36m/>[39m
                  [36m</td>[39m
                  [36m<td[39m
                    [33mclass[39m=[32m"form-info text-xs text-gray-500 py-2 pl-4 align-top"[39m
                  [36m>[39m
                    [0mOptional[0m
                  [36m</td>[39m
                [36m</tr>[39m
                [36m<tr[39m
                  [33mclass[39m=[32m"form-row "[39m
                [36m>[39m
                  [36m<td[39m
                    [33mclass[39m=[32m"form-label text-right py-2 pr-4 align-top"[39m
                  [36m>[39m
                    [36m<label[39m
                      [33mclass[39m=[32m"font-medium text-sm"[39m
                      [33mfor[39m=[32m"isActive"[39m
                    [36m>[39m
                      [0mActive[0m
                    [36m</label>[39m
                  [36m</td>[39m
                  [36m<td[39m
                    [33mclass[39m=[32m"form-input py-2 align-top"[39m
                  [36m>[39m
                    [36m<div[39m
                      [33mclass[39m=[32m"flex items-center"[39m
                    [36m>[39m
                      [36m<input[39m
                        [33mclass[39m=[32m"mr-2"[39m
                        [33mid[39m=[32m"isActive"[39m
                        [33mname[39m=[32m"isActive"[39m
                        [33mtype[39m=[32m"checkbox"[39m
                      [36m/>[39m
                      [36m<label[39m
                        [33mclass[39m=[32m"text-sm"[39m
                        [33mfor[39m=[32m"isActive"[39m
                      [36m>[39m
                        [0mVendor is active and can receive orders[0m
                      [36m</label>[39m
                    [36m</div>[39m
                  [36m</td>[39m
                  [36m<td[39m
                    [33mclass[39m=[32m"form-info text-xs text-gray-500 py-2 pl-4 align-top"[39m
                  [36m>[39m
                    [0mOptional[0m
                  [36m</td>[39m
                [36m</tr>[39m
                [36m<tr[39m
                  [33mclass[39m=[32m"form-row "[39m
                [36m>[39m
                  [36m<td[39m
                    [33mclass[39m=[32m"form-label text-right py-2 pr-4 align-top"[39m
                  [36m>[39m
                    [36m<label[39m
                      [33mclass[39m=[32m"font-medium text-sm"[39m
                      [33mfor[39m=[32m"isPrimary"[39m
                    [36m>[39m
                      [0mPrimary Vendor[0m
                    [36m</label>[39m
                  [36m</td>[39m
                  [36m<td[39m
                    [33mclass[39m=[32m"form-input py-2 align-top"[39m
                  [36m>[39m
                    [36m<div[39m
                      [33mclass[39m=[32m"flex flex-col"[39m
                    [36m>[39m
                      [36m<div[39m
                        [33mclass[39m=[32m"flex items-center"[39m
                      [36m>[39m
                        [36m<input[39m
                          [33mclass[39m=[32m"mr-2"[39m
                          [33mid[39m=[32m"isPrimary"[39m
                          [33mname[39m=[32m"isPrimary"[39m
                          [33mtype[39m=[32m"checkbox"[39m
                        [36m/>[39m
                        [36m<label[39m
                          [33mclass[39m=[32m"text-sm"[39m
                          [33mfor[39m=[32m"isPrimary"[39m
                        [36m>[39m
                          [0mSet as primary vendor for automatic order assignment[0m
                        [36m</label>[39m
                      [36m</div>[39m
                    [36m</div>[39m
                  [36m</td>[39m
                  [36m<td[39m
                    [33mclass[39m=[32m"form-info text-xs text-gray-500 py-2 pl-4 align-top"[39m
                  [36m>[39m
                    [0mOptional[0m
                  [36m</td>[39m
                [36m</tr>[39m
              [36m</tbody>[39m
            [36m</table>[39m
          [36m</div>[39m
          [36m<div[39m
            [33mclass[39m=[32m"flex justify-end space-x-4 mt-6 "[39m
          [36m>[39m
            [36m<button[39m
              [33mclass[39m=[32m"inline-flex items-center justify-center gap-2 whitespace-nowrap rounded-md text-sm font-medium transition-[color,box-shadow] disabled:pointer-events-none disabled:opacity-50 [&_svg]:pointer-events-none [&_svg:not([class*='size-'])]:size-4 shrink-0 [&_svg]:shrink-0 outline-none focus-visible:border-ring focus-visible:ring-ring/50 focus-visible:ring-[3px] aria-invalid:ring-destructive/20 dark:aria-invalid:ring-destructive/40 aria-invalid:border-destructive border border-input bg-background shadow-xs hover:bg-accent hover:text-accent-foreground h-9 px-4 py-2 has-[>svg]:px-3"[39m
              [33mdata-slot[39m=[32m"button"[39m
              [33mtype[39m=[32m"button"[39m
            [36m>[39m
              [0mCancel[0m
            [36m</button>[39m
            [36m<button[39m
              [33mclass[39m=[32m"inline-flex items-center justify-center gap-2 whitespace-nowrap rounded-md text-sm font-medium transition-[color,box-shadow] disabled:pointer-events-none disabled:opacity-50 [&_svg]:pointer-events-none [&_svg:not([class*='size-'])]:size-4 shrink-0 [&_svg]:shrink-0 outline-none focus-visible:border-ring focus-visible:ring-ring/50 focus-visible:ring-[3px] aria-invalid:ring-destructive/20 dark:aria-invalid:ring-destructive/40 aria-invalid:border-destructive bg-primary text-primary-foreground shadow-xs hover:bg-primary/90 h-9 px-4 py-2 has-[>svg]:px-3"[39m
              [33mdata-slot[39m=[32m"button"[39m
              [33mtype[39m=[32m"submit"[39m
            [36m>[39m
              [0mSave[0m
            [36m</button>[39m
          [36m</div>[39m
        [36m</form>[39m
      [36m</div>[39m
    [36m</div>[39m
  [36m</body>[39m
[36m</html>[39m
[90m [2m❯[22m waitForWrapper node_modules/.pnpm/@testing-library+dom@10.4.1/node_modules/@testing-library/dom/dist/wait-for.js:[2m163:27[22m[39m
[36m [2m❯[22m src/components/vendors/VendorForm.test.tsx:[2m59:13[22m[39m
    [90m 57| [39m
    [90m 58| [39m      // The validation should prevent submission, showing error messa…
    [90m 59| [39m      [35mawait[39m [34mwaitFor[39m(() [33m=>[39m {
    [90m   | [39m            [31m^[39m
    [90m 60| [39m        expect(screen.getByText(/invalid email format/i)).toBeInTheDoc…
    [90m 61| [39m      }[33m,[39m { timeout[33m:[39m [34m3000[39m })[33m;[39m

[31m[2m⎯⎯⎯⎯⎯⎯⎯⎯⎯⎯⎯⎯⎯⎯⎯⎯⎯⎯⎯⎯⎯[57/377]⎯[22m[39m

[41m[1m FAIL [22m[49m src/components/vendors/VendorForm.test.tsx[2m > [22mVendorForm Component[2m > [22mcreate mode[2m > [22mshould submit form with valid data
[31m[1mAssertionError[22m[39m: expected "vi.fn()" to be called with arguments: [ { id: 'new-vendor', …(1) } ][90m

Number of calls: [1m0[22m
[39m

Ignored nodes: comments, script, style
[36m<html>[39m
  [36m<head />[39m
  [36m<body>[39m
    [36m<div>[39m
      [36m<div[39m
        [33mclass[39m=[32m"vendor-form"[39m
      [36m>[39m
        [36m<form>[39m
          [36m<div[39m
            [33mclass[39m=[32m"form-table "[39m
          [36m>[39m
            [36m<table[39m
              [33mclass[39m=[32m"w-full"[39m
            [36m>[39m
              [36m<tbody>[39m
                [36m<tr[39m
                  [33mclass[39m=[32m"form-row "[39m
                [36m>[39m
                  [36m<td[39m
                    [33mclass[39m=[32m"form-label text-right py-2 pr-4 align-top"[39m
                  [36m>[39m
                    [36m<label[39m
                      [33mclass[39m=[32m"font-medium text-sm"[39m
                      [33mfor[39m=[32m"name"[39m
                    [36m>[39m
                      [0mVendor Name[0m
                      [36m<span[39m
                        [33mclass[39m=[32m"text-red-500 ml-1"[39m
                      [36m>[39m
                        [0m*[0m
                      [36m</span>[39m
                    [36m</label>[39m
                  [36m</td>[39m
                  [36m<td[39m
                    [33mclass[39m=[32m"form-input py-2 align-top"[39m
                  [36m>[39m
                    [36m<input[39m
                      [33mclass[39m=[32m"border-input file:text-foreground placeholder:text-muted-foreground selection:bg-primary selection:text-primary-foreground flex h-9 min-w-0 rounded-md border bg-transparent px-3 py-1 text-base shadow-xs transition-[color,box-shadow] outline-none file:inline-flex file:h-7 file:border-0 file:bg-transparent file:text-sm file:font-medium disabled:pointer-events-none disabled:cursor-not-allowed disabled:opacity-50 md:text-sm focus-visible:border-ring focus-visible:ring-ring/50 focus-visible:ring-[3px] aria-invalid:ring-destructive/20 dark:aria-invalid:ring-destructive/40 aria-invalid:border-destructive w-full"[39m
                      [33mdata-slot[39m=[32m"input"[39m
                      [33mid[39m=[32m"name"[39m
                      [33mname[39m=[32m"name"[39m
                      [33mtype[39m=[32m"text"[39m
                    [36m/>[39m
                  [36m</td>[39m
                  [36m<td[39m
                    [33mclass[39m=[32m"form-info text-xs text-gray-500 py-2 pl-4 align-top"[39m
                  [36m>[39m
                    [0mRequired[0m
                  [36m</td>[39m
                [36m</tr>[39m
                [36m<tr[39m
                  [33mclass[39m=[32m"form-row "[39m
                [36m>[39m
                  [36m<td[39m
                    [33mclass[39m=[32m"form-label text-right py-2 pr-4 align-top"[39m
                  [36m>[39m
                    [36m<label[39m
                      [33mclass[39m=[32m"font-medium text-sm"[39m
                      [33mfor[39m=[32m"contactEmail"[39m
                    [36m>[39m
                      [0mContact Email[0m
                      [36m<span[39m
                        [33mclass[39m=[32m"text-red-500 ml-1"[39m
                      [36m>[39m
                        [0m*[0m
                      [36m</span>[39m
                    [36m</label>[39m
                  [36m</td>[39m
                  [36m<td[39m
                    [33mclass[39m=[32m"form-input py-2 align-top"[39m
                  [36m>[39m
                    [36m<input[39m
                      [33mclass[39m=[32m"border-input file:text-foreground placeholder:text-muted-foreground selection:bg-primary selection:text-primary-foreground flex h-9 min-w-0 rounded-md border bg-transparent px-3 py-1 text-base shadow-xs transition-[color,box-shadow] outline-none file:inline-flex file:h-7 file:border-0 file:bg-transparent file:text-sm file:font-medium disabled:pointer-events-none disabled:cursor-not-allowed disabled:opacity-50 md:text-sm focus-visible:border-ring focus-visible:ring-ring/50 focus-visible:ring-[3px] aria-invalid:ring-destructive/20 dark:aria-invalid:ring-destructive/40 aria-invalid:border-destructive w-full"[39m
                      [33mdata-slot[39m=[32m"input"[39m
                      [33mid[39m=[32m"contactEmail"[39m
                      [33mname[39m=[32m"contactEmail"[39m
                      [33mtype[39m=[32m"email"[39m
                    [36m/>[39m
                  [36m</td>[39m
                  [36m<td[39m
                    [33mclass[39m=[32m"form-info text-xs text-gray-500 py-2 pl-4 align-top"[39m
                  [36m>[39m
                    [0mRequired[0m
                  [36m</td>[39m
                [36m</tr>[39m
                [36m<tr[39m
                  [33mclass[39m=[32m"form-row "[39m
                [36m>[39m
                  [36m<td[39m
                    [33mclass[39m=[32m"form-label text-right py-2 pr-4 align-top"[39m
                  [36m>[39m
                    [36m<label[39m
                      [33mclass[39m=[32m"font-medium text-sm"[39m
                      [33mfor[39m=[32m"contactPhone"[39m
                    [36m>[39m
                      [0mContact Phone[0m
                      [36m<span[39m
                        [33mclass[39m=[32m"text-red-500 ml-1"[39m
                      [36m>[39m
                        [0m*[0m
                      [36m</span>[39m
                    [36m</label>[39m
                  [36m</td>[39m
                  [36m<td[39m
                    [33mclass[39m=[32m"form-input py-2 align-top"[39m
                  [36m>[39m
                    [36m<input[39m
                      [33mclass[39m=[32m"border-input file:text-foreground placeholder:text-muted-foreground selection:bg-primary selection:text-primary-foreground flex h-9 min-w-0 rounded-md border bg-transparent px-3 py-1 text-base shadow-xs transition-[color,box-shadow] outline-none file:inline-flex file:h-7 file:border-0 file:bg-transparent file:text-sm file:font-medium disabled:pointer-events-none disabled:cursor-not-allowed disabled:opacity-50 md:text-sm focus-visible:border-ring focus-visible:ring-ring/50 focus-visible:ring-[3px] aria-invalid:ring-destructive/20 dark:aria-invalid:ring-destructive/40 aria-invalid:border-destructive w-full"[39m
                      [33mdata-slot[39m=[32m"input"[39m
                      [33mid[39m=[32m"contactPhone"[39m
                      [33mname[39m=[32m"contactPhone"[39m
                      [33mtype[39m=[32m"tel"[39m
                    [36m/>[39m
                  [36m</td>[39m
                  [36m<td[39m
                    [33mclass[39m=[32m"form-info text-xs text-gray-500 py-2 pl-4 align-top"[39m
                  [36m>[39m
                    [0mRequired[0m
                  [36m</td>[39m
                [36m</tr>[39m
                [36m<tr[39m
                  [33mclass[39m=[32m"form-row "[39m
                [36m>[39m
                  [36m<td[39m
                    [33mclass[39m=[32m"form-label text-right py-2 pr-4 align-top"[39m
                  [36m>[39m
                    [36m<label[39m
                      [33mclass[39m=[32m"font-medium text-sm"[39m
                      [33mfor[39m=[32m"address"[39m
                    [36m>[39m
                      [0mAddress[0m
                    [36m</label>[39m
                  [36m</td>[39m
                  [36m<td[39m
                    [33mclass[39m=[32m"form-input py-2 align-top"[39m
                  [36m>[39m
                    [36m<input[39m
                      [33mclass[39m=[32m"border-input file:text-foreground placeholder:text-muted-foreground selection:bg-primary selection:text-primary-foreground flex h-9 min-w-0 rounded-md border bg-transparent px-3 py-1 text-base shadow-xs transition-[color,box-shadow] outline-none file:inline-flex file:h-7 file:border-0 file:bg-transparent file:text-sm file:font-medium disabled:pointer-events-none disabled:cursor-not-allowed disabled:opacity-50 md:text-sm focus-visible:border-ring focus-visible:ring-ring/50 focus-visible:ring-[3px] aria-invalid:ring-destructive/20 dark:aria-invalid:ring-destructive/40 aria-invalid:border-destructive w-full"[39m
                      [33mdata-slot[39m=[32m"input"[39m
                      [33mid[39m=[32m"address"[39m
                      [33mname[39m=[32m"address"[39m
                      [33mtype[39m=[32m"text"[39m
                    [36m/>[39m
                  [36m</td>[39m
                  [36m<td[39m
                    [33mclass[39m=[32m"form-info text-xs text-gray-500 py-2 pl-4 align-top"[39m
                  [36m>[39m
                    [0mOptional[0m
                  [36m</td>[39m
                [36m</tr>[39m
                [36m<tr[39m
                  [33mclass[39m=[32m"form-row "[39m
                [36m>[39m
                  [36m<td[39m
                    [33mclass[39m=[32m"form-label text-right py-2 pr-4 align-top"[39m
                  [36m>[39m
                    [36m<label[39m
                      [33mclass[39m=[32m"font-medium text-sm"[39m
                      [33mfor[39m=[32m"notes"[39m
                    [36m>[39m
                      [0mNotes[0m
                    [36m</label>[39m
                  [36m</td>[39m
                  [36m<td[39m
                    [33mclass[39m=[32m"form-input py-2 align-top"[39m
                  [36m>[39m
                    [36m<textarea[39m
                      [33mclass[39m=[32m"w-full min-h-[80px] border rounded-md px-3 py-2"[39m
                      [33mid[39m=[32m"notes"[39m
                      [33mname[39m=[32m"notes"[39m
                      [33mrows[39m=[32m"3"[39m
                    [36m/>[39m
                  [36m</td>[39m
                  [36m<td[39m
                    [33mclass[39m=[32m"form-info text-xs text-gray-500 py-2 pl-4 align-top"[39m
                  [36m>[39m
                    [0mOptional[0m
                  [36m</td>[39m
                [36m</tr>[39m
                [36m<tr[39m
                  [33mclass[39m=[32m"form-row "[39m
                [36m>[39m
                  [36m<td[39m
                    [33mclass[39m=[32m"form-label text-right py-2 pr-4 align-top"[39m
                  [36m>[39m
                    [36m<label[39m
                      [33mclass[39m=[32m"font-medium text-sm"[39m
                      [33mfor[39m=[32m"isActive"[39m
                    [36m>[39m
                      [0mActive[0m
                    [36m</label>[39m
                  [36m</td>[39m
                  [36m<td[39m
                    [33mclass[39m=[32m"form-input py-2 align-top"[39m
                  [36m>[39m
                    [36m<div[39m
                      [33mclass[39m=[32m"flex items-center"[39m
                    [36m>[39m
                      [36m<input[39m
                        [33mclass[39m=[32m"mr-2"[39m
                        [33mid[39m=[32m"isActive"[39m
                        [33mname[39m=[32m"isActive"[39m
                        [33mtype[39m=[32m"checkbox"[39m
                      [36m/>[39m
                      [36m<label[39m
                        [33mclass[39m=[32m"text-sm"[39m
                        [33mfor[39m=[32m"isActive"[39m
                      [36m>[39m
                        [0mVendor is active and can receive orders[0m
                      [36m</label>[39m
                    [36m</div>[39m
                  [36m</td>[39m
                  [36m<td[39m
                    [33mclass[39m=[32m"form-info text-xs text-gray-500 py-2 pl-4 align-top"[39m
                  [36m>[39m
                    [0mOptional[0m
                  [36m</td>[39m
                [36m</tr>[39m
                [36m<tr[39m
                  [33mclass[39m=[32m"form-row "[39m
                [36m>[39m
                  [36m<td[39m
                    [33mclass[39m=[32m"form-label text-right py-2 pr-4 align-top"[39m
                  [36m>[39m
                    [36m<label[39m
                      [33mclass[39m=[32m"font-medium text-sm"[39m
                      [33mfor[39m=[32m"isPrimary"[39m
                    [36m>[39m
                      [0mPrimary Vendor[0m
                    [36m</label>[39m
                  [36m</td>[39m
                  [36m<td[39m
                    [33mclass[39m=[32m"form-input py-2 align-top"[39m
                  [36m>[39m
                    [36m<div[39m
                      [33mclass[39m=[32m"flex flex-col"[39m
                    [36m>[39m
                      [36m<div[39m
                        [33mclass[39m=[32m"flex items-center"[39m
                      [36m>[39m
                        [36m<input[39m
                          [33mclass[39m=[32m"mr-2"[39m
                          [33mid[39m=[32m"isPrimary"[39m
                          [33mname[39m=[32m"isPrimary"[39m
                          [33mtype[39m=[32m"checkbox"[39m
                        [36m/>[39m
                        [36m<label[39m
                          [33mclass[39m=[32m"text-sm"[39m
                          [33mfor[39m=[32m"isPrimary"[39m
                        [36m>[39m
                          [0mSet as primary vendor for automatic order assignment[0m
                        [36m</label>[39m
                      [36m</div>[39m
                    [36m</div>[39m
                  [36m</td>[39m
                  [36m<td[39m
                    [33mclass[39m=[32m"form-info text-xs text-gray-500 py-2 pl-4 align-top"[39m
                  [36m>[39m
                    [0mOptional[0m
                  [36m</td>[39m
                [36m</tr>[39m
              [36m</tbody>[39m
            [36m</table>[39m
          [36m</div>[39m
          [36m<div[39m
            [33mclass[39m=[32m"mt-4 p-3 bg-red-50 border border-red-200 rounded-md"[39m
          [36m>[39m
            [36m<p[39m
              [33mclass[39m=[32m"text-red-700 text-sm"[39m
            [36m>[39m
              [0mShould not reach API[0m
            [36m</p>[39m
          [36m</div>[39m
          [36m<div[39m
            [33mclass[39m=[32m"flex justify-end space-x-4 mt-6 "[39m
          [36m>[39m
            [36m<button[39m
              [33mclass[39m=[32m"inline-flex items-center justify-center gap-2 whitespace-nowrap rounded-md text-sm font-medium transition-[color,box-shadow] disabled:pointer-events-none disabled:opacity-50 [&_svg]:pointer-events-none [&_svg:not([class*='size-'])]:size-4 shrink-0 [&_svg]:shrink-0 outline-none focus-visible:border-ring focus-visible:ring-ring/50 focus-visible:ring-[3px] aria-invalid:ring-destructive/20 dark:aria-invalid:ring-destructive/40 aria-invalid:border-destructive border border-input bg-background shadow-xs hover:bg-accent hover:text-accent-foreground h-9 px-4 py-2 has-[>svg]:px-3"[39m
              [33mdata-slot[39m=[32m"button"[39m
              [33mtype[39m=[32m"button"[39m
            [36m>[39m
              [0mCancel[0m
            [36m</button>[39m
            [36m<button[39m
              [33mclass[39m=[32m"inline-flex items-center justify-center gap-2 whitespace-nowrap rounded-md text-sm font-medium transition-[color,box-shadow] disabled:pointer-events-none disabled:opacity-50 [&_svg]:pointer-events-none [&_svg:not([class*='size-'])]:size-4 shrink-0 [&_svg]:shrink-0 outline-none focus-visible:border-ring focus-visible:ring-ring/50 focus-visible:ring-[3px] aria-invalid:ring-destructive/20 dark:aria-invalid:ring-destructive/40 aria-invalid:border-destructive bg-primary text-primary-foreground shadow-xs hover:bg-primary/90 h-9 px-4 py-2 has-[>svg]:px-3"[39m
              [33mdata-slot[39m=[32m"button"[39m
              [33mtype[39m=[32m"submit"[39m
            [36m>[39m
              [0mSave[0m
            [36m</button>[39m
          [36m</div>[39m
        [36m</form>[39m
      [36m</div>[39m
    [36m</div>[39m
  [36m</body>[39m
[36m</html>[39m
[36m [2m❯[22m src/components/vendors/VendorForm.test.tsx:[2m100:27[22m[39m
    [90m 98| [39m          notes[33m:[39m [32m''[39m
    [90m 99| [39m        })[33m;[39m
    [90m100| [39m        [34mexpect[39m(onSuccess)[33m.[39m[34mtoHaveBeenCalledWith[39m({
    [90m   | [39m                          [31m^[39m
    [90m101| [39m          id[33m:[39m [32m'new-vendor'[39m[33m,[39m
    [90m102| [39m          name[33m:[39m [32m'Test Vendor'[39m
[90m [2m❯[22m runWithExpensiveErrorDiagnosticsDisabled node_modules/.pnpm/@testing-library+dom@10.4.1/node_modules/@testing-library/dom/dist/config.js:[2m47:12[22m[39m
[90m [2m❯[22m checkCallback node_modules/.pnpm/@testing-library+dom@10.4.1/node_modules/@testing-library/dom/dist/wait-for.js:[2m124:77[22m[39m
[90m [2m❯[22m Timeout.checkRealTimersCallback node_modules/.pnpm/@testing-library+dom@10.4.1/node_modules/@testing-library/dom/dist/wait-for.js:[2m118:16[22m[39m

[31m[2m⎯⎯⎯⎯⎯⎯⎯⎯⎯⎯⎯⎯⎯⎯⎯⎯⎯⎯⎯⎯⎯[58/377]⎯[22m[39m

[41m[1m FAIL [22m[49m src/components/vendors/VendorForm.test.tsx[2m > [22mVendorForm Component[2m > [22mcreate mode[2m > [22mshould show loading state while submitting
[31m[1mError[22m: [2mexpect([22m[31melement[31m[2m).toBeDisabled()[22m

Received element is not disabled:
  [31m<button
  class="inline-flex items-center justify-center gap-2 whitespace-nowrap rounded-md text-sm font-medium transition-[color,box-shadow] disabled:pointer-events-none disabled:opacity-50 [&_svg]:pointer-events-none [&_svg:not([class*='size-'])]:size-4 shrink-0 [&_svg]:shrink-0 outline-none focus-visible:border-ring focus-visible:ring-ring/50 focus-visible:ring-[3px] aria-invalid:ring-destructive/20 dark:aria-invalid:ring-destructive/40 aria-invalid:border-destructive bg-primary text-primary-foreground shadow-xs hover:bg-primary/90 h-9 px-4 py-2 has-[>svg]:px-3"
  data-slot="button"
  type="submit"
/>[31m[39m
[36m [2m❯[22m src/components/vendors/VendorForm.test.tsx:[2m121:26[22m[39m
    [90m119| [39m      [35mawait[39m user[33m.[39m[34mclick[39m(saveButton)[33m;[39m
    [90m120| [39m
    [90m121| [39m      [34mexpect[39m(saveButton)[33m.[39m[34mtoBeDisabled[39m()[33m;[39m
    [90m   | [39m                         [31m^[39m
    [90m122| [39m      [34mexpect[39m(screen[33m.[39m[34mgetByText[39m([36m/saving/i[39m))[33m.[39m[34mtoBeInTheDocument[39m()[33m;[39m
    [90m123| [39m    })[33m;[39m

[31m[2m⎯⎯⎯⎯⎯⎯⎯⎯⎯⎯⎯⎯⎯⎯⎯⎯⎯⎯⎯⎯⎯[59/377]⎯[22m[39m

[41m[1m FAIL [22m[49m src/services/__tests__/service-comment-service-id-bug.test.ts[2m > [22mServiceCommentService - ID Bug Regression Tests[2m > [22mREGRESSION TEST: Service Status Field Location[2m > [22mshould read status from orderItem.status, NOT from service.status
[31m[1mTypeError[22m: __vite_ssr_import_0__.prisma.orderItem.findMany is not a function[39m
[36m [2m❯[22m ServiceCommentService.getOrderServiceComments src/services/service-comment-service.ts:[2m236:42[22m[39m
    [90m234| [39m    // This ensures comments are returned for all OrderItems regardles…
    [90m235| [39m    // Previously queried ServicesFulfillment which missed items witho…
    [90m236| [39m    [35mconst[39m items [33m=[39m [35mawait[39m prisma[33m.[39morderItem[33m.[39m[34mfindMany[39m({
    [90m   | [39m                                         [31m^[39m
    [90m237| [39m      where[33m:[39m { orderId[33m:[39m orderId }[33m,[39m
    [90m238| [39m      include[33m:[39m {
[90m [2m❯[22m src/services/__tests__/service-comment-service-id-bug.test.ts:[2m83:36[22m[39m

[31m[2m⎯⎯⎯⎯⎯⎯⎯⎯⎯⎯⎯⎯⎯⎯⎯⎯⎯⎯⎯⎯⎯[60/377]⎯[22m[39m

[41m[1m FAIL [22m[49m src/services/__tests__/service-comment-service-id-bug.test.ts[2m > [22mServiceCommentService - ID Bug Regression Tests[2m > [22mREGRESSION TEST: Comment Indexing by Correct ID[2m > [22mshould key comments by ServicesFulfillment.id for UI lookup
[31m[1mTypeError[22m: __vite_ssr_import_0__.prisma.orderItem.findMany is not a function[39m
[36m [2m❯[22m ServiceCommentService.getOrderServiceComments src/services/service-comment-service.ts:[2m236:42[22m[39m
    [90m234| [39m    // This ensures comments are returned for all OrderItems regardles…
    [90m235| [39m    // Previously queried ServicesFulfillment which missed items witho…
    [90m236| [39m    [35mconst[39m items [33m=[39m [35mawait[39m prisma[33m.[39morderItem[33m.[39m[34mfindMany[39m({
    [90m   | [39m                                         [31m^[39m
    [90m237| [39m      where[33m:[39m { orderId[33m:[39m orderId }[33m,[39m
    [90m238| [39m      include[33m:[39m {
[90m [2m❯[22m src/services/__tests__/service-comment-service-id-bug.test.ts:[2m149:36[22m[39m

[31m[2m⎯⎯⎯⎯⎯⎯⎯⎯⎯⎯⎯⎯⎯⎯⎯⎯⎯⎯⎯⎯⎯[61/377]⎯[22m[39m

[41m[1m FAIL [22m[49m src/services/__tests__/service-comment-service-id-bug.test.ts[2m > [22mServiceCommentService - ID Bug Regression Tests[2m > [22mREGRESSION TEST: Comment Indexing by Correct ID[2m > [22mshould handle missing orderItem gracefully
[31m[1mAssertionError[22m: expected [Function] to throw error including 'Cannot read properties of null (readi…' but got '__vite_ssr_import_0__.prisma.orderIte…'[39m

Expected: [32m"Cannot read properties of null (reading 'status')"[39m
Received: [31m"__vite_ssr_import_0__.prisma.orderItem.findMany is not a function"[39m

[31m[2m⎯⎯⎯⎯⎯⎯⎯⎯⎯⎯⎯⎯⎯⎯⎯⎯⎯⎯⎯⎯⎯[62/377]⎯[22m[39m

[41m[1m FAIL [22m[49m src/types/__tests__/service-fulfillment-status-casing.test.ts[2m > [22mservice-fulfillment status casing validation[2m > [22mREGRESSION TEST: lowercase status validation[2m > [22mshould reject lowercase status values from constants - proves the bug exists
[31m[1mAssertionError[22m: expected true to be false // Object.is equality[39m

[32m- Expected[39m
[31m+ Received[39m

[32m- false[39m
[31m+ true[39m

[36m [2m❯[22m src/types/__tests__/service-fulfillment-status-casing.test.ts:[2m31:32[22m[39m
    [90m 29| [39m        // Currently FAILS (success=false) because schema expects Titl…
    [90m 30| [39m        // After fix: should PASS (success=true) because schema will a…
    [90m 31| [39m        [34mexpect[39m(result[33m.[39msuccess)[33m.[39m[34mtoBe[39m([35mfalse[39m)[33m;[39m [90m// Proves bug exists[39m
    [90m   | [39m                               [31m^[39m
    [90m 32| [39m
    [90m 33| [39m        [35mif[39m ([33m![39mresult[33m.[39msuccess) {
[90m [2m❯[22m src/types/__tests__/service-fulfillment-status-casing.test.ts:[2m26:25[22m[39m

[31m[2m⎯⎯⎯⎯⎯⎯⎯⎯⎯⎯⎯⎯⎯⎯⎯⎯⎯⎯⎯⎯⎯[63/377]⎯[22m[39m

[41m[1m FAIL [22m[49m src/types/__tests__/service-fulfillment-status-casing.test.ts[2m > [22mservice-fulfillment status casing validation[2m > [22mREGRESSION TEST: lowercase status validation[2m > [22mshould reject database order status values
[31m[1mAssertionError[22m: expected true to be false // Object.is equality[39m

[32m- Expected[39m
[31m+ Received[39m

[32m- false[39m
[31m+ true[39m

[36m [2m❯[22m src/types/__tests__/service-fulfillment-status-casing.test.ts:[2m50:32[22m[39m
    [90m 48| [39m        [90m// Currently FAILS because order statuses are lowercase[39m
    [90m 49| [39m        [90m// After fix: should PASS because schema will accept lowercase[39m
    [90m 50| [39m        [34mexpect[39m(result[33m.[39msuccess)[33m.[39m[34mtoBe[39m([35mfalse[39m)[33m;[39m [90m// Proves bug exists[39m
    [90m   | [39m                               [31m^[39m
    [90m 51| [39m      })[33m;[39m
    [90m 52| [39m    })[33m;[39m
[90m [2m❯[22m src/types/__tests__/service-fulfillment-status-casing.test.ts:[2m45:21[22m[39m

[31m[2m⎯⎯⎯⎯⎯⎯⎯⎯⎯⎯⎯⎯⎯⎯⎯⎯⎯⎯⎯⎯⎯[64/377]⎯[22m[39m

[41m[1m FAIL [22m[49m src/types/__tests__/service-fulfillment-status-casing.test.ts[2m > [22mservice-fulfillment status casing validation[2m > [22mTitle Case status validation - current broken behavior[2m > [22mcurrently only accepts Title Case statuses
[31m[1mAssertionError[22m: expected false to be true // Object.is equality[39m

[32m- Expected[39m
[31m+ Received[39m

[32m- true[39m
[31m+ false[39m

[36m [2m❯[22m src/types/__tests__/service-fulfillment-status-casing.test.ts:[2m71:32[22m[39m
    [90m 69| [39m        [35mconst[39m result [33m=[39m updateServiceStatusSchema[33m.[39m[34msafeParse[39m({ status })[33m;[39m
    [90m 70| [39m        [90m// This currently passes but shouldn't - we want lowercase[39m
    [90m 71| [39m        [34mexpect[39m(result[33m.[39msuccess)[33m.[39m[34mtoBe[39m([35mtrue[39m)[33m;[39m
    [90m   | [39m                               [31m^[39m
    [90m 72| [39m      })[33m;[39m
    [90m 73| [39m    })[33m;[39m
[90m [2m❯[22m src/types/__tests__/service-fulfillment-status-casing.test.ts:[2m68:25[22m[39m

[31m[2m⎯⎯⎯⎯⎯⎯⎯⎯⎯⎯⎯⎯⎯⎯⎯⎯⎯⎯⎯⎯⎯[65/377]⎯[22m[39m

[41m[1m FAIL [22m[49m src/types/__tests__/service-fulfillment-status-casing.test.ts[2m > [22mservice-fulfillment status casing validation[2m > [22misTerminalStatus function - casing mismatch[2m > [22mshould fail to detect lowercase terminal statuses - proves the bug
[31m[1mAssertionError[22m: expected true to be false // Object.is equality[39m

[32m- Expected[39m
[31m+ Received[39m

[32m- false[39m
[31m+ true[39m

[36m [2m❯[22m src/types/__tests__/service-fulfillment-status-casing.test.ts:[2m92:24[22m[39m
    [90m 90| [39m        // Currently returns false because lowercase doesn't match Tit…
    [90m 91| [39m        // After fix: should return true because function will check l…
    [90m 92| [39m        [34mexpect[39m(result)[33m.[39m[34mtoBe[39m([35mfalse[39m)[33m;[39m [90m// Proves bug exists[39m
    [90m   | [39m                       [31m^[39m
    [90m 93| [39m      })[33m;[39m
    [90m 94| [39m    })[33m;[39m
[90m [2m❯[22m src/types/__tests__/service-fulfillment-status-casing.test.ts:[2m87:33[22m[39m

[31m[2m⎯⎯⎯⎯⎯⎯⎯⎯⎯⎯⎯⎯⎯⎯⎯⎯⎯⎯⎯⎯⎯[66/377]⎯[22m[39m

[41m[1m FAIL [22m[49m src/types/__tests__/service-fulfillment-status-casing.test.ts[2m > [22mservice-fulfillment status casing validation[2m > [22misTerminalStatus function - casing mismatch[2m > [22mcurrently only detects Title Case terminal statuses
[31m[1mAssertionError[22m: expected false to be true // Object.is equality[39m

[32m- Expected[39m
[31m+ Received[39m

[32m- true[39m
[31m+ false[39m

[36m [2m❯[22m src/types/__tests__/service-fulfillment-status-casing.test.ts:[2m103:24[22m[39m
    [90m101| [39m        [35mconst[39m result [33m=[39m [34misTerminalStatus[39m(status)[33m;[39m
    [90m102| [39m        [90m// This currently passes but shouldn't - we want lowercase[39m
    [90m103| [39m        [34mexpect[39m(result)[33m.[39m[34mtoBe[39m([35mtrue[39m)[33m;[39m
    [90m   | [39m                       [31m^[39m
    [90m104| [39m      })[33m;[39m
    [90m105| [39m    })[33m;[39m
[90m [2m❯[22m src/types/__tests__/service-fulfillment-status-casing.test.ts:[2m100:33[22m[39m

[31m[2m⎯⎯⎯⎯⎯⎯⎯⎯⎯⎯⎯⎯⎯⎯⎯⎯⎯⎯⎯⎯⎯[67/377]⎯[22m[39m

[41m[1m FAIL [22m[49m src/types/__tests__/service-fulfillment-status-casing.test.ts[2m > [22mservice-fulfillment status casing validation[2m > [22mintegration: status constants should match validation[2m > [22mvalidation schema rejects all SERVICE_STATUSES constants
[31m[1mAssertionError[22m: expected true to be false // Object.is equality[39m

[32m- Expected[39m
[31m+ Received[39m

[32m- false[39m
[31m+ true[39m

[36m [2m❯[22m src/types/__tests__/service-fulfillment-status-casing.test.ts:[2m130:32[22m[39m
    [90m128| [39m        [90m// Currently FAILS (success=false) - proves the mismatch[39m
    [90m129| [39m        [90m// After fix should PASS (success=true)[39m
    [90m130| [39m        [34mexpect[39m(result[33m.[39msuccess)[33m.[39m[34mtoBe[39m([35mfalse[39m)[33m;[39m [90m// Proves bug exists[39m
    [90m   | [39m                               [31m^[39m
    [90m131| [39m      })[33m;[39m
    [90m132| [39m    })[33m;[39m
[90m [2m❯[22m src/types/__tests__/service-fulfillment-status-casing.test.ts:[2m125:39[22m[39m

[31m[2m⎯⎯⎯⎯⎯⎯⎯⎯⎯⎯⎯⎯⎯⎯⎯⎯⎯⎯⎯⎯⎯[68/377]⎯[22m[39m

[41m[1m FAIL [22m[49m src/types/__tests__/service-fulfillment-status-casing.test.ts[2m > [22mservice-fulfillment status casing validation[2m > [22mintegration: status constants should match validation[2m > [22mvalidation schema rejects all ORDER_STATUS_VALUES
[31m[1mAssertionError[22m: expected true to be false // Object.is equality[39m

[32m- Expected[39m
[31m+ Received[39m

[32m- false[39m
[31m+ true[39m

[36m [2m❯[22m src/types/__tests__/service-fulfillment-status-casing.test.ts:[2m141:32[22m[39m
    [90m139| [39m        [90m// Currently FAILS - proves the mismatch[39m
    [90m140| [39m        [90m// After fix should PASS[39m
    [90m141| [39m        [34mexpect[39m(result[33m.[39msuccess)[33m.[39m[34mtoBe[39m([35mfalse[39m)[33m;[39m [90m// Proves bug exists[39m
    [90m   | [39m                               [31m^[39m
    [90m142| [39m      })[33m;[39m
    [90m143| [39m    })[33m;[39m
[90m [2m❯[22m src/types/__tests__/service-fulfillment-status-casing.test.ts:[2m136:27[22m[39m

[31m[2m⎯⎯⎯⎯⎯⎯⎯⎯⎯⎯⎯⎯⎯⎯⎯⎯⎯⎯⎯⎯⎯[69/377]⎯[22m[39m

[41m[1m FAIL [22m[49m src/types/__tests__/service-fulfillment-status-casing.test.ts[2m > [22mservice-fulfillment status casing validation[2m > [22medge cases[2m > [22mshould reject all case variations except exact Title Case
[31m[1mAssertionError[22m: expected true to be false // Object.is equality[39m

[32m- Expected[39m
[31m+ Received[39m

[32m- false[39m
[31m+ true[39m

[36m [2m❯[22m src/types/__tests__/service-fulfillment-status-casing.test.ts:[2m164:32[22m[39m
    [90m162| [39m      mixedCaseInputs[33m.[39m[34mforEach[39m(({ input[33m,[39m expected }) [33m=>[39m {
    [90m163| [39m        const result = updateServiceStatusSchema.safeParse({ status: i…
    [90m164| [39m        [34mexpect[39m(result[33m.[39msuccess)[33m.[39m[34mtoBe[39m(expected)[33m;[39m
    [90m   | [39m                               [31m^[39m
    [90m165| [39m      })[33m;[39m
    [90m166| [39m    })[33m;[39m
[90m [2m❯[22m src/types/__tests__/service-fulfillment-status-casing.test.ts:[2m162:23[22m[39m

[31m[2m⎯⎯⎯⎯⎯⎯⎯⎯⎯⎯⎯⎯⎯⎯⎯⎯⎯⎯⎯⎯⎯[70/377]⎯[22m[39m

[41m[1m FAIL [22m[49m src/types/__tests__/service-fulfillment-status-casing.test.ts[2m > [22mservice-fulfillment status casing validation[2m > [22medge cases[2m > [22mshould handle underscore vs space conversion
[31m[1mAssertionError[22m: expected true to be false // Object.is equality[39m

[32m- Expected[39m
[31m+ Received[39m

[32m- false[39m
[31m+ true[39m

[36m [2m❯[22m src/types/__tests__/service-fulfillment-status-casing.test.ts:[2m171:31[22m[39m
    [90m169| [39m      // Database has 'missing_info', schema expects 'Missing Informat…
    [90m170| [39m      const result1 = updateServiceStatusSchema.safeParse({ status: 'm…
    [90m171| [39m      [34mexpect[39m(result1[33m.[39msuccess)[33m.[39m[34mtoBe[39m([35mfalse[39m)[33m;[39m [90m// Currently fails[39m
    [90m   | [39m                              [31m^[39m
    [90m172| [39m
    [90m173| [39m      const result2 = updateServiceStatusSchema.safeParse({ status: 'M…

[31m[2m⎯⎯⎯⎯⎯⎯⎯⎯⎯⎯⎯⎯⎯⎯⎯⎯⎯⎯⎯⎯⎯[71/377]⎯[22m[39m

[41m[1m FAIL [22m[49m src/types/__tests__/service-fulfillment-status-casing.test.ts[2m > [22mservice-fulfillment status casing validation[2m > [22medge cases[2m > [22mshould handle hyphen variations in cancelled-dnb
[31m[1mAssertionError[22m: expected true to be false // Object.is equality[39m

[32m- Expected[39m
[31m+ Received[39m

[32m- false[39m
[31m+ true[39m

[36m [2m❯[22m src/types/__tests__/service-fulfillment-status-casing.test.ts:[2m189:32[22m[39m
    [90m187| [39m      variations[33m.[39m[34mforEach[39m(({ status[33m,[39m expected }) [33m=>[39m {
    [90m188| [39m        [35mconst[39m result [33m=[39m updateServiceStatusSchema[33m.[39m[34msafeParse[39m({ status })[33m;[39m
    [90m189| [39m        [34mexpect[39m(result[33m.[39msuccess)[33m.[39m[34mtoBe[39m(expected)[33m;[39m
    [90m   | [39m                               [31m^[39m
    [90m190| [39m      })[33m;[39m
    [90m191| [39m    })[33m;[39m
[90m [2m❯[22m src/types/__tests__/service-fulfillment-status-casing.test.ts:[2m187:18[22m[39m

[31m[2m⎯⎯⎯⎯⎯⎯⎯⎯⎯⎯⎯⎯⎯⎯⎯⎯⎯⎯⎯⎯⎯[72/377]⎯[22m[39m

[41m[1m FAIL [22m[49m src/types/__tests__/service-fulfillment-status-casing.test.ts[2m > [22mservice-fulfillment status casing validation[2m > [22mcomment field validation alongside status[2m > [22mshould validate comment independently of status casing issue
[31m[1mAssertionError[22m: expected true to be false // Object.is equality[39m

[32m- Expected[39m
[31m+ Received[39m

[32m- false[39m
[31m+ true[39m

[36m [2m❯[22m src/types/__tests__/service-fulfillment-status-casing.test.ts:[2m204:31[22m[39m
    [90m202| [39m        comment[33m:[39m validComment
    [90m203| [39m      })[33m;[39m
    [90m204| [39m      expect(result1.success).toBe(false); // Fails on status, not com…
    [90m   | [39m                              [31m^[39m
    [90m205| [39m
    [90m206| [39m      [90m// Too long comment with Title Case status (fails on comment)[39m

[31m[2m⎯⎯⎯⎯⎯⎯⎯⎯⎯⎯⎯⎯⎯⎯⎯⎯⎯⎯⎯⎯⎯[73/377]⎯[22m[39m

[41m[1m FAIL [22m[49m src/app/fulfillment/__tests__/page-stats-display-bug.test.tsx[2m > [22mDashboard Stats Display Bug - Component Level[2m > [22mCurrent broken behavior (proves bug exists)[2m > [22mshould render 5 stat cards instead of 3 (bug: wrong cards shown)
[31m[1mTestingLibraryElementError[22m[39m: Unable to find an element with the text: module.fulfillment.submitted. This could be because the text is broken up by multiple elements. In this case, you can provide a function for your text matcher to make your matcher more flexible.

Ignored nodes: comments, script, style
[36m<body>[39m
  [36m<div>[39m
    [36m<div[39m
      [33mclass[39m=[32m"space-y-6 p-6"[39m
    [36m>[39m
      [36m<div[39m
        [33mclass[39m=[32m"bg-white rounded-lg shadow px-6 py-4"[39m
      [36m>[39m
        [36m<div[39m
          [33mclass[39m=[32m"flex justify-between items-start"[39m
        [36m>[39m
          [36m<div>[39m
            [36m<h1[39m
              [33mclass[39m=[32m"text-2xl font-bold text-gray-900"[39m
            [36m>[39m
              [0mmodule.fulfillment.pageTitle[0m
            [36m</h1>[39m
            [36m<p[39m
              [33mclass[39m=[32m"mt-1 text-sm text-gray-600"[39m
            [36m>[39m
              [0mmodule.fulfillment.pageDescription[0m
            [36m</p>[39m
          [36m</div>[39m
          [36m<button[39m
            [33mclass[39m=[32m"inline-flex items-center justify-center gap-2 whitespace-nowrap rounded-md text-sm font-medium transition-[color,box-shadow] disabled:pointer-events-none disabled:opacity-50 [&_svg]:pointer-events-none [&_svg:not([class*='size-'])]:size-4 shrink-0 [&_svg]:shrink-0 outline-none focus-visible:border-ring focus-visible:ring-ring/50 focus-visible:ring-[3px] aria-invalid:ring-destructive/20 dark:aria-invalid:ring-destructive/40 aria-invalid:border-destructive border border-input bg-background shadow-xs hover:bg-accent hover:text-accent-foreground h-9 px-4 py-2 has-[>svg]:px-3"[39m
            [33mdata-slot[39m=[32m"button"[39m
          [36m>[39m
            [0mmodule.fulfillment.logout[0m
          [36m</button>[39m
        [36m</div>[39m
      [36m</div>[39m
      [36m<div[39m
        [33mclass[39m=[32m"grid grid-cols-1 md:grid-cols-3 gap-4"[39m
      [36m>[39m
        [36m<button[39m
          [33mclass[39m=[32m"bg-white rounded-lg shadow p-6 transition-all hover:shadow-md ring-2 ring-blue-500 bg-blue-50"[39m
        [36m>[39m
          [36m<div[39m
            [33mclass[39m=[32m"flex items-center"[39m
          [36m>[39m
            [36m<div[39m
              [33mclass[39m=[32m"flex-shrink-0"[39m
            [36m>[39m
              [36m<svg[39m
                [33maria-hidden[39m=[32m"true"[39m
                [33mclass[39m=[32m"h-8 w-8 text-blue-500"[39m
                [33mdata-slot[39m=[32m"icon"[39m
                [33mfill[39m=[32m"none"[39m
                [33mstroke[39m=[32m"currentColor"[39m
                [33mstroke-width[39m=[32m"1.5"[39m
                [33mviewBox[39m=[32m"0 0 24 24"[39m
                [33mxmlns[39m=[32m"http://www.w3.org/2000/svg"[39m
              [36m>[39m
                [36m<path[39m
                  [33md[39m=[32m"M19.5 14.25v-2.625a3.375 3.375 0 0 0-3.375-3.375h-1.5A1.125 1.125 0 0 1 13.5 7.125v-1.5a3.375 3.375 0 0 0-3.375-3.375H8.25m0 12.75h7.5m-7.5 3H12M10.5 2.25H5.625c-.621 0-1.125.504-1.125 1.125v17.25c0 .621.504 1.125 1.125 1.125h12.75c.621 0 1.125-.504 1.125-1.125V11.25a9 9 0 0 0-9-9Z"[39m
                  [33mstroke-linecap[39m=[32m"round"[39m
                  [33mstroke-linejoin[39m=[32m"round"[39m
                [36m/>[39m
              [36m</svg>[39m
            [36m</div>[39m
            [36m<div[39m
              [33mclass[39m=[32m"ml-4 text-left"[39m
            [36m>[39m
              [36m<p[39m
                [33mclass[39m=[32m"text-sm font-medium text-gray-600"[39m
              [36m>[39m
                [0mmodule.fulfillment.totalOrders[0m
              [36m</p>[39m
              [36m<p[39m
                [33mclass[39m=[32m"text-2xl font-semibold text-gray-900"[39m
              [36m>[39m
                [0m0[0m
              [36m</p>[39m
            [36m</div>[39m
          [36m</div>[39m
        [36m</button>[39m
        [36m<div[39m
          [33mclass[39m=[32m"bg-white rounded-lg shadow p-6"[39m
        [36m>[39m
          [36m<div[39m
            [33mclass[39m=[32m"flex items-center"[39m
          [36m>[39m
            [36m<div[39m
              [33mclass[39m=[32m"flex-shrink-0"[39m
            [36m>[39m
              [36m<svg[39m
                [33maria-hidden[39m=[32m"true"[39m
                [33mclass[39m=[32m"h-8 w-8 text-purple-500"[39m
                [33mdata-slot[39m=[32m"icon"[39m
                [33mfill[39m=[32m"none"[39m
                [33mstroke[39m=[32m"currentColor"[39m
                [33mstroke-width[39m=[32m"1.5"[39m
                [33mviewBox[39m=[32m"0 0 24 24"[39m
                [33mxmlns[39m=[32m"http://www.w3.org/2000/svg"[39m
              [36m>[39m
                [36m<path[39m
                  [33md[39m=[32m"M19.5 14.25v-2.625a3.375 3.375 0 0 0-3.375-3.375h-1.5A1.125 1.125 0 0 1 13.5 7.125v-1.5a3.375 3.375 0 0 0-3.375-3.375H8.25m0 12.75h7.5m-7.5 3H12M10.5 2.25H5.625c-.621 0-1.125.504-1.125 1.125v17.25c0 .621.504 1.125 1.125 1.125h12.75c.621 0 1.125-.504 1.125-1.125V11.25a9 9 0 0 0-9-9Z"[39m
                  [33mstroke-linecap[39m=[32m"round"[39m
                  [33mstroke-linejoin[39m=[32m"round"[39m
                [36m/>[39m
              [36m</svg>[39m
            [36m</div>[39m
            [36m<div[39m
              [33mclass[39m=[32m"ml-4 text-left"[39m
            [36m>[39m
              [36m<p[39m
                [33mclass[39m=[32m"text-sm font-medium text-gray-600"[39m
              [36m>[39m
                [0mmodule.fulfillment.totalServices[0m
              [36m</p>[39m
              [36m<p[39m
                [33mclass[39m=[32m"text-2xl font-semibold text-gray-900"[39m
              [36m>[39m
                [0m0[0m
              [36m</p>[39m
            [36m</div>[39m
          [36m</div>[39m
        [36m</div>[39m
        [36m<button[39m
          [33mclass[39m=[32m"bg-white rounded-lg shadow p-6 transition-all hover:shadow-md "[39m
        [36m>[39m
          [36m<div[39m
            [33mclass[39m=[32m"flex items-center"[39m
          [36m>[39m
            [36m<div[39m
              [33mclass[39m=[32m"flex-shrink-0"[39m
            [36m>[39m
              [36m<svg[39m
                [33maria-hidden[39m=[32m"true"[39m
                [33mclass[39m=[32m"h-8 w-8 text-yellow-500"[39m
                [33mdata-slot[39m=[32m"icon"[39m
                [33mfill[39m=[32m"none"[39m
                [33mstroke[39m=[32m"currentColor"[39m
                [33mstroke-width[39m=[32m"1.5"[39m
                [33mviewBox[39m=[32m"0 0 24 24"[39m
                [33mxmlns[39m=[32m"http://www.w3.org/2000/svg"[39m
              [36m>[39m
                [36m<path[39m
                  [33md[39m=[32m"M12 6v6h4.5m4.5 0a9 9 0 1 1-18 0 9 9 0 0 1 18 0Z"[39m
                  [33mstroke-linecap[39m=[32m"round"[39m
                  [33mstroke-linejoin[39m=[32m"round"[39m
                [36m/>[39m
         ...
[90m [2m❯[22m Object.getElementError node_modules/.pnpm/@testing-library+dom@10.4.1/node_modules/@testing-library/dom/dist/config.js:[2m37:19[22m[39m
[90m [2m❯[22m node_modules/.pnpm/@testing-library+dom@10.4.1/node_modules/@testing-library/dom/dist/query-helpers.js:[2m76:38[22m[39m
[90m [2m❯[22m node_modules/.pnpm/@testing-library+dom@10.4.1/node_modules/@testing-library/dom/dist/query-helpers.js:[2m52:17[22m[39m
[90m [2m❯[22m node_modules/.pnpm/@testing-library+dom@10.4.1/node_modules/@testing-library/dom/dist/query-helpers.js:[2m95:19[22m[39m
[36m [2m❯[22m src/app/fulfillment/__tests__/page-stats-display-bug.test.tsx:[2m82:21[22m[39m
    [90m 80| [39m      [90m// Currently shows these 5 cards:[39m
    [90m 81| [39m      expect(screen.getByText('module.fulfillment.totalOrders')).toBeI…
    [90m 82| [39m      expect(screen.getByText('module.fulfillment.submitted')).toBeInT…
    [90m   | [39m                    [31m^[39m
    [90m 83| [39m      expect(screen.getByText('module.fulfillment.processing')).toBeIn…
    [90m 84| [39m      expect(screen.getByText('module.fulfillment.completed')).toBeInT…

[31m[2m⎯⎯⎯⎯⎯⎯⎯⎯⎯⎯⎯⎯⎯⎯⎯⎯⎯⎯⎯⎯⎯[74/377]⎯[22m[39m

[41m[1m FAIL [22m[49m src/app/fulfillment/__tests__/page-stats-display-bug.test.tsx[2m > [22mDashboard Stats Display Bug - Component Level[2m > [22mExpected correct behavior (after fix)[2m > [22mshould NOT calculate stats locally when API provides them
[31m[1mTestingLibraryElementError[22m: Unable to find an element with the text: 4. This could be because the text is broken up by multiple elements. In this case, you can provide a function for your text matcher to make your matcher more flexible.

Ignored nodes: comments, script, style
[36m<body>[31m
  [36m<div />[31m
[36m</body>[31m[39m
[90m [2m❯[22m Object.getElementError node_modules/.pnpm/@testing-library+dom@10.4.1/node_modules/@testing-library/dom/dist/config.js:[2m37:19[22m[39m
[90m [2m❯[22m node_modules/.pnpm/@testing-library+dom@10.4.1/node_modules/@testing-library/dom/dist/query-helpers.js:[2m76:38[22m[39m
[90m [2m❯[22m node_modules/.pnpm/@testing-library+dom@10.4.1/node_modules/@testing-library/dom/dist/query-helpers.js:[2m52:17[22m[39m
[90m [2m❯[22m node_modules/.pnpm/@testing-library+dom@10.4.1/node_modules/@testing-library/dom/dist/query-helpers.js:[2m95:19[22m[39m
[36m [2m❯[22m src/app/fulfillment/__tests__/page-stats-display-bug.test.tsx:[2m267:21[22m[39m
    [90m265| [39m
    [90m266| [39m      [90m// Assert - Uses API stats, not local calculation[39m
    [90m267| [39m      expect(screen.getByText('4')).toBeInTheDocument(); // Total Serv…
    [90m   | [39m                    [31m^[39m
    [90m268| [39m      expect(screen.getByText('1')).toBeInTheDocument(); // In Progres…
    [90m269| [39m

[31m[2m⎯⎯⎯⎯⎯⎯⎯⎯⎯⎯⎯⎯⎯⎯⎯⎯⎯⎯⎯⎯⎯[75/377]⎯[22m[39m

[41m[1m FAIL [22m[49m src/lib/utils/__tests__/service-results-utils.test.ts[2m > [22mService Results Utils[2m > [22mgenerateAttachmentPath[2m > [22mshould generate path with correct structure
[31m[1mAssertionError[22m: expected 'uploads/service-results/550e8400-e29b…' to match /^uploads\/service-res…/service-results\[39m

[32m- Expected:[39m 
/^uploads\/service-results\/550e8400-e29b-41d4-a716-446655440001\/service-456\/[a-z0-9]+_report\.pdf$/

[31m+ Received:[39m 
"uploads/service-results/550e8400-e29b-41d4-a716-446655440001/d47ac10b-58cc-4372-a567-0e02b2c3d479/mn1wm3911q42iuaac8y_report.pdf"

[36m [2m❯[22m src/lib/utils/__tests__/service-results-utils.test.ts:[2m282:20[22m[39m
    [90m280| [39m    [34mit[39m([32m'should generate path with correct structure'[39m[33m,[39m () [33m=>[39m {
    [90m281| [39m      const path = generateAttachmentPath('550e8400-e29b-41d4-a716-446…
    [90m282| [39m      expect(path).toMatch(/^uploads\/service-results\/550e8400-e29b-4…
    [90m   | [39m                   [31m^[39m
    [90m283| [39m    })[33m;[39m
    [90m284| [39m

[31m[2m⎯⎯⎯⎯⎯⎯⎯⎯⎯⎯⎯⎯⎯⎯⎯⎯⎯⎯⎯⎯⎯[76/377]⎯[22m[39m

[41m[1m FAIL [22m[49m src/lib/utils/__tests__/service-results-utils.test.ts[2m > [22mService Results Utils[2m > [22mgenerateAttachmentPath[2m > [22mshould sanitize filename in path
[31m[1mAssertionError[22m: expected 'uploads/service-results/550e8400-e29b…' to match /^uploads\/service-res…/service-results\[39m

[32m- Expected:[39m 
/^uploads\/service-results\/550e8400-e29b-41d4-a716-446655440001\/service-456\/[a-z0-9]+____etc_passwd\.pdf$/

[31m+ Received:[39m 
"uploads/service-results/550e8400-e29b-41d4-a716-446655440001/d47ac10b-58cc-4372-a567-0e02b2c3d479/mn1wm394rr7tkogmslj____etc_passwd.pdf"

[36m [2m❯[22m src/lib/utils/__tests__/service-results-utils.test.ts:[2m294:20[22m[39m
    [90m292| [39m      const path = generateAttachmentPath('550e8400-e29b-41d4-a716-446…
    [90m293| [39m      [34mexpect[39m(path)[33m.[39mnot[33m.[39m[34mtoContain[39m([32m'..'[39m)[33m;[39m
    [90m294| [39m      expect(path).toMatch(/^uploads\/service-results\/550e8400-e29b-4…
    [90m   | [39m                   [31m^[39m
    [90m295| [39m    })[33m;[39m
    [90m296| [39m  })[33m;[39m

[31m[2m⎯⎯⎯⎯⎯⎯⎯⎯⎯⎯⎯⎯⎯⎯⎯⎯⎯⎯⎯⎯⎯[77/377]⎯[22m[39m

[41m[1m FAIL [22m[49m src/lib/utils/__tests__/terminal-status-casing.test.ts[2m > [22misTerminalStatus function casing inconsistencies[2m > [22mREGRESSION TEST: terminal status detection with lowercase values[2m > [22mservice-fulfillment isTerminalStatus FAILS with lowercase - proves bug exists
[31m[1mAssertionError[22m: expected true to be false // Object.is equality[39m

[32m- Expected[39m
[31m+ Received[39m

[32m- false[39m
[31m+ true[39m

[36m [2m❯[22m src/lib/utils/__tests__/terminal-status-casing.test.ts:[2m30:24[22m[39m
    [90m 28| [39m        // Before fix: Returns false because lowercase doesn't match T…
    [90m 29| [39m        [90m// After fix: Should return true[39m
    [90m 30| [39m        expect(result).toBe(false); // Currently false - proves bug ex…
    [90m   | [39m                       [31m^[39m
    [90m 31| [39m      })[33m;[39m
    [90m 32| [39m    })[33m;[39m
[90m [2m❯[22m src/lib/utils/__tests__/terminal-status-casing.test.ts:[2m26:33[22m[39m

[31m[2m⎯⎯⎯⎯⎯⎯⎯⎯⎯⎯⎯⎯⎯⎯⎯⎯⎯⎯⎯⎯⎯[78/377]⎯[22m[39m

[41m[1m FAIL [22m[49m src/lib/utils/__tests__/terminal-status-casing.test.ts[2m > [22misTerminalStatus function casing inconsistencies[2m > [22mREGRESSION TEST: terminal status detection with lowercase values[2m > [22mservice-results isTerminalStatus PASSES with lowercase - correct implementation
[31m[1mAssertionError[22m: expected false to be true // Object.is equality[39m

[32m- Expected[39m
[31m+ Received[39m

[32m- true[39m
[31m+ false[39m

[36m [2m❯[22m src/lib/utils/__tests__/terminal-status-casing.test.ts:[2m47:24[22m[39m
    [90m 45| [39m        [35mconst[39m result [33m=[39m [34mserviceResultsIsTerminal[39m(status)[33m;[39m
    [90m 46| [39m        [90m// This implementation works correctly with lowercase[39m
    [90m 47| [39m        [34mexpect[39m(result)[33m.[39m[34mtoBe[39m([35mtrue[39m)[33m;[39m [90m// Correctly returns true[39m
    [90m   | [39m                       [31m^[39m
    [90m 48| [39m      })[33m;[39m
    [90m 49| [39m    })[33m;[39m
[90m [2m❯[22m src/lib/utils/__tests__/terminal-status-casing.test.ts:[2m44:33[22m[39m

[31m[2m⎯⎯⎯⎯⎯⎯⎯⎯⎯⎯⎯⎯⎯⎯⎯⎯⎯⎯⎯⎯⎯[79/377]⎯[22m[39m

[41m[1m FAIL [22m[49m src/lib/utils/__tests__/terminal-status-casing.test.ts[2m > [22misTerminalStatus function casing inconsistencies[2m > [22minconsistent implementations across files[2m > [22mdifferent files have different terminal status logic
[31m[1mAssertionError[22m: expected true to be false // Object.is equality[39m

[32m- Expected[39m
[31m+ Received[39m

[32m- false[39m
[31m+ true[39m

[36m [2m❯[22m src/lib/utils/__tests__/terminal-status-casing.test.ts:[2m94:35[22m[39m
    [90m 92| [39m
    [90m 93| [39m        [90m// Shows the inconsistency between implementations[39m
    [90m 94| [39m        [34mexpect[39m(fulfillmentResult)[33m.[39m[34mtoBe[39m(expected[33m.[39mfulfillment)[33m;[39m
    [90m   | [39m                                  [31m^[39m
    [90m 95| [39m        [34mexpect[39m(resultsResult)[33m.[39m[34mtoBe[39m(expected[33m.[39mresults)[33m;[39m
    [90m 96| [39m      })[33m;[39m
[90m [2m❯[22m src/lib/utils/__tests__/terminal-status-casing.test.ts:[2m89:17[22m[39m

[31m[2m⎯⎯⎯⎯⎯⎯⎯⎯⎯⎯⎯⎯⎯⎯⎯⎯⎯⎯⎯⎯⎯[80/377]⎯[22m[39m

[41m[1m FAIL [22m[49m src/lib/utils/__tests__/terminal-status-casing.test.ts[2m > [22misTerminalStatus function casing inconsistencies[2m > [22minconsistent implementations across files[2m > [22mshows that service-results.ts has the correct implementation
[31m[1mAssertionError[22m: expected false to be true // Object.is equality[39m

[32m- Expected[39m
[31m+ Received[39m

[32m- true[39m
[31m+ false[39m

[36m [2m❯[22m src/lib/utils/__tests__/terminal-status-casing.test.ts:[2m110:24[22m[39m
    [90m108| [39m        [35mconst[39m result [33m=[39m [34mserviceResultsIsTerminal[39m(status)[33m;[39m
    [90m109| [39m        [90m// All should return true because it converts to lowercase[39m
    [90m110| [39m        [34mexpect[39m(result)[33m.[39m[34mtoBe[39m(
    [90m   | [39m                       [31m^[39m
    [90m111| [39m          status[33m.[39m[34mtoLowerCase[39m() [33m===[39m [32m'completed'[39m [33m||[39m
    [90m112| [39m          status[33m.[39m[34mtoLowerCase[39m() [33m===[39m [32m'cancelled'[39m [33m||[39m
[90m [2m❯[22m src/lib/utils/__tests__/terminal-status-casing.test.ts:[2m107:34[22m[39m

[31m[2m⎯⎯⎯⎯⎯⎯⎯⎯⎯⎯⎯⎯⎯⎯⎯⎯⎯⎯⎯⎯⎯[81/377]⎯[22m[39m

[41m[1m FAIL [22m[49m src/lib/utils/__tests__/terminal-status-casing.test.ts[2m > [22misTerminalStatus function casing inconsistencies[2m > [22medge cases and special formats[2m > [22mhandles underscore vs hyphen in cancelled_dnb
[31m[1mAssertionError[22m: expected true to be false // Object.is equality[39m

[32m- Expected[39m
[31m+ Received[39m

[32m- false[39m
[31m+ true[39m

[36m [2m❯[22m src/lib/utils/__tests__/terminal-status-casing.test.ts:[2m146:54[22m[39m
    [90m144| [39m
    [90m145| [39m      [90m// Different implementations handle this differently[39m
    [90m146| [39m      expect(serviceFulfillmentIsTerminal(dbFormat)).toBe(false); // B…
    [90m   | [39m                                                     [31m^[39m
    [90m147| [39m      expect(serviceResultsIsTerminal(dbFormat)).toBe(true); // Correc…
    [90m148| [39m

[31m[2m⎯⎯⎯⎯⎯⎯⎯⎯⎯⎯⎯⎯⎯⎯⎯⎯⎯⎯⎯⎯⎯[82/377]⎯[22m[39m

[41m[1m FAIL [22m[49m src/lib/utils/__tests__/terminal-status-casing.test.ts[2m > [22misTerminalStatus function casing inconsistencies[2m > [22mimpact on business logic[2m > [22mterminal status check affects ability to change status
[31m[1mAssertionError[22m: expected false to be true // Object.is equality[39m

[32m- Expected[39m
[31m+ Received[39m

[32m- true[39m
[31m+ false[39m

[36m [2m❯[22m src/lib/utils/__tests__/terminal-status-casing.test.ts:[2m180:39[22m[39m
    [90m178| [39m      [90m// Bug: service-fulfillment thinks it's not terminal[39m
    [90m179| [39m      const canModifyPerFulfillment = !serviceFulfillmentIsTerminal(te…
    [90m180| [39m      expect(canModifyPerFulfillment).toBe(true); // Bug: allows modif…
    [90m   | [39m                                      [31m^[39m
    [90m181| [39m
    [90m182| [39m      [90m// Correct: service-results knows it's terminal[39m

[31m[2m⎯⎯⎯⎯⎯⎯⎯⎯⎯⎯⎯⎯⎯⎯⎯⎯⎯⎯⎯⎯⎯[83/377]⎯[22m[39m

[41m[1m FAIL [22m[49m src/lib/utils/__tests__/terminal-status-casing.test.ts[2m > [22misTerminalStatus function casing inconsistencies[2m > [22mimpact on business logic[2m > [22maffects service reopening logic
[31m[1mAssertionError[22m: expected true to be false // Object.is equality[39m

[32m- Expected[39m
[31m+ Received[39m

[32m- false[39m
[31m+ true[39m

[36m [2m❯[22m src/lib/utils/__tests__/terminal-status-casing.test.ts:[2m195:33[22m[39m
    [90m193| [39m      [90m// Component using service-fulfillment check[39m
    [90m194| [39m      const showReopenDialog1 = serviceFulfillmentIsTerminal(completed…
    [90m195| [39m      [34mexpect[39m(showReopenDialog1)[33m.[39m[34mtoBe[39m([35mfalse[39m)[33m;[39m [90m// Bug: won't show dialog[39m
    [90m   | [39m                                [31m^[39m
    [90m196| [39m
    [90m197| [39m      [90m// Component using service-results check[39m

[31m[2m⎯⎯⎯⎯⎯⎯⎯⎯⎯⎯⎯⎯⎯⎯⎯⎯⎯⎯⎯⎯⎯[84/377]⎯[22m[39m

[41m[1m FAIL [22m[49m src/lib/utils/__tests__/terminal-status-casing.test.ts[2m > [22misTerminalStatus function casing inconsistencies[2m > [22mconsistency with ORDER_STATUS_VALUES[2m > [22mshould handle order statuses the same as service statuses
[31m[1mAssertionError[22m: expected true to be false // Object.is equality[39m

[32m- Expected[39m
[31m+ Received[39m

[32m- false[39m
[31m+ true[39m

[36m [2m❯[22m src/lib/utils/__tests__/terminal-status-casing.test.ts:[2m214:35[22m[39m
    [90m212| [39m
    [90m213| [39m        [90m// Shows inconsistency[39m
    [90m214| [39m        expect(fulfillmentResult).toBe(false); // Bug: doesn't recogni…
    [90m   | [39m                                  [31m^[39m
    [90m215| [39m        expect(resultsResult).toBe(true); // Correct: recognizes lower…
    [90m216| [39m      })[33m;[39m
[90m [2m❯[22m src/lib/utils/__tests__/terminal-status-casing.test.ts:[2m208:29[22m[39m

[31m[2m⎯⎯⎯⎯⎯⎯⎯⎯⎯⎯⎯⎯⎯⎯⎯⎯⎯⎯⎯⎯⎯[85/377]⎯[22m[39m

[41m[1m FAIL [22m[49m src/lib/schemas/__tests__/service-fulfillment-status-casing.test.ts[2m > [22mservice-fulfillment.schemas status casing validation[2m > [22mREGRESSION TEST: serviceStatusSchema lowercase validation[2m > [22mshould FAIL with lowercase constants - proves the bug exists
[31m[1mAssertionError[22m: expected true to be false // Object.is equality[39m

[32m- Expected[39m
[31m+ Received[39m

[32m- false[39m
[31m+ true[39m

[36m [2m❯[22m src/lib/schemas/__tests__/service-fulfillment-status-casing.test.ts:[2m25:32[22m[39m
    [90m 23| [39m        [90m// Before fix: FAILS because schema expects Title Case[39m
    [90m 24| [39m        [90m// After fix: PASSES because schema uses lowercase constants[39m
    [90m 25| [39m        expect(result.success).toBe(false); // Currently fails - prove…
    [90m   | [39m                               [31m^[39m
    [90m 26| [39m
    [90m 27| [39m        [35mif[39m ([33m![39mresult[33m.[39msuccess) {
[90m [2m❯[22m src/lib/schemas/__tests__/service-fulfillment-status-casing.test.ts:[2m20:25[22m[39m

[31m[2m⎯⎯⎯⎯⎯⎯⎯⎯⎯⎯⎯⎯⎯⎯⎯⎯⎯⎯⎯⎯⎯[86/377]⎯[22m[39m

[41m[1m FAIL [22m[49m src/lib/schemas/__tests__/service-fulfillment-status-casing.test.ts[2m > [22mservice-fulfillment.schemas status casing validation[2m > [22mREGRESSION TEST: serviceStatusSchema lowercase validation[2m > [22mshould FAIL when order status constants are used
[31m[1mAssertionError[22m: expected true to be false // Object.is equality[39m

[32m- Expected[39m
[31m+ Received[39m

[32m- false[39m
[31m+ true[39m

[36m [2m❯[22m src/lib/schemas/__tests__/service-fulfillment-status-casing.test.ts:[2m50:32[22m[39m
    [90m 48| [39m        [90m// Before fix: FAILS due to casing mismatch[39m
    [90m 49| [39m        [90m// After fix: PASSES with lowercase[39m
    [90m 50| [39m        expect(result.success).toBe(false); // Currently fails - prove…
    [90m   | [39m                               [31m^[39m
    [90m 51| [39m      })[33m;[39m
    [90m 52| [39m    })[33m;[39m
[90m [2m❯[22m src/lib/schemas/__tests__/service-fulfillment-status-casing.test.ts:[2m45:27[22m[39m

[31m[2m⎯⎯⎯⎯⎯⎯⎯⎯⎯⎯⎯⎯⎯⎯⎯⎯⎯⎯⎯⎯⎯[87/377]⎯[22m[39m

[41m[1m FAIL [22m[49m src/lib/schemas/__tests__/service-fulfillment-status-casing.test.ts[2m > [22mservice-fulfillment.schemas status casing validation[2m > [22mupdateServiceFulfillmentSchema status field[2m > [22mshould FAIL with lowercase status in update schema
[31m[1mAssertionError[22m: expected true to be false // Object.is equality[39m

[32m- Expected[39m
[31m+ Received[39m

[32m- false[39m
[31m+ true[39m

[36m [2m❯[22m src/lib/schemas/__tests__/service-fulfillment-status-casing.test.ts:[2m66:30[22m[39m
    [90m 64| [39m      [90m// Before fix: FAILS because status is lowercase[39m
    [90m 65| [39m      [90m// After fix: PASSES[39m
    [90m 66| [39m      expect(result.success).toBe(false); // Currently fails - proves …
    [90m   | [39m                             [31m^[39m
    [90m 67| [39m
    [90m 68| [39m      [35mif[39m ([33m![39mresult[33m.[39msuccess) {

[31m[2m⎯⎯⎯⎯⎯⎯⎯⎯⎯⎯⎯⎯⎯⎯⎯⎯⎯⎯⎯⎯⎯[88/377]⎯[22m[39m

[41m[1m FAIL [22m[49m src/lib/schemas/__tests__/service-fulfillment-status-casing.test.ts[2m > [22mservice-fulfillment.schemas status casing validation[2m > [22mupdateServiceFulfillmentSchema status field[2m > [22mcurrently accepts Title Case status in update
[31m[1mAssertionError[22m: expected false to be true // Object.is equality[39m

[32m- Expected[39m
[31m+ Received[39m

[32m- true[39m
[31m+ false[39m

[36m [2m❯[22m src/lib/schemas/__tests__/service-fulfillment-status-casing.test.ts:[2m81:30[22m[39m
    [90m 79| [39m
    [90m 80| [39m      const result = updateServiceFulfillmentSchema.safeParse(updateDa…
    [90m 81| [39m      expect(result.success).toBe(true); // Currently passes with Titl…
    [90m   | [39m                             [31m^[39m
    [90m 82| [39m    })[33m;[39m
    [90m 83| [39m  })[33m;[39m

[31m[2m⎯⎯⎯⎯⎯⎯⎯⎯⎯⎯⎯⎯⎯⎯⎯⎯⎯⎯⎯⎯⎯[89/377]⎯[22m[39m

[41m[1m FAIL [22m[49m src/lib/schemas/__tests__/service-fulfillment-status-casing.test.ts[2m > [22mservice-fulfillment.schemas status casing validation[2m > [22mserviceQuerySchema status filtering[2m > [22mshould FAIL when filtering by lowercase status
[31m[1mAssertionError[22m: expected true to be false // Object.is equality[39m

[32m- Expected[39m
[31m+ Received[39m

[32m- false[39m
[31m+ true[39m

[36m [2m❯[22m src/lib/schemas/__tests__/service-fulfillment-status-casing.test.ts:[2m97:30[22m[39m
    [90m 95| [39m      [90m// Before fix: FAILS because status is lowercase[39m
    [90m 96| [39m      [90m// After fix: PASSES[39m
    [90m 97| [39m      expect(result.success).toBe(false); // Currently fails - proves …
    [90m   | [39m                             [31m^[39m
    [90m 98| [39m    })[33m;[39m
    [90m 99| [39m

[31m[2m⎯⎯⎯⎯⎯⎯⎯⎯⎯⎯⎯⎯⎯⎯⎯⎯⎯⎯⎯⎯⎯[90/377]⎯[22m[39m

[41m[1m FAIL [22m[49m src/lib/schemas/__tests__/service-fulfillment-status-casing.test.ts[2m > [22mservice-fulfillment.schemas status casing validation[2m > [22mserviceQuerySchema status filtering[2m > [22mcurrently accepts Title Case status in query
[31m[1mAssertionError[22m: expected false to be true // Object.is equality[39m

[32m- Expected[39m
[31m+ Received[39m

[32m- true[39m
[31m+ false[39m

[36m [2m❯[22m src/lib/schemas/__tests__/service-fulfillment-status-casing.test.ts:[2m108:30[22m[39m
    [90m106| [39m
    [90m107| [39m      [35mconst[39m result [33m=[39m serviceQuerySchema[33m.[39m[34msafeParse[39m(queryParams)[33m;[39m
    [90m108| [39m      expect(result.success).toBe(true); // Currently passes with Titl…
    [90m   | [39m                             [31m^[39m
    [90m109| [39m    })[33m;[39m
    [90m110| [39m  })[33m;[39m

[31m[2m⎯⎯⎯⎯⎯⎯⎯⎯⎯⎯⎯⎯⎯⎯⎯⎯⎯⎯⎯⎯⎯[91/377]⎯[22m[39m

[41m[1m FAIL [22m[49m src/lib/schemas/__tests__/service-fulfillment-status-casing.test.ts[2m > [22mservice-fulfillment.schemas status casing validation[2m > [22mcross-schema consistency[2m > [22mall schemas should accept the same status values from constants
[31m[1mAssertionError[22m: expected true to be false // Object.is equality[39m

[32m- Expected[39m
[31m+ Received[39m

[32m- false[39m
[31m+ true[39m

[36m [2m❯[22m src/lib/schemas/__tests__/service-fulfillment-status-casing.test.ts:[2m121:38[22m[39m
    [90m119| [39m
    [90m120| [39m        // All should consistently fail with lowercase (bug) or pass (…
    [90m121| [39m        [34mexpect[39m(statusResult[33m.[39msuccess)[33m.[39m[34mtoBe[39m([35mfalse[39m)[33m;[39m [90m// Currently false[39m
    [90m   | [39m                                     [31m^[39m
    [90m122| [39m        [34mexpect[39m(updateResult[33m.[39msuccess)[33m.[39m[34mtoBe[39m([35mfalse[39m)[33m;[39m [90m// Currently false[39m
    [90m123| [39m        [34mexpect[39m(queryResult[33m.[39msuccess)[33m.[39m[34mtoBe[39m([35mfalse[39m)[33m;[39m [90m// Currently false[39m
[90m [2m❯[22m src/lib/schemas/__tests__/service-fulfillment-status-casing.test.ts:[2m114:29[22m[39m

[31m[2m⎯⎯⎯⎯⎯⎯⎯⎯⎯⎯⎯⎯⎯⎯⎯⎯⎯⎯⎯⎯⎯[92/377]⎯[22m[39m

[41m[1m FAIL [22m[49m src/lib/schemas/__tests__/service-fulfillment-status-casing.test.ts[2m > [22mservice-fulfillment.schemas status casing validation[2m > [22mspecial cases for status values[2m > [22mshould handle missing_info vs Missing Information mismatch
[31m[1mAssertionError[22m: expected true to be false // Object.is equality[39m

[32m- Expected[39m
[31m+ Received[39m

[32m- false[39m
[31m+ true[39m

[36m [2m❯[22m src/lib/schemas/__tests__/service-fulfillment-status-casing.test.ts:[2m163:31[22m[39m
    [90m161| [39m
    [90m162| [39m      [35mconst[39m result1 [33m=[39m serviceStatusSchema[33m.[39m[34msafeParse[39m(dbValue)[33m;[39m
    [90m163| [39m      [34mexpect[39m(result1[33m.[39msuccess)[33m.[39m[34mtoBe[39m([35mfalse[39m)[33m;[39m [90m// Currently fails[39m
    [90m   | [39m                              [31m^[39m
    [90m164| [39m
    [90m165| [39m      [35mconst[39m result2 [33m=[39m serviceStatusSchema[33m.[39m[34msafeParse[39m(schemaExpects)[33m;[39m

[31m[2m⎯⎯⎯⎯⎯⎯⎯⎯⎯⎯⎯⎯⎯⎯⎯⎯⎯⎯⎯⎯⎯[93/377]⎯[22m[39m

[41m[1m FAIL [22m[49m src/lib/schemas/__tests__/service-fulfillment-status-casing.test.ts[2m > [22mservice-fulfillment.schemas status casing validation[2m > [22mspecial cases for status values[2m > [22mshould handle cancelled_dnb vs Cancelled-DNB mismatch
[31m[1mAssertionError[22m: expected true to be false // Object.is equality[39m

[32m- Expected[39m
[31m+ Received[39m

[32m- false[39m
[31m+ true[39m

[36m [2m❯[22m src/lib/schemas/__tests__/service-fulfillment-status-casing.test.ts:[2m175:31[22m[39m
    [90m173| [39m
    [90m174| [39m      [35mconst[39m result1 [33m=[39m serviceStatusSchema[33m.[39m[34msafeParse[39m(dbValue)[33m;[39m
    [90m175| [39m      [34mexpect[39m(result1[33m.[39msuccess)[33m.[39m[34mtoBe[39m([35mfalse[39m)[33m;[39m [90m// Currently fails[39m
    [90m   | [39m                              [31m^[39m
    [90m176| [39m
    [90m177| [39m      [35mconst[39m result2 [33m=[39m serviceStatusSchema[33m.[39m[34msafeParse[39m(schemaExpects)[33m;[39m

[31m[2m⎯⎯⎯⎯⎯⎯⎯⎯⎯⎯⎯⎯⎯⎯⎯⎯⎯⎯⎯⎯⎯[94/377]⎯[22m[39m

[41m[1m FAIL [22m[49m src/lib/schemas/__tests__/service-fulfillment-status-casing.test.ts[2m > [22mservice-fulfillment.schemas status casing validation[2m > [22mTypeScript type inference[2m > [22mServiceStatus type should match runtime values
[31m[1mAssertionError[22m: expected true to be false // Object.is equality[39m

[32m- Expected[39m
[31m+ Received[39m

[32m- false[39m
[31m+ true[39m

[36m [2m❯[22m src/lib/schemas/__tests__/service-fulfillment-status-casing.test.ts:[2m193:30[22m[39m
    [90m191| [39m      // Try to use it as the schema type (will fail at runtime due to…
    [90m192| [39m      [35mconst[39m result [33m=[39m serviceStatusSchema[33m.[39m[34msafeParse[39m(testValue)[33m;[39m
    [90m193| [39m      expect(result.success).toBe(false); // Mismatch between type and…
    [90m   | [39m                             [31m^[39m
    [90m194| [39m    })[33m;[39m
    [90m195| [39m  })[33m;[39m

[31m[2m⎯⎯⎯⎯⎯⎯⎯⎯⎯⎯⎯⎯⎯⎯⎯⎯⎯⎯⎯⎯⎯[95/377]⎯[22m[39m

[41m[1m FAIL [22m[49m src/lib/schemas/__tests__/service-fulfillment-status-casing.test.ts[2m > [22mservice-fulfillment.schemas status casing validation[2m > [22mvalidation error messages[2m > [22mshould show Title Case options in error when lowercase is provided
[31m[1mAssertionError[22m: expected true to be false // Object.is equality[39m

[32m- Expected[39m
[31m+ Received[39m

[32m- false[39m
[31m+ true[39m

[36m [2m❯[22m src/lib/schemas/__tests__/service-fulfillment-status-casing.test.ts:[2m201:30[22m[39m
    [90m199| [39m      [35mconst[39m result [33m=[39m serviceStatusSchema[33m.[39m[34msafeParse[39m([32m'submitted'[39m)[33m;[39m
    [90m200| [39m
    [90m201| [39m      [34mexpect[39m(result[33m.[39msuccess)[33m.[39m[34mtoBe[39m([35mfalse[39m)[33m;[39m
    [90m   | [39m                             [31m^[39m
    [90m202| [39m      [35mif[39m ([33m![39mresult[33m.[39msuccess) {
    [90m203| [39m        [35mconst[39m error [33m=[39m result[33m.[39merror[33m.[39missues[[34m0[39m][33m;[39m

[31m[2m⎯⎯⎯⎯⎯⎯⎯⎯⎯⎯⎯⎯⎯⎯⎯⎯⎯⎯⎯⎯⎯[96/377]⎯[22m[39m

[41m[1m FAIL [22m[49m src/lib/schemas/__tests__/service-fulfillment.schemas.test.ts[2m > [22mservice-fulfillment schemas[2m > [22mserviceStatusSchema[2m > [22mshould accept valid status values
[31m[1mAssertionError[22m: expected false to be true // Object.is equality[39m

[32m- Expected[39m
[31m+ Received[39m

[32m- true[39m
[31m+ false[39m

[36m [2m❯[22m src/lib/schemas/__tests__/service-fulfillment.schemas.test.ts:[2m19:32[22m[39m
    [90m 17| [39m      validStatuses[33m.[39m[34mforEach[39m(status [33m=>[39m {
    [90m 18| [39m        [35mconst[39m result [33m=[39m serviceStatusSchema[33m.[39m[34msafeParse[39m(status)[33m;[39m
    [90m 19| [39m        [34mexpect[39m(result[33m.[39msuccess)[33m.[39m[34mtoBe[39m([35mtrue[39m)[33m;[39m
    [90m   | [39m                               [31m^[39m
    [90m 20| [39m        [34mexpect[39m(result[33m.[39mdata)[33m.[39m[34mtoBe[39m(status)[33m;[39m
    [90m 21| [39m      })[33m;[39m
[90m [2m❯[22m src/lib/schemas/__tests__/service-fulfillment.schemas.test.ts:[2m17:21[22m[39m

[31m[2m⎯⎯⎯⎯⎯⎯⎯⎯⎯⎯⎯⎯⎯⎯⎯⎯⎯⎯⎯⎯⎯[97/377]⎯[22m[39m

[41m[1m FAIL [22m[49m src/lib/schemas/__tests__/service-fulfillment.schemas.test.ts[2m > [22mservice-fulfillment schemas[2m > [22mserviceStatusSchema[2m > [22mshould reject invalid status values
[31m[1mAssertionError[22m: expected true to be false // Object.is equality[39m

[32m- Expected[39m
[31m+ Received[39m

[32m- false[39m
[31m+ true[39m

[36m [2m❯[22m src/lib/schemas/__tests__/service-fulfillment.schemas.test.ts:[2m29:32[22m[39m
    [90m 27| [39m      invalidStatuses[33m.[39m[34mforEach[39m(status [33m=>[39m {
    [90m 28| [39m        [35mconst[39m result [33m=[39m serviceStatusSchema[33m.[39m[34msafeParse[39m(status)[33m;[39m
    [90m 29| [39m        [34mexpect[39m(result[33m.[39msuccess)[33m.[39m[34mtoBe[39m([35mfalse[39m)[33m;[39m
    [90m   | [39m                               [31m^[39m
    [90m 30| [39m      })[33m;[39m
    [90m 31| [39m    })[33m;[39m
[90m [2m❯[22m src/lib/schemas/__tests__/service-fulfillment.schemas.test.ts:[2m27:23[22m[39m

[31m[2m⎯⎯⎯⎯⎯⎯⎯⎯⎯⎯⎯⎯⎯⎯⎯⎯⎯⎯⎯⎯⎯[98/377]⎯[22m[39m

[41m[1m FAIL [22m[49m src/lib/schemas/__tests__/service-fulfillment.schemas.test.ts[2m > [22mservice-fulfillment schemas[2m > [22mupdateServiceFulfillmentSchema[2m > [22mvalid data[2m > [22mshould accept status update only
[31m[1mAssertionError[22m: expected false to be true // Object.is equality[39m

[32m- Expected[39m
[31m+ Received[39m

[32m- true[39m
[31m+ false[39m

[36m [2m❯[22m src/lib/schemas/__tests__/service-fulfillment.schemas.test.ts:[2m61:32[22m[39m
    [90m 59| [39m        [35mconst[39m result [33m=[39m updateServiceFulfillmentSchema[33m.[39m[34msafeParse[39m(data)[33m;[39m
    [90m 60| [39m
    [90m 61| [39m        [34mexpect[39m(result[33m.[39msuccess)[33m.[39m[34mtoBe[39m([35mtrue[39m)[33m;[39m
    [90m   | [39m                               [31m^[39m
    [90m 62| [39m        [34mexpect[39m(result[33m.[39mdata)[33m.[39m[34mtoEqual[39m({ status[33m:[39m [32m'Processing'[39m })[33m;[39m
    [90m 63| [39m      })[33m;[39m

[31m[2m⎯⎯⎯⎯⎯⎯⎯⎯⎯⎯⎯⎯⎯⎯⎯⎯⎯⎯⎯⎯⎯[99/377]⎯[22m[39m

[41m[1m FAIL [22m[49m src/lib/schemas/__tests__/service-fulfillment.schemas.test.ts[2m > [22mservice-fulfillment schemas[2m > [22mupdateServiceFulfillmentSchema[2m > [22mvalid data[2m > [22mshould accept multiple fields at once
[31m[1mAssertionError[22m: expected false to be true // Object.is equality[39m

[32m- Expected[39m
[31m+ Received[39m

[32m- true[39m
[31m+ false[39m

[36m [2m❯[22m src/lib/schemas/__tests__/service-fulfillment.schemas.test.ts:[2m105:32[22m[39m
    [90m103| [39m        [35mconst[39m result [33m=[39m updateServiceFulfillmentSchema[33m.[39m[34msafeParse[39m(data)[33m;[39m
    [90m104| [39m
    [90m105| [39m        [34mexpect[39m(result[33m.[39msuccess)[33m.[39m[34mtoBe[39m([35mtrue[39m)[33m;[39m
    [90m   | [39m                               [31m^[39m
    [90m106| [39m        [34mexpect[39m(result[33m.[39mdata)[33m.[39m[34mtoEqual[39m(data)[33m;[39m
    [90m107| [39m      })[33m;[39m

[31m[2m⎯⎯⎯⎯⎯⎯⎯⎯⎯⎯⎯⎯⎯⎯⎯⎯⎯⎯⎯⎯[100/377]⎯[22m[39m

[41m[1m FAIL [22m[49m src/lib/schemas/__tests__/service-fulfillment.schemas.test.ts[2m > [22mservice-fulfillment schemas[2m > [22mupdateServiceFulfillmentSchema[2m > [22minvalid data[2m > [22mshould reject unknown fields
[31m[1mAssertionError[22m: expected false to be true // Object.is equality[39m

[32m- Expected[39m
[31m+ Received[39m

[32m- true[39m
[31m+ false[39m

[36m [2m❯[22m src/lib/schemas/__tests__/service-fulfillment.schemas.test.ts:[2m161:32[22m[39m
    [90m159| [39m
    [90m160| [39m        [90m// Schema is strict, unknown fields are stripped not rejected[39m
    [90m161| [39m        [34mexpect[39m(result[33m.[39msuccess)[33m.[39m[34mtoBe[39m([35mtrue[39m)[33m;[39m
    [90m   | [39m                               [31m^[39m
    [90m162| [39m        [34mexpect[39m(result[33m.[39mdata)[33m.[39mnot[33m.[39m[34mtoHaveProperty[39m([32m'unknownField'[39m)[33m;[39m
    [90m163| [39m      })[33m;[39m

[31m[2m⎯⎯⎯⎯⎯⎯⎯⎯⎯⎯⎯⎯⎯⎯⎯⎯⎯⎯⎯⎯[101/377]⎯[22m[39m

[41m[1m FAIL [22m[49m src/lib/schemas/__tests__/service-fulfillment.schemas.test.ts[2m > [22mservice-fulfillment schemas[2m > [22mserviceQuerySchema[2m > [22mvalid data[2m > [22mshould accept status filter
[31m[1mAssertionError[22m: expected false to be true // Object.is equality[39m

[32m- Expected[39m
[31m+ Received[39m

[32m- true[39m
[31m+ false[39m

[36m [2m❯[22m src/lib/schemas/__tests__/service-fulfillment.schemas.test.ts:[2m322:32[22m[39m
    [90m320| [39m        [35mconst[39m result [33m=[39m serviceQuerySchema[33m.[39m[34msafeParse[39m(data)[33m;[39m
    [90m321| [39m
    [90m322| [39m        [34mexpect[39m(result[33m.[39msuccess)[33m.[39m[34mtoBe[39m([35mtrue[39m)[33m;[39m
    [90m   | [39m                               [31m^[39m
    [90m323| [39m        [34mexpect[39m(result[33m.[39mdata)[33m.[39m[34mtoEqual[39m({
    [90m324| [39m          status[33m:[39m [32m'Completed'[39m[33m,[39m

[31m[2m⎯⎯⎯⎯⎯⎯⎯⎯⎯⎯⎯⎯⎯⎯⎯⎯⎯⎯⎯⎯[102/377]⎯[22m[39m

[41m[1m FAIL [22m[49m src/lib/schemas/__tests__/service-fulfillment.schemas.test.ts[2m > [22mservice-fulfillment schemas[2m > [22mserviceQuerySchema[2m > [22mvalid data[2m > [22mshould accept all filters together
[31m[1mAssertionError[22m: expected false to be true // Object.is equality[39m

[32m- Expected[39m
[31m+ Received[39m

[32m- true[39m
[31m+ false[39m

[36m [2m❯[22m src/lib/schemas/__tests__/service-fulfillment.schemas.test.ts:[2m363:32[22m[39m
    [90m361| [39m        [35mconst[39m result [33m=[39m serviceQuerySchema[33m.[39m[34msafeParse[39m(data)[33m;[39m
    [90m362| [39m
    [90m363| [39m        [34mexpect[39m(result[33m.[39msuccess)[33m.[39m[34mtoBe[39m([35mtrue[39m)[33m;[39m
    [90m   | [39m                               [31m^[39m
    [90m364| [39m        [34mexpect[39m(result[33m.[39mdata)[33m.[39m[34mtoEqual[39m(data)[33m;[39m
    [90m365| [39m      })[33m;[39m

[31m[2m⎯⎯⎯⎯⎯⎯⎯⎯⎯⎯⎯⎯⎯⎯⎯⎯⎯⎯⎯⎯[103/377]⎯[22m[39m

[41m[1m FAIL [22m[49m src/lib/services/__tests__/service-audit.service.test.ts[2m > [22mServiceAuditService[2m > [22mlogBulkChange[2m > [22mshould create multiple audit logs for bulk vendor assignment
[31m[1mTypeError[22m: Cannot read properties of undefined (reading 'map')[39m
[36m [2m❯[22m Function.logBulkChange src/lib/services/service-audit.service.ts:[2m111:34[22m[39m
    [90m109| [39m
    [90m110| [39m      [90m// Create audit logs for each service[39m
    [90m111| [39m      [35mconst[39m auditLogs [33m=[39m services[33m.[39m[34mmap[39m(service [33m=>[39m ({
    [90m   | [39m                                 [31m^[39m
    [90m112| [39m        serviceFulfillmentId[33m:[39m service[33m.[39mid[33m,[39m
    [90m113| [39m        orderId[33m:[39m service[33m.[39morderId[33m,[39m
[90m [2m❯[22m src/lib/services/__tests__/service-audit.service.test.ts:[2m225:22[22m[39m

[31m[2m⎯⎯⎯⎯⎯⎯⎯⎯⎯⎯⎯⎯⎯⎯⎯⎯⎯⎯⎯⎯[104/377]⎯[22m[39m

[41m[1m FAIL [22m[49m src/lib/services/__tests__/service-audit.service.test.ts[2m > [22mServiceAuditService[2m > [22mlogBulkChange[2m > [22mshould handle empty changes array
[31m[1mTypeError[22m: Cannot read properties of undefined (reading 'map')[39m
[36m [2m❯[22m Function.logBulkChange src/lib/services/service-audit.service.ts:[2m111:34[22m[39m
    [90m109| [39m
    [90m110| [39m      [90m// Create audit logs for each service[39m
    [90m111| [39m      [35mconst[39m auditLogs [33m=[39m services[33m.[39m[34mmap[39m(service [33m=>[39m ({
    [90m   | [39m                                 [31m^[39m
    [90m112| [39m        serviceFulfillmentId[33m:[39m service[33m.[39mid[33m,[39m
    [90m113| [39m        orderId[33m:[39m service[33m.[39morderId[33m,[39m
[90m [2m❯[22m src/lib/services/__tests__/service-audit.service.test.ts:[2m272:22[22m[39m

[31m[2m⎯⎯⎯⎯⎯⎯⎯⎯⎯⎯⎯⎯⎯⎯⎯⎯⎯⎯⎯⎯[105/377]⎯[22m[39m

[41m[1m FAIL [22m[49m src/lib/services/__tests__/service-audit.service.test.ts[2m > [22mServiceAuditService[2m > [22mlogBulkChange[2m > [22mshould handle database errors in bulk operations
[31m[1mAssertionError[22m: expected [Function] to throw error including 'Bulk insert failed' but got 'Cannot read properties of undefined (…'[39m

Expected: [32m"Bulk insert failed"[39m
Received: [31m"Cannot read properties of undefined (reading 'map')"[39m

[36m [2m❯[22m src/lib/services/__tests__/service-audit.service.test.ts:[2m292:7[22m[39m
    [90m290| [39m      )[33m;[39m
    [90m291| [39m
    [90m292| [39m      await expect(ServiceAuditService.logBulkChange(changes, 'user-12…
    [90m   | [39m      [31m^[39m
    [90m293| [39m        [33m.[39mrejects[33m.[39m[34mtoThrow[39m([32m'Bulk insert failed'[39m)[33m;[39m
    [90m294| [39m    })[33m;[39m

[31m[2m⎯⎯⎯⎯⎯⎯⎯⎯⎯⎯⎯⎯⎯⎯⎯⎯⎯⎯⎯⎯[106/377]⎯[22m[39m

[41m[1m FAIL [22m[49m src/lib/services/__tests__/service-audit.service.test.ts[2m > [22mServiceAuditService[2m > [22mgetHistoryByOrder[2m > [22mshould return all audit logs for an order
[31m[1mAssertionError[22m: expected "vi.fn()" to be called with arguments: [ { …(3) } ][90m

Received: 

[1m  1st vi.fn() call:

[22m[33m@@ -1,14 +1,8 @@[90m
[2m  [[22m
[2m    {[22m
[2m      "include": {[22m
[32m-       "serviceFulfillment": {[90m
[32m-         "include": {[90m
[32m-           "location": true,[90m
[32m-           "service": true,[90m
[32m-         },[90m
[32m-       },[90m
[2m        "user": {[22m
[2m          "select": {[22m
[2m            "email": true,[22m
[2m            "firstName": true,[22m
[2m            "id": true,[22m
[33m@@ -17,10 +11,11 @@[90m
[2m        },[22m
[2m      },[22m
[2m      "orderBy": {[22m
[2m        "createdAt": "desc",[22m
[2m      },[22m
[31m+     "take": 100,[90m
[2m      "where": {[22m
[2m        "orderId": "550e8400-e29b-41d4-a716-446655440002",[22m
[2m      },[22m
[2m    },[22m
[2m  ][22m
[31m[90m

Number of calls: [1m1[22m
[31m[39m
[36m [2m❯[22m src/lib/services/__tests__/service-audit.service.test.ts:[2m484:47[22m[39m
    [90m482| [39m
    [90m483| [39m      [34mexpect[39m(result)[33m.[39m[34mtoEqual[39m(mockHistory)[33m;[39m
    [90m484| [39m      [34mexpect[39m(prisma[33m.[39mserviceAuditLog[33m.[39mfindMany)[33m.[39m[34mtoHaveBeenCalledWith[39m({
    [90m   | [39m                                              [31m^[39m
    [90m485| [39m        where[33m:[39m { orderId }[33m,[39m
    [90m486| [39m        include[33m:[39m {

[31m[2m⎯⎯⎯⎯⎯⎯⎯⎯⎯⎯⎯⎯⎯⎯⎯⎯⎯⎯⎯⎯[107/377]⎯[22m[39m

[41m[1m FAIL [22m[49m src/lib/services/__tests__/service-audit.service.test.ts[2m > [22mServiceAuditService[2m > [22mgetStatsByUser[2m > [22mshould return audit statistics for a user
[31m[1mTypeError[22m: __vi_import_0__.ServiceAuditService.getStatsByUser is not a function[39m
[36m [2m❯[22m src/lib/services/__tests__/service-audit.service.test.ts:[2m523:48[22m[39m
    [90m521| [39m      vi.mocked(prisma.serviceAuditLog.findMany).mockResolvedValueOnce…
    [90m522| [39m
    [90m523| [39m      const result = await ServiceAuditService.getStatsByUser(userId, …
    [90m   | [39m                                               [31m^[39m
    [90m524| [39m
    [90m525| [39m      [34mexpect[39m(result)[33m.[39m[34mtoEqual[39m({

[31m[2m⎯⎯⎯⎯⎯⎯⎯⎯⎯⎯⎯⎯⎯⎯⎯⎯⎯⎯⎯⎯[108/377]⎯[22m[39m

[41m[1m FAIL [22m[49m src/lib/services/__tests__/service-fulfillment.service.test.ts[2m > [22mServiceFulfillmentService[2m > [22mcreateServicesForOrder[2m > [22mshould create service fulfillment records for all order items
[31m[1mAssertionError[22m: expected "vi.fn()" to be called with arguments: [ { …(2) } ][90m

Received: 

[1m  1st vi.fn() call:

[22m[2m  [[22m
[2m    {[22m
[2m      "data": [[22m
[2m        {[22m
[32m-         "createdAt": Any<Date>,[90m
[31m+         "createdAt": 2026-03-22T15:20:44.925Z,[90m
[2m          "locationId": "location-1",[22m
[2m          "orderId": "550e8400-e29b-41d4-a716-446655440001",[22m
[2m          "orderItemId": "660e8400-e29b-41d4-a716-446655440001",[22m
[2m          "serviceId": "f47ac10b-58cc-4372-a567-0e02b2c3d479",[22m
[32m-         "status": "pending",[90m
[2m        },[22m
[2m        {[22m
[32m-         "createdAt": Any<Date>,[90m
[31m+         "createdAt": 2026-03-22T15:20:44.925Z,[90m
[2m          "locationId": "location-2",[22m
[2m          "orderId": "550e8400-e29b-41d4-a716-446655440001",[22m
[2m          "orderItemId": "660e8400-e29b-41d4-a716-446655440002",[22m
[2m          "serviceId": "a47ac10b-58cc-4372-a567-0e02b2c3d479",[22m
[32m-         "status": "pending",[90m
[2m        },[22m
[2m      ],[22m
[2m      "skipDuplicates": true,[22m
[2m    },[22m
[2m  ][22m
[31m[90m

Number of calls: [1m1[22m
[31m[39m
[36m [2m❯[22m src/lib/services/__tests__/service-fulfillment.service.test.ts:[2m97:53[22m[39m
    [90m 95| [39m      })[33m;[39m
    [90m 96| [39m
    [90m 97| [39m      expect(prisma.servicesFulfillment.createMany).toHaveBeenCalledWi…
    [90m   | [39m                                                    [31m^[39m
    [90m 98| [39m        data[33m:[39m [
    [90m 99| [39m          {

[31m[2m⎯⎯⎯⎯⎯⎯⎯⎯⎯⎯⎯⎯⎯⎯⎯⎯⎯⎯⎯⎯[109/377]⎯[22m[39m

[41m[1m FAIL [22m[49m src/lib/services/__tests__/service-fulfillment.service.test.ts[2m > [22mServiceFulfillmentService[2m > [22mgetServices[2m > [22mshould filter services by status when provided
[31m[1mAssertionError[22m: expected "vi.fn()" to be called with arguments: [ ObjectContaining{…} ][90m

Received: 

[1m  1st vi.fn() call:

[22m[2m  [[22m
[32m-   ObjectContaining {[90m
[31m+   {[90m
[31m+     "include": {[90m
[31m+       "assignedVendor": true,[90m
[31m+       "location": true,[90m
[31m+       "order": {[90m
[31m+         "include": {[90m
[31m+           "customer": true,[90m
[31m+           "subject": true,[90m
[31m+         },[90m
[31m+       },[90m
[31m+       "service": true,[90m
[31m+     },[90m
[31m+     "orderBy": {[90m
[31m+       "createdAt": "desc",[90m
[31m+     },[90m
[31m+     "skip": 0,[90m
[31m+     "take": 50,[90m
[2m      "where": {[22m
[31m+       "orderItem": {[90m
[2m          "status": "completed",[22m
[31m+       },[90m
[2m      },[22m
[2m    },[22m
[2m  ][22m
[31m[90m

Number of calls: [1m1[22m
[31m[39m
[36m [2m❯[22m src/lib/services/__tests__/service-fulfillment.service.test.ts:[2m238:51[22m[39m
    [90m236| [39m      await ServiceFulfillmentService.getServices(user, { status: 'com…
    [90m237| [39m
    [90m238| [39m      [34mexpect[39m(prisma[33m.[39mservicesFulfillment[33m.[39mfindMany)[33m.[39m[34mtoHaveBeenCalledWith[39m(
    [90m   | [39m                                                  [31m^[39m
    [90m239| [39m        expect[33m.[39m[34mobjectContaining[39m({
    [90m240| [39m          where[33m:[39m { status[33m:[39m [32m'completed'[39m }

[31m[2m⎯⎯⎯⎯⎯⎯⎯⎯⎯⎯⎯⎯⎯⎯⎯⎯⎯⎯⎯⎯[110/377]⎯[22m[39m

[41m[1m FAIL [22m[49m src/lib/services/__tests__/service-fulfillment.service.test.ts[2m > [22mServiceFulfillmentService[2m > [22mgetServices[2m > [22mshould throw error for users without proper permissions
[31m[1mAssertionError[22m: promise resolved "{ services: undefined, …(3) }" instead of rejecting[39m

[32m- Expected[39m
[31m+ Received[39m

[32m- Error {[39m
[32m-   "message": "rejected promise",[39m
[31m+ {[39m
[31m+   "limit": 50,[39m
[31m+   "offset": 0,[39m
[31m+   "services": undefined,[39m
[31m+   "total": undefined,[39m
[2m  }[22m

[36m [2m❯[22m src/lib/services/__tests__/service-fulfillment.service.test.ts:[2m298:67[22m[39m
    [90m296| [39m      }[33m;[39m
    [90m297| [39m
    [90m298| [39m      [35mawait[39m [34mexpect[39m([33mServiceFulfillmentService[39m[33m.[39m[34mgetServices[39m(user[33m,[39m {}))
    [90m   | [39m                                                                  [31m^[39m
    [90m299| [39m        [33m.[39mrejects[33m.[39m[34mtoThrow[39m([32m'Insufficient permissions to view services'[39m)[33m;[39m
    [90m300| [39m    })[33m;[39m

[31m[2m⎯⎯⎯⎯⎯⎯⎯⎯⎯⎯⎯⎯⎯⎯⎯⎯⎯⎯⎯⎯[111/377]⎯[22m[39m

[41m[1m FAIL [22m[49m src/lib/services/__tests__/service-fulfillment.service.test.ts[2m > [22mServiceFulfillmentService[2m > [22mgetServices[2m > [22mshould include deactivated vendor services but flag them
[31m[1mAssertionError[22m: expected undefined to be true // Object.is equality[39m

[32m- Expected:[39m 
true

[31m+ Received:[39m 
undefined

[36m [2m❯[22m src/lib/services/__tests__/service-fulfillment.service.test.ts:[2m336:58[22m[39m
    [90m334| [39m
    [90m335| [39m      [34mexpect[39m(result[33m.[39mservices)[33m.[39m[34mtoHaveLength[39m([34m2[39m)[33m;[39m
    [90m336| [39m      [34mexpect[39m(result[33m.[39mservices[[34m1[39m][33m.[39massignedVendor[33m.[39mdisabled)[33m.[39m[34mtoBe[39m([35mtrue[39m)[33m;[39m
    [90m   | [39m                                                         [31m^[39m
    [90m337| [39m    })[33m;[39m
    [90m338| [39m  })[33m;[39m

[31m[2m⎯⎯⎯⎯⎯⎯⎯⎯⎯⎯⎯⎯⎯⎯⎯⎯⎯⎯⎯⎯[112/377]⎯[22m[39m

[41m[1m FAIL [22m[49m src/lib/services/__tests__/service-fulfillment.service.test.ts[2m > [22mServiceFulfillmentService[2m > [22mupdateService[2m > [22mshould update service status and create audit log
[31m[1mAssertionError[22m: expected "vi.fn()" to be called with arguments: [ { …(9) } ][90m

Number of calls: [1m0[22m
[31m[39m
[36m [2m❯[22m src/lib/services/__tests__/service-fulfillment.service.test.ts:[2m460:45[22m[39m
    [90m458| [39m      [34mexpect[39m(result)[33m.[39m[34mtoEqual[39m(updatedService)[33m;[39m
    [90m459| [39m
    [90m460| [39m      [34mexpect[39m([33mServiceAuditService[39m[33m.[39mlogChange)[33m.[39m[34mtoHaveBeenCalledWith[39m({
    [90m   | [39m                                            [31m^[39m
    [90m461| [39m        serviceFulfillmentId[33m:[39m [32m'c47ac10b-58cc-4372-a567-0e02b2c3d479'[39m[33m,[39m
    [90m462| [39m        orderId[33m:[39m [32m'550e8400-e29b-41d4-a716-446655440002'[39m[33m,[39m

[31m[2m⎯⎯⎯⎯⎯⎯⎯⎯⎯⎯⎯⎯⎯⎯⎯⎯⎯⎯⎯⎯[113/377]⎯[22m[39m

[41m[1m FAIL [22m[49m src/lib/services/__tests__/service-fulfillment.service.test.ts[2m > [22mServiceFulfillmentService[2m > [22mupdateService[2m > [22mshould set completedAt when status changes to completed
[31m[1mAssertionError[22m: expected "vi.fn()" to be called with arguments: [ ObjectContaining{…} ][90m

Received: 

[1m  1st vi.fn() call:

[22m[2m  [[22m
[32m-   ObjectContaining {[90m
[32m-     "data": ObjectContaining {[90m
[32m-       "completedAt": Any<Date>,[90m
[32m-       "status": "completed",[90m
[31m+   {[90m
[31m+     "data": {},[90m
[31m+     "include": {[90m
[31m+       "assignedVendor": true,[90m
[31m+       "location": true,[90m
[31m+       "order": true,[90m
[31m+       "orderItem": true,[90m
[31m+       "service": true,[90m
[31m+     },[90m
[31m+     "where": {[90m
[31m+       "id": "c47ac10b-58cc-4372-a567-0e02b2c3d479",[90m
[2m      },[22m
[2m    },[22m
[2m  ][22m
[31m[90m

Number of calls: [1m1[22m
[31m[39m
[36m [2m❯[22m src/lib/services/__tests__/service-fulfillment.service.test.ts:[2m639:49[22m[39m
    [90m637| [39m      )[33m;[39m
    [90m638| [39m
    [90m639| [39m      [34mexpect[39m(prisma[33m.[39mservicesFulfillment[33m.[39mupdate)[33m.[39m[34mtoHaveBeenCalledWith[39m(
    [90m   | [39m                                                [31m^[39m
    [90m640| [39m        expect[33m.[39m[34mobjectContaining[39m({
    [90m641| [39m          data[33m:[39m expect[33m.[39m[34mobjectContaining[39m({

[31m[2m⎯⎯⎯⎯⎯⎯⎯⎯⎯⎯⎯⎯⎯⎯⎯⎯⎯⎯⎯⎯[114/377]⎯[22m[39m

[41m[1m FAIL [22m[49m src/lib/services/__tests__/service-fulfillment.service.test.ts[2m > [22mServiceFulfillmentService[2m > [22mbulkAssignServices[2m > [22mshould assign multiple services to a vendor
[31m[1mAssertionError[22m: expected { updated: 3 } to deeply equal { updated: 3, …(1) }[39m

[32m- Expected[39m
[31m+ Received[39m

[2m  {[22m
[32m-   "message": "3 services assigned to vendor",[39m
[2m    "updated": 3,[22m
[2m  }[22m

[36m [2m❯[22m src/lib/services/__tests__/service-fulfillment.service.test.ts:[2m740:22[22m[39m
    [90m738| [39m      )[33m;[39m
    [90m739| [39m
    [90m740| [39m      [34mexpect[39m(result)[33m.[39m[34mtoEqual[39m({
    [90m   | [39m                     [31m^[39m
    [90m741| [39m        updated[33m:[39m [34m3[39m[33m,[39m
    [90m742| [39m        message[33m:[39m [32m'3 services assigned to vendor'[39m

[31m[2m⎯⎯⎯⎯⎯⎯⎯⎯⎯⎯⎯⎯⎯⎯⎯⎯⎯⎯⎯⎯[115/377]⎯[22m[39m

[41m[1m FAIL [22m[49m src/lib/services/__tests__/service-fulfillment.service.test.ts[2m > [22mServiceFulfillmentService[2m > [22mcheckOrderCompletion[2m > [22mshould return true when all services are in terminal status
[41m[1m FAIL [22m[49m src/lib/services/__tests__/service-fulfillment.service.test.ts[2m > [22mServiceFulfillmentService[2m > [22mcheckOrderCompletion[2m > [22mshould return false when some services are not in terminal status
[31m[1mReferenceError[22m: isTerminalStatus is not defined[39m
[36m [2m❯[22m src/lib/services/service-fulfillment.service.ts:[2m552:9[22m[39m
    [90m550| [39m      [90m// Check if all services are in terminal status[39m
    [90m551| [39m      [35mreturn[39m services[33m.[39m[34mevery[39m(service [33m=>[39m
    [90m552| [39m        [34misTerminalStatus[39m(service[33m.[39mstatus)
    [90m   | [39m        [31m^[39m
    [90m553| [39m      )[33m;[39m
    [90m554| [39m    } [35mcatch[39m (error) {
[90m [2m❯[22m Function.areAllServicesTerminal src/lib/services/service-fulfillment.service.ts:[2m551:23[22m[39m

[31m[2m⎯⎯⎯⎯⎯⎯⎯⎯⎯⎯⎯⎯⎯⎯⎯⎯⎯⎯⎯⎯[116/377]⎯[22m[39m

[41m[1m FAIL [22m[49m src/components/fulfillment/__tests__/OrderDetailsView.customer-readonly.test.tsx[2m > [22mOrderDetailsView - Customer Read-Only Access[2m > [22mCustomer Data Visibility[2m > [22mshould show basic order information to customers
[31m[1mTestingLibraryElementError[22m[39m: Unable to find an element with the text: Processing. This could be because the text is broken up by multiple elements. In this case, you can provide a function for your text matcher to make your matcher more flexible.

Ignored nodes: comments, script, style
[36m<body>[39m
  [36m<div>[39m
    [36m<main[39m
      [33mclass[39m=[32m"order-details-view"[39m
      [33mrole[39m=[32m"main"[39m
    [36m>[39m
      [36m<div[39m
        [33mclass[39m=[32m"space-y-6"[39m
      [36m>[39m
        [36m<div[39m
          [33mclass[39m=[32m"border-b pb-4"[39m
        [36m>[39m
          [36m<div[39m
            [33mclass[39m=[32m"flex items-center justify-between"[39m
          [36m>[39m
            [36m<div[39m
              [33mclass[39m=[32m"flex items-center space-x-4"[39m
            [36m>[39m
              [36m<button[39m
                [33mclass[39m=[32m"flex items-center text-gray-500 hover:text-gray-700"[39m
              [36m>[39m
                [36m<svg[39m
                  [33mclass[39m=[32m"lucide lucide-chevron-left w-4 h-4 mr-1"[39m
                  [33mfill[39m=[32m"none"[39m
                  [33mheight[39m=[32m"24"[39m
                  [33mstroke[39m=[32m"currentColor"[39m
                  [33mstroke-linecap[39m=[32m"round"[39m
                  [33mstroke-linejoin[39m=[32m"round"[39m
                  [33mstroke-width[39m=[32m"2"[39m
                  [33mviewBox[39m=[32m"0 0 24 24"[39m
                  [33mwidth[39m=[32m"24"[39m
                  [33mxmlns[39m=[32m"http://www.w3.org/2000/svg"[39m
                [36m>[39m
                  [36m<path[39m
                    [33md[39m=[32m"m15 18-6-6 6-6"[39m
                  [36m/>[39m
                [36m</svg>[39m
                [0mcommon.backToDashboard[0m
              [36m</button>[39m
              [36m<h1[39m
                [33mclass[39m=[32m"text-2xl font-bold text-gray-900"[39m
              [36m>[39m
                [0m20240310-ABC-0001[0m
              [36m</h1>[39m
            [36m</div>[39m
          [36m</div>[39m
        [36m</div>[39m
        [36m<section>[39m
          [36m<h2[39m
            [33mclass[39m=[32m"text-lg font-medium text-gray-900 mb-3"[39m
          [36m>[39m
            [0mmodule.fulfillment.subjectInformation[0m
          [36m</h2>[39m
          [36m<div[39m
            [33mclass[39m=[32m"bg-white rounded-lg border p-4"[39m
          [36m>[39m
            [36m<dl[39m
              [33mclass[39m=[32m"grid grid-cols-2 md:grid-cols-3 gap-x-4 gap-y-3"[39m
            [36m>[39m
              [36m<div>[39m
                [36m<dt[39m
                  [33mclass[39m=[32m"text-xs font-semibold text-gray-500"[39m
                [36m>[39m
                  [0mmodule.fulfillment.firstName[0m
                  [0m:[0m
                [36m</dt>[39m
                [36m<dd[39m
                  [33mclass[39m=[32m"mt-0.5 text-base text-black"[39m
                [36m>[39m
                  [0mJohn[0m
                [36m</dd>[39m
              [36m</div>[39m
              [36m<div>[39m
                [36m<dt[39m
                  [33mclass[39m=[32m"text-xs font-semibold text-gray-500"[39m
                [36m>[39m
                  [0mmodule.fulfillment.lastName[0m
                  [0m:[0m
                [36m</dt>[39m
                [36m<dd[39m
                  [33mclass[39m=[32m"mt-0.5 text-base text-black"[39m
                [36m>[39m
                  [0mDoe[0m
                [36m</dd>[39m
              [36m</div>[39m
              [36m<div>[39m
                [36m<dt[39m
                  [33mclass[39m=[32m"text-xs font-semibold text-gray-500"[39m
                [36m>[39m
                  [0mmodule.fulfillment.middleName[0m
                  [0m:[0m
                [36m</dt>[39m
                [36m<dd[39m
                  [33mclass[39m=[32m"mt-0.5 text-base text-black"[39m
                [36m>[39m
                  [0m--[0m
                [36m</dd>[39m
              [36m</div>[39m
              [36m<div>[39m
                [36m<dt[39m
                  [33mclass[39m=[32m"text-xs font-semibold text-gray-500"[39m
                [36m>[39m
                  [0mmodule.fulfillment.dateOfBirth[0m
                  [0m:[0m
                [36m</dt>[39m
                [36m<dd[39m
                  [33mclass[39m=[32m"mt-0.5 text-base text-black"[39m
                [36m>[39m
                  [0m12/31/1989[0m
                [36m</dd>[39m
              [36m</div>[39m
              [36m<div>[39m
                [36m<dt[39m
                  [33mclass[39m=[32m"text-xs font-semibold text-gray-500"[39m
                [36m>[39m
                  [0mmodule.fulfillment.email[0m
                  [0m:[0m
                [36m</dt>[39m
                [36m<dd[39m
                  [33mclass[39m=[32m"mt-0.5 text-base text-black"[39m
                [36m>[39m
                  [0mjohn@example.com[0m
                [36m</dd>[39m
              [36m</div>[39m
              [36m<div>[39m
                [36m<dt[39m
                  [33mclass[39m=[32m"text-xs font-semibold text-gray-500"[39m
                [36m>[39m
                  [0mmodule.fulfillment.phone[0m
                  [0m:[0m
                [36m</dt>[39m
                [36m<dd[39m
                  [33mclass[39m=[32m"mt-0.5 text-base text-black"[39m
                [36m>[39m
                  [0m555-0100[0m
                [36m</dd>[39m
              [36m</div>[39m
              [36m<div>[39m
                [36m<dt[39m
                  [33mclass[39m=[32m"text-xs font-semibold text-gray-500"[39m
                [36m>[39m
                  [0mmodule.fulfillment.ssn[0m
                  [0m:[0m
                [36m</dt>[39m
                [36m<dd[39m
                  [33mclass[39m=[32m"mt-0.5 text-base text-black"[39m
                [36m>[39m
                  [0mXXX-XX-6789[0m
                [36m</dd>[39m
              [36m</div>[39m
              [36m<div[39m
                [33mclass[39m=[32m"md:col-span-2"[39m
              [36m>[39m
                [36m<dt[39m
                  [33mclass[39m=[32m"text-xs font-semibold text-gray-500"[39m
                [36m>[39m
                  [0mmodule.fulfillment.address[0m
                  [0m:[0m
                [36m</dt>[39m
                [36m<dd[39m
                  [33mclass[39m=[32m"mt-0.5 text-base text-black"[39m
                [36m>[39m
                  [0m123 Main St[0m
                [36m</dd>[39m
              [36m</div>[39m
              [36m<div>[39m
                [36m<dt[39m
                  [33mclass[39m=[32m"text-xs font-semibold text-gray-500"[39m
                [36m>[39m
                  [0mmodule.fulfillment.city[0m
                  [0m:[0m
                [36m</dt>[39m
                [36m<dd[39m
                  [33mclass[39m=[32m"mt-0.5 text-base text-black"[39m
                [36m>[39m
                  [0mAnytown[0m
                [36m</dd>[39m
              [36m</div>[39m
              [36m<div>[39m
                [36m<dt[39m
                  [33mclass[39m=[32m"text-xs font-semibold text-gray-500"[39m
                [36m>[39m
                  [0mmodule.fulfillment.state[0m
                  [0m:[0m
                [36m</dt>[39m
                [36m<dd[39m
                  [33mclass[39m=[32m"mt-0.5 text-base text-black"[39m
                [36m>[39m
                  [0mCA[0m
                [36m</dd>[39m
              [36m</div>[39m
              [36m<div>[39m
                [36m<dt[39m
                  [33mclass[39m=[32m"text-xs font-semibold text-gray-500"[39m
                [36m>[39m
                  [0mmodule.fulfillment.zipCode[0m
                  [0m:[0m
                [36m</dt>[39m
                [36m<dd[39m
                  [33mclass[39m=[32m"mt-0.5 text-base text-black"[39m
                [36m>[39m
                  [0m12345[0m
                [36m</dd>[39m
              [36m</div>[39m
            [36m</dl>[39m
          [36m</div>[39m
        [36m</section>[39m
        [36m<section>[39m
          [36m<h2[39m
            [33mclass[39m=[32m"text-lg font-medium text-gray-900 mb-4"[39m
          [36m>[39m
            [0mmodule.fulfillment.services[0m
          [36m</h2>[39m
          [36m<div[39m
            [33mclass[39m=[32m"bg-white rounded-lg border p-4"[39m
          [36m>[39m
            [36m<div[39m
              [33mdata-is-customer[39m=[32m"true"[39m
              [33mdata-readonly[39m=[32m"true"[39m
              [33mdata-show-notes[39m=[32m"false"[39m
              [33mdata-testid[39m=[32m"service-fulfillment-table"[39m
            [36m>[39m
              [36m<div>[39m
                [36m<span>[39m
                  [0mCriminal Background Check[0m
                [36m</span>[39m
                [36m<span>[39m
                  [0mNational[0m
                [36m</span>[39m
                [36m<div[39m
                  [33mdata-testid[39m=[32m"comment-badge-fulfillment-1"[39m
                [36m>[39m
                  [36m<span>[39m
                    [0m1[0m
                  [36m</span>[39m
                  [0m [0m
                  [36m<span>[39m
                    [0mcomment[0m
                  [36m</span>[39m
                [36m</div>[39m
                [36m<div[39m
                  [33mdata-is-customer[39m=[32m"true"[39m
                  [33mdata-testid[39m=[32m"comment-section-660e8400-e29b-41d4-a716-446655440001"[39m
                [36m>[39m
                  [36m<div>[39m
                    [0mExternal comment for all[0m
                  [36m</div>[39m
                [36m</div>[39m
              [36m</div>[39m
            [36m</div>[39m
          [36m</div>[39m
        [36m</section>[39m
      [36m</div>[39m
    [36m</main>[39m
  [36m</div>[39m
[36m</body>[39m
[90m [2m❯[22m Object.getElementError node_modules/.pnpm/@testing-library+dom@10.4.1/node_modules/@testing-library/dom/dist/config.js:[2m37:19[22m[39m
[90m [2m❯[22m node_modules/.pnpm/@testing-library+dom@10.4.1/node_modules/@testing-library/dom/dist/query-helpers.js:[2m76:38[22m[39m
[90m [2m❯[22m node_modules/.pnpm/@testing-library+dom@10.4.1/node_modules/@testing-library/dom/dist/query-helpers.js:[2m109:15[22m[39m
[36m [2m❯[22m src/components/fulfillment/__tests__/OrderDetailsView.customer-readonly.test.tsx:[2m272:21[22m[39m
    [90m270| [39m      const orderNumbers = await screen.findAllByText('20240310-ABC-00…
    [90m271| [39m      [34mexpect[39m(orderNumbers[33m.[39mlength)[33m.[39m[34mtoBeGreaterThan[39m([34m0[39m)[33m;[39m
    [90m272| [39m      expect(screen.getAllByText('Processing').length).toBeGreaterThan…
    [90m   | [39m                    [31m^[39m
    [90m273| [39m
    [90m274| [39m      [90m// Should show customer information[39m

[31m[2m⎯⎯⎯⎯⎯⎯⎯⎯⎯⎯⎯⎯⎯⎯⎯⎯⎯⎯⎯⎯[117/377]⎯[22m[39m

[41m[1m FAIL [22m[49m src/components/fulfillment/__tests__/OrderDetailsView.customer-readonly.test.tsx[2m > [22mOrderDetailsView - Customer Read-Only Access[2m > [22mCustomer Data Visibility[2m > [22mshould show subject information to customers
[31m[1mTestingLibraryElementError[22m[39m: Unable to find an element with the text: ***-**-6789. This could be because the text is broken up by multiple elements. In this case, you can provide a function for your text matcher to make your matcher more flexible.

Ignored nodes: comments, script, style
[36m<body>[39m
  [36m<div>[39m
    [36m<main[39m
      [33mclass[39m=[32m"order-details-view"[39m
      [33mrole[39m=[32m"main"[39m
    [36m>[39m
      [36m<div[39m
        [33mclass[39m=[32m"space-y-6"[39m
      [36m>[39m
        [36m<div[39m
          [33mclass[39m=[32m"border-b pb-4"[39m
        [36m>[39m
          [36m<div[39m
            [33mclass[39m=[32m"flex items-center justify-between"[39m
          [36m>[39m
            [36m<div[39m
              [33mclass[39m=[32m"flex items-center space-x-4"[39m
            [36m>[39m
              [36m<button[39m
                [33mclass[39m=[32m"flex items-center text-gray-500 hover:text-gray-700"[39m
              [36m>[39m
                [36m<svg[39m
                  [33mclass[39m=[32m"lucide lucide-chevron-left w-4 h-4 mr-1"[39m
                  [33mfill[39m=[32m"none"[39m
                  [33mheight[39m=[32m"24"[39m
                  [33mstroke[39m=[32m"currentColor"[39m
                  [33mstroke-linecap[39m=[32m"round"[39m
                  [33mstroke-linejoin[39m=[32m"round"[39m
                  [33mstroke-width[39m=[32m"2"[39m
                  [33mviewBox[39m=[32m"0 0 24 24"[39m
                  [33mwidth[39m=[32m"24"[39m
                  [33mxmlns[39m=[32m"http://www.w3.org/2000/svg"[39m
                [36m>[39m
                  [36m<path[39m
                    [33md[39m=[32m"m15 18-6-6 6-6"[39m
                  [36m/>[39m
                [36m</svg>[39m
                [0mcommon.backToDashboard[0m
              [36m</button>[39m
              [36m<h1[39m
                [33mclass[39m=[32m"text-2xl font-bold text-gray-900"[39m
              [36m>[39m
                [0m20240310-ABC-0001[0m
              [36m</h1>[39m
            [36m</div>[39m
          [36m</div>[39m
        [36m</div>[39m
        [36m<section>[39m
          [36m<h2[39m
            [33mclass[39m=[32m"text-lg font-medium text-gray-900 mb-3"[39m
          [36m>[39m
            [0mmodule.fulfillment.subjectInformation[0m
          [36m</h2>[39m
          [36m<div[39m
            [33mclass[39m=[32m"bg-white rounded-lg border p-4"[39m
          [36m>[39m
            [36m<dl[39m
              [33mclass[39m=[32m"grid grid-cols-2 md:grid-cols-3 gap-x-4 gap-y-3"[39m
            [36m>[39m
              [36m<div>[39m
                [36m<dt[39m
                  [33mclass[39m=[32m"text-xs font-semibold text-gray-500"[39m
                [36m>[39m
                  [0mmodule.fulfillment.firstName[0m
                  [0m:[0m
                [36m</dt>[39m
                [36m<dd[39m
                  [33mclass[39m=[32m"mt-0.5 text-base text-black"[39m
                [36m>[39m
                  [0mJohn[0m
                [36m</dd>[39m
              [36m</div>[39m
              [36m<div>[39m
                [36m<dt[39m
                  [33mclass[39m=[32m"text-xs font-semibold text-gray-500"[39m
                [36m>[39m
                  [0mmodule.fulfillment.lastName[0m
                  [0m:[0m
                [36m</dt>[39m
                [36m<dd[39m
                  [33mclass[39m=[32m"mt-0.5 text-base text-black"[39m
                [36m>[39m
                  [0mDoe[0m
                [36m</dd>[39m
              [36m</div>[39m
              [36m<div>[39m
                [36m<dt[39m
                  [33mclass[39m=[32m"text-xs font-semibold text-gray-500"[39m
                [36m>[39m
                  [0mmodule.fulfillment.middleName[0m
                  [0m:[0m
                [36m</dt>[39m
                [36m<dd[39m
                  [33mclass[39m=[32m"mt-0.5 text-base text-black"[39m
                [36m>[39m
                  [0m--[0m
                [36m</dd>[39m
              [36m</div>[39m
              [36m<div>[39m
                [36m<dt[39m
                  [33mclass[39m=[32m"text-xs font-semibold text-gray-500"[39m
                [36m>[39m
                  [0mmodule.fulfillment.dateOfBirth[0m
                  [0m:[0m
                [36m</dt>[39m
                [36m<dd[39m
                  [33mclass[39m=[32m"mt-0.5 text-base text-black"[39m
                [36m>[39m
                  [0m12/31/1989[0m
                [36m</dd>[39m
              [36m</div>[39m
              [36m<div>[39m
                [36m<dt[39m
                  [33mclass[39m=[32m"text-xs font-semibold text-gray-500"[39m
                [36m>[39m
                  [0mmodule.fulfillment.email[0m
                  [0m:[0m
                [36m</dt>[39m
                [36m<dd[39m
                  [33mclass[39m=[32m"mt-0.5 text-base text-black"[39m
                [36m>[39m
                  [0mjohn@example.com[0m
                [36m</dd>[39m
              [36m</div>[39m
              [36m<div>[39m
                [36m<dt[39m
                  [33mclass[39m=[32m"text-xs font-semibold text-gray-500"[39m
                [36m>[39m
                  [0mmodule.fulfillment.phone[0m
                  [0m:[0m
                [36m</dt>[39m
                [36m<dd[39m
                  [33mclass[39m=[32m"mt-0.5 text-base text-black"[39m
                [36m>[39m
                  [0m555-0100[0m
                [36m</dd>[39m
              [36m</div>[39m
              [36m<div>[39m
                [36m<dt[39m
                  [33mclass[39m=[32m"text-xs font-semibold text-gray-500"[39m
                [36m>[39m
                  [0mmodule.fulfillment.ssn[0m
                  [0m:[0m
                [36m</dt>[39m
                [36m<dd[39m
                  [33mclass[39m=[32m"mt-0.5 text-base text-black"[39m
                [36m>[39m
                  [0mXXX-XX-6789[0m
                [36m</dd>[39m
              [36m</div>[39m
              [36m<div[39m
                [33mclass[39m=[32m"md:col-span-2"[39m
              [36m>[39m
                [36m<dt[39m
                  [33mclass[39m=[32m"text-xs font-semibold text-gray-500"[39m
                [36m>[39m
                  [0mmodule.fulfillment.address[0m
                  [0m:[0m
                [36m</dt>[39m
                [36m<dd[39m
                  [33mclass[39m=[32m"mt-0.5 text-base text-black"[39m
                [36m>[39m
                  [0m123 Main St[0m
                [36m</dd>[39m
              [36m</div>[39m
              [36m<div>[39m
                [36m<dt[39m
                  [33mclass[39m=[32m"text-xs font-semibold text-gray-500"[39m
                [36m>[39m
                  [0mmodule.fulfillment.city[0m
                  [0m:[0m
                [36m</dt>[39m
                [36m<dd[39m
                  [33mclass[39m=[32m"mt-0.5 text-base text-black"[39m
                [36m>[39m
                  [0mAnytown[0m
                [36m</dd>[39m
              [36m</div>[39m
              [36m<div>[39m
                [36m<dt[39m
                  [33mclass[39m=[32m"text-xs font-semibold text-gray-500"[39m
                [36m>[39m
                  [0mmodule.fulfillment.state[0m
                  [0m:[0m
                [36m</dt>[39m
                [36m<dd[39m
                  [33mclass[39m=[32m"mt-0.5 text-base text-black"[39m
                [36m>[39m
                  [0mCA[0m
                [36m</dd>[39m
              [36m</div>[39m
              [36m<div>[39m
                [36m<dt[39m
                  [33mclass[39m=[32m"text-xs font-semibold text-gray-500"[39m
                [36m>[39m
                  [0mmodule.fulfillment.zipCode[0m
                  [0m:[0m
                [36m</dt>[39m
                [36m<dd[39m
                  [33mclass[39m=[32m"mt-0.5 text-base text-black"[39m
                [36m>[39m
                  [0m12345[0m
                [36m</dd>[39m
              [36m</div>[39m
            [36m</dl>[39m
          [36m</div>[39m
        [36m</section>[39m
        [36m<section>[39m
          [36m<h2[39m
            [33mclass[39m=[32m"text-lg font-medium text-gray-900 mb-4"[39m
          [36m>[39m
            [0mmodule.fulfillment.services[0m
          [36m</h2>[39m
          [36m<div[39m
            [33mclass[39m=[32m"bg-white rounded-lg border p-4"[39m
          [36m>[39m
            [36m<div[39m
              [33mdata-is-customer[39m=[32m"true"[39m
              [33mdata-readonly[39m=[32m"true"[39m
              [33mdata-show-notes[39m=[32m"false"[39m
              [33mdata-testid[39m=[32m"service-fulfillment-table"[39m
            [36m>[39m
              [36m<div>[39m
                [36m<span>[39m
                  [0mCriminal Background Check[0m
                [36m</span>[39m
                [36m<span>[39m
                  [0mNational[0m
                [36m</span>[39m
                [36m<div[39m
                  [33mdata-testid[39m=[32m"comment-badge-fulfillment-1"[39m
                [36m>[39m
                  [36m<span>[39m
                    [0m1[0m
                  [36m</span>[39m
                  [0m [0m
                  [36m<span>[39m
                    [0mcomment[0m
                  [36m</span>[39m
                [36m</div>[39m
                [36m<div[39m
                  [33mdata-is-customer[39m=[32m"true"[39m
                  [33mdata-testid[39m=[32m"comment-section-660e8400-e29b-41d4-a716-446655440001"[39m
                [36m>[39m
                  [36m<div>[39m
                    [0mExternal comment for all[0m
                  [36m</div>[39m
                [36m</div>[39m
              [36m</div>[39m
            [36m</div>[39m
          [36m</div>[39m
        [36m</section>[39m
      [36m</div>[39m
    [36m</main>[39m
  [36m</div>[39m
[36m</body>[39m
[90m [2m❯[22m Object.getElementError node_modules/.pnpm/@testing-library+dom@10.4.1/node_modules/@testing-library/dom/dist/config.js:[2m37:19[22m[39m
[90m [2m❯[22m node_modules/.pnpm/@testing-library+dom@10.4.1/node_modules/@testing-library/dom/dist/query-helpers.js:[2m76:38[22m[39m
[90m [2m❯[22m node_modules/.pnpm/@testing-library+dom@10.4.1/node_modules/@testing-library/dom/dist/query-helpers.js:[2m52:17[22m[39m
[90m [2m❯[22m node_modules/.pnpm/@testing-library+dom@10.4.1/node_modules/@testing-library/dom/dist/query-helpers.js:[2m95:19[22m[39m
[36m [2m❯[22m src/components/fulfillment/__tests__/OrderDetailsView.customer-readonly.test.tsx:[2m289:21[22m[39m
    [90m287| [39m      [34mexpect[39m(screen[33m.[39m[34mgetByText[39m([32m'john@example.com'[39m))[33m.[39m[34mtoBeInTheDocument[39m()[33m;[39m
    [90m288| [39m      [34mexpect[39m(screen[33m.[39m[34mgetByText[39m([32m'555-0100'[39m))[33m.[39m[34mtoBeInTheDocument[39m()[33m;[39m
    [90m289| [39m      expect(screen.getByText('***-**-6789')).toBeInTheDocument(); // …
    [90m   | [39m                    [31m^[39m
    [90m290| [39m    })[33m;[39m
    [90m291| [39m

[31m[2m⎯⎯⎯⎯⎯⎯⎯⎯⎯⎯⎯⎯⎯⎯⎯⎯⎯⎯⎯⎯[118/377]⎯[22m[39m

[41m[1m FAIL [22m[49m src/components/fulfillment/__tests__/OrderDetailsView.customer-readonly.test.tsx[2m > [22mOrderDetailsView - Customer Read-Only Access[2m > [22mCustomer Data Visibility[2m > [22mshould show status history without user information
[31m[1mTestingLibraryElementError[22m[39m: Unable to find an element with the text: submitted. This could be because the text is broken up by multiple elements. In this case, you can provide a function for your text matcher to make your matcher more flexible.

Ignored nodes: comments, script, style
[36m<body>[39m
  [36m<div>[39m
    [36m<main[39m
      [33mclass[39m=[32m"order-details-view"[39m
      [33mrole[39m=[32m"main"[39m
    [36m>[39m
      [36m<div[39m
        [33mclass[39m=[32m"space-y-6"[39m
      [36m>[39m
        [36m<div[39m
          [33mclass[39m=[32m"border-b pb-4"[39m
        [36m>[39m
          [36m<div[39m
            [33mclass[39m=[32m"flex items-center justify-between"[39m
          [36m>[39m
            [36m<div[39m
              [33mclass[39m=[32m"flex items-center space-x-4"[39m
            [36m>[39m
              [36m<button[39m
                [33mclass[39m=[32m"flex items-center text-gray-500 hover:text-gray-700"[39m
              [36m>[39m
                [36m<svg[39m
                  [33mclass[39m=[32m"lucide lucide-chevron-left w-4 h-4 mr-1"[39m
                  [33mfill[39m=[32m"none"[39m
                  [33mheight[39m=[32m"24"[39m
                  [33mstroke[39m=[32m"currentColor"[39m
                  [33mstroke-linecap[39m=[32m"round"[39m
                  [33mstroke-linejoin[39m=[32m"round"[39m
                  [33mstroke-width[39m=[32m"2"[39m
                  [33mviewBox[39m=[32m"0 0 24 24"[39m
                  [33mwidth[39m=[32m"24"[39m
                  [33mxmlns[39m=[32m"http://www.w3.org/2000/svg"[39m
                [36m>[39m
                  [36m<path[39m
                    [33md[39m=[32m"m15 18-6-6 6-6"[39m
                  [36m/>[39m
                [36m</svg>[39m
                [0mcommon.backToDashboard[0m
              [36m</button>[39m
              [36m<h1[39m
                [33mclass[39m=[32m"text-2xl font-bold text-gray-900"[39m
              [36m>[39m
                [0m20240310-ABC-0001[0m
              [36m</h1>[39m
            [36m</div>[39m
          [36m</div>[39m
        [36m</div>[39m
        [36m<section>[39m
          [36m<h2[39m
            [33mclass[39m=[32m"text-lg font-medium text-gray-900 mb-3"[39m
          [36m>[39m
            [0mmodule.fulfillment.subjectInformation[0m
          [36m</h2>[39m
          [36m<div[39m
            [33mclass[39m=[32m"bg-white rounded-lg border p-4"[39m
          [36m>[39m
            [36m<dl[39m
              [33mclass[39m=[32m"grid grid-cols-2 md:grid-cols-3 gap-x-4 gap-y-3"[39m
            [36m>[39m
              [36m<div>[39m
                [36m<dt[39m
                  [33mclass[39m=[32m"text-xs font-semibold text-gray-500"[39m
                [36m>[39m
                  [0mmodule.fulfillment.firstName[0m
                  [0m:[0m
                [36m</dt>[39m
                [36m<dd[39m
                  [33mclass[39m=[32m"mt-0.5 text-base text-black"[39m
                [36m>[39m
                  [0mJohn[0m
                [36m</dd>[39m
              [36m</div>[39m
              [36m<div>[39m
                [36m<dt[39m
                  [33mclass[39m=[32m"text-xs font-semibold text-gray-500"[39m
                [36m>[39m
                  [0mmodule.fulfillment.lastName[0m
                  [0m:[0m
                [36m</dt>[39m
                [36m<dd[39m
                  [33mclass[39m=[32m"mt-0.5 text-base text-black"[39m
                [36m>[39m
                  [0mDoe[0m
                [36m</dd>[39m
              [36m</div>[39m
              [36m<div>[39m
                [36m<dt[39m
                  [33mclass[39m=[32m"text-xs font-semibold text-gray-500"[39m
                [36m>[39m
                  [0mmodule.fulfillment.middleName[0m
                  [0m:[0m
                [36m</dt>[39m
                [36m<dd[39m
                  [33mclass[39m=[32m"mt-0.5 text-base text-black"[39m
                [36m>[39m
                  [0m--[0m
                [36m</dd>[39m
              [36m</div>[39m
              [36m<div>[39m
                [36m<dt[39m
                  [33mclass[39m=[32m"text-xs font-semibold text-gray-500"[39m
                [36m>[39m
                  [0mmodule.fulfillment.dateOfBirth[0m
                  [0m:[0m
                [36m</dt>[39m
                [36m<dd[39m
                  [33mclass[39m=[32m"mt-0.5 text-base text-black"[39m
                [36m>[39m
                  [0m12/31/1989[0m
                [36m</dd>[39m
              [36m</div>[39m
              [36m<div>[39m
                [36m<dt[39m
                  [33mclass[39m=[32m"text-xs font-semibold text-gray-500"[39m
                [36m>[39m
                  [0mmodule.fulfillment.email[0m
                  [0m:[0m
                [36m</dt>[39m
                [36m<dd[39m
                  [33mclass[39m=[32m"mt-0.5 text-base text-black"[39m
                [36m>[39m
                  [0mjohn@example.com[0m
                [36m</dd>[39m
              [36m</div>[39m
              [36m<div>[39m
                [36m<dt[39m
                  [33mclass[39m=[32m"text-xs font-semibold text-gray-500"[39m
                [36m>[39m
                  [0mmodule.fulfillment.phone[0m
                  [0m:[0m
                [36m</dt>[39m
                [36m<dd[39m
                  [33mclass[39m=[32m"mt-0.5 text-base text-black"[39m
                [36m>[39m
                  [0m555-0100[0m
                [36m</dd>[39m
              [36m</div>[39m
              [36m<div>[39m
                [36m<dt[39m
                  [33mclass[39m=[32m"text-xs font-semibold text-gray-500"[39m
                [36m>[39m
                  [0mmodule.fulfillment.ssn[0m
                  [0m:[0m
                [36m</dt>[39m
                [36m<dd[39m
                  [33mclass[39m=[32m"mt-0.5 text-base text-black"[39m
                [36m>[39m
                  [0mXXX-XX-6789[0m
                [36m</dd>[39m
              [36m</div>[39m
              [36m<div[39m
                [33mclass[39m=[32m"md:col-span-2"[39m
              [36m>[39m
                [36m<dt[39m
                  [33mclass[39m=[32m"text-xs font-semibold text-gray-500"[39m
                [36m>[39m
                  [0mmodule.fulfillment.address[0m
                  [0m:[0m
                [36m</dt>[39m
                [36m<dd[39m
                  [33mclass[39m=[32m"mt-0.5 text-base text-black"[39m
                [36m>[39m
                  [0m123 Main St[0m
                [36m</dd>[39m
              [36m</div>[39m
              [36m<div>[39m
                [36m<dt[39m
                  [33mclass[39m=[32m"text-xs font-semibold text-gray-500"[39m
                [36m>[39m
                  [0mmodule.fulfillment.city[0m
                  [0m:[0m
                [36m</dt>[39m
                [36m<dd[39m
                  [33mclass[39m=[32m"mt-0.5 text-base text-black"[39m
                [36m>[39m
                  [0mAnytown[0m
                [36m</dd>[39m
              [36m</div>[39m
              [36m<div>[39m
                [36m<dt[39m
                  [33mclass[39m=[32m"text-xs font-semibold text-gray-500"[39m
                [36m>[39m
                  [0mmodule.fulfillment.state[0m
                  [0m:[0m
                [36m</dt>[39m
                [36m<dd[39m
                  [33mclass[39m=[32m"mt-0.5 text-base text-black"[39m
                [36m>[39m
                  [0mCA[0m
                [36m</dd>[39m
              [36m</div>[39m
              [36m<div>[39m
                [36m<dt[39m
                  [33mclass[39m=[32m"text-xs font-semibold text-gray-500"[39m
                [36m>[39m
                  [0mmodule.fulfillment.zipCode[0m
                  [0m:[0m
                [36m</dt>[39m
                [36m<dd[39m
                  [33mclass[39m=[32m"mt-0.5 text-base text-black"[39m
                [36m>[39m
                  [0m12345[0m
                [36m</dd>[39m
              [36m</div>[39m
            [36m</dl>[39m
          [36m</div>[39m
        [36m</section>[39m
        [36m<section>[39m
          [36m<h2[39m
            [33mclass[39m=[32m"text-lg font-medium text-gray-900 mb-4"[39m
          [36m>[39m
            [0mmodule.fulfillment.services[0m
          [36m</h2>[39m
          [36m<div[39m
            [33mclass[39m=[32m"bg-white rounded-lg border p-4"[39m
          [36m>[39m
            [36m<div[39m
              [33mdata-is-customer[39m=[32m"true"[39m
              [33mdata-readonly[39m=[32m"true"[39m
              [33mdata-show-notes[39m=[32m"false"[39m
              [33mdata-testid[39m=[32m"service-fulfillment-table"[39m
            [36m>[39m
              [36m<div>[39m
                [36m<span>[39m
                  [0mCriminal Background Check[0m
                [36m</span>[39m
                [36m<span>[39m
                  [0mNational[0m
                [36m</span>[39m
                [36m<div[39m
                  [33mdata-testid[39m=[32m"comment-badge-fulfillment-1"[39m
                [36m>[39m
                  [36m<span>[39m
                    [0m1[0m
                  [36m</span>[39m
                  [0m [0m
                  [36m<span>[39m
                    [0mcomment[0m
                  [36m</span>[39m
                [36m</div>[39m
                [36m<div[39m
                  [33mdata-is-customer[39m=[32m"true"[39m
                  [33mdata-testid[39m=[32m"comment-section-660e8400-e29b-41d4-a716-446655440001"[39m
                [36m>[39m
                  [36m<div>[39m
                    [0mExternal comment for all[0m
                  [36m</div>[39m
                [36m</div>[39m
              [36m</div>[39m
            [36m</div>[39m
          [36m</div>[39m
        [36m</section>[39m
      [36m</div>[39m
    [36m</main>[39m
  [36m</div>[39m
[36m</body>[39m
[90m [2m❯[22m Object.getElementError node_modules/.pnpm/@testing-library+dom@10.4.1/node_modules/@testing-library/dom/dist/config.js:[2m37:19[22m[39m
[90m [2m❯[22m node_modules/.pnpm/@testing-library+dom@10.4.1/node_modules/@testing-library/dom/dist/query-helpers.js:[2m76:38[22m[39m
[90m [2m❯[22m node_modules/.pnpm/@testing-library+dom@10.4.1/node_modules/@testing-library/dom/dist/query-helpers.js:[2m52:17[22m[39m
[90m [2m❯[22m node_modules/.pnpm/@testing-library+dom@10.4.1/node_modules/@testing-library/dom/dist/query-helpers.js:[2m95:19[22m[39m
[36m [2m❯[22m src/components/fulfillment/__tests__/OrderDetailsView.customer-readonly.test.tsx:[2m356:21[22m[39m
    [90m354| [39m
    [90m355| [39m      [90m// Should show status changes[39m
    [90m356| [39m      [34mexpect[39m(screen[33m.[39m[34mgetByText[39m([32m'submitted'[39m))[33m.[39m[34mtoBeInTheDocument[39m()[33m;[39m
    [90m   | [39m                    [31m^[39m
    [90m357| [39m      [34mexpect[39m(screen[33m.[39m[34mgetByText[39m([32m'processing'[39m))[33m.[39m[34mtoBeInTheDocument[39m()[33m;[39m
    [90m358| [39m

[31m[2m⎯⎯⎯⎯⎯⎯⎯⎯⎯⎯⎯⎯⎯⎯⎯⎯⎯⎯⎯⎯[119/377]⎯[22m[39m

[41m[1m FAIL [22m[49m src/components/fulfillment/__tests__/OrderDetailsView.customer-readonly.test.tsx[2m > [22mOrderDetailsView - Customer Read-Only Access[2m > [22mInternal User Full Access[2m > [22mshould show all controls for internal users
[31m[1mTestingLibraryElementError[22m[39m: Unable to find an accessible element with the role "button" and name `/edit/i`

Here are the accessible roles:

  main:

  Name "":
  [36m<main[39m
    [33mclass[39m=[32m"order-details-view"[39m
    [33mrole[39m=[32m"main"[39m
  [36m/>[39m

  --------------------------------------------------
  button:

  Name "common.back":
  [36m<button[39m
    [33mclass[39m=[32m"flex items-center text-gray-500 hover:text-gray-700"[39m
  [36m/>[39m

  --------------------------------------------------
  heading:

  Name "20240310-ABC-0001":
  [36m<h1[39m
    [33mclass[39m=[32m"text-2xl font-bold text-gray-900"[39m
  [36m/>[39m

  Name "module.fulfillment.subjectInformation":
  [36m<h2[39m
    [33mclass[39m=[32m"text-lg font-medium text-gray-900 mb-3"[39m
  [36m/>[39m

  Name "module.fulfillment.services":
  [36m<h2[39m
    [33mclass[39m=[32m"text-lg font-medium text-gray-900 mb-4"[39m
  [36m/>[39m

  --------------------------------------------------
  term:

  Name "":
  [36m<dt[39m
    [33mclass[39m=[32m"text-xs font-semibold text-gray-500"[39m
  [36m/>[39m

  Name "":
  [36m<dt[39m
    [33mclass[39m=[32m"text-xs font-semibold text-gray-500"[39m
  [36m/>[39m

  Name "":
  [36m<dt[39m
    [33mclass[39m=[32m"text-xs font-semibold text-gray-500"[39m
  [36m/>[39m

  Name "":
  [36m<dt[39m
    [33mclass[39m=[32m"text-xs font-semibold text-gray-500"[39m
  [36m/>[39m

  Name "":
  [36m<dt[39m
    [33mclass[39m=[32m"text-xs font-semibold text-gray-500"[39m
  [36m/>[39m

  Name "":
  [36m<dt[39m
    [33mclass[39m=[32m"text-xs font-semibold text-gray-500"[39m
  [36m/>[39m

  Name "":
  [36m<dt[39m
    [33mclass[39m=[32m"text-xs font-semibold text-gray-500"[39m
  [36m/>[39m

  Name "":
  [36m<dt[39m
    [33mclass[39m=[32m"text-xs font-semibold text-gray-500"[39m
  [36m/>[39m

  Name "":
  [36m<dt[39m
    [33mclass[39m=[32m"text-xs font-semibold text-gray-500"[39m
  [36m/>[39m

  Name "":
  [36m<dt[39m
    [33mclass[39m=[32m"text-xs font-semibold text-gray-500"[39m
  [36m/>[39m

  Name "":
  [36m<dt[39m
    [33mclass[39m=[32m"text-xs font-semibold text-gray-500"[39m
  [36m/>[39m

  --------------------------------------------------
  definition:

  Name "":
  [36m<dd[39m
    [33mclass[39m=[32m"mt-0.5 text-base text-black"[39m
  [36m/>[39m

  Name "":
  [36m<dd[39m
    [33mclass[39m=[32m"mt-0.5 text-base text-black"[39m
  [36m/>[39m

  Name "":
  [36m<dd[39m
    [33mclass[39m=[32m"mt-0.5 text-base text-black"[39m
  [36m/>[39m

  Name "":
  [36m<dd[39m
    [33mclass[39m=[32m"mt-0.5 text-base text-black"[39m
  [36m/>[39m

  Name "":
  [36m<dd[39m
    [33mclass[39m=[32m"mt-0.5 text-base text-black"[39m
  [36m/>[39m

  Name "":
  [36m<dd[39m
    [33mclass[39m=[32m"mt-0.5 text-base text-black"[39m
  [36m/>[39m

  Name "":
  [36m<dd[39m
    [33mclass[39m=[32m"mt-0.5 text-base text-black"[39m
  [36m/>[39m

  Name "":
  [36m<dd[39m
    [33mclass[39m=[32m"mt-0.5 text-base text-black"[39m
  [36m/>[39m

  Name "":
  [36m<dd[39m
    [33mclass[39m=[32m"mt-0.5 text-base text-black"[39m
  [36m/>[39m

  Name "":
  [36m<dd[39m
    [33mclass[39m=[32m"mt-0.5 text-base text-black"[39m
  [36m/>[39m

  Name "":
  [36m<dd[39m
    [33mclass[39m=[32m"mt-0.5 text-base text-black"[39m
  [36m/>[39m

  --------------------------------------------------

Ignored nodes: comments, script, style
[36m<body>[39m
  [36m<div>[39m
    [36m<main[39m
      [33mclass[39m=[32m"order-details-view"[39m
      [33mrole[39m=[32m"main"[39m
    [36m>[39m
      [36m<div[39m
        [33mclass[39m=[32m"space-y-6"[39m
      [36m>[39m
        [36m<div[39m
          [33mclass[39m=[32m"border-b pb-4"[39m
        [36m>[39m
          [36m<div[39m
            [33mclass[39m=[32m"flex items-center justify-between"[39m
          [36m>[39m
            [36m<div[39m
              [33mclass[39m=[32m"flex items-center space-x-4"[39m
            [36m>[39m
              [36m<button[39m
                [33mclass[39m=[32m"flex items-center text-gray-500 hover:text-gray-700"[39m
              [36m>[39m
                [36m<svg[39m
                  [33mclass[39m=[32m"lucide lucide-chevron-left w-4 h-4 mr-1"[39m
                  [33mfill[39m=[32m"none"[39m
                  [33mheight[39m=[32m"24"[39m
                  [33mstroke[39m=[32m"currentColor"[39m
                  [33mstroke-linecap[39m=[32m"round"[39m
                  [33mstroke-linejoin[39m=[32m"round"[39m
                  [33mstroke-width[39m=[32m"2"[39m
                  [33mviewBox[39m=[32m"0 0 24 24"[39m
                  [33mwidth[39m=[32m"24"[39m
                  [33mxmlns[39m=[32m"http://www.w3.org/2000/svg"[39m
                [36m>[39m
                  [36m<path[39m
                    [33md[39m=[32m"m15 18-6-6 6-6"[39m
                  [36m/>[39m
                [36m</svg>[39m
                [0mcommon.back[0m
              [36m</button>[39m
              [36m<h1[39m
                [33mclass[39m=[32m"text-2xl font-bold text-gray-900"[39m
              [36m>[39m
                [0m20240310-ABC-0001[0m
              [36m</h1>[39m
            [36m</div>[39m
          [36m</div>[39m
        [36m</div>[39m
        [36m<section>[39m
          [36m<h2[39m
            [33mclass[39m=[32m"text-lg font-medium text-gray-900 mb-3"[39m
          [36m>[39m
            [0mmodule.fulfillment.subjectInformation[0m
          [36m</h2>[39m
          [36m<div[39m
            [33mclass[39m=[32m"bg-white rounded-lg border p-4"[39m
          [36m>[39m
            [36m<dl[39m
              [33mclass[39m=[32m"grid grid-cols-2 md:grid-cols-3 gap-x-4 gap-y-3"[39m
            [36m>[39m
              [36m<div>[39m
                [36m<dt[39m
                  [33mclass[39m=[32m"text-xs font-semibold text-gray-500"[39m
                [36m>[39m
                  [0mmodule.fulfillment.firstName[0m
                  [0m:[0m
                [36m</dt>[39m
                [36m<dd[39m
                  [33mclass[39m=[32m"mt-0.5 text-base text-black"[39m
                [36m>[39m
                  [0mJohn[0m
                [36m</dd>[39m
              [36m</div>[39m
              [36m<div>[39m
                [36m<dt[39m
                  [33mclass[39m=[32m"text-xs font-semibold text-gray-500"[39m
                [36m>[39m
                  [0mmodule.fulfillment.lastName[0m
                  [0m:[0m
                [36m</dt>[39m
                [36m<dd[39m
                  [33mclass[39m=[32m"mt-0.5 text-base text-black"[39m
                [36m>[39m
                  [0mDoe[0m
                [36m</dd>[39m
              [36m</div>[39m
              [36m<div>[39m
                [36m<dt[39m
                  [33mclass[39m=[32m"text-xs font-semibold text-gray-500"[39m
                [36m>[39m
                  [0mmodule.fulfillment.middleName[0m
                  [0m:[0m
                [36m</dt>[39m
                [36m<dd[39m
                  [33mclass[39m=[32m"mt-0.5 text-base text-black"[39m
                [36m>[39m
                  [0m--[0m
                [36m</dd>[39m
              [36m</div>[39m
              [36m<div>[39m
                [36m<dt[39m
                  [33mclass[39m=[32m"text-xs font-semibold text-gray-500"[39m
                [36m>[39m
                  [0mmodule.fulfillment.dateOfBirth[0m
                  [0m:[0m
                [36m</dt>[39m
                [36m<dd[39m
                  [33mclass[39m=[32m"mt-0.5 text-base text-black"[39m
                [36m>[39m
                  [0m12/31/1989[0m
                [36m</dd>[39m
              [36m</div>[39m
              [36m<div>[39m
                [36m<dt[39m
                  [33mclass[39m=[32m"text-xs font-semibold text-gray-500"[39m
                [36m>[39m
                  [0mmodule.fulfillment.email[0m
                  [0m:[0m
                [36m</dt>[39m
                [36m<dd[39m
                  [33mclass[39m=[32m"mt-0.5 text-base text-black"[39m
                [36m>[39m
                  [0mjohn@example.com[0m
                [36m</dd>[39m
              [36m</div>[39m
              [36m<div>[39m
                [36m<dt[39m
                  [33mclass[39m=[32m"text-xs font-semibold text-gray-500"[39m
                [36m>[39m
                  [0mmodule.fulfillment.phone[0m
                  [0m:[0m
                [36m</dt>[39m
                [36m<dd[39m
                  [33mclass[39m=[32m"mt-0.5 text-base text-black"[39m
                [36m>[39m
                  [0m555-0100[0m
                [36m</dd>[39m
              [36m</div>[39m
              [36m<div>[39m
                [36m<dt[39m
                  [33mclass[39m=[32m"text-xs font-semibold text-gray-500"[39m
                [36m>[39m
                  [0mmodule.fulfillment.ssn[0m
                  [0m:[0m
                [36m</dt>[39m
                [36m<dd[39m
                  [33mclass[39m=[32m"mt-0.5 text-base text-black"[39m
                [36m>[39m
                  [0mXXX-XX-6789[0m
                [36m</dd>[39m
              [36m</div>[39m
              [36m<div[39m
                [33mclass[39m=[32m"md:col-span-2"[39m
              [36m>[39m
                [36m<dt[39m
                  [33mclass[39m=[32m"text-xs font-semibold text-gray-500"[39m
                [36m>[39m
                  [0mmodule.fulfillment.address[0m
                  [0m:[0m
                [36m</dt>[39m
                [36m<dd[39m
                  [33mclass[39m=[32m"mt-0.5 text-base text-black"[39m
                [36m>[39m
                  [0m123 Main St[0m
                [36m</dd>[39m
              [36m</div>[39m
              [36m<div>[39m
                [36m<dt[39m
                  [33mclass[39m=[32m"text-xs font-semibold text-gray-500"[39m
                [36m>[39m
                  [0mmodule.fulfillment.city[0m
                  [0m:[0m
                [36m</dt>[39m
                [36m<dd[39m
                  [33mclass[39m=[32m"mt-0.5 text-base text-black"[39m
                [36m>[39m
                  [0mAnytown[0m
                [36m</dd>[39m
              [36m</div>[39m
              [36m<div>[39m
                [36m<dt[39m
                  [33mclass[39m=[32m"text-xs font-semibold text-gray-500"[39m
                [36m>[39m
                  [0mmodule.fulfillment.state[0m
                  [0m:[0m
                [36m</dt>[39m
                [36m<dd[39m
                  [33mclass[39m=[32m"mt-0.5 text-base text-black"[39m
                [36m>[39m
                  [0mCA[0m
                [36m</dd>[39m
              [36m</div>[39m
              [36m<div>[39m
                [36m<dt[39m
                  [33mclass[39m=[32m"text-xs font-semibold text-gray-500"[39m
                [36m>[39m
                  [0mmodule.fulfillment.zipCode[0m
                  [0m:[0m
                [36m</dt>[39m
                [36m<dd[39m
                  [33mclass[39m=[32m"mt-0.5 text-base text-black"[39m
                [36m>[39m
                  [0m12345[0m
                [36m</dd>[39m
              [36m</div>[39m
            [36m</dl>[39m
          [36m</div>[39m
        [36m</section>[39m
        [36m<section>[39m
          [36m<h2[39m
            [33mclass[39m=[32m"text-lg font-medium text-gray-900 mb-4"[39m
          [36m>[39m
            [0mmodule.fulfillment.services[0m
          [36m</h2>[39m
          [36m<div[39m
            [33mclass[39m=[32m"bg-white rounded-lg border p-4"[39m
          [36m>[39m
            [36m<div[39m
              [33mdata-is-customer[39m=[32m"false"[39m
              [33mdata-readonly[39m=[32m"false"[39m
              [33mdata-show-notes[39m=[32m"true"[39m
              [33mdata-testid[39m=[32m"service-fulfillment-table"[39m
            [36m>[39m
              [36m<div>[39m
                [36m<span>[39m
                  [0mCriminal Background Check[0m
                [36m</span>[39m
                [36m<span>[39m
                  [0mNational[0m
                [36m</span>[39m
                [36m<span>[39m
                  [0mAssigned Vendor[0m
                [36m</span>[39m
                [36m<span>[39m
                  [0mVendor Notes[0m
                [36m</span>[39m
                [36m<div[39m
                  [33mdata-testid[39m=[32m"comment-badge-fulfillment-1"[39m
                [36m>[39m
                  [36m<span>[39m
                    [0m2[0m
                  [36m</span>[39m
                  [0m [0m
                  [36m<span>[39m
                    [0mcomment[0m
                  [36m</span>[39m
                [36m</div>[39m
                [36m<div[39m
                  [33mdata-is-customer[39m=[32m"false"[39m
                  [33mdata-testid[39m=[32m"comment-section-660e8400-e29b-41d4-a716-446655440001"[39m
                [36m>[39m
                  [36m<div>[39m
                    [0mExternal comment[0m
                  [36m</div>[39m
                  [36m<div>[39m
                    [0mInternal comment[0m
                  [36m</div>[39m
                  [36m<div>[39m
                    [0mJohn Staff[0m
                  [36m</div>[39m
                  [36m<div>[39m
                    [0mJane Admin[0m
                  [36m</div>[39m
                [36m</div>[39m
              [36m</div>[39m
            [36m</div>[39m
          [36m</div>[39m
        [36m</section>[39m
      [36m</div>[39m
    [36m</main>[39m
  [36m</div>[39m
[36m</body>[39m
[90m [2m❯[22m Object.getElementError node_modules/.pnpm/@testing-library+dom@10.4.1/node_modules/@testing-library/dom/dist/config.js:[2m37:19[22m[39m
[90m [2m❯[22m node_modules/.pnpm/@testing-library+dom@10.4.1/node_modules/@testing-library/dom/dist/query-helpers.js:[2m76:38[22m[39m
[90m [2m❯[22m node_modules/.pnpm/@testing-library+dom@10.4.1/node_modules/@testing-library/dom/dist/query-helpers.js:[2m52:17[22m[39m
[90m [2m❯[22m node_modules/.pnpm/@testing-library+dom@10.4.1/node_modules/@testing-library/dom/dist/query-helpers.js:[2m95:19[22m[39m
[36m [2m❯[22m src/components/fulfillment/__tests__/OrderDetailsView.customer-readonly.test.tsx:[2m450:21[22m[39m
    [90m448| [39m
    [90m449| [39m      [90m// Should show edit controls[39m
    [90m450| [39m      expect(screen.getByRole('button', { name: /edit/i })).toBeInTheD…
    [90m   | [39m                    [31m^[39m
    [90m451| [39m
    [90m452| [39m      [90m// Should show action menus[39m

[31m[2m⎯⎯⎯⎯⎯⎯⎯⎯⎯⎯⎯⎯⎯⎯⎯⎯⎯⎯⎯⎯[120/377]⎯[22m[39m

[41m[1m FAIL [22m[49m src/components/fulfillment/__tests__/OrderDetailsView.customer-readonly.test.tsx[2m > [22mOrderDetailsView - Customer Read-Only Access[2m > [22mInternal User Full Access[2m > [22mshould show all data including sensitive information for internal users
[31m[1mTestingLibraryElementError[22m[39m: Unable to find an element with the text: Background Checks Inc. This could be because the text is broken up by multiple elements. In this case, you can provide a function for your text matcher to make your matcher more flexible.

Ignored nodes: comments, script, style
[36m<body>[39m
  [36m<div>[39m
    [36m<main[39m
      [33mclass[39m=[32m"order-details-view"[39m
      [33mrole[39m=[32m"main"[39m
    [36m>[39m
      [36m<div[39m
        [33mclass[39m=[32m"space-y-6"[39m
      [36m>[39m
        [36m<div[39m
          [33mclass[39m=[32m"border-b pb-4"[39m
        [36m>[39m
          [36m<div[39m
            [33mclass[39m=[32m"flex items-center justify-between"[39m
          [36m>[39m
            [36m<div[39m
              [33mclass[39m=[32m"flex items-center space-x-4"[39m
            [36m>[39m
              [36m<button[39m
                [33mclass[39m=[32m"flex items-center text-gray-500 hover:text-gray-700"[39m
              [36m>[39m
                [36m<svg[39m
                  [33mclass[39m=[32m"lucide lucide-chevron-left w-4 h-4 mr-1"[39m
                  [33mfill[39m=[32m"none"[39m
                  [33mheight[39m=[32m"24"[39m
                  [33mstroke[39m=[32m"currentColor"[39m
                  [33mstroke-linecap[39m=[32m"round"[39m
                  [33mstroke-linejoin[39m=[32m"round"[39m
                  [33mstroke-width[39m=[32m"2"[39m
                  [33mviewBox[39m=[32m"0 0 24 24"[39m
                  [33mwidth[39m=[32m"24"[39m
                  [33mxmlns[39m=[32m"http://www.w3.org/2000/svg"[39m
                [36m>[39m
                  [36m<path[39m
                    [33md[39m=[32m"m15 18-6-6 6-6"[39m
                  [36m/>[39m
                [36m</svg>[39m
                [0mcommon.back[0m
              [36m</button>[39m
              [36m<h1[39m
                [33mclass[39m=[32m"text-2xl font-bold text-gray-900"[39m
              [36m>[39m
                [0m20240310-ABC-0001[0m
              [36m</h1>[39m
            [36m</div>[39m
          [36m</div>[39m
        [36m</div>[39m
        [36m<section>[39m
          [36m<h2[39m
            [33mclass[39m=[32m"text-lg font-medium text-gray-900 mb-3"[39m
          [36m>[39m
            [0mmodule.fulfillment.subjectInformation[0m
          [36m</h2>[39m
          [36m<div[39m
            [33mclass[39m=[32m"bg-white rounded-lg border p-4"[39m
          [36m>[39m
            [36m<dl[39m
              [33mclass[39m=[32m"grid grid-cols-2 md:grid-cols-3 gap-x-4 gap-y-3"[39m
            [36m>[39m
              [36m<div>[39m
                [36m<dt[39m
                  [33mclass[39m=[32m"text-xs font-semibold text-gray-500"[39m
                [36m>[39m
                  [0mmodule.fulfillment.firstName[0m
                  [0m:[0m
                [36m</dt>[39m
                [36m<dd[39m
                  [33mclass[39m=[32m"mt-0.5 text-base text-black"[39m
                [36m>[39m
                  [0mJohn[0m
                [36m</dd>[39m
              [36m</div>[39m
              [36m<div>[39m
                [36m<dt[39m
                  [33mclass[39m=[32m"text-xs font-semibold text-gray-500"[39m
                [36m>[39m
                  [0mmodule.fulfillment.lastName[0m
                  [0m:[0m
                [36m</dt>[39m
                [36m<dd[39m
                  [33mclass[39m=[32m"mt-0.5 text-base text-black"[39m
                [36m>[39m
                  [0mDoe[0m
                [36m</dd>[39m
              [36m</div>[39m
              [36m<div>[39m
                [36m<dt[39m
                  [33mclass[39m=[32m"text-xs font-semibold text-gray-500"[39m
                [36m>[39m
                  [0mmodule.fulfillment.middleName[0m
                  [0m:[0m
                [36m</dt>[39m
                [36m<dd[39m
                  [33mclass[39m=[32m"mt-0.5 text-base text-black"[39m
                [36m>[39m
                  [0m--[0m
                [36m</dd>[39m
              [36m</div>[39m
              [36m<div>[39m
                [36m<dt[39m
                  [33mclass[39m=[32m"text-xs font-semibold text-gray-500"[39m
                [36m>[39m
                  [0mmodule.fulfillment.dateOfBirth[0m
                  [0m:[0m
                [36m</dt>[39m
                [36m<dd[39m
                  [33mclass[39m=[32m"mt-0.5 text-base text-black"[39m
                [36m>[39m
                  [0m12/31/1989[0m
                [36m</dd>[39m
              [36m</div>[39m
              [36m<div>[39m
                [36m<dt[39m
                  [33mclass[39m=[32m"text-xs font-semibold text-gray-500"[39m
                [36m>[39m
                  [0mmodule.fulfillment.email[0m
                  [0m:[0m
                [36m</dt>[39m
                [36m<dd[39m
                  [33mclass[39m=[32m"mt-0.5 text-base text-black"[39m
                [36m>[39m
                  [0mjohn@example.com[0m
                [36m</dd>[39m
              [36m</div>[39m
              [36m<div>[39m
                [36m<dt[39m
                  [33mclass[39m=[32m"text-xs font-semibold text-gray-500"[39m
                [36m>[39m
                  [0mmodule.fulfillment.phone[0m
                  [0m:[0m
                [36m</dt>[39m
                [36m<dd[39m
                  [33mclass[39m=[32m"mt-0.5 text-base text-black"[39m
                [36m>[39m
                  [0m555-0100[0m
                [36m</dd>[39m
              [36m</div>[39m
              [36m<div>[39m
                [36m<dt[39m
                  [33mclass[39m=[32m"text-xs font-semibold text-gray-500"[39m
                [36m>[39m
                  [0mmodule.fulfillment.ssn[0m
                  [0m:[0m
                [36m</dt>[39m
                [36m<dd[39m
                  [33mclass[39m=[32m"mt-0.5 text-base text-black"[39m
                [36m>[39m
                  [0mXXX-XX-6789[0m
                [36m</dd>[39m
              [36m</div>[39m
              [36m<div[39m
                [33mclass[39m=[32m"md:col-span-2"[39m
              [36m>[39m
                [36m<dt[39m
                  [33mclass[39m=[32m"text-xs font-semibold text-gray-500"[39m
                [36m>[39m
                  [0mmodule.fulfillment.address[0m
                  [0m:[0m
                [36m</dt>[39m
                [36m<dd[39m
                  [33mclass[39m=[32m"mt-0.5 text-base text-black"[39m
                [36m>[39m
                  [0m123 Main St[0m
                [36m</dd>[39m
              [36m</div>[39m
              [36m<div>[39m
                [36m<dt[39m
                  [33mclass[39m=[32m"text-xs font-semibold text-gray-500"[39m
                [36m>[39m
                  [0mmodule.fulfillment.city[0m
                  [0m:[0m
                [36m</dt>[39m
                [36m<dd[39m
                  [33mclass[39m=[32m"mt-0.5 text-base text-black"[39m
                [36m>[39m
                  [0mAnytown[0m
                [36m</dd>[39m
              [36m</div>[39m
              [36m<div>[39m
                [36m<dt[39m
                  [33mclass[39m=[32m"text-xs font-semibold text-gray-500"[39m
                [36m>[39m
                  [0mmodule.fulfillment.state[0m
                  [0m:[0m
                [36m</dt>[39m
                [36m<dd[39m
                  [33mclass[39m=[32m"mt-0.5 text-base text-black"[39m
                [36m>[39m
                  [0mCA[0m
                [36m</dd>[39m
              [36m</div>[39m
              [36m<div>[39m
                [36m<dt[39m
                  [33mclass[39m=[32m"text-xs font-semibold text-gray-500"[39m
                [36m>[39m
                  [0mmodule.fulfillment.zipCode[0m
                  [0m:[0m
                [36m</dt>[39m
                [36m<dd[39m
                  [33mclass[39m=[32m"mt-0.5 text-base text-black"[39m
                [36m>[39m
                  [0m12345[0m
                [36m</dd>[39m
              [36m</div>[39m
            [36m</dl>[39m
          [36m</div>[39m
        [36m</section>[39m
        [36m<section>[39m
          [36m<h2[39m
            [33mclass[39m=[32m"text-lg font-medium text-gray-900 mb-4"[39m
          [36m>[39m
            [0mmodule.fulfillment.services[0m
          [36m</h2>[39m
          [36m<div[39m
            [33mclass[39m=[32m"bg-white rounded-lg border p-4"[39m
          [36m>[39m
            [36m<div[39m
              [33mdata-is-customer[39m=[32m"false"[39m
              [33mdata-readonly[39m=[32m"false"[39m
              [33mdata-show-notes[39m=[32m"true"[39m
              [33mdata-testid[39m=[32m"service-fulfillment-table"[39m
            [36m>[39m
              [36m<div>[39m
                [36m<span>[39m
                  [0mCriminal Background Check[0m
                [36m</span>[39m
                [36m<span>[39m
                  [0mNational[0m
                [36m</span>[39m
                [36m<span>[39m
                  [0mAssigned Vendor[0m
                [36m</span>[39m
                [36m<span>[39m
                  [0mVendor Notes[0m
                [36m</span>[39m
                [36m<div[39m
                  [33mdata-testid[39m=[32m"comment-badge-fulfillment-1"[39m
                [36m>[39m
                  [36m<span>[39m
                    [0m2[0m
                  [36m</span>[39m
                  [0m [0m
                  [36m<span>[39m
                    [0mcomment[0m
                  [36m</span>[39m
                [36m</div>[39m
                [36m<div[39m
                  [33mdata-is-customer[39m=[32m"false"[39m
                  [33mdata-testid[39m=[32m"comment-section-660e8400-e29b-41d4-a716-446655440001"[39m
                [36m>[39m
                  [36m<div>[39m
                    [0mExternal comment[0m
                  [36m</div>[39m
                  [36m<div>[39m
                    [0mInternal comment[0m
                  [36m</div>[39m
                  [36m<div>[39m
                    [0mJohn Staff[0m
                  [36m</div>[39m
                  [36m<div>[39m
                    [0mJane Admin[0m
                  [36m</div>[39m
                [36m</div>[39m
              [36m</div>[39m
            [36m</div>[39m
          [36m</div>[39m
        [36m</section>[39m
      [36m</div>[39m
    [36m</main>[39m
  [36m</div>[39m
[36m</body>[39m
[90m [2m❯[22m Object.getElementError node_modules/.pnpm/@testing-library+dom@10.4.1/node_modules/@testing-library/dom/dist/config.js:[2m37:19[22m[39m
[90m [2m❯[22m node_modules/.pnpm/@testing-library+dom@10.4.1/node_modules/@testing-library/dom/dist/query-helpers.js:[2m76:38[22m[39m
[90m [2m❯[22m node_modules/.pnpm/@testing-library+dom@10.4.1/node_modules/@testing-library/dom/dist/query-helpers.js:[2m52:17[22m[39m
[90m [2m❯[22m node_modules/.pnpm/@testing-library+dom@10.4.1/node_modules/@testing-library/dom/dist/query-helpers.js:[2m95:19[22m[39m
[36m [2m❯[22m src/components/fulfillment/__tests__/OrderDetailsView.customer-readonly.test.tsx:[2m481:21[22m[39m
    [90m479| [39m
    [90m480| [39m      [90m// Should show vendor information[39m
    [90m481| [39m      expect(screen.getByText('Background Checks Inc')).toBeInTheDocum…
    [90m   | [39m                    [31m^[39m
    [90m482| [39m
    [90m483| [39m      [90m// Should show internal notes[39m

[31m[2m⎯⎯⎯⎯⎯⎯⎯⎯⎯⎯⎯⎯⎯⎯⎯⎯⎯⎯⎯⎯[121/377]⎯[22m[39m

[41m[1m FAIL [22m[49m src/components/fulfillment/__tests__/OrderDetailsView.customer-readonly.test.tsx[2m > [22mOrderDetailsView - Customer Read-Only Access[2m > [22mNavigation[2m > [22mshould navigate back when back button is clicked
[31m[1mAssertionError[22m: expected "vi.fn()" to be called at least once[39m
[36m [2m❯[22m src/components/fulfillment/__tests__/OrderDetailsView.customer-readonly.test.tsx:[2m589:31[22m[39m
    [90m587| [39m      [35mawait[39m userEvent[33m.[39m[34mclick[39m(backButton)[33m;[39m
    [90m588| [39m
    [90m589| [39m      [34mexpect[39m(mockRouter[33m.[39mback)[33m.[39m[34mtoHaveBeenCalled[39m()[33m;[39m
    [90m   | [39m                              [31m^[39m
    [90m590| [39m    })[33m;[39m
    [90m591| [39m  })[33m;[39m

[31m[2m⎯⎯⎯⎯⎯⎯⎯⎯⎯⎯⎯⎯⎯⎯⎯⎯⎯⎯⎯⎯[122/377]⎯[22m[39m

[41m[1m FAIL [22m[49m src/components/fulfillment/__tests__/ServiceFulfillmentTable.expandable.test.tsx[2m > [22mServiceFulfillmentTable - Expandable Row Behavior[2m > [22mExpanded Content Display[2m > [22mshould pass correct props to child components
[31m[1mAssertionError[22m: expected "vi.fn()" to be called with arguments: [ ObjectContaining{…}, Anything ][90m

Received: 

[1m  1st vi.fn() call:

[22m[2m  [[22m
[32m-   ObjectContaining {[90m
[31m+   {[90m
[31m+     "isCustomer": false,[90m
[2m      "orderId": "550e8400-e29b-41d4-a716-446655440001",[22m
[32m-     "serviceFulfillmentId": "f47ac10b-58cc-4372-a567-0e02b2c3d479",[90m
[2m      "serviceId": "660e8400-e29b-41d4-a716-446655440001",[22m
[2m      "serviceName": "Criminal Background Check",[22m
[2m      "serviceStatus": "pending",[22m
[2m    },[22m
[32m-   Anything,[90m
[31m+   {},[90m
[2m  ][22m
[31m[90m

Number of calls: [1m1[22m
[31m[39m
[36m [2m❯[22m src/components/fulfillment/__tests__/ServiceFulfillmentTable.expandable.test.tsx:[2m482:37[22m[39m
    [90m480| [39m
    [90m481| [39m      [90m// Check ServiceResultsSection received correct props[39m
    [90m482| [39m      [34mexpect[39m([33mServiceResultsSection[39m)[33m.[39m[34mtoHaveBeenCalledWith[39m(
    [90m   | [39m                                    [31m^[39m
    [90m483| [39m        expect[33m.[39m[34mobjectContaining[39m({
    [90m484| [39m          serviceId: '660e8400-e29b-41d4-a716-446655440001', // orderI…

[31m[2m⎯⎯⎯⎯⎯⎯⎯⎯⎯⎯⎯⎯⎯⎯⎯⎯⎯⎯⎯⎯[123/377]⎯[22m[39m

[41m[1m FAIL [22m[49m src/components/fulfillment/__tests__/ServiceFulfillmentTable.results-integration.test.tsx[2m > [22mServiceFulfillmentTable - Results Integration[2m > [22mResults Section in Expandable Row[2m > [22mshould pass correct props to ServiceResultsSection
[31m[1mAssertionError[22m[39m: expected "vi.fn()" to be called with arguments: [ ObjectContaining{…}, Anything ][90m

Received: 

[1m  1st vi.fn() call:

[22m[2m  [[22m
[32m-   ObjectContaining {[90m
[31m+   {[90m
[2m      "isCustomer": false,[22m
[2m      "orderId": "550e8400-e29b-41d4-a716-446655440001",[22m
[32m-     "serviceFulfillmentId": "f47ac10b-58cc-4372-a567-0e02b2c3d479",[90m
[2m      "serviceId": "660e8400-e29b-41d4-a716-446655440001",[22m
[2m      "serviceName": "Criminal Background Check",[22m
[2m      "serviceStatus": "processing",[22m
[2m    },[22m
[32m-   Anything,[90m
[31m+   {},[90m
[2m  ][22m
[39m[90m

Number of calls: [1m1[22m
[39m

Ignored nodes: comments, script, style
[36m<html>[39m
  [36m<head />[39m
  [36m<body>[39m
    [36m<div>[39m
      [36m<div[39m
        [33mclass[39m=[32m"service-fulfillment-table"[39m
      [36m>[39m
        [36m<div[39m
          [33mclass[39m=[32m"mb-4 flex gap-4"[39m
        [36m>[39m
          [36m<div>[39m
            [36m<label[39m
              [33mclass[39m=[32m"block text-sm font-medium text-gray-700"[39m
              [33mfor[39m=[32m"status-filter"[39m
            [36m>[39m
              [0mFilter by Status[0m
            [36m</label>[39m
            [36m<select[39m
              [33maria-label[39m=[32m"Filter by Status"[39m
              [33mclass[39m=[32m"mt-1 block w-full pl-3 pr-10 py-2 text-base border-gray-300 focus:outline-none focus:ring-indigo-500 focus:border-indigo-500 sm:text-sm rounded-md"[39m
              [33mid[39m=[32m"status-filter"[39m
            [36m>[39m
              [36m<option[39m
                [33mvalue[39m=[32m"all"[39m
              [36m>[39m
                [0mAll Statuses[0m
              [36m</option>[39m
              [36m<option[39m
                [33mvalue[39m=[32m"draft"[39m
              [36m>[39m
                [0mdraft[0m
              [36m</option>[39m
              [36m<option[39m
                [33mvalue[39m=[32m"pending"[39m
              [36m>[39m
                [0mpending[0m
              [36m</option>[39m
              [36m<option[39m
                [33mvalue[39m=[32m"submitted"[39m
              [36m>[39m
                [0msubmitted[0m
              [36m</option>[39m
              [36m<option[39m
                [33mvalue[39m=[32m"processing"[39m
              [36m>[39m
                [0mprocessing[0m
              [36m</option>[39m
              [36m<option[39m
                [33mvalue[39m=[32m"missing_info"[39m
              [36m>[39m
                [0mmissing_info[0m
              [36m</option>[39m
              [36m<option[39m
                [33mvalue[39m=[32m"completed"[39m
              [36m>[39m
                [0mcompleted[0m
              [36m</option>[39m
              [36m<option[39m
                [33mvalue[39m=[32m"cancelled"[39m
              [36m>[39m
                [0mcancelled[0m
              [36m</option>[39m
              [36m<option[39m
                [33mvalue[39m=[32m"cancelled_dnb"[39m
              [36m>[39m
                [0mcancelled_dnb[0m
              [36m</option>[39m
            [36m</select>[39m
          [36m</div>[39m
          [36m<div>[39m
            [36m<label[39m
              [33mclass[39m=[32m"block text-sm font-medium text-gray-700"[39m
              [33mfor[39m=[32m"vendor-filter"[39m
            [36m>[39m
              [0mFilter by Vendor[0m
            [36m</label>[39m
            [36m<select[39m
              [33maria-label[39m=[32m"Filter by Vendor"[39m
              [33mclass[39m=[32m"mt-1 block w-full pl-3 pr-10 py-2 text-base border-gray-300 focus:outline-none focus:ring-indigo-500 focus:border-indigo-500 sm:text-sm rounded-md"[39m
              [33mid[39m=[32m"vendor-filter"[39m
            [36m>[39m
              [36m<option[39m
                [33mvalue[39m=[32m"all"[39m
              [36m>[39m
                [0mAll Vendors[0m
              [36m</option>[39m
              [36m<option[39m
                [33mvalue[39m=[32m"unassigned"[39m
              [36m>[39m
                [0mUnassigned[0m
              [36m</option>[39m
            [36m</select>[39m
          [36m</div>[39m
        [36m</div>[39m
        [36m<div[39m
          [33mclass[39m=[32m"w-full overflow-x-auto"[39m
        [36m>[39m
          [36m<table[39m
            [33maria-label[39m=[32m"Service fulfillment status"[39m
            [33mclass[39m=[32m"w-full table-fixed divide-y divide-gray-200"[39m
          [36m>[39m
            [36m<thead[39m
              [33mclass[39m=[32m"bg-gray-50"[39m
            [36m>[39m
              [36m<tr>[39m
                [36m<th[39m
                  [33mclass[39m=[32m"w-[22%] px-6 py-3 text-left text-xs font-medium text-gray-500 uppercase tracking-wider cursor-pointer"[39m
                [36m>[39m
                  [36m<div[39m
                    [33mclass[39m=[32m"flex items-center gap-1"[39m
                  [36m>[39m
                    [0mService[0m
                  [36m</div>[39m
                [36m</th>[39m
                [36m<th[39m
                  [33mclass[39m=[32m"w-[15%] px-6 py-3 text-left text-xs font-medium text-gray-500 uppercase tracking-wider"[39m
                [36m>[39m
                  [0mLocation[0m
                [36m</th>[39m
                [36m<th[39m
                  [33mclass[39m=[32m"w-[15%] px-6 py-3 text-left text-xs font-medium text-gray-500 uppercase tracking-wider cursor-pointer"[39m
                [36m>[39m
                  [36m<div[39m
                    [33mclass[39m=[32m"flex items-center gap-1"[39m
                  [36m>[39m
                    [0mStatus[0m
                  [36m</div>[39m
                [36m</th>[39m
                [36m<th[39m
                  [33mclass[39m=[32m"w-[16%] px-6 py-3 text-left text-xs font-medium text-gray-500 uppercase tracking-wider"[39m
                [36m>[39m
                  [0mAssigned Vendor[0m
                [36m</th>[39m
                [36m<th[39m
                  [33mclass[39m=[32m"w-[10%] px-6 py-3 text-left text-xs font-medium text-gray-500 uppercase tracking-wider"[39m
                [36m>[39m
                  [0mDates[0m
                [36m</th>[39m
                [36m<th[39m
                  [33mclass[39m=[32m"w-[12%] px-6 py-3 text-left text-xs font-medium text-gray-500 uppercase tracking-wider"[39m
                [36m>[39m
                  [0mComments[0m
                [36m</th>[39m
                [36m<th[39m
                  [33mclass[39m=[32m"w-[5%] px-6 py-3 text-left text-xs font-medium text-gray-500 uppercase tracking-wider"[39m
                [36m>[39m
                  [36m<span[39m
                    [33mclass[39m=[32m"sr-only"[39m
                  [36m>[39m
                    [0mActions[0m
                  [36m</span>[39m
                [36m</th>[39m
              [36m</tr>[39m
            [36m</thead>[39m
            [36m<tbody[39m
              [33mclass[39m=[32m"bg-white divide-y divide-gray-200"[39m
            [36m>[39m
              [36m<tr[39m
                [33mclass[39m=[32m"hover:bg-gray-50"[39m
                [33mdata-testid[39m=[32m"service-row-f47ac10b-58cc-4372-a567-0e02b2c3d479"[39m
              [36m>[39m
                [36m<td[39m
                  [33maria-label[39m=[32m"Criminal Background Check"[39m
                  [3...
[36m [2m❯[22m src/components/fulfillment/__tests__/ServiceFulfillmentTable.results-integration.test.tsx:[2m221:43[22m[39m
    [90m219| [39m
    [90m220| [39m      [35mawait[39m [34mwaitFor[39m(() [33m=>[39m {
    [90m221| [39m        [34mexpect[39m(mockServiceResultsSection)[33m.[39m[34mtoHaveBeenCalledWith[39m(
    [90m   | [39m                                          [31m^[39m
    [90m222| [39m          expect[33m.[39m[34mobjectContaining[39m({
    [90m223| [39m            serviceId[33m:[39m [32m'660e8400-e29b-41d4-a716-446655440001'[39m[33m,[39m
[90m [2m❯[22m runWithExpensiveErrorDiagnosticsDisabled node_modules/.pnpm/@testing-library+dom@10.4.1/node_modules/@testing-library/dom/dist/config.js:[2m47:12[22m[39m
[90m [2m❯[22m checkCallback node_modules/.pnpm/@testing-library+dom@10.4.1/node_modules/@testing-library/dom/dist/wait-for.js:[2m124:77[22m[39m
[90m [2m❯[22m Timeout.checkRealTimersCallback node_modules/.pnpm/@testing-library+dom@10.4.1/node_modules/@testing-library/dom/dist/wait-for.js:[2m118:16[22m[39m

[31m[2m⎯⎯⎯⎯⎯⎯⎯⎯⎯⎯⎯⎯⎯⎯⎯⎯⎯⎯⎯⎯[124/377]⎯[22m[39m

[41m[1m FAIL [22m[49m src/components/services/__tests__/CommentCreateModal.test.tsx[2m > [22mCommentCreateModal[2m > [22mmodal display[2m > [22mshould show template dropdown with all available templates
[31m[1mTestingLibraryElementError[22m: Unable to find an accessible element with the role "option"

There are no accessible roles. But there might be some inaccessible roles. If you wish to access them, then set the `hidden` option to `true`. Learn more about this here: https://testing-library.com/docs/dom-testing-library/api-queries#byrole

Ignored nodes: comments, script, style
[36m<select[31m
  [33mclass[31m=[32m"w-full mt-1 px-3 py-2 border border-gray-300 rounded-md"[31m
  [33mid[31m=[32m"template"[31m
[36m>[31m
  [36m<option[31m
    [33mvalue[31m=[32m""[31m
  [36m>[31m
    [0mSelect a template...[0m
  [36m</option>[31m
  [36m<option[31m
    [33mvalue[31m=[32m"template-1"[31m
  [36m>[31m
    [0mDocument Request[0m
  [36m</option>[31m
  [36m<option[31m
    [33mvalue[31m=[32m"template-2"[31m
  [36m>[31m
    [0mProcessing Update[0m
  [36m</option>[31m
  [36m<option[31m
    [33mvalue[31m=[32m"template-3"[31m
  [36m>[31m
    [0mAdditional Info Required[0m
  [36m</option>[31m
[36m</select>[31m[39m
[90m [2m❯[22m Object.getElementError node_modules/.pnpm/@testing-library+dom@10.4.1/node_modules/@testing-library/dom/dist/config.js:[2m37:19[22m[39m
[90m [2m❯[22m node_modules/.pnpm/@testing-library+dom@10.4.1/node_modules/@testing-library/dom/dist/query-helpers.js:[2m76:38[22m[39m
[90m [2m❯[22m node_modules/.pnpm/@testing-library+dom@10.4.1/node_modules/@testing-library/dom/dist/query-helpers.js:[2m109:15[22m[39m
[36m [2m❯[22m src/components/services/__tests__/CommentCreateModal.test.tsx:[2m101:46[22m[39m
    [90m 99| [39m
    [90m100| [39m      [90m// Check that all templates are in dropdown[39m
    [90m101| [39m      [35mconst[39m options [33m=[39m [34mwithin[39m(templateSelect)[33m.[39m[34mgetAllByRole[39m([32m'option'[39m)[33m;[39m
    [90m   | [39m                                             [31m^[39m
    [90m102| [39m      expect(options).toHaveLength(mockTemplates.length + 1); // +1 fo…
    [90m103| [39m

[31m[2m⎯⎯⎯⎯⎯⎯⎯⎯⎯⎯⎯⎯⎯⎯⎯⎯⎯⎯⎯⎯[125/377]⎯[22m[39m

[41m[1m FAIL [22m[49m src/components/services/__tests__/CommentCreateModal.test.tsx[2m > [22mCommentCreateModal[2m > [22mmodal display[2m > [22mshould show Internal Only checkbox checked by default
[31m[1mTestingLibraryElementError[22m[39m: Unable to find a label with the text of: /internal only/i

Ignored nodes: comments, script, style
[36m<body>[39m
  [36m<div>[39m
    [36m<dialog[39m
      [33maria-labelledby[39m=[32m"dialog-title"[39m
      [33mclass[39m=[32m"p-0 rounded-lg shadow-lg w-[calc(100%-32px)] max-w-lg"[39m
    [36m>[39m
      [36m<div>[39m
        [36m<div[39m
          [33mclass[39m=[32m"flex justify-between items-center border-b p-4"[39m
        [36m>[39m
          [36m<h2[39m
            [33mclass[39m=[32m"text-lg font-semibold"[39m
            [33mid[39m=[32m"dialog-title"[39m
          [36m>[39m
            [0mAdd Comment to Criminal Background Check[0m
          [36m</h2>[39m
          [36m<button[39m
            [33maria-label[39m=[32m"Close dialog"[39m
            [33mclass[39m=[32m"text-gray-500 hover:text-gray-700 focus:outline-none focus:ring-2 focus:ring-offset-2 focus:ring-blue-500"[39m
          [36m>[39m
            [0mX[0m
          [36m</button>[39m
        [36m</div>[39m
        [36m<div[39m
          [33mclass[39m=[32m"p-4"[39m
        [36m>[39m
          [36m<div[39m
            [33mclass[39m=[32m"space-y-4"[39m
          [36m>[39m
            [36m<div>[39m
              [36m<label[39m
                [33mclass[39m=[32m"flex items-center gap-2 text-sm leading-none font-medium select-none group-data-[disabled=true]:pointer-events-none group-data-[disabled=true]:opacity-50 peer-disabled:cursor-not-allowed peer-disabled:opacity-50"[39m
                [33mdata-slot[39m=[32m"label"[39m
                [33mfor[39m=[32m"template"[39m
              [36m>[39m
                [0mTemplate[0m
                [0m *[0m
              [36m</label>[39m
              [36m<select[39m
                [33mclass[39m=[32m"w-full mt-1 px-3 py-2 border border-gray-300 rounded-md"[39m
                [33mid[39m=[32m"template"[39m
              [36m>[39m
                [36m<option[39m
                  [33mvalue[39m=[32m""[39m
                [36m>[39m
                  [0mSelect a template...[0m
                [36m</option>[39m
                [36m<option[39m
                  [33mvalue[39m=[32m"template-1"[39m
                [36m>[39m
                  [0mDocument Request[0m
                [36m</option>[39m
                [36m<option[39m
                  [33mvalue[39m=[32m"template-2"[39m
                [36m>[39m
                  [0mProcessing Update[0m
                [36m</option>[39m
                [36m<option[39m
                  [33mvalue[39m=[32m"template-3"[39m
                [36m>[39m
                  [0mAdditional Info Required[0m
                [36m</option>[39m
              [36m</select>[39m
            [36m</div>[39m
            [36m<div[39m
              [33mclass[39m=[32m"flex items-center space-x-2"[39m
            [36m>[39m
              [36m<button[39m
                [33maria-checked[39m=[32m"true"[39m
                [33mclass[39m=[32m"peer relative rounded-sm border border-gray-300 focus-visible:outline-none focus-visible:ring-2 focus-visible:ring-ring disabled:cursor-not-allowed disabled:opacity-50 data-[state=checked]:bg-primary data-[state=checked]:text-primary-foreground"[39m
                [33mdata-state[39m=[32m"checked"[39m
                [33mid[39m=[32m"internal-only"[39m
                [33mrole[39m=[32m"checkbox"[39m
                [33mstyle[39m=[32m"height: 16px; width: 16px; min-height: 16px; min-width: 16px; max-height: 16px; max-width: 16px; display: flex; align-items: center; justify-content: center; flex-shrink: 0; box-sizing: border-box;"[39m
                [33mtype[39m=[32m"button"[39m
                [33mvalue[39m=[32m"on"[39m
              [36m>[39m
                [36m<span[39m
                  [33mclass[39m=[32m"flex items-center justify-center text-current"[39m
                  [33mdata-state[39m=[32m"checked"[39m
                  [33mstyle[39m=[32m"pointer-events: none;"[39m
                [36m>[39m
                  [36m<svg[39m
                    [33mclass[39m=[32m"lucide lucide-check h-3 w-3"[39m
                    [33mfill[39m=[32m"none"[39m
                    [33mheight[39m=[32m"24"[39m
                    [33mstroke[39m=[32m"currentColor"[39m
                    [33mstroke-linecap[39m=[32m"round"[39m
                    [33mstroke-linejoin[39m=[32m"round"[39m
                    [33mstroke-width[39m=[32m"2"[39m
                    [33mstyle[39m=[32m"margin: 0px; padding: 0px;"[39m
                    [33mviewBox[39m=[32m"0 0 24 24"[39m
                    [33mwidth[39m=[32m"24"[39m
                    [33mxmlns[39m=[32m"http://www.w3.org/2000/svg"[39m
                  [36m>[39m
                    [36m<path[39m
                      [33md[39m=[32m"M20 6 9 17l-5-5"[39m
                    [36m/>[39m
                  [36m</svg>[39m
                [36m</span>[39m
              [36m</button>[39m
              [36m<label[39m
                [33mclass[39m=[32m"flex items-center gap-2 select-none group-data-[disabled=true]:pointer-events-none group-data-[disabled=true]:opacity-50 text-sm font-medium leading-none peer-disabled:cursor-not-allowed peer-disabled:opacity-70"[39m
                [33mdata-slot[39m=[32m"label"[39m
                [33mfor[39m=[32m"internal-only"[39m
              [36m>[39m
                [0mserviceComments.internalOnlyLabel[0m
              [36m</label>[39m
            [36m</div>[39m
          [36m</div>[39m
        [36m</div>[39m
        [36m<div[39m
          [33mclass[39m=[32m"border-t p-4 flex justify-end space-x-2 bg-gray-50"[39m
        [36m>[39m
          [36m<button[39m
            [33mclass[39m=[32m"inline-flex items-center justify-center gap-2 whitespace-nowrap rounded-md text-sm font-medium transition-[color,box-shadow] disabled:pointer-events-none disabled:opacity-50 [&_svg]:pointer-events-none [&_svg:not([class*='size-'])]:size-4 shrink-0 [&_svg]:shrink-0 outline-none focus-visible:border-ring focus-visible:ring-ring/50 focus-visible:ring-[3px] aria-invalid:ring-destructive/20 dark:aria-invalid:ring-destructive/40 aria-invalid:border-destructive border border-input bg-background shadow-xs hover:bg-accent hover:text-accent-foreground h-9 px-4 py-2 has-[>svg]:px-3"[39m
            [33mdata-slot[39m=[32m"button"[39m
          [36m>[39m
            [0mCancel[0m
          [36m</button>[39m
          [36m<button[39m
            [33mclass[39m=[32m"inline-flex items-center justify-center gap-2 whitespace-nowrap rounded-md text-sm font-medium transition-[color,box-shadow] disabled:pointer-events-none disabled:opacity-50 [&_svg]:pointer-events-none [&_svg:not([class*='size-'])]:size-4 shrink-0 [&_svg]:shrink-0 outline-none focus-visible:border-ring focus-visible:ring-ring/50 focus-visible:ring-[3px] aria-invalid:ring-destructive/20 dark:aria-invalid:ring-destructive/40 aria-invalid:border-destructive bg-primary text-primary-foreground shadow-xs hover:bg-primary/90 h-9 px-4 py-2 has-[>svg]:px-3"[39m
            [33mdata-slot[39m=[32m"button"[39m
            [33mdisabled[39m=[32m""[39m
          [36m>[39m
            [0mcommon.addComment[0m
          [36m</button>[39m
        [36m</div>[39m
      [36m</div>[39m
    [36m</dialog>[39m
  [36m</div>[39m
[36m</body>[39m
[90m [2m❯[22m Object.getElementError node_modules/.pnpm/@testing-library+dom@10.4.1/node_modules/@testing-library/dom/dist/config.js:[2m37:19[22m[39m
[90m [2m❯[22m getAllByLabelText node_modules/.pnpm/@testing-library+dom@10.4.1/node_modules/@testing-library/dom/dist/queries/label-text.js:[2m111:38[22m[39m
[90m [2m❯[22m node_modules/.pnpm/@testing-library+dom@10.4.1/node_modules/@testing-library/dom/dist/query-helpers.js:[2m52:17[22m[39m
[90m [2m❯[22m node_modules/.pnpm/@testing-library+dom@10.4.1/node_modules/@testing-library/dom/dist/query-helpers.js:[2m95:19[22m[39m
[36m [2m❯[22m src/components/services/__tests__/CommentCreateModal.test.tsx:[2m120:39[22m[39m
    [90m118| [39m      )[33m;[39m
    [90m119| [39m
    [90m120| [39m      const internalCheckbox = screen.getByLabelText(/internal only/i)…
    [90m   | [39m                                      [31m^[39m
    [90m121| [39m      [34mexpect[39m(internalCheckbox)[33m.[39m[34mtoBeChecked[39m()[33m;[39m
    [90m122| [39m    })[33m;[39m

[31m[2m⎯⎯⎯⎯⎯⎯⎯⎯⎯⎯⎯⎯⎯⎯⎯⎯⎯⎯⎯⎯[126/377]⎯[22m[39m

[41m[1m FAIL [22m[49m src/components/services/__tests__/CommentCreateModal.test.tsx[2m > [22mCommentCreateModal[2m > [22mmodal display[2m > [22mshould show character count as 0/1000 initially
[31m[1mTestingLibraryElementError[22m[39m: Unable to find an element with the text: 0/1000 characters. This could be because the text is broken up by multiple elements. In this case, you can provide a function for your text matcher to make your matcher more flexible.

Ignored nodes: comments, script, style
[36m<body>[39m
  [36m<div>[39m
    [36m<dialog[39m
      [33maria-labelledby[39m=[32m"dialog-title"[39m
      [33mclass[39m=[32m"p-0 rounded-lg shadow-lg w-[calc(100%-32px)] max-w-lg"[39m
    [36m>[39m
      [36m<div>[39m
        [36m<div[39m
          [33mclass[39m=[32m"flex justify-between items-center border-b p-4"[39m
        [36m>[39m
          [36m<h2[39m
            [33mclass[39m=[32m"text-lg font-semibold"[39m
            [33mid[39m=[32m"dialog-title"[39m
          [36m>[39m
            [0mAdd Comment to Criminal Background Check[0m
          [36m</h2>[39m
          [36m<button[39m
            [33maria-label[39m=[32m"Close dialog"[39m
            [33mclass[39m=[32m"text-gray-500 hover:text-gray-700 focus:outline-none focus:ring-2 focus:ring-offset-2 focus:ring-blue-500"[39m
          [36m>[39m
            [0mX[0m
          [36m</button>[39m
        [36m</div>[39m
        [36m<div[39m
          [33mclass[39m=[32m"p-4"[39m
        [36m>[39m
          [36m<div[39m
            [33mclass[39m=[32m"space-y-4"[39m
          [36m>[39m
            [36m<div>[39m
              [36m<label[39m
                [33mclass[39m=[32m"flex items-center gap-2 text-sm leading-none font-medium select-none group-data-[disabled=true]:pointer-events-none group-data-[disabled=true]:opacity-50 peer-disabled:cursor-not-allowed peer-disabled:opacity-50"[39m
                [33mdata-slot[39m=[32m"label"[39m
                [33mfor[39m=[32m"template"[39m
              [36m>[39m
                [0mTemplate[0m
                [0m *[0m
              [36m</label>[39m
              [36m<select[39m
                [33mclass[39m=[32m"w-full mt-1 px-3 py-2 border border-gray-300 rounded-md"[39m
                [33mid[39m=[32m"template"[39m
              [36m>[39m
                [36m<option[39m
                  [33mvalue[39m=[32m""[39m
                [36m>[39m
                  [0mSelect a template...[0m
                [36m</option>[39m
                [36m<option[39m
                  [33mvalue[39m=[32m"template-1"[39m
                [36m>[39m
                  [0mDocument Request[0m
                [36m</option>[39m
                [36m<option[39m
                  [33mvalue[39m=[32m"template-2"[39m
                [36m>[39m
                  [0mProcessing Update[0m
                [36m</option>[39m
                [36m<option[39m
                  [33mvalue[39m=[32m"template-3"[39m
                [36m>[39m
                  [0mAdditional Info Required[0m
                [36m</option>[39m
              [36m</select>[39m
            [36m</div>[39m
            [36m<div[39m
              [33mclass[39m=[32m"flex items-center space-x-2"[39m
            [36m>[39m
              [36m<button[39m
                [33maria-checked[39m=[32m"true"[39m
                [33mclass[39m=[32m"peer relative rounded-sm border border-gray-300 focus-visible:outline-none focus-visible:ring-2 focus-visible:ring-ring disabled:cursor-not-allowed disabled:opacity-50 data-[state=checked]:bg-primary data-[state=checked]:text-primary-foreground"[39m
                [33mdata-state[39m=[32m"checked"[39m
                [33mid[39m=[32m"internal-only"[39m
                [33mrole[39m=[32m"checkbox"[39m
                [33mstyle[39m=[32m"height: 16px; width: 16px; min-height: 16px; min-width: 16px; max-height: 16px; max-width: 16px; display: flex; align-items: center; justify-content: center; flex-shrink: 0; box-sizing: border-box;"[39m
                [33mtype[39m=[32m"button"[39m
                [33mvalue[39m=[32m"on"[39m
              [36m>[39m
                [36m<span[39m
                  [33mclass[39m=[32m"flex items-center justify-center text-current"[39m
                  [33mdata-state[39m=[32m"checked"[39m
                  [33mstyle[39m=[32m"pointer-events: none;"[39m
                [36m>[39m
                  [36m<svg[39m
                    [33mclass[39m=[32m"lucide lucide-check h-3 w-3"[39m
                    [33mfill[39m=[32m"none"[39m
                    [33mheight[39m=[32m"24"[39m
                    [33mstroke[39m=[32m"currentColor"[39m
                    [33mstroke-linecap[39m=[32m"round"[39m
                    [33mstroke-linejoin[39m=[32m"round"[39m
                    [33mstroke-width[39m=[32m"2"[39m
                    [33mstyle[39m=[32m"margin: 0px; padding: 0px;"[39m
                    [33mviewBox[39m=[32m"0 0 24 24"[39m
                    [33mwidth[39m=[32m"24"[39m
                    [33mxmlns[39m=[32m"http://www.w3.org/2000/svg"[39m
                  [36m>[39m
                    [36m<path[39m
                      [33md[39m=[32m"M20 6 9 17l-5-5"[39m
                    [36m/>[39m
                  [36m</svg>[39m
                [36m</span>[39m
              [36m</button>[39m
              [36m<label[39m
                [33mclass[39m=[32m"flex items-center gap-2 select-none group-data-[disabled=true]:pointer-events-none group-data-[disabled=true]:opacity-50 text-sm font-medium leading-none peer-disabled:cursor-not-allowed peer-disabled:opacity-70"[39m
                [33mdata-slot[39m=[32m"label"[39m
                [33mfor[39m=[32m"internal-only"[39m
              [36m>[39m
                [0mserviceComments.internalOnlyLabel[0m
              [36m</label>[39m
            [36m</div>[39m
          [36m</div>[39m
        [36m</div>[39m
        [36m<div[39m
          [33mclass[39m=[32m"border-t p-4 flex justify-end space-x-2 bg-gray-50"[39m
        [36m>[39m
          [36m<button[39m
            [33mclass[39m=[32m"inline-flex items-center justify-center gap-2 whitespace-nowrap rounded-md text-sm font-medium transition-[color,box-shadow] disabled:pointer-events-none disabled:opacity-50 [&_svg]:pointer-events-none [&_svg:not([class*='size-'])]:size-4 shrink-0 [&_svg]:shrink-0 outline-none focus-visible:border-ring focus-visible:ring-ring/50 focus-visible:ring-[3px] aria-invalid:ring-destructive/20 dark:aria-invalid:ring-destructive/40 aria-invalid:border-destructive border border-input bg-background shadow-xs hover:bg-accent hover:text-accent-foreground h-9 px-4 py-2 has-[>svg]:px-3"[39m
            [33mdata-slot[39m=[32m"button"[39m
          [36m>[39m
            [0mCancel[0m
          [36m</button>[39m
          [36m<button[39m
            [33mclass[39m=[32m"inline-flex items-center justify-center gap-2 whitespace-nowrap rounded-md text-sm font-medium transition-[color,box-shadow] disabled:pointer-events-none disabled:opacity-50 [&_svg]:pointer-events-none [&_svg:not([class*='size-'])]:size-4 shrink-0 [&_svg]:shrink-0 outline-none focus-visible:border-ring focus-visible:ring-ring/50 focus-visible:ring-[3px] aria-invalid:ring-destructive/20 dark:aria-invalid:ring-destructive/40 aria-invalid:border-destructive bg-primary text-primary-foreground shadow-xs hover:bg-primary/90 h-9 px-4 py-2 has-[>svg]:px-3"[39m
            [33mdata-slot[39m=[32m"button"[39m
            [33mdisabled[39m=[32m""[39m
          [36m>[39m
            [0mcommon.addComment[0m
          [36m</button>[39m
        [36m</div>[39m
      [36m</div>[39m
    [36m</dialog>[39m
  [36m</div>[39m
[36m</body>[39m
[90m [2m❯[22m Object.getElementError node_modules/.pnpm/@testing-library+dom@10.4.1/node_modules/@testing-library/dom/dist/config.js:[2m37:19[22m[39m
[90m [2m❯[22m node_modules/.pnpm/@testing-library+dom@10.4.1/node_modules/@testing-library/dom/dist/query-helpers.js:[2m76:38[22m[39m
[90m [2m❯[22m node_modules/.pnpm/@testing-library+dom@10.4.1/node_modules/@testing-library/dom/dist/query-helpers.js:[2m52:17[22m[39m
[90m [2m❯[22m node_modules/.pnpm/@testing-library+dom@10.4.1/node_modules/@testing-library/dom/dist/query-helpers.js:[2m95:19[22m[39m
[36m [2m❯[22m src/components/services/__tests__/CommentCreateModal.test.tsx:[2m135:21[22m[39m
    [90m133| [39m      )[33m;[39m
    [90m134| [39m
    [90m135| [39m      expect(screen.getByText('0/1000 characters')).toBeInTheDocument(…
    [90m   | [39m                    [31m^[39m
    [90m136| [39m    })[33m;[39m
    [90m137| [39m  })[33m;[39m

[31m[2m⎯⎯⎯⎯⎯⎯⎯⎯⎯⎯⎯⎯⎯⎯⎯⎯⎯⎯⎯⎯[127/377]⎯[22m[39m

[41m[1m FAIL [22m[49m src/components/services/__tests__/CommentCreateModal.test.tsx[2m > [22mCommentCreateModal[2m > [22mtemplate selection and preview[2m > [22mshould show template text when template is selected
[31m[1mTestingLibraryElementError[22m[39m: Unable to find an element by: [data-testid="template-preview"]

Ignored nodes: comments, script, style
[36m<body>[39m
  [36m<div>[39m
    [36m<dialog[39m
      [33maria-labelledby[39m=[32m"dialog-title"[39m
      [33mclass[39m=[32m"p-0 rounded-lg shadow-lg w-[calc(100%-32px)] max-w-lg"[39m
    [36m>[39m
      [36m<div>[39m
        [36m<div[39m
          [33mclass[39m=[32m"flex justify-between items-center border-b p-4"[39m
        [36m>[39m
          [36m<h2[39m
            [33mclass[39m=[32m"text-lg font-semibold"[39m
            [33mid[39m=[32m"dialog-title"[39m
          [36m>[39m
            [0mAdd Comment to Criminal Background Check[0m
          [36m</h2>[39m
          [36m<button[39m
            [33maria-label[39m=[32m"Close dialog"[39m
            [33mclass[39m=[32m"text-gray-500 hover:text-gray-700 focus:outline-none focus:ring-2 focus:ring-offset-2 focus:ring-blue-500"[39m
          [36m>[39m
            [0mX[0m
          [36m</button>[39m
        [36m</div>[39m
        [36m<div[39m
          [33mclass[39m=[32m"p-4"[39m
        [36m>[39m
          [36m<div[39m
            [33mclass[39m=[32m"space-y-4"[39m
          [36m>[39m
            [36m<div>[39m
              [36m<label[39m
                [33mclass[39m=[32m"flex items-center gap-2 text-sm leading-none font-medium select-none group-data-[disabled=true]:pointer-events-none group-data-[disabled=true]:opacity-50 peer-disabled:cursor-not-allowed peer-disabled:opacity-50"[39m
                [33mdata-slot[39m=[32m"label"[39m
                [33mfor[39m=[32m"template"[39m
              [36m>[39m
                [0mTemplate[0m
                [0m *[0m
              [36m</label>[39m
              [36m<select[39m
                [33mclass[39m=[32m"w-full mt-1 px-3 py-2 border border-gray-300 rounded-md"[39m
                [33mid[39m=[32m"template"[39m
              [36m>[39m
                [36m<option[39m
                  [33mvalue[39m=[32m""[39m
                [36m>[39m
                  [0mSelect a template...[0m
                [36m</option>[39m
                [36m<option[39m
                  [33mvalue[39m=[32m"template-1"[39m
                [36m>[39m
                  [0mDocument Request[0m
                [36m</option>[39m
                [36m<option[39m
                  [33mvalue[39m=[32m"template-2"[39m
                [36m>[39m
                  [0mProcessing Update[0m
                [36m</option>[39m
                [36m<option[39m
                  [33mvalue[39m=[32m"template-3"[39m
                [36m>[39m
                  [0mAdditional Info Required[0m
                [36m</option>[39m
              [36m</select>[39m
            [36m</div>[39m
            [36m<div>[39m
              [36m<label[39m
                [33mclass[39m=[32m"flex items-center gap-2 text-sm leading-none font-medium select-none group-data-[disabled=true]:pointer-events-none group-data-[disabled=true]:opacity-50 peer-disabled:cursor-not-allowed peer-disabled:opacity-50"[39m
                [33mdata-slot[39m=[32m"label"[39m
                [33mfor[39m=[32m"comment-text"[39m
              [36m>[39m
                [0mComment Text[0m
                [0m *[0m
              [36m</label>[39m
              [36m<textarea[39m
                [33maria-label[39m=[32m"Comment text"[39m
                [33mclass[39m=[32m"flex min-h-[80px] w-full rounded-md border border-input bg-background px-3 py-2 text-sm ring-offset-background placeholder:text-muted-foreground focus-visible:outline-none focus-visible:ring-2 focus-visible:ring-ring focus-visible:ring-offset-2 disabled:cursor-not-allowed disabled:opacity-50 mt-1"[39m
                [33mid[39m=[32m"comment-text"[39m
                [33mplaceholder[39m=[32m"serviceComments.enterComment"[39m
                [33mrows[39m=[32m"6"[39m
              [36m>[39m
                [0mPlease provide [document type] by [date] for verification purposes.[0m
              [36m</textarea>[39m
              [36m<div[39m
                [33mclass[39m=[32m"text-sm mt-1 text-gray-500"[39m
              [36m>[39m
                [0m67[0m
                [0m/[0m
                [0m1000[0m
                [0m characters[0m
              [36m</div>[39m
            [36m</div>[39m
            [36m<div[39m
              [33mclass[39m=[32m"flex items-center space-x-2"[39m
            [36m>[39m
              [36m<button[39m
                [33maria-checked[39m=[32m"true"[39m
                [33mclass[39m=[32m"peer relative rounded-sm border border-gray-300 focus-visible:outline-none focus-visible:ring-2 focus-visible:ring-ring disabled:cursor-not-allowed disabled:opacity-50 data-[state=checked]:bg-primary data-[state=checked]:text-primary-foreground"[39m
                [33mdata-state[39m=[32m"checked"[39m
                [33mid[39m=[32m"internal-only"[39m
                [33mrole[39m=[32m"checkbox"[39m
                [33mstyle[39m=[32m"height: 16px; width: 16px; min-height: 16px; min-width: 16px; max-height: 16px; max-width: 16px; display: flex; align-items: center; justify-content: center; flex-shrink: 0; box-sizing: border-box;"[39m
                [33mtype[39m=[32m"button"[39m
                [33mvalue[39m=[32m"on"[39m
              [36m>[39m
                [36m<span[39m
                  [33mclass[39m=[32m"flex items-center justify-center text-current"[39m
                  [33mdata-state[39m=[32m"checked"[39m
                  [33mstyle[39m=[32m"pointer-events: none;"[39m
                [36m>[39m
                  [36m<svg[39m
                    [33mclass[39m=[32m"lucide lucide-check h-3 w-3"[39m
                    [33mfill[39m=[32m"none"[39m
                    [33mheight[39m=[32m"24"[39m
                    [33mstroke[39m=[32m"currentColor"[39m
                    [33mstroke-linecap[39m=[32m"round"[39m
                    [33mstroke-linejoin[39m=[32m"round"[39m
                    [33mstroke-width[39m=[32m"2"[39m
                    [33mstyle[39m=[32m"margin: 0px; padding: 0px;"[39m
                    [33mviewBox[39m=[32m"0 0 24 24"[39m
                    [33mwidth[39m=[32m"24"[39m
                    [33mxmlns[39m=[32m"http://www.w3.org/2000/svg"[39m
                  [36m>[39m
                    [36m<path[39m
                      [33md[39m=[32m"M20 6 9 17l-5-5"[39m
                    [36m/>[39m
                  [36m</svg>[39m
                [36m</span>[39m
              [36m</button>[39m
              [36m<label[39m
                [33mclass[39m=[32m"flex items-center gap-2 select-none group-data-[disabled=true]:pointer-events-none group-data-[disabled=true]:opacity-50 text-sm font-medium leading-none peer-disabled:cursor-not-allowed peer-disabled:opacity-70"[39m
                [33mdata-slot[39m=[32m"label"[39m
                [33mfor[39m=[32m"internal-only"[39m
              [36m>[39m
                [0mserviceComments.internalOnlyLabel[0m
              [36m</label>[39m
            [36m</div>[39m
          [36m</div>[39m
        [36m</div>[39m
        [36m<div[39m
          [33mclass[39m=[32m"border-t p-4 flex justify-end space-x-2 bg-gray-50"[39m
        [36m>[39m
          [36m<button[39m
            [33mclass[39m=[32m"inline-flex items-center justify-center gap-2 whitespace-nowrap rounded-md text-sm font-medium transition-[color,box-shadow] disabled:pointer-events-none disabled:opacity-50 [&_svg]:pointer-events-none [&_svg:not([class*='size-'])]:size-4 shrink-0 [&_svg]:shrink-0 outline-none focus-visible:border-ring focus-visible:ring-ring/50 focus-visible:ring-[3px] aria-invalid:ring-destructive/20 dark:aria-invalid:ring-destructive/40 aria-invalid:border-destructive border border-input bg-background shadow-xs hover:bg-accent hover:text-accent-foreground h-9 px-4 py-2 has-[>svg]:px-3"[39m
            [33mdata-slot[39m=[32m"button"[39m
          [36m>[39m
            [0mCancel[0m
          [36m</button>[39m
          [36m<button[39m
            [33mclass[39m=[32m"inline-flex items-center justify-center gap-2 whitespace-nowrap rounded-md text-sm font-medium transition-[color,box-shadow] disabled:pointer-events-none disabled:opacity-50 [&_svg]:pointer-events-none [&_svg:not([class*='size-'])]:size-4 shrink-0 [&_svg]:shrink-0 outline-none focus-visible:border-ring focus-visible:ring-ring/50 focus-visible:ring-[3px] aria-invalid:ring-destructive/20 dark:aria-invalid:ring-destructive/40 aria-invalid:border-destructive bg-primary text-primary-foreground shadow-xs hover:bg-primary/90 h-9 px-4 py-2 has-[>svg]:px-3"[39m
            [33mdata-slot[39m=[32m"button"[39m
          [36m>[39m
            [0mcommon.addComment[0m
          [36m</button>[39m
        [36m</div>[39m
      [36m</div>[39m
    [36m</dialog>[39m
  [36m</div>[39m
[36m</body>[39m
[90m [2m❯[22m Object.getElementError node_modules/.pnpm/@testing-library+dom@10.4.1/node_modules/@testing-library/dom/dist/config.js:[2m37:19[22m[39m
[90m [2m❯[22m node_modules/.pnpm/@testing-library+dom@10.4.1/node_modules/@testing-library/dom/dist/query-helpers.js:[2m76:38[22m[39m
[90m [2m❯[22m node_modules/.pnpm/@testing-library+dom@10.4.1/node_modules/@testing-library/dom/dist/query-helpers.js:[2m52:17[22m[39m
[90m [2m❯[22m node_modules/.pnpm/@testing-library+dom@10.4.1/node_modules/@testing-library/dom/dist/query-helpers.js:[2m95:19[22m[39m
[36m [2m❯[22m src/components/services/__tests__/CommentCreateModal.test.tsx:[2m156:30[22m[39m
    [90m154| [39m      [35mawait[39m user[33m.[39m[34mselectOptions[39m(templateSelect[33m,[39m [32m'template-1'[39m)[33m;[39m
    [90m155| [39m
    [90m156| [39m      [35mconst[39m preview [33m=[39m screen[33m.[39m[34mgetByTestId[39m([32m'template-preview'[39m)[33m;[39m
    [90m   | [39m                             [31m^[39m
    [90m157| [39m      expect(preview).toHaveTextContent('Please provide [document type…
    [90m158| [39m    })[33m;[39m

[31m[2m⎯⎯⎯⎯⎯⎯⎯⎯⎯⎯⎯⎯⎯⎯⎯⎯⎯⎯⎯⎯[128/377]⎯[22m[39m

[41m[1m FAIL [22m[49m src/components/services/__tests__/CommentCreateModal.test.tsx[2m > [22mCommentCreateModal[2m > [22mtemplate selection and preview[2m > [22mshould highlight placeholders in template preview
[31m[1mTestingLibraryElementError[22m[39m: Unable to find an element by: [data-testid="template-preview"]

Ignored nodes: comments, script, style
[36m<body>[39m
  [36m<div>[39m
    [36m<dialog[39m
      [33maria-labelledby[39m=[32m"dialog-title"[39m
      [33mclass[39m=[32m"p-0 rounded-lg shadow-lg w-[calc(100%-32px)] max-w-lg"[39m
    [36m>[39m
      [36m<div>[39m
        [36m<div[39m
          [33mclass[39m=[32m"flex justify-between items-center border-b p-4"[39m
        [36m>[39m
          [36m<h2[39m
            [33mclass[39m=[32m"text-lg font-semibold"[39m
            [33mid[39m=[32m"dialog-title"[39m
          [36m>[39m
            [0mAdd Comment to Criminal Background Check[0m
          [36m</h2>[39m
          [36m<button[39m
            [33maria-label[39m=[32m"Close dialog"[39m
            [33mclass[39m=[32m"text-gray-500 hover:text-gray-700 focus:outline-none focus:ring-2 focus:ring-offset-2 focus:ring-blue-500"[39m
          [36m>[39m
            [0mX[0m
          [36m</button>[39m
        [36m</div>[39m
        [36m<div[39m
          [33mclass[39m=[32m"p-4"[39m
        [36m>[39m
          [36m<div[39m
            [33mclass[39m=[32m"space-y-4"[39m
          [36m>[39m
            [36m<div>[39m
              [36m<label[39m
                [33mclass[39m=[32m"flex items-center gap-2 text-sm leading-none font-medium select-none group-data-[disabled=true]:pointer-events-none group-data-[disabled=true]:opacity-50 peer-disabled:cursor-not-allowed peer-disabled:opacity-50"[39m
                [33mdata-slot[39m=[32m"label"[39m
                [33mfor[39m=[32m"template"[39m
              [36m>[39m
                [0mTemplate[0m
                [0m *[0m
              [36m</label>[39m
              [36m<select[39m
                [33mclass[39m=[32m"w-full mt-1 px-3 py-2 border border-gray-300 rounded-md"[39m
                [33mid[39m=[32m"template"[39m
              [36m>[39m
                [36m<option[39m
                  [33mvalue[39m=[32m""[39m
                [36m>[39m
                  [0mSelect a template...[0m
                [36m</option>[39m
                [36m<option[39m
                  [33mvalue[39m=[32m"template-1"[39m
                [36m>[39m
                  [0mDocument Request[0m
                [36m</option>[39m
                [36m<option[39m
                  [33mvalue[39m=[32m"template-2"[39m
                [36m>[39m
                  [0mProcessing Update[0m
                [36m</option>[39m
                [36m<option[39m
                  [33mvalue[39m=[32m"template-3"[39m
                [36m>[39m
                  [0mAdditional Info Required[0m
                [36m</option>[39m
              [36m</select>[39m
            [36m</div>[39m
            [36m<div>[39m
              [36m<label[39m
                [33mclass[39m=[32m"flex items-center gap-2 text-sm leading-none font-medium select-none group-data-[disabled=true]:pointer-events-none group-data-[disabled=true]:opacity-50 peer-disabled:cursor-not-allowed peer-disabled:opacity-50"[39m
                [33mdata-slot[39m=[32m"label"[39m
                [33mfor[39m=[32m"comment-text"[39m
              [36m>[39m
                [0mComment Text[0m
                [0m *[0m
              [36m</label>[39m
              [36m<textarea[39m
                [33maria-label[39m=[32m"Comment text"[39m
                [33mclass[39m=[32m"flex min-h-[80px] w-full rounded-md border border-input bg-background px-3 py-2 text-sm ring-offset-background placeholder:text-muted-foreground focus-visible:outline-none focus-visible:ring-2 focus-visible:ring-ring focus-visible:ring-offset-2 disabled:cursor-not-allowed disabled:opacity-50 mt-1"[39m
                [33mid[39m=[32m"comment-text"[39m
                [33mplaceholder[39m=[32m"serviceComments.enterComment"[39m
                [33mrows[39m=[32m"6"[39m
              [36m>[39m
                [0mPlease provide [document type] by [date] for verification purposes.[0m
              [36m</textarea>[39m
              [36m<div[39m
                [33mclass[39m=[32m"text-sm mt-1 text-gray-500"[39m
              [36m>[39m
                [0m67[0m
                [0m/[0m
                [0m1000[0m
                [0m characters[0m
              [36m</div>[39m
            [36m</div>[39m
            [36m<div[39m
              [33mclass[39m=[32m"flex items-center space-x-2"[39m
            [36m>[39m
              [36m<button[39m
                [33maria-checked[39m=[32m"true"[39m
                [33mclass[39m=[32m"peer relative rounded-sm border border-gray-300 focus-visible:outline-none focus-visible:ring-2 focus-visible:ring-ring disabled:cursor-not-allowed disabled:opacity-50 data-[state=checked]:bg-primary data-[state=checked]:text-primary-foreground"[39m
                [33mdata-state[39m=[32m"checked"[39m
                [33mid[39m=[32m"internal-only"[39m
                [33mrole[39m=[32m"checkbox"[39m
                [33mstyle[39m=[32m"height: 16px; width: 16px; min-height: 16px; min-width: 16px; max-height: 16px; max-width: 16px; display: flex; align-items: center; justify-content: center; flex-shrink: 0; box-sizing: border-box;"[39m
                [33mtype[39m=[32m"button"[39m
                [33mvalue[39m=[32m"on"[39m
              [36m>[39m
                [36m<span[39m
                  [33mclass[39m=[32m"flex items-center justify-center text-current"[39m
                  [33mdata-state[39m=[32m"checked"[39m
                  [33mstyle[39m=[32m"pointer-events: none;"[39m
                [36m>[39m
                  [36m<svg[39m
                    [33mclass[39m=[32m"lucide lucide-check h-3 w-3"[39m
                    [33mfill[39m=[32m"none"[39m
                    [33mheight[39m=[32m"24"[39m
                    [33mstroke[39m=[32m"currentColor"[39m
                    [33mstroke-linecap[39m=[32m"round"[39m
                    [33mstroke-linejoin[39m=[32m"round"[39m
                    [33mstroke-width[39m=[32m"2"[39m
                    [33mstyle[39m=[32m"margin: 0px; padding: 0px;"[39m
                    [33mviewBox[39m=[32m"0 0 24 24"[39m
                    [33mwidth[39m=[32m"24"[39m
                    [33mxmlns[39m=[32m"http://www.w3.org/2000/svg"[39m
                  [36m>[39m
                    [36m<path[39m
                      [33md[39m=[32m"M20 6 9 17l-5-5"[39m
                    [36m/>[39m
                  [36m</svg>[39m
                [36m</span>[39m
              [36m</button>[39m
              [36m<label[39m
                [33mclass[39m=[32m"flex items-center gap-2 select-none group-data-[disabled=true]:pointer-events-none group-data-[disabled=true]:opacity-50 text-sm font-medium leading-none peer-disabled:cursor-not-allowed peer-disabled:opacity-70"[39m
                [33mdata-slot[39m=[32m"label"[39m
                [33mfor[39m=[32m"internal-only"[39m
              [36m>[39m
                [0mserviceComments.internalOnlyLabel[0m
              [36m</label>[39m
            [36m</div>[39m
          [36m</div>[39m
        [36m</div>[39m
        [36m<div[39m
          [33mclass[39m=[32m"border-t p-4 flex justify-end space-x-2 bg-gray-50"[39m
        [36m>[39m
          [36m<button[39m
            [33mclass[39m=[32m"inline-flex items-center justify-center gap-2 whitespace-nowrap rounded-md text-sm font-medium transition-[color,box-shadow] disabled:pointer-events-none disabled:opacity-50 [&_svg]:pointer-events-none [&_svg:not([class*='size-'])]:size-4 shrink-0 [&_svg]:shrink-0 outline-none focus-visible:border-ring focus-visible:ring-ring/50 focus-visible:ring-[3px] aria-invalid:ring-destructive/20 dark:aria-invalid:ring-destructive/40 aria-invalid:border-destructive border border-input bg-background shadow-xs hover:bg-accent hover:text-accent-foreground h-9 px-4 py-2 has-[>svg]:px-3"[39m
            [33mdata-slot[39m=[32m"button"[39m
          [36m>[39m
            [0mCancel[0m
          [36m</button>[39m
          [36m<button[39m
            [33mclass[39m=[32m"inline-flex items-center justify-center gap-2 whitespace-nowrap rounded-md text-sm font-medium transition-[color,box-shadow] disabled:pointer-events-none disabled:opacity-50 [&_svg]:pointer-events-none [&_svg:not([class*='size-'])]:size-4 shrink-0 [&_svg]:shrink-0 outline-none focus-visible:border-ring focus-visible:ring-ring/50 focus-visible:ring-[3px] aria-invalid:ring-destructive/20 dark:aria-invalid:ring-destructive/40 aria-invalid:border-destructive bg-primary text-primary-foreground shadow-xs hover:bg-primary/90 h-9 px-4 py-2 has-[>svg]:px-3"[39m
            [33mdata-slot[39m=[32m"button"[39m
          [36m>[39m
            [0mcommon.addComment[0m
          [36m</button>[39m
        [36m</div>[39m
      [36m</div>[39m
    [36m</dialog>[39m
  [36m</div>[39m
[36m</body>[39m
[90m [2m❯[22m Object.getElementError node_modules/.pnpm/@testing-library+dom@10.4.1/node_modules/@testing-library/dom/dist/config.js:[2m37:19[22m[39m
[90m [2m❯[22m node_modules/.pnpm/@testing-library+dom@10.4.1/node_modules/@testing-library/dom/dist/query-helpers.js:[2m76:38[22m[39m
[90m [2m❯[22m node_modules/.pnpm/@testing-library+dom@10.4.1/node_modules/@testing-library/dom/dist/query-helpers.js:[2m52:17[22m[39m
[90m [2m❯[22m node_modules/.pnpm/@testing-library+dom@10.4.1/node_modules/@testing-library/dom/dist/query-helpers.js:[2m95:19[22m[39m
[36m [2m❯[22m src/components/services/__tests__/CommentCreateModal.test.tsx:[2m176:30[22m[39m
    [90m174| [39m      [35mawait[39m user[33m.[39m[34mselectOptions[39m(templateSelect[33m,[39m [32m'template-1'[39m)[33m;[39m
    [90m175| [39m
    [90m176| [39m      [35mconst[39m preview [33m=[39m screen[33m.[39m[34mgetByTestId[39m([32m'template-preview'[39m)[33m;[39m
    [90m   | [39m                             [31m^[39m
    [90m177| [39m      const placeholders = within(preview).getAllByTestId('placeholder…
    [90m178| [39m

[31m[2m⎯⎯⎯⎯⎯⎯⎯⎯⎯⎯⎯⎯⎯⎯⎯⎯⎯⎯⎯⎯[129/377]⎯[22m[39m

[41m[1m FAIL [22m[49m src/components/services/__tests__/CommentCreateModal.test.tsx[2m > [22mCommentCreateModal[2m > [22mtemplate selection and preview[2m > [22mshould show placeholder form fields for each placeholder
[31m[1mTestingLibraryElementError[22m[39m: Unable to find a label with the text of: /document type/i

Ignored nodes: comments, script, style
[36m<body>[39m
  [36m<div>[39m
    [36m<dialog[39m
      [33maria-labelledby[39m=[32m"dialog-title"[39m
      [33mclass[39m=[32m"p-0 rounded-lg shadow-lg w-[calc(100%-32px)] max-w-lg"[39m
    [36m>[39m
      [36m<div>[39m
        [36m<div[39m
          [33mclass[39m=[32m"flex justify-between items-center border-b p-4"[39m
        [36m>[39m
          [36m<h2[39m
            [33mclass[39m=[32m"text-lg font-semibold"[39m
            [33mid[39m=[32m"dialog-title"[39m
          [36m>[39m
            [0mAdd Comment to Criminal Background Check[0m
          [36m</h2>[39m
          [36m<button[39m
            [33maria-label[39m=[32m"Close dialog"[39m
            [33mclass[39m=[32m"text-gray-500 hover:text-gray-700 focus:outline-none focus:ring-2 focus:ring-offset-2 focus:ring-blue-500"[39m
          [36m>[39m
            [0mX[0m
          [36m</button>[39m
        [36m</div>[39m
        [36m<div[39m
          [33mclass[39m=[32m"p-4"[39m
        [36m>[39m
          [36m<div[39m
            [33mclass[39m=[32m"space-y-4"[39m
          [36m>[39m
            [36m<div>[39m
              [36m<label[39m
                [33mclass[39m=[32m"flex items-center gap-2 text-sm leading-none font-medium select-none group-data-[disabled=true]:pointer-events-none group-data-[disabled=true]:opacity-50 peer-disabled:cursor-not-allowed peer-disabled:opacity-50"[39m
                [33mdata-slot[39m=[32m"label"[39m
                [33mfor[39m=[32m"template"[39m
              [36m>[39m
                [0mTemplate[0m
                [0m *[0m
              [36m</label>[39m
              [36m<select[39m
                [33mclass[39m=[32m"w-full mt-1 px-3 py-2 border border-gray-300 rounded-md"[39m
                [33mid[39m=[32m"template"[39m
              [36m>[39m
                [36m<option[39m
                  [33mvalue[39m=[32m""[39m
                [36m>[39m
                  [0mSelect a template...[0m
                [36m</option>[39m
                [36m<option[39m
                  [33mvalue[39m=[32m"template-1"[39m
                [36m>[39m
                  [0mDocument Request[0m
                [36m</option>[39m
                [36m<option[39m
                  [33mvalue[39m=[32m"template-2"[39m
                [36m>[39m
                  [0mProcessing Update[0m
                [36m</option>[39m
                [36m<option[39m
                  [33mvalue[39m=[32m"template-3"[39m
                [36m>[39m
                  [0mAdditional Info Required[0m
                [36m</option>[39m
              [36m</select>[39m
            [36m</div>[39m
            [36m<div>[39m
              [36m<label[39m
                [33mclass[39m=[32m"flex items-center gap-2 text-sm leading-none font-medium select-none group-data-[disabled=true]:pointer-events-none group-data-[disabled=true]:opacity-50 peer-disabled:cursor-not-allowed peer-disabled:opacity-50"[39m
                [33mdata-slot[39m=[32m"label"[39m
                [33mfor[39m=[32m"comment-text"[39m
              [36m>[39m
                [0mComment Text[0m
                [0m *[0m
              [36m</label>[39m
              [36m<textarea[39m
                [33maria-label[39m=[32m"Comment text"[39m
                [33mclass[39m=[32m"flex min-h-[80px] w-full rounded-md border border-input bg-background px-3 py-2 text-sm ring-offset-background placeholder:text-muted-foreground focus-visible:outline-none focus-visible:ring-2 focus-visible:ring-ring focus-visible:ring-offset-2 disabled:cursor-not-allowed disabled:opacity-50 mt-1"[39m
                [33mid[39m=[32m"comment-text"[39m
                [33mplaceholder[39m=[32m"serviceComments.enterComment"[39m
                [33mrows[39m=[32m"6"[39m
              [36m>[39m
                [0mPlease provide [document type] by [date] for verification purposes.[0m
              [36m</textarea>[39m
              [36m<div[39m
                [33mclass[39m=[32m"text-sm mt-1 text-gray-500"[39m
              [36m>[39m
                [0m67[0m
                [0m/[0m
                [0m1000[0m
                [0m characters[0m
              [36m</div>[39m
            [36m</div>[39m
            [36m<div[39m
              [33mclass[39m=[32m"flex items-center space-x-2"[39m
            [36m>[39m
              [36m<button[39m
                [33maria-checked[39m=[32m"true"[39m
                [33mclass[39m=[32m"peer relative rounded-sm border border-gray-300 focus-visible:outline-none focus-visible:ring-2 focus-visible:ring-ring disabled:cursor-not-allowed disabled:opacity-50 data-[state=checked]:bg-primary data-[state=checked]:text-primary-foreground"[39m
                [33mdata-state[39m=[32m"checked"[39m
                [33mid[39m=[32m"internal-only"[39m
                [33mrole[39m=[32m"checkbox"[39m
                [33mstyle[39m=[32m"height: 16px; width: 16px; min-height: 16px; min-width: 16px; max-height: 16px; max-width: 16px; display: flex; align-items: center; justify-content: center; flex-shrink: 0; box-sizing: border-box;"[39m
                [33mtype[39m=[32m"button"[39m
                [33mvalue[39m=[32m"on"[39m
              [36m>[39m
                [36m<span[39m
                  [33mclass[39m=[32m"flex items-center justify-center text-current"[39m
                  [33mdata-state[39m=[32m"checked"[39m
                  [33mstyle[39m=[32m"pointer-events: none;"[39m
                [36m>[39m
                  [36m<svg[39m
                    [33mclass[39m=[32m"lucide lucide-check h-3 w-3"[39m
                    [33mfill[39m=[32m"none"[39m
                    [33mheight[39m=[32m"24"[39m
                    [33mstroke[39m=[32m"currentColor"[39m
                    [33mstroke-linecap[39m=[32m"round"[39m
                    [33mstroke-linejoin[39m=[32m"round"[39m
                    [33mstroke-width[39m=[32m"2"[39m
                    [33mstyle[39m=[32m"margin: 0px; padding: 0px;"[39m
                    [33mviewBox[39m=[32m"0 0 24 24"[39m
                    [33mwidth[39m=[32m"24"[39m
                    [33mxmlns[39m=[32m"http://www.w3.org/2000/svg"[39m
                  [36m>[39m
                    [36m<path[39m
                      [33md[39m=[32m"M20 6 9 17l-5-5"[39m
                    [36m/>[39m
                  [36m</svg>[39m
                [36m</span>[39m
              [36m</button>[39m
              [36m<label[39m
                [33mclass[39m=[32m"flex items-center gap-2 select-none group-data-[disabled=true]:pointer-events-none group-data-[disabled=true]:opacity-50 text-sm font-medium leading-none peer-disabled:cursor-not-allowed peer-disabled:opacity-70"[39m
                [33mdata-slot[39m=[32m"label"[39m
                [33mfor[39m=[32m"internal-only"[39m
              [36m>[39m
                [0mserviceComments.internalOnlyLabel[0m
              [36m</label>[39m
            [36m</div>[39m
          [36m</div>[39m
        [36m</div>[39m
        [36m<div[39m
          [33mclass[39m=[32m"border-t p-4 flex justify-end space-x-2 bg-gray-50"[39m
        [36m>[39m
          [36m<button[39m
            [33mclass[39m=[32m"inline-flex items-center justify-center gap-2 whitespace-nowrap rounded-md text-sm font-medium transition-[color,box-shadow] disabled:pointer-events-none disabled:opacity-50 [&_svg]:pointer-events-none [&_svg:not([class*='size-'])]:size-4 shrink-0 [&_svg]:shrink-0 outline-none focus-visible:border-ring focus-visible:ring-ring/50 focus-visible:ring-[3px] aria-invalid:ring-destructive/20 dark:aria-invalid:ring-destructive/40 aria-invalid:border-destructive border border-input bg-background shadow-xs hover:bg-accent hover:text-accent-foreground h-9 px-4 py-2 has-[>svg]:px-3"[39m
            [33mdata-slot[39m=[32m"button"[39m
          [36m>[39m
            [0mCancel[0m
          [36m</button>[39m
          [36m<button[39m
            [33mclass[39m=[32m"inline-flex items-center justify-center gap-2 whitespace-nowrap rounded-md text-sm font-medium transition-[color,box-shadow] disabled:pointer-events-none disabled:opacity-50 [&_svg]:pointer-events-none [&_svg:not([class*='size-'])]:size-4 shrink-0 [&_svg]:shrink-0 outline-none focus-visible:border-ring focus-visible:ring-ring/50 focus-visible:ring-[3px] aria-invalid:ring-destructive/20 dark:aria-invalid:ring-destructive/40 aria-invalid:border-destructive bg-primary text-primary-foreground shadow-xs hover:bg-primary/90 h-9 px-4 py-2 has-[>svg]:px-3"[39m
            [33mdata-slot[39m=[32m"button"[39m
          [36m>[39m
            [0mcommon.addComment[0m
          [36m</button>[39m
        [36m</div>[39m
      [36m</div>[39m
    [36m</dialog>[39m
  [36m</div>[39m
[36m</body>[39m
[90m [2m❯[22m Object.getElementError node_modules/.pnpm/@testing-library+dom@10.4.1/node_modules/@testing-library/dom/dist/config.js:[2m37:19[22m[39m
[90m [2m❯[22m getAllByLabelText node_modules/.pnpm/@testing-library+dom@10.4.1/node_modules/@testing-library/dom/dist/queries/label-text.js:[2m111:38[22m[39m
[90m [2m❯[22m node_modules/.pnpm/@testing-library+dom@10.4.1/node_modules/@testing-library/dom/dist/query-helpers.js:[2m52:17[22m[39m
[90m [2m❯[22m node_modules/.pnpm/@testing-library+dom@10.4.1/node_modules/@testing-library/dom/dist/query-helpers.js:[2m95:19[22m[39m
[36m [2m❯[22m src/components/services/__tests__/CommentCreateModal.test.tsx:[2m201:21[22m[39m
    [90m199| [39m      [35mawait[39m user[33m.[39m[34mselectOptions[39m(templateSelect[33m,[39m [32m'template-1'[39m)[33m;[39m
    [90m200| [39m
    [90m201| [39m      expect(screen.getByLabelText(/document type/i)).toBeInTheDocumen…
    [90m   | [39m                    [31m^[39m
    [90m202| [39m      [34mexpect[39m(screen[33m.[39m[34mgetByLabelText[39m([36m/date/i[39m))[33m.[39m[34mtoBeInTheDocument[39m()[33m;[39m
    [90m203| [39m    })[33m;[39m

[31m[2m⎯⎯⎯⎯⎯⎯⎯⎯⎯⎯⎯⎯⎯⎯⎯⎯⎯⎯⎯⎯[130/377]⎯[22m[39m

[41m[1m FAIL [22m[49m src/components/services/__tests__/CommentCreateModal.test.tsx[2m > [22mCommentCreateModal[2m > [22mlive preview functionality[2m > [22mshould update preview as user fills placeholder fields
[31m[1mTestingLibraryElementError[22m[39m: Unable to find a label with the text of: /document type/i

Ignored nodes: comments, script, style
[36m<body>[39m
  [36m<div>[39m
    [36m<dialog[39m
      [33maria-labelledby[39m=[32m"dialog-title"[39m
      [33mclass[39m=[32m"p-0 rounded-lg shadow-lg w-[calc(100%-32px)] max-w-lg"[39m
    [36m>[39m
      [36m<div>[39m
        [36m<div[39m
          [33mclass[39m=[32m"flex justify-between items-center border-b p-4"[39m
        [36m>[39m
          [36m<h2[39m
            [33mclass[39m=[32m"text-lg font-semibold"[39m
            [33mid[39m=[32m"dialog-title"[39m
          [36m>[39m
            [0mAdd Comment to Criminal Background Check[0m
          [36m</h2>[39m
          [36m<button[39m
            [33maria-label[39m=[32m"Close dialog"[39m
            [33mclass[39m=[32m"text-gray-500 hover:text-gray-700 focus:outline-none focus:ring-2 focus:ring-offset-2 focus:ring-blue-500"[39m
          [36m>[39m
            [0mX[0m
          [36m</button>[39m
        [36m</div>[39m
        [36m<div[39m
          [33mclass[39m=[32m"p-4"[39m
        [36m>[39m
          [36m<div[39m
            [33mclass[39m=[32m"space-y-4"[39m
          [36m>[39m
            [36m<div>[39m
              [36m<label[39m
                [33mclass[39m=[32m"flex items-center gap-2 text-sm leading-none font-medium select-none group-data-[disabled=true]:pointer-events-none group-data-[disabled=true]:opacity-50 peer-disabled:cursor-not-allowed peer-disabled:opacity-50"[39m
                [33mdata-slot[39m=[32m"label"[39m
                [33mfor[39m=[32m"template"[39m
              [36m>[39m
                [0mTemplate[0m
                [0m *[0m
              [36m</label>[39m
              [36m<select[39m
                [33mclass[39m=[32m"w-full mt-1 px-3 py-2 border border-gray-300 rounded-md"[39m
                [33mid[39m=[32m"template"[39m
              [36m>[39m
                [36m<option[39m
                  [33mvalue[39m=[32m""[39m
                [36m>[39m
                  [0mSelect a template...[0m
                [36m</option>[39m
                [36m<option[39m
                  [33mvalue[39m=[32m"template-1"[39m
                [36m>[39m
                  [0mDocument Request[0m
                [36m</option>[39m
                [36m<option[39m
                  [33mvalue[39m=[32m"template-2"[39m
                [36m>[39m
                  [0mProcessing Update[0m
                [36m</option>[39m
                [36m<option[39m
                  [33mvalue[39m=[32m"template-3"[39m
                [36m>[39m
                  [0mAdditional Info Required[0m
                [36m</option>[39m
              [36m</select>[39m
            [36m</div>[39m
            [36m<div>[39m
              [36m<label[39m
                [33mclass[39m=[32m"flex items-center gap-2 text-sm leading-none font-medium select-none group-data-[disabled=true]:pointer-events-none group-data-[disabled=true]:opacity-50 peer-disabled:cursor-not-allowed peer-disabled:opacity-50"[39m
                [33mdata-slot[39m=[32m"label"[39m
                [33mfor[39m=[32m"comment-text"[39m
              [36m>[39m
                [0mComment Text[0m
                [0m *[0m
              [36m</label>[39m
              [36m<textarea[39m
                [33maria-label[39m=[32m"Comment text"[39m
                [33mclass[39m=[32m"flex min-h-[80px] w-full rounded-md border border-input bg-background px-3 py-2 text-sm ring-offset-background placeholder:text-muted-foreground focus-visible:outline-none focus-visible:ring-2 focus-visible:ring-ring focus-visible:ring-offset-2 disabled:cursor-not-allowed disabled:opacity-50 mt-1"[39m
                [33mid[39m=[32m"comment-text"[39m
                [33mplaceholder[39m=[32m"serviceComments.enterComment"[39m
                [33mrows[39m=[32m"6"[39m
              [36m>[39m
                [0mPlease provide [document type] by [date] for verification purposes.[0m
              [36m</textarea>[39m
              [36m<div[39m
                [33mclass[39m=[32m"text-sm mt-1 text-gray-500"[39m
              [36m>[39m
                [0m67[0m
                [0m/[0m
                [0m1000[0m
                [0m characters[0m
              [36m</div>[39m
            [36m</div>[39m
            [36m<div[39m
              [33mclass[39m=[32m"flex items-center space-x-2"[39m
            [36m>[39m
              [36m<button[39m
                [33maria-checked[39m=[32m"true"[39m
                [33mclass[39m=[32m"peer relative rounded-sm border border-gray-300 focus-visible:outline-none focus-visible:ring-2 focus-visible:ring-ring disabled:cursor-not-allowed disabled:opacity-50 data-[state=checked]:bg-primary data-[state=checked]:text-primary-foreground"[39m
                [33mdata-state[39m=[32m"checked"[39m
                [33mid[39m=[32m"internal-only"[39m
                [33mrole[39m=[32m"checkbox"[39m
                [33mstyle[39m=[32m"height: 16px; width: 16px; min-height: 16px; min-width: 16px; max-height: 16px; max-width: 16px; display: flex; align-items: center; justify-content: center; flex-shrink: 0; box-sizing: border-box;"[39m
                [33mtype[39m=[32m"button"[39m
                [33mvalue[39m=[32m"on"[39m
              [36m>[39m
                [36m<span[39m
                  [33mclass[39m=[32m"flex items-center justify-center text-current"[39m
                  [33mdata-state[39m=[32m"checked"[39m
                  [33mstyle[39m=[32m"pointer-events: none;"[39m
                [36m>[39m
                  [36m<svg[39m
                    [33mclass[39m=[32m"lucide lucide-check h-3 w-3"[39m
                    [33mfill[39m=[32m"none"[39m
                    [33mheight[39m=[32m"24"[39m
                    [33mstroke[39m=[32m"currentColor"[39m
                    [33mstroke-linecap[39m=[32m"round"[39m
                    [33mstroke-linejoin[39m=[32m"round"[39m
                    [33mstroke-width[39m=[32m"2"[39m
                    [33mstyle[39m=[32m"margin: 0px; padding: 0px;"[39m
                    [33mviewBox[39m=[32m"0 0 24 24"[39m
                    [33mwidth[39m=[32m"24"[39m
                    [33mxmlns[39m=[32m"http://www.w3.org/2000/svg"[39m
                  [36m>[39m
                    [36m<path[39m
                      [33md[39m=[32m"M20 6 9 17l-5-5"[39m
                    [36m/>[39m
                  [36m</svg>[39m
                [36m</span>[39m
              [36m</button>[39m
              [36m<label[39m
                [33mclass[39m=[32m"flex items-center gap-2 select-none group-data-[disabled=true]:pointer-events-none group-data-[disabled=true]:opacity-50 text-sm font-medium leading-none peer-disabled:cursor-not-allowed peer-disabled:opacity-70"[39m
                [33mdata-slot[39m=[32m"label"[39m
                [33mfor[39m=[32m"internal-only"[39m
              [36m>[39m
                [0mserviceComments.internalOnlyLabel[0m
              [36m</label>[39m
            [36m</div>[39m
          [36m</div>[39m
        [36m</div>[39m
        [36m<div[39m
          [33mclass[39m=[32m"border-t p-4 flex justify-end space-x-2 bg-gray-50"[39m
        [36m>[39m
          [36m<button[39m
            [33mclass[39m=[32m"inline-flex items-center justify-center gap-2 whitespace-nowrap rounded-md text-sm font-medium transition-[color,box-shadow] disabled:pointer-events-none disabled:opacity-50 [&_svg]:pointer-events-none [&_svg:not([class*='size-'])]:size-4 shrink-0 [&_svg]:shrink-0 outline-none focus-visible:border-ring focus-visible:ring-ring/50 focus-visible:ring-[3px] aria-invalid:ring-destructive/20 dark:aria-invalid:ring-destructive/40 aria-invalid:border-destructive border border-input bg-background shadow-xs hover:bg-accent hover:text-accent-foreground h-9 px-4 py-2 has-[>svg]:px-3"[39m
            [33mdata-slot[39m=[32m"button"[39m
          [36m>[39m
            [0mCancel[0m
          [36m</button>[39m
          [36m<button[39m
            [33mclass[39m=[32m"inline-flex items-center justify-center gap-2 whitespace-nowrap rounded-md text-sm font-medium transition-[color,box-shadow] disabled:pointer-events-none disabled:opacity-50 [&_svg]:pointer-events-none [&_svg:not([class*='size-'])]:size-4 shrink-0 [&_svg]:shrink-0 outline-none focus-visible:border-ring focus-visible:ring-ring/50 focus-visible:ring-[3px] aria-invalid:ring-destructive/20 dark:aria-invalid:ring-destructive/40 aria-invalid:border-destructive bg-primary text-primary-foreground shadow-xs hover:bg-primary/90 h-9 px-4 py-2 has-[>svg]:px-3"[39m
            [33mdata-slot[39m=[32m"button"[39m
          [36m>[39m
            [0mcommon.addComment[0m
          [36m</button>[39m
        [36m</div>[39m
      [36m</div>[39m
    [36m</dialog>[39m
  [36m</div>[39m
[36m</body>[39m
[90m [2m❯[22m Object.getElementError node_modules/.pnpm/@testing-library+dom@10.4.1/node_modules/@testing-library/dom/dist/config.js:[2m37:19[22m[39m
[90m [2m❯[22m getAllByLabelText node_modules/.pnpm/@testing-library+dom@10.4.1/node_modules/@testing-library/dom/dist/queries/label-text.js:[2m111:38[22m[39m
[90m [2m❯[22m node_modules/.pnpm/@testing-library+dom@10.4.1/node_modules/@testing-library/dom/dist/query-helpers.js:[2m52:17[22m[39m
[90m [2m❯[22m node_modules/.pnpm/@testing-library+dom@10.4.1/node_modules/@testing-library/dom/dist/query-helpers.js:[2m95:19[22m[39m
[36m [2m❯[22m src/components/services/__tests__/CommentCreateModal.test.tsx:[2m248:35[22m[39m
    [90m246| [39m
    [90m247| [39m      [90m// Fill placeholder fields[39m
    [90m248| [39m      [35mconst[39m docTypeField [33m=[39m screen[33m.[39m[34mgetByLabelText[39m([36m/document type/i[39m)[33m;[39m
    [90m   | [39m                                  [31m^[39m
    [90m249| [39m      [35mawait[39m user[33m.[39m[34mtype[39m(docTypeField[33m,[39m [32m'driver license'[39m)[33m;[39m
    [90m250| [39m

[31m[2m⎯⎯⎯⎯⎯⎯⎯⎯⎯⎯⎯⎯⎯⎯⎯⎯⎯⎯⎯⎯[131/377]⎯[22m[39m

[41m[1m FAIL [22m[49m src/components/services/__tests__/CommentCreateModal.test.tsx[2m > [22mCommentCreateModal[2m > [22mlive preview functionality[2m > [22mshould show warning when character limit is exceeded
[31m[1mTestingLibraryElementError[22m[39m: Unable to find an element with the text: /comment exceeds maximum length/i. This could be because the text is broken up by multiple elements. In this case, you can provide a function for your text matcher to make your matcher more flexible.

Ignored nodes: comments, script, style
[36m<body>[39m
  [36m<div>[39m
    [36m<dialog[39m
      [33maria-labelledby[39m=[32m"dialog-title"[39m
      [33mclass[39m=[32m"p-0 rounded-lg shadow-lg w-[calc(100%-32px)] max-w-lg"[39m
    [36m>[39m
      [36m<div>[39m
        [36m<div[39m
          [33mclass[39m=[32m"flex justify-between items-center border-b p-4"[39m
        [36m>[39m
          [36m<h2[39m
            [33mclass[39m=[32m"text-lg font-semibold"[39m
            [33mid[39m=[32m"dialog-title"[39m
          [36m>[39m
            [0mAdd Comment to Criminal Background Check[0m
          [36m</h2>[39m
          [36m<button[39m
            [33maria-label[39m=[32m"Close dialog"[39m
            [33mclass[39m=[32m"text-gray-500 hover:text-gray-700 focus:outline-none focus:ring-2 focus:ring-offset-2 focus:ring-blue-500"[39m
          [36m>[39m
            [0mX[0m
          [36m</button>[39m
        [36m</div>[39m
        [36m<div[39m
          [33mclass[39m=[32m"p-4"[39m
        [36m>[39m
          [36m<div[39m
            [33mclass[39m=[32m"space-y-4"[39m
          [36m>[39m
            [36m<div>[39m
              [36m<label[39m
                [33mclass[39m=[32m"flex items-center gap-2 text-sm leading-none font-medium select-none group-data-[disabled=true]:pointer-events-none group-data-[disabled=true]:opacity-50 peer-disabled:cursor-not-allowed peer-disabled:opacity-50"[39m
                [33mdata-slot[39m=[32m"label"[39m
                [33mfor[39m=[32m"template"[39m
              [36m>[39m
                [0mTemplate[0m
                [0m *[0m
              [36m</label>[39m
              [36m<select[39m
                [33mclass[39m=[32m"w-full mt-1 px-3 py-2 border border-gray-300 rounded-md"[39m
                [33mid[39m=[32m"template"[39m
              [36m>[39m
                [36m<option[39m
                  [33mvalue[39m=[32m""[39m
                [36m>[39m
                  [0mSelect a template...[0m
                [36m</option>[39m
                [36m<option[39m
                  [33mvalue[39m=[32m"template-1"[39m
                [36m>[39m
                  [0mDocument Request[0m
                [36m</option>[39m
                [36m<option[39m
                  [33mvalue[39m=[32m"template-2"[39m
                [36m>[39m
                  [0mProcessing Update[0m
                [36m</option>[39m
                [36m<option[39m
                  [33mvalue[39m=[32m"template-3"[39m
                [36m>[39m
                  [0mAdditional Info Required[0m
                [36m</option>[39m
              [36m</select>[39m
            [36m</div>[39m
            [36m<div>[39m
              [36m<label[39m
                [33mclass[39m=[32m"flex items-center gap-2 text-sm leading-none font-medium select-none group-data-[disabled=true]:pointer-events-none group-data-[disabled=true]:opacity-50 peer-disabled:cursor-not-allowed peer-disabled:opacity-50"[39m
                [33mdata-slot[39m=[32m"label"[39m
                [33mfor[39m=[32m"comment-text"[39m
              [36m>[39m
                [0mComment Text[0m
                [0m *[0m
              [36m</label>[39m
              [36m<textarea[39m
                [33maria-label[39m=[32m"Comment text"[39m
                [33mclass[39m=[32m"flex min-h-[80px] w-full rounded-md border border-input bg-background px-3 py-2 text-sm ring-offset-background placeholder:text-muted-foreground focus-visible:outline-none focus-visible:ring-2 focus-visible:ring-ring focus-visible:ring-offset-2 disabled:cursor-not-allowed disabled:opacity-50 mt-1"[39m
                [33mid[39m=[32m"comment-text"[39m
                [33mplaceholder[39m=[32m"serviceComments.enterComment"[39m
                [33mrows[39m=[32m"6"[39m
              [36m>[39m
                [0maaaaaaaaaaaaaaaaaaaaaaaaaaaaaaaaaaaaaaaaaaaaaaaaaaaaaaaaaaaaaaaaaaaaaaaaaaaaaaaaaaaaaaaaaaaaaaaaaaaaaaaaaaaaaaaaaaaaaaaaaaaaaaaaaaaaaaaaaaaaaaaaaaaaaaaaaaaaaaaaaaaaaaaaaaaaaaaaaaaaaaaaaaaaaaaaaaaaaaaaaaaaaaaaaaaaaaaaaaaaaaaaaaaaaaaaaaaaaaaaaaaaaaaaaaaaaaaaaaaaaaaaaaaaaaaaaaaaaaaaaaaaaaaaaaaaaaaaaaaaaaaaaaaaaaaaaaaaaaaaaaaaaaaaaaaaaaaaaaaaaaaaaaaaaaaaaaaaaaaaaaaaaaaaaaaaaaaaaaaaaaaaaaaaaaaaaaaaaaaaaaaaaaaaaaaaaaaaaaaaaaaaaaaaaaaaaaaaaaaaaaaaaaaaaaaaaaaaaaaaaaaaaaaaaaaaaaaaaaaaaaaaaaaaaaaaaaaaaaaaaaaaaaaaaaaaaaaaaaaaaaaaaaaaaaaaaaaaaaaaaaaaaaaaaaaaaaaaaaaaaaaaaaaaaaaaaaaaaaaaaaaaaaaaaaaaaaaaaaaaaaaaaaaaaaaaaaaaaaaaaaaaaaaaaaaaaaaaaaaaaaaaaaaaaaaaaaaaaaaaaaaaaaaaaaaaaaaaaaaaaaaaaaaaaaaaaaaaaaaaaaaaaaaaaaaaaaaaaaaaaaaaaaaaaaaaaaaaaaaaaaaaaaaaaaaaaaaaaaaaaaaaaaaaaaaaaaaaaaaaaaaaaaaaaaaaaaaaaaaaaaaaaaaaaaaaaaaaaaaaaaaaaaaaaaaaaaaaaaaaaaaaaaaaaaaaaaaaaaaaaaaaaaaaaaaaaaaaaaaaaaaaaaaaaaaaaaaaaaaaaaaaaaaaaaaaaaaaaaaaaaaaaaaaaaaaaaaaaaaaaaaaaaaaaaaaaaaaaaaaaaaaaaaaaaaaaaaaaaaaaaaaaaaaaaaaaaaaaaaaa[0m
              [36m</textarea>[39m
              [36m<div[39m
                [33mclass[39m=[32m"text-sm mt-1 text-red-600"[39m
              [36m>[39m
                [0m1001[0m
                [0m/[0m
                [0m1000[0m
                [0m characters[0m
              [36m</div>[39m
            [36m</div>[39m
            [36m<div[39m
              [33mclass[39m=[32m"flex items-center space-x-2"[39m
            [36m>[39m
              [36m<button[39m
                [33maria-checked[39m=[32m"true"[39m
                [33mclass[39m=[32m"peer relative rounded-sm border border-gray-300 focus-visible:outline-none focus-visible:ring-2 focus-visible:ring-ring disabled:cursor-not-allowed disabled:opacity-50 data-[state=checked]:bg-primary data-[state=checked]:text-primary-foreground"[39m
                [33mdata-state[39m=[32m"checked"[39m
                [33mid[39m=[32m"internal-only"[39m
                [33mrole[39m=[32m"checkbox"[39m
                [33mstyle[39m=[32m"height: 16px; width: 16px; min-height: 16px; min-width: 16px; max-height: 16px; max-width: 16px; display: flex; align-items: center; justify-content: center; flex-shrink: 0; box-sizing: border-box;"[39m
                [33mtype[39m=[32m"button"[39m
                [33mvalue[39m=[32m"on"[39m
              [36m>[39m
                [36m<span[39m
                  [33mclass[39m=[32m"flex items-center justify-center text-current"[39m
                  [33mdata-state[39m=[32m"checked"[39m
                  [33mstyle[39m=[32m"pointer-events: none;"[39m
                [36m>[39m
                  [36m<svg[39m
                    [33mclass[39m=[32m"lucide lucide-check h-3 w-3"[39m
                    [33mfill[39m=[32m"none"[39m
                    [33mheight[39m=[32m"24"[39m
                    [33mstroke[39m=[32m"currentColor"[39m
                    [33mstroke-linecap[39m=[32m"round"[39m
                    [33mstroke-linejoin[39m=[32m"round"[39m
                    [33mstroke-width[39m=[32m"2"[39m
                    [33mstyle[39m=[32m"margin: 0px; padding: 0px;"[39m
                    [33mviewBox[39m=[32m"0 0 24 24"[39m
                    [33mwidth[39m=[32m"24"[39m
                    [33mxmlns[39m=[32m"http://www.w3.org/2000/svg"[39m
                  [36m>[39m
                    [36m<path[39m
                      [33md[39m=[32m"M20 6 9 17l-5-5"[39m
                    [36m/>[39m
                  [36m</svg>[39m
                [36m</span>[39m
              [36m</button>[39m
              [36m<label[39m
                [33mclass[39m=[32m"flex items-center gap-2 select-none group-data-[disabled=true]:pointer-events-none group-data-[disabled=true]:opacity-50 text-sm font-medium leading-none peer-disabled:cursor-not-allowed peer-disabled:opacity-70"[39m
                [33mdata-slot[39m=[32m"label"[39m
                [33mfor[39m=[32m"internal-only"[39m
              [36m>[39m
                [0mserviceComments.internalOnlyLabel[0m
              [36m</label>[39m
            [36m</div>[39m
          [36m</div>[39m
        [36m</div>[39m
        [36m<div[39m
          [33mclass[39m=[32m"border-t p-4 flex justify-end space-x-2 bg-gray-50"[39m
        [36m>[39m
          [36m<button[39m
            [33mclass[39m=[32m"inline-flex items-center justify-center gap-2 whitespace-nowrap rounded-md text-sm font-medium transition-[color,box-shadow] disabled:pointer-events-none disabled:opacity-50 [&_svg]:pointer-events-none [&_svg:not([class*='size-'])]:size-4 shrink-0 [&_svg]:shrink-0 outline-none focus-visible:border-ring focus-visible:ring-ring/50 focus-visible:ring-[3px] aria-invalid:ring-destructive/20 dark:aria-invalid:ring-destructive/40 aria-invalid:border-destructive border border-input bg-background shadow-xs hover:bg-accent hover:text-accent-foreground h-9 px-4 py-2 has-[>svg]:px-3"[39m
            [33mdata-slot[39m=[32m"button"[39m
          [36m>[39m
            [0mCancel[0m
          [36m</button>[39m
          [36m<button[39m
            [33mclass[39m=[32m"inline-flex items-center justify-center gap-2 whitespace-nowrap rounded-md text-sm font-medium transition-[color,box-shadow] disabled:pointer-events-none disabled:opacity-50 [&_svg]:pointer-events-none [&_svg:not([class*='size-'])]:size-4 shrink-0 [&_svg]:shrink-0 outline-none focus-visible:border-ring focus-visible:ring-ring/50 focus-visible:ring-[3px] aria-invalid:ring-destructive/20 dark:aria-invalid:ring-destructive/40 aria-invalid:border-destructive bg-primary text-primary-foreground shadow-xs hover:bg-primary/90 h-9 px-4 py-2 has-[>svg]:px-3"[39m
            [33mdata-slot[39m=[32m"button"[39m
            [33mdisabled[39m=[32m""[39m
          [36m>[39m
            [0mcommon.addComment[0m
          [36m</button>[39m
        [36m</div>[39m
      [36m</div>[39m
    [36m</dialog>[39m
  [36m</div>[39m
[36m</body>[39m
[90m [2m❯[22m Object.getElementError node_modules/.pnpm/@testing-library+dom@10.4.1/node_modules/@testing-library/dom/dist/config.js:[2m37:19[22m[39m
[90m [2m❯[22m node_modules/.pnpm/@testing-library+dom@10.4.1/node_modules/@testing-library/dom/dist/query-helpers.js:[2m76:38[22m[39m
[90m [2m❯[22m node_modules/.pnpm/@testing-library+dom@10.4.1/node_modules/@testing-library/dom/dist/query-helpers.js:[2m52:17[22m[39m
[90m [2m❯[22m node_modules/.pnpm/@testing-library+dom@10.4.1/node_modules/@testing-library/dom/dist/query-helpers.js:[2m95:19[22m[39m
[36m [2m❯[22m src/components/services/__tests__/CommentCreateModal.test.tsx:[2m306:21[22m[39m
    [90m304| [39m      expect(screen.getByText('1001/1000 characters')).toBeInTheDocume…
    [90m305| [39m      expect(screen.getByText('1001/1000 characters')).toHaveClass('te…
    [90m306| [39m      expect(screen.getByText(/comment exceeds maximum length/i)).toBe…
    [90m   | [39m                    [31m^[39m
    [90m307| [39m    })[33m;[39m
    [90m308| [39m  })[33m;[39m

[31m[2m⎯⎯⎯⎯⎯⎯⎯⎯⎯⎯⎯⎯⎯⎯⎯⎯⎯⎯⎯⎯[132/377]⎯[22m[39m

[41m[1m FAIL [22m[49m src/components/services/__tests__/CommentCreateModal.test.tsx[2m > [22mCommentCreateModal[2m > [22mvalidation[2m > [22mshould require template selection
[31m[1mTestingLibraryElementError[22m[39m: Unable to find an accessible element with the role "button" and name `/add comment/i`

There are no accessible roles. But there might be some inaccessible roles. If you wish to access them, then set the `hidden` option to `true`. Learn more about this here: https://testing-library.com/docs/dom-testing-library/api-queries#byrole

Ignored nodes: comments, script, style
[36m<body>[39m
  [36m<div>[39m
    [36m<dialog[39m
      [33maria-labelledby[39m=[32m"dialog-title"[39m
      [33mclass[39m=[32m"p-0 rounded-lg shadow-lg w-[calc(100%-32px)] max-w-lg"[39m
    [36m>[39m
      [36m<div>[39m
        [36m<div[39m
          [33mclass[39m=[32m"flex justify-between items-center border-b p-4"[39m
        [36m>[39m
          [36m<h2[39m
            [33mclass[39m=[32m"text-lg font-semibold"[39m
            [33mid[39m=[32m"dialog-title"[39m
          [36m>[39m
            [0mAdd Comment to Criminal Background Check[0m
          [36m</h2>[39m
          [36m<button[39m
            [33maria-label[39m=[32m"Close dialog"[39m
            [33mclass[39m=[32m"text-gray-500 hover:text-gray-700 focus:outline-none focus:ring-2 focus:ring-offset-2 focus:ring-blue-500"[39m
          [36m>[39m
            [0mX[0m
          [36m</button>[39m
        [36m</div>[39m
        [36m<div[39m
          [33mclass[39m=[32m"p-4"[39m
        [36m>[39m
          [36m<div[39m
            [33mclass[39m=[32m"space-y-4"[39m
          [36m>[39m
            [36m<div>[39m
              [36m<label[39m
                [33mclass[39m=[32m"flex items-center gap-2 text-sm leading-none font-medium select-none group-data-[disabled=true]:pointer-events-none group-data-[disabled=true]:opacity-50 peer-disabled:cursor-not-allowed peer-disabled:opacity-50"[39m
                [33mdata-slot[39m=[32m"label"[39m
                [33mfor[39m=[32m"template"[39m
              [36m>[39m
                [0mTemplate[0m
                [0m *[0m
              [36m</label>[39m
              [36m<select[39m
                [33mclass[39m=[32m"w-full mt-1 px-3 py-2 border border-gray-300 rounded-md"[39m
                [33mid[39m=[32m"template"[39m
              [36m>[39m
                [36m<option[39m
                  [33mvalue[39m=[32m""[39m
                [36m>[39m
                  [0mSelect a template...[0m
                [36m</option>[39m
                [36m<option[39m
                  [33mvalue[39m=[32m"template-1"[39m
                [36m>[39m
                  [0mDocument Request[0m
                [36m</option>[39m
                [36m<option[39m
                  [33mvalue[39m=[32m"template-2"[39m
                [36m>[39m
                  [0mProcessing Update[0m
                [36m</option>[39m
                [36m<option[39m
                  [33mvalue[39m=[32m"template-3"[39m
                [36m>[39m
                  [0mAdditional Info Required[0m
                [36m</option>[39m
              [36m</select>[39m
            [36m</div>[39m
            [36m<div[39m
              [33mclass[39m=[32m"flex items-center space-x-2"[39m
            [36m>[39m
              [36m<button[39m
                [33maria-checked[39m=[32m"true"[39m
                [33mclass[39m=[32m"peer relative rounded-sm border border-gray-300 focus-visible:outline-none focus-visible:ring-2 focus-visible:ring-ring disabled:cursor-not-allowed disabled:opacity-50 data-[state=checked]:bg-primary data-[state=checked]:text-primary-foreground"[39m
                [33mdata-state[39m=[32m"checked"[39m
                [33mid[39m=[32m"internal-only"[39m
                [33mrole[39m=[32m"checkbox"[39m
                [33mstyle[39m=[32m"height: 16px; width: 16px; min-height: 16px; min-width: 16px; max-height: 16px; max-width: 16px; display: flex; align-items: center; justify-content: center; flex-shrink: 0; box-sizing: border-box;"[39m
                [33mtype[39m=[32m"button"[39m
                [33mvalue[39m=[32m"on"[39m
              [36m>[39m
                [36m<span[39m
                  [33mclass[39m=[32m"flex items-center justify-center text-current"[39m
                  [33mdata-state[39m=[32m"checked"[39m
                  [33mstyle[39m=[32m"pointer-events: none;"[39m
                [36m>[39m
                  [36m<svg[39m
                    [33mclass[39m=[32m"lucide lucide-check h-3 w-3"[39m
                    [33mfill[39m=[32m"none"[39m
                    [33mheight[39m=[32m"24"[39m
                    [33mstroke[39m=[32m"currentColor"[39m
                    [33mstroke-linecap[39m=[32m"round"[39m
                    [33mstroke-linejoin[39m=[32m"round"[39m
                    [33mstroke-width[39m=[32m"2"[39m
                    [33mstyle[39m=[32m"margin: 0px; padding: 0px;"[39m
                    [33mviewBox[39m=[32m"0 0 24 24"[39m
                    [33mwidth[39m=[32m"24"[39m
                    [33mxmlns[39m=[32m"http://www.w3.org/2000/svg"[39m
                  [36m>[39m
                    [36m<path[39m
                      [33md[39m=[32m"M20 6 9 17l-5-5"[39m
                    [36m/>[39m
                  [36m</svg>[39m
                [36m</span>[39m
              [36m</button>[39m
              [36m<label[39m
                [33mclass[39m=[32m"flex items-center gap-2 select-none group-data-[disabled=true]:pointer-events-none group-data-[disabled=true]:opacity-50 text-sm font-medium leading-none peer-disabled:cursor-not-allowed peer-disabled:opacity-70"[39m
                [33mdata-slot[39m=[32m"label"[39m
                [33mfor[39m=[32m"internal-only"[39m
              [36m>[39m
                [0mserviceComments.internalOnlyLabel[0m
              [36m</label>[39m
            [36m</div>[39m
          [36m</div>[39m
        [36m</div>[39m
        [36m<div[39m
          [33mclass[39m=[32m"border-t p-4 flex justify-end space-x-2 bg-gray-50"[39m
        [36m>[39m
          [36m<button[39m
            [33mclass[39m=[32m"inline-flex items-center justify-center gap-2 whitespace-nowrap rounded-md text-sm font-medium transition-[color,box-shadow] disabled:pointer-events-none disabled:opacity-50 [&_svg]:pointer-events-none [&_svg:not([class*='size-'])]:size-4 shrink-0 [&_svg]:shrink-0 outline-none focus-visible:border-ring focus-visible:ring-ring/50 focus-visible:ring-[3px] aria-invalid:ring-destructive/20 dark:aria-invalid:ring-destructive/40 aria-invalid:border-destructive border border-input bg-background shadow-xs hover:bg-accent hover:text-accent-foreground h-9 px-4 py-2 has-[>svg]:px-3"[39m
            [33mdata-slot[39m=[32m"button"[39m
          [36m>[39m
            [0mCancel[0m
          [36m</button>[39m
          [36m<button[39m
            [33mclass[39m=[32m"inline-flex items-center justify-center gap-2 whitespace-nowrap rounded-md text-sm font-medium transition-[color,box-shadow] disabled:pointer-events-none disabled:opacity-50 [&_svg]:pointer-events-none [&_svg:not([class*='size-'])]:size-4 shrink-0 [&_svg]:shrink-0 outline-none focus-visible:border-ring focus-visible:ring-ring/50 focus-visible:ring-[3px] aria-invalid:ring-destructive/20 dark:aria-invalid:ring-destructive/40 aria-invalid:border-destructive bg-primary text-primary-foreground shadow-xs hover:bg-primary/90 h-9 px-4 py-2 has-[>svg]:px-3"[39m
            [33mdata-slot[39m=[32m"button"[39m
            [33mdisabled[39m=[32m""[39m
          [36m>[39m
            [0mcommon.addComment[0m
          [36m</button>[39m
        [36m</div>[39m
      [36m</div>[39m
    [36m</dialog>[39m
  [36m</div>[39m
[36m</body>[39m
[90m [2m❯[22m Object.getElementError node_modules/.pnpm/@testing-library+dom@10.4.1/node_modules/@testing-library/dom/dist/config.js:[2m37:19[22m[39m
[90m [2m❯[22m node_modules/.pnpm/@testing-library+dom@10.4.1/node_modules/@testing-library/dom/dist/query-helpers.js:[2m76:38[22m[39m
[90m [2m❯[22m node_modules/.pnpm/@testing-library+dom@10.4.1/node_modules/@testing-library/dom/dist/query-helpers.js:[2m52:17[22m[39m
[90m [2m❯[22m node_modules/.pnpm/@testing-library+dom@10.4.1/node_modules/@testing-library/dom/dist/query-helpers.js:[2m95:19[22m[39m
[36m [2m❯[22m src/components/services/__tests__/CommentCreateModal.test.tsx:[2m324:33[22m[39m
    [90m322| [39m      )[33m;[39m
    [90m323| [39m
    [90m324| [39m      const saveButton = screen.getByRole('button', { name: /add comme…
    [90m   | [39m                                [31m^[39m
    [90m325| [39m      [35mawait[39m user[33m.[39m[34mclick[39m(saveButton)[33m;[39m
    [90m326| [39m

[31m[2m⎯⎯⎯⎯⎯⎯⎯⎯⎯⎯⎯⎯⎯⎯⎯⎯⎯⎯⎯⎯[133/377]⎯[22m[39m

[41m[1m FAIL [22m[49m src/components/services/__tests__/CommentCreateModal.test.tsx[2m > [22mCommentCreateModal[2m > [22mvalidation[2m > [22mshould require comment text
[31m[1mTestingLibraryElementError[22m[39m: Unable to find an accessible element with the role "button" and name `/add comment/i`

There are no accessible roles. But there might be some inaccessible roles. If you wish to access them, then set the `hidden` option to `true`. Learn more about this here: https://testing-library.com/docs/dom-testing-library/api-queries#byrole

Ignored nodes: comments, script, style
[36m<body>[39m
  [36m<div>[39m
    [36m<dialog[39m
      [33maria-labelledby[39m=[32m"dialog-title"[39m
      [33mclass[39m=[32m"p-0 rounded-lg shadow-lg w-[calc(100%-32px)] max-w-lg"[39m
    [36m>[39m
      [36m<div>[39m
        [36m<div[39m
          [33mclass[39m=[32m"flex justify-between items-center border-b p-4"[39m
        [36m>[39m
          [36m<h2[39m
            [33mclass[39m=[32m"text-lg font-semibold"[39m
            [33mid[39m=[32m"dialog-title"[39m
          [36m>[39m
            [0mAdd Comment to Criminal Background Check[0m
          [36m</h2>[39m
          [36m<button[39m
            [33maria-label[39m=[32m"Close dialog"[39m
            [33mclass[39m=[32m"text-gray-500 hover:text-gray-700 focus:outline-none focus:ring-2 focus:ring-offset-2 focus:ring-blue-500"[39m
          [36m>[39m
            [0mX[0m
          [36m</button>[39m
        [36m</div>[39m
        [36m<div[39m
          [33mclass[39m=[32m"p-4"[39m
        [36m>[39m
          [36m<div[39m
            [33mclass[39m=[32m"space-y-4"[39m
          [36m>[39m
            [36m<div>[39m
              [36m<label[39m
                [33mclass[39m=[32m"flex items-center gap-2 text-sm leading-none font-medium select-none group-data-[disabled=true]:pointer-events-none group-data-[disabled=true]:opacity-50 peer-disabled:cursor-not-allowed peer-disabled:opacity-50"[39m
                [33mdata-slot[39m=[32m"label"[39m
                [33mfor[39m=[32m"template"[39m
              [36m>[39m
                [0mTemplate[0m
                [0m *[0m
              [36m</label>[39m
              [36m<select[39m
                [33mclass[39m=[32m"w-full mt-1 px-3 py-2 border border-gray-300 rounded-md"[39m
                [33mid[39m=[32m"template"[39m
              [36m>[39m
                [36m<option[39m
                  [33mvalue[39m=[32m""[39m
                [36m>[39m
                  [0mSelect a template...[0m
                [36m</option>[39m
                [36m<option[39m
                  [33mvalue[39m=[32m"template-1"[39m
                [36m>[39m
                  [0mDocument Request[0m
                [36m</option>[39m
                [36m<option[39m
                  [33mvalue[39m=[32m"template-2"[39m
                [36m>[39m
                  [0mProcessing Update[0m
                [36m</option>[39m
                [36m<option[39m
                  [33mvalue[39m=[32m"template-3"[39m
                [36m>[39m
                  [0mAdditional Info Required[0m
                [36m</option>[39m
              [36m</select>[39m
            [36m</div>[39m
            [36m<div>[39m
              [36m<label[39m
                [33mclass[39m=[32m"flex items-center gap-2 text-sm leading-none font-medium select-none group-data-[disabled=true]:pointer-events-none group-data-[disabled=true]:opacity-50 peer-disabled:cursor-not-allowed peer-disabled:opacity-50"[39m
                [33mdata-slot[39m=[32m"label"[39m
                [33mfor[39m=[32m"comment-text"[39m
              [36m>[39m
                [0mComment Text[0m
                [0m *[0m
              [36m</label>[39m
              [36m<textarea[39m
                [33maria-label[39m=[32m"Comment text"[39m
                [33mclass[39m=[32m"flex min-h-[80px] w-full rounded-md border border-input bg-background px-3 py-2 text-sm ring-offset-background placeholder:text-muted-foreground focus-visible:outline-none focus-visible:ring-2 focus-visible:ring-ring focus-visible:ring-offset-2 disabled:cursor-not-allowed disabled:opacity-50 mt-1"[39m
                [33mid[39m=[32m"comment-text"[39m
                [33mplaceholder[39m=[32m"serviceComments.enterComment"[39m
                [33mrows[39m=[32m"6"[39m
              [36m/>[39m
              [36m<div[39m
                [33mclass[39m=[32m"text-sm mt-1 text-gray-500"[39m
              [36m>[39m
                [0m0[0m
                [0m/[0m
                [0m1000[0m
                [0m characters[0m
              [36m</div>[39m
            [36m</div>[39m
            [36m<div[39m
              [33mclass[39m=[32m"flex items-center space-x-2"[39m
            [36m>[39m
              [36m<button[39m
                [33maria-checked[39m=[32m"true"[39m
                [33mclass[39m=[32m"peer relative rounded-sm border border-gray-300 focus-visible:outline-none focus-visible:ring-2 focus-visible:ring-ring disabled:cursor-not-allowed disabled:opacity-50 data-[state=checked]:bg-primary data-[state=checked]:text-primary-foreground"[39m
                [33mdata-state[39m=[32m"checked"[39m
                [33mid[39m=[32m"internal-only"[39m
                [33mrole[39m=[32m"checkbox"[39m
                [33mstyle[39m=[32m"height: 16px; width: 16px; min-height: 16px; min-width: 16px; max-height: 16px; max-width: 16px; display: flex; align-items: center; justify-content: center; flex-shrink: 0; box-sizing: border-box;"[39m
                [33mtype[39m=[32m"button"[39m
                [33mvalue[39m=[32m"on"[39m
              [36m>[39m
                [36m<span[39m
                  [33mclass[39m=[32m"flex items-center justify-center text-current"[39m
                  [33mdata-state[39m=[32m"checked"[39m
                  [33mstyle[39m=[32m"pointer-events: none;"[39m
                [36m>[39m
                  [36m<svg[39m
                    [33mclass[39m=[32m"lucide lucide-check h-3 w-3"[39m
                    [33mfill[39m=[32m"none"[39m
                    [33mheight[39m=[32m"24"[39m
                    [33mstroke[39m=[32m"currentColor"[39m
                    [33mstroke-linecap[39m=[32m"round"[39m
                    [33mstroke-linejoin[39m=[32m"round"[39m
                    [33mstroke-width[39m=[32m"2"[39m
                    [33mstyle[39m=[32m"margin: 0px; padding: 0px;"[39m
                    [33mviewBox[39m=[32m"0 0 24 24"[39m
                    [33mwidth[39m=[32m"24"[39m
                    [33mxmlns[39m=[32m"http://www.w3.org/2000/svg"[39m
                  [36m>[39m
                    [36m<path[39m
                      [33md[39m=[32m"M20 6 9 17l-5-5"[39m
                    [36m/>[39m
                  [36m</svg>[39m
                [36m</span>[39m
              [36m</button>[39m
              [36m<label[39m
                [33mclass[39m=[32m"flex items-center gap-2 select-none group-data-[disabled=true]:pointer-events-none group-data-[disabled=true]:opacity-50 text-sm font-medium leading-none peer-disabled:cursor-not-allowed peer-disabled:opacity-70"[39m
                [33mdata-slot[39m=[32m"label"[39m
                [33mfor[39m=[32m"internal-only"[39m
              [36m>[39m
                [0mserviceComments.internalOnlyLabel[0m
              [36m</label>[39m
            [36m</div>[39m
          [36m</div>[39m
        [36m</div>[39m
        [36m<div[39m
          [33mclass[39m=[32m"border-t p-4 flex justify-end space-x-2 bg-gray-50"[39m
        [36m>[39m
          [36m<button[39m
            [33mclass[39m=[32m"inline-flex items-center justify-center gap-2 whitespace-nowrap rounded-md text-sm font-medium transition-[color,box-shadow] disabled:pointer-events-none disabled:opacity-50 [&_svg]:pointer-events-none [&_svg:not([class*='size-'])]:size-4 shrink-0 [&_svg]:shrink-0 outline-none focus-visible:border-ring focus-visible:ring-ring/50 focus-visible:ring-[3px] aria-invalid:ring-destructive/20 dark:aria-invalid:ring-destructive/40 aria-invalid:border-destructive border border-input bg-background shadow-xs hover:bg-accent hover:text-accent-foreground h-9 px-4 py-2 has-[>svg]:px-3"[39m
            [33mdata-slot[39m=[32m"button"[39m
          [36m>[39m
            [0mCancel[0m
          [36m</button>[39m
          [36m<button[39m
            [33mclass[39m=[32m"inline-flex items-center justify-center gap-2 whitespace-nowrap rounded-md text-sm font-medium transition-[color,box-shadow] disabled:pointer-events-none disabled:opacity-50 [&_svg]:pointer-events-none [&_svg:not([class*='size-'])]:size-4 shrink-0 [&_svg]:shrink-0 outline-none focus-visible:border-ring focus-visible:ring-ring/50 focus-visible:ring-[3px] aria-invalid:ring-destructive/20 dark:aria-invalid:ring-destructive/40 aria-invalid:border-destructive bg-primary text-primary-foreground shadow-xs hover:bg-primary/90 h-9 px-4 py-2 has-[>svg]:px-3"[39m
            [33mdata-slot[39m=[32m"button"[39m
            [33mdisabled[39m=[32m""[39m
          [36m>[39m
            [0mcommon.addComment[0m
          [36m</button>[39m
        [36m</div>[39m
      [36m</div>[39m
    [36m</dialog>[39m
  [36m</div>[39m
[36m</body>[39m
[90m [2m❯[22m Object.getElementError node_modules/.pnpm/@testing-library+dom@10.4.1/node_modules/@testing-library/dom/dist/config.js:[2m37:19[22m[39m
[90m [2m❯[22m node_modules/.pnpm/@testing-library+dom@10.4.1/node_modules/@testing-library/dom/dist/query-helpers.js:[2m76:38[22m[39m
[90m [2m❯[22m node_modules/.pnpm/@testing-library+dom@10.4.1/node_modules/@testing-library/dom/dist/query-helpers.js:[2m52:17[22m[39m
[90m [2m❯[22m node_modules/.pnpm/@testing-library+dom@10.4.1/node_modules/@testing-library/dom/dist/query-helpers.js:[2m95:19[22m[39m
[36m [2m❯[22m src/components/services/__tests__/CommentCreateModal.test.tsx:[2m352:33[22m[39m
    [90m350| [39m      [35mawait[39m user[33m.[39m[34mclear[39m(textArea)[33m;[39m
    [90m351| [39m
    [90m352| [39m      const saveButton = screen.getByRole('button', { name: /add comme…
    [90m   | [39m                                [31m^[39m
    [90m353| [39m      [35mawait[39m user[33m.[39m[34mclick[39m(saveButton)[33m;[39m
    [90m354| [39m

[31m[2m⎯⎯⎯⎯⎯⎯⎯⎯⎯⎯⎯⎯⎯⎯⎯⎯⎯⎯⎯⎯[134/377]⎯[22m[39m

[41m[1m FAIL [22m[49m src/components/services/__tests__/CommentCreateModal.test.tsx[2m > [22mCommentCreateModal[2m > [22mvalidation[2m > [22mshould prevent saving with unreplaced placeholders
[31m[1mTestingLibraryElementError[22m[39m: Unable to find a label with the text of: /document type/i

Ignored nodes: comments, script, style
[36m<body>[39m
  [36m<div>[39m
    [36m<dialog[39m
      [33maria-labelledby[39m=[32m"dialog-title"[39m
      [33mclass[39m=[32m"p-0 rounded-lg shadow-lg w-[calc(100%-32px)] max-w-lg"[39m
    [36m>[39m
      [36m<div>[39m
        [36m<div[39m
          [33mclass[39m=[32m"flex justify-between items-center border-b p-4"[39m
        [36m>[39m
          [36m<h2[39m
            [33mclass[39m=[32m"text-lg font-semibold"[39m
            [33mid[39m=[32m"dialog-title"[39m
          [36m>[39m
            [0mAdd Comment to Criminal Background Check[0m
          [36m</h2>[39m
          [36m<button[39m
            [33maria-label[39m=[32m"Close dialog"[39m
            [33mclass[39m=[32m"text-gray-500 hover:text-gray-700 focus:outline-none focus:ring-2 focus:ring-offset-2 focus:ring-blue-500"[39m
          [36m>[39m
            [0mX[0m
          [36m</button>[39m
        [36m</div>[39m
        [36m<div[39m
          [33mclass[39m=[32m"p-4"[39m
        [36m>[39m
          [36m<div[39m
            [33mclass[39m=[32m"space-y-4"[39m
          [36m>[39m
            [36m<div>[39m
              [36m<label[39m
                [33mclass[39m=[32m"flex items-center gap-2 text-sm leading-none font-medium select-none group-data-[disabled=true]:pointer-events-none group-data-[disabled=true]:opacity-50 peer-disabled:cursor-not-allowed peer-disabled:opacity-50"[39m
                [33mdata-slot[39m=[32m"label"[39m
                [33mfor[39m=[32m"template"[39m
              [36m>[39m
                [0mTemplate[0m
                [0m *[0m
              [36m</label>[39m
              [36m<select[39m
                [33mclass[39m=[32m"w-full mt-1 px-3 py-2 border border-gray-300 rounded-md"[39m
                [33mid[39m=[32m"template"[39m
              [36m>[39m
                [36m<option[39m
                  [33mvalue[39m=[32m""[39m
                [36m>[39m
                  [0mSelect a template...[0m
                [36m</option>[39m
                [36m<option[39m
                  [33mvalue[39m=[32m"template-1"[39m
                [36m>[39m
                  [0mDocument Request[0m
                [36m</option>[39m
                [36m<option[39m
                  [33mvalue[39m=[32m"template-2"[39m
                [36m>[39m
                  [0mProcessing Update[0m
                [36m</option>[39m
                [36m<option[39m
                  [33mvalue[39m=[32m"template-3"[39m
                [36m>[39m
                  [0mAdditional Info Required[0m
                [36m</option>[39m
              [36m</select>[39m
            [36m</div>[39m
            [36m<div>[39m
              [36m<label[39m
                [33mclass[39m=[32m"flex items-center gap-2 text-sm leading-none font-medium select-none group-data-[disabled=true]:pointer-events-none group-data-[disabled=true]:opacity-50 peer-disabled:cursor-not-allowed peer-disabled:opacity-50"[39m
                [33mdata-slot[39m=[32m"label"[39m
                [33mfor[39m=[32m"comment-text"[39m
              [36m>[39m
                [0mComment Text[0m
                [0m *[0m
              [36m</label>[39m
              [36m<textarea[39m
                [33maria-label[39m=[32m"Comment text"[39m
                [33mclass[39m=[32m"flex min-h-[80px] w-full rounded-md border border-input bg-background px-3 py-2 text-sm ring-offset-background placeholder:text-muted-foreground focus-visible:outline-none focus-visible:ring-2 focus-visible:ring-ring focus-visible:ring-offset-2 disabled:cursor-not-allowed disabled:opacity-50 mt-1"[39m
                [33mid[39m=[32m"comment-text"[39m
                [33mplaceholder[39m=[32m"serviceComments.enterComment"[39m
                [33mrows[39m=[32m"6"[39m
              [36m>[39m
                [0mPlease provide [document type] by [date] for verification purposes.[0m
              [36m</textarea>[39m
              [36m<div[39m
                [33mclass[39m=[32m"text-sm mt-1 text-gray-500"[39m
              [36m>[39m
                [0m67[0m
                [0m/[0m
                [0m1000[0m
                [0m characters[0m
              [36m</div>[39m
            [36m</div>[39m
            [36m<div[39m
              [33mclass[39m=[32m"flex items-center space-x-2"[39m
            [36m>[39m
              [36m<button[39m
                [33maria-checked[39m=[32m"true"[39m
                [33mclass[39m=[32m"peer relative rounded-sm border border-gray-300 focus-visible:outline-none focus-visible:ring-2 focus-visible:ring-ring disabled:cursor-not-allowed disabled:opacity-50 data-[state=checked]:bg-primary data-[state=checked]:text-primary-foreground"[39m
                [33mdata-state[39m=[32m"checked"[39m
                [33mid[39m=[32m"internal-only"[39m
                [33mrole[39m=[32m"checkbox"[39m
                [33mstyle[39m=[32m"height: 16px; width: 16px; min-height: 16px; min-width: 16px; max-height: 16px; max-width: 16px; display: flex; align-items: center; justify-content: center; flex-shrink: 0; box-sizing: border-box;"[39m
                [33mtype[39m=[32m"button"[39m
                [33mvalue[39m=[32m"on"[39m
              [36m>[39m
                [36m<span[39m
                  [33mclass[39m=[32m"flex items-center justify-center text-current"[39m
                  [33mdata-state[39m=[32m"checked"[39m
                  [33mstyle[39m=[32m"pointer-events: none;"[39m
                [36m>[39m
                  [36m<svg[39m
                    [33mclass[39m=[32m"lucide lucide-check h-3 w-3"[39m
                    [33mfill[39m=[32m"none"[39m
                    [33mheight[39m=[32m"24"[39m
                    [33mstroke[39m=[32m"currentColor"[39m
                    [33mstroke-linecap[39m=[32m"round"[39m
                    [33mstroke-linejoin[39m=[32m"round"[39m
                    [33mstroke-width[39m=[32m"2"[39m
                    [33mstyle[39m=[32m"margin: 0px; padding: 0px;"[39m
                    [33mviewBox[39m=[32m"0 0 24 24"[39m
                    [33mwidth[39m=[32m"24"[39m
                    [33mxmlns[39m=[32m"http://www.w3.org/2000/svg"[39m
                  [36m>[39m
                    [36m<path[39m
                      [33md[39m=[32m"M20 6 9 17l-5-5"[39m
                    [36m/>[39m
                  [36m</svg>[39m
                [36m</span>[39m
              [36m</button>[39m
              [36m<label[39m
                [33mclass[39m=[32m"flex items-center gap-2 select-none group-data-[disabled=true]:pointer-events-none group-data-[disabled=true]:opacity-50 text-sm font-medium leading-none peer-disabled:cursor-not-allowed peer-disabled:opacity-70"[39m
                [33mdata-slot[39m=[32m"label"[39m
                [33mfor[39m=[32m"internal-only"[39m
              [36m>[39m
                [0mserviceComments.internalOnlyLabel[0m
              [36m</label>[39m
            [36m</div>[39m
          [36m</div>[39m
        [36m</div>[39m
        [36m<div[39m
          [33mclass[39m=[32m"border-t p-4 flex justify-end space-x-2 bg-gray-50"[39m
        [36m>[39m
          [36m<button[39m
            [33mclass[39m=[32m"inline-flex items-center justify-center gap-2 whitespace-nowrap rounded-md text-sm font-medium transition-[color,box-shadow] disabled:pointer-events-none disabled:opacity-50 [&_svg]:pointer-events-none [&_svg:not([class*='size-'])]:size-4 shrink-0 [&_svg]:shrink-0 outline-none focus-visible:border-ring focus-visible:ring-ring/50 focus-visible:ring-[3px] aria-invalid:ring-destructive/20 dark:aria-invalid:ring-destructive/40 aria-invalid:border-destructive border border-input bg-background shadow-xs hover:bg-accent hover:text-accent-foreground h-9 px-4 py-2 has-[>svg]:px-3"[39m
            [33mdata-slot[39m=[32m"button"[39m
          [36m>[39m
            [0mCancel[0m
          [36m</button>[39m
          [36m<button[39m
            [33mclass[39m=[32m"inline-flex items-center justify-center gap-2 whitespace-nowrap rounded-md text-sm font-medium transition-[color,box-shadow] disabled:pointer-events-none disabled:opacity-50 [&_svg]:pointer-events-none [&_svg:not([class*='size-'])]:size-4 shrink-0 [&_svg]:shrink-0 outline-none focus-visible:border-ring focus-visible:ring-ring/50 focus-visible:ring-[3px] aria-invalid:ring-destructive/20 dark:aria-invalid:ring-destructive/40 aria-invalid:border-destructive bg-primary text-primary-foreground shadow-xs hover:bg-primary/90 h-9 px-4 py-2 has-[>svg]:px-3"[39m
            [33mdata-slot[39m=[32m"button"[39m
          [36m>[39m
            [0mcommon.addComment[0m
          [36m</button>[39m
        [36m</div>[39m
      [36m</div>[39m
    [36m</dialog>[39m
  [36m</div>[39m
[36m</body>[39m
[90m [2m❯[22m Object.getElementError node_modules/.pnpm/@testing-library+dom@10.4.1/node_modules/@testing-library/dom/dist/config.js:[2m37:19[22m[39m
[90m [2m❯[22m getAllByLabelText node_modules/.pnpm/@testing-library+dom@10.4.1/node_modules/@testing-library/dom/dist/queries/label-text.js:[2m111:38[22m[39m
[90m [2m❯[22m node_modules/.pnpm/@testing-library+dom@10.4.1/node_modules/@testing-library/dom/dist/query-helpers.js:[2m52:17[22m[39m
[90m [2m❯[22m node_modules/.pnpm/@testing-library+dom@10.4.1/node_modules/@testing-library/dom/dist/query-helpers.js:[2m95:19[22m[39m
[36m [2m❯[22m src/components/services/__tests__/CommentCreateModal.test.tsx:[2m377:35[22m[39m
    [90m375| [39m
    [90m376| [39m      [90m// Fill only one placeholder[39m
    [90m377| [39m      [35mconst[39m docTypeField [33m=[39m screen[33m.[39m[34mgetByLabelText[39m([36m/document type/i[39m)[33m;[39m
    [90m   | [39m                                  [31m^[39m
    [90m378| [39m      [35mawait[39m user[33m.[39m[34mtype[39m(docTypeField[33m,[39m [32m'driver license'[39m)[33m;[39m
    [90m379| [39m

[31m[2m⎯⎯⎯⎯⎯⎯⎯⎯⎯⎯⎯⎯⎯⎯⎯⎯⎯⎯⎯⎯[135/377]⎯[22m[39m

[41m[1m FAIL [22m[49m src/components/services/__tests__/CommentCreateModal.test.tsx[2m > [22mCommentCreateModal[2m > [22mvalidation[2m > [22mshould prevent saving when text exceeds 1000 characters
[31m[1mTestingLibraryElementError[22m[39m: Unable to find an accessible element with the role "button" and name `/add comment/i`

There are no accessible roles. But there might be some inaccessible roles. If you wish to access them, then set the `hidden` option to `true`. Learn more about this here: https://testing-library.com/docs/dom-testing-library/api-queries#byrole

Ignored nodes: comments, script, style
[36m<body>[39m
  [36m<div>[39m
    [36m<dialog[39m
      [33maria-labelledby[39m=[32m"dialog-title"[39m
      [33mclass[39m=[32m"p-0 rounded-lg shadow-lg w-[calc(100%-32px)] max-w-lg"[39m
    [36m>[39m
      [36m<div>[39m
        [36m<div[39m
          [33mclass[39m=[32m"flex justify-between items-center border-b p-4"[39m
        [36m>[39m
          [36m<h2[39m
            [33mclass[39m=[32m"text-lg font-semibold"[39m
            [33mid[39m=[32m"dialog-title"[39m
          [36m>[39m
            [0mAdd Comment to Criminal Background Check[0m
          [36m</h2>[39m
          [36m<button[39m
            [33maria-label[39m=[32m"Close dialog"[39m
            [33mclass[39m=[32m"text-gray-500 hover:text-gray-700 focus:outline-none focus:ring-2 focus:ring-offset-2 focus:ring-blue-500"[39m
          [36m>[39m
            [0mX[0m
          [36m</button>[39m
        [36m</div>[39m
        [36m<div[39m
          [33mclass[39m=[32m"p-4"[39m
        [36m>[39m
          [36m<div[39m
            [33mclass[39m=[32m"space-y-4"[39m
          [36m>[39m
            [36m<div>[39m
              [36m<label[39m
                [33mclass[39m=[32m"flex items-center gap-2 text-sm leading-none font-medium select-none group-data-[disabled=true]:pointer-events-none group-data-[disabled=true]:opacity-50 peer-disabled:cursor-not-allowed peer-disabled:opacity-50"[39m
                [33mdata-slot[39m=[32m"label"[39m
                [33mfor[39m=[32m"template"[39m
              [36m>[39m
                [0mTemplate[0m
                [0m *[0m
              [36m</label>[39m
              [36m<select[39m
                [33mclass[39m=[32m"w-full mt-1 px-3 py-2 border border-gray-300 rounded-md"[39m
                [33mid[39m=[32m"template"[39m
              [36m>[39m
                [36m<option[39m
                  [33mvalue[39m=[32m""[39m
                [36m>[39m
                  [0mSelect a template...[0m
                [36m</option>[39m
                [36m<option[39m
                  [33mvalue[39m=[32m"template-1"[39m
                [36m>[39m
                  [0mDocument Request[0m
                [36m</option>[39m
                [36m<option[39m
                  [33mvalue[39m=[32m"template-2"[39m
                [36m>[39m
                  [0mProcessing Update[0m
                [36m</option>[39m
                [36m<option[39m
                  [33mvalue[39m=[32m"template-3"[39m
                [36m>[39m
                  [0mAdditional Info Required[0m
                [36m</option>[39m
              [36m</select>[39m
            [36m</div>[39m
            [36m<div>[39m
              [36m<label[39m
                [33mclass[39m=[32m"flex items-center gap-2 text-sm leading-none font-medium select-none group-data-[disabled=true]:pointer-events-none group-data-[disabled=true]:opacity-50 peer-disabled:cursor-not-allowed peer-disabled:opacity-50"[39m
                [33mdata-slot[39m=[32m"label"[39m
                [33mfor[39m=[32m"comment-text"[39m
              [36m>[39m
                [0mComment Text[0m
                [0m *[0m
              [36m</label>[39m
              [36m<textarea[39m
                [33maria-label[39m=[32m"Comment text"[39m
                [33mclass[39m=[32m"flex min-h-[80px] w-full rounded-md border border-input bg-background px-3 py-2 text-sm ring-offset-background placeholder:text-muted-foreground focus-visible:outline-none focus-visible:ring-2 focus-visible:ring-ring focus-visible:ring-offset-2 disabled:cursor-not-allowed disabled:opacity-50 mt-1"[39m
                [33mid[39m=[32m"comment-text"[39m
                [33mplaceholder[39m=[32m"serviceComments.enterComment"[39m
                [33mrows[39m=[32m"6"[39m
              [36m>[39m
                [0maaaaaaaaaaaaaaaaaaaaaaaaaaaaaaaaaaaaaaaaaaaaaaaaaaaaaaaaaaaaaaaaaaaaaaaaaaaaaaaaaaaaaaaaaaaaaaaaaaaaaaaaaaaaaaaaaaaaaaaaaaaaaaaaaaaaaaaaaaaaaaaaaaaaaaaaaaaaaaaaaaaaaaaaaaaaaaaaaaaaaaaaaaaaaaaaaaaaaaaaaaaaaaaaaaaaaaaaaaaaaaaaaaaaaaaaaaaaaaaaaaaaaaaaaaaaaaaaaaaaaaaaaaaaaaaaaaaaaaaaaaaaaaaaaaaaaaaaaaaaaaaaaaaaaaaaaaaaaaaaaaaaaaaaaaaaaaaaaaaaaaaaaaaaaaaaaaaaaaaaaaaaaaaaaaaaaaaaaaaaaaaaaaaaaaaaaaaaaaaaaaaaaaaaaaaaaaaaaaaaaaaaaaaaaaaaaaaaaaaaaaaaaaaaaaaaaaaaaaaaaaaaaaaaaaaaaaaaaaaaaaaaaaaaaaaaaaaaaaaaaaaaaaaaaaaaaaaaaaaaaaaaaaaaaaaaaaaaaaaaaaaaaaaaaaaaaaaaaaaaaaaaaaaaaaaaaaaaaaaaaaaaaaaaaaaaaaaaaaaaaaaaaaaaaaaaaaaaaaaaaaaaaaaaaaaaaaaaaaaaaaaaaaaaaaaaaaaaaaaaaaaaaaaaaaaaaaaaaaaaaaaaaaaaaaaaaaaaaaaaaaaaaaaaaaaaaaaaaaaaaaaaaaaaaaaaaaaaaaaaaaaaaaaaaaaaaaaaaaaaaaaaaaaaaaaaaaaaaaaaaaaaaaaaaaaaaaaaaaaaaaaaaaaaaaaaaaaaaaaaaaaaaaaaaaaaaaaaaaaaaaaaaaaaaaaaaaaaaaaaaaaaaaaaaaaaaaaaaaaaaaaaaaaaaaaaaaaaaaaaaaaaaaaaaaaaaaaaaaaaaaaaaaaaaaaaaaaaaaaaaaaaaaaaaaaaaaaaaaaaaaaaaaaaaaaaaaaaaaaaaaaaaaaaaaaaaaaaaaaaa[0m
              [36m</textarea>[39m
              [36m<div[39m
                [33mclass[39m=[32m"text-sm mt-1 text-red-600"[39m
              [36m>[39m
                [0m1001[0m
                [0m/[0m
                [0m1000[0m
                [0m characters[0m
              [36m</div>[39m
            [36m</div>[39m
            [36m<div[39m
              [33mclass[39m=[32m"flex items-center space-x-2"[39m
            [36m>[39m
              [36m<button[39m
                [33maria-checked[39m=[32m"true"[39m
                [33mclass[39m=[32m"peer relative rounded-sm border border-gray-300 focus-visible:outline-none focus-visible:ring-2 focus-visible:ring-ring disabled:cursor-not-allowed disabled:opacity-50 data-[state=checked]:bg-primary data-[state=checked]:text-primary-foreground"[39m
                [33mdata-state[39m=[32m"checked"[39m
                [33mid[39m=[32m"internal-only"[39m
                [33mrole[39m=[32m"checkbox"[39m
                [33mstyle[39m=[32m"height: 16px; width: 16px; min-height: 16px; min-width: 16px; max-height: 16px; max-width: 16px; display: flex; align-items: center; justify-content: center; flex-shrink: 0; box-sizing: border-box;"[39m
                [33mtype[39m=[32m"button"[39m
                [33mvalue[39m=[32m"on"[39m
              [36m>[39m
                [36m<span[39m
                  [33mclass[39m=[32m"flex items-center justify-center text-current"[39m
                  [33mdata-state[39m=[32m"checked"[39m
                  [33mstyle[39m=[32m"pointer-events: none;"[39m
                [36m>[39m
                  [36m<svg[39m
                    [33mclass[39m=[32m"lucide lucide-check h-3 w-3"[39m
                    [33mfill[39m=[32m"none"[39m
                    [33mheight[39m=[32m"24"[39m
                    [33mstroke[39m=[32m"currentColor"[39m
                    [33mstroke-linecap[39m=[32m"round"[39m
                    [33mstroke-linejoin[39m=[32m"round"[39m
                    [33mstroke-width[39m=[32m"2"[39m
                    [33mstyle[39m=[32m"margin: 0px; padding: 0px;"[39m
                    [33mviewBox[39m=[32m"0 0 24 24"[39m
                    [33mwidth[39m=[32m"24"[39m
                    [33mxmlns[39m=[32m"http://www.w3.org/2000/svg"[39m
                  [36m>[39m
                    [36m<path[39m
                      [33md[39m=[32m"M20 6 9 17l-5-5"[39m
                    [36m/>[39m
                  [36m</svg>[39m
                [36m</span>[39m
              [36m</button>[39m
              [36m<label[39m
                [33mclass[39m=[32m"flex items-center gap-2 select-none group-data-[disabled=true]:pointer-events-none group-data-[disabled=true]:opacity-50 text-sm font-medium leading-none peer-disabled:cursor-not-allowed peer-disabled:opacity-70"[39m
                [33mdata-slot[39m=[32m"label"[39m
                [33mfor[39m=[32m"internal-only"[39m
              [36m>[39m
                [0mserviceComments.internalOnlyLabel[0m
              [36m</label>[39m
            [36m</div>[39m
          [36m</div>[39m
        [36m</div>[39m
        [36m<div[39m
          [33mclass[39m=[32m"border-t p-4 flex justify-end space-x-2 bg-gray-50"[39m
        [36m>[39m
          [36m<button[39m
            [33mclass[39m=[32m"inline-flex items-center justify-center gap-2 whitespace-nowrap rounded-md text-sm font-medium transition-[color,box-shadow] disabled:pointer-events-none disabled:opacity-50 [&_svg]:pointer-events-none [&_svg:not([class*='size-'])]:size-4 shrink-0 [&_svg]:shrink-0 outline-none focus-visible:border-ring focus-visible:ring-ring/50 focus-visible:ring-[3px] aria-invalid:ring-destructive/20 dark:aria-invalid:ring-destructive/40 aria-invalid:border-destructive border border-input bg-background shadow-xs hover:bg-accent hover:text-accent-foreground h-9 px-4 py-2 has-[>svg]:px-3"[39m
            [33mdata-slot[39m=[32m"button"[39m
          [36m>[39m
            [0mCancel[0m
          [36m</button>[39m
          [36m<button[39m
            [33mclass[39m=[32m"inline-flex items-center justify-center gap-2 whitespace-nowrap rounded-md text-sm font-medium transition-[color,box-shadow] disabled:pointer-events-none disabled:opacity-50 [&_svg]:pointer-events-none [&_svg:not([class*='size-'])]:size-4 shrink-0 [&_svg]:shrink-0 outline-none focus-visible:border-ring focus-visible:ring-ring/50 focus-visible:ring-[3px] aria-invalid:ring-destructive/20 dark:aria-invalid:ring-destructive/40 aria-invalid:border-destructive bg-primary text-primary-foreground shadow-xs hover:bg-primary/90 h-9 px-4 py-2 has-[>svg]:px-3"[39m
            [33mdata-slot[39m=[32m"button"[39m
            [33mdisabled[39m=[32m""[39m
          [36m>[39m
            [0mcommon.addComment[0m
          [36m</button>[39m
        [36m</div>[39m
      [36m</div>[39m
    [36m</dialog>[39m
  [36m</div>[39m
[36m</body>[39m
[90m [2m❯[22m Object.getElementError node_modules/.pnpm/@testing-library+dom@10.4.1/node_modules/@testing-library/dom/dist/config.js:[2m37:19[22m[39m
[90m [2m❯[22m node_modules/.pnpm/@testing-library+dom@10.4.1/node_modules/@testing-library/dom/dist/query-helpers.js:[2m76:38[22m[39m
[90m [2m❯[22m node_modules/.pnpm/@testing-library+dom@10.4.1/node_modules/@testing-library/dom/dist/query-helpers.js:[2m52:17[22m[39m
[90m [2m❯[22m node_modules/.pnpm/@testing-library+dom@10.4.1/node_modules/@testing-library/dom/dist/query-helpers.js:[2m95:19[22m[39m
[36m [2m❯[22m src/components/services/__tests__/CommentCreateModal.test.tsx:[2m410:33[22m[39m
    [90m408| [39m      [35mawait[39m user[33m.[39m[34mtype[39m(textArea[33m,[39m longText)[33m;[39m
    [90m409| [39m
    [90m410| [39m      const saveButton = screen.getByRole('button', { name: /add comme…
    [90m   | [39m                                [31m^[39m
    [90m411| [39m      [35mawait[39m user[33m.[39m[34mclick[39m(saveButton)[33m;[39m
    [90m412| [39m

[31m[2m⎯⎯⎯⎯⎯⎯⎯⎯⎯⎯⎯⎯⎯⎯⎯⎯⎯⎯⎯⎯[136/377]⎯[22m[39m

[41m[1m FAIL [22m[49m src/components/services/__tests__/CommentCreateModal.test.tsx[2m > [22mCommentCreateModal[2m > [22mform submission[2m > [22mshould call onCreateComment with correct data when form is valid
[31m[1mTestingLibraryElementError[22m[39m: Unable to find a label with the text of: /document type/i

Ignored nodes: comments, script, style
[36m<body>[39m
  [36m<div>[39m
    [36m<dialog[39m
      [33maria-labelledby[39m=[32m"dialog-title"[39m
      [33mclass[39m=[32m"p-0 rounded-lg shadow-lg w-[calc(100%-32px)] max-w-lg"[39m
    [36m>[39m
      [36m<div>[39m
        [36m<div[39m
          [33mclass[39m=[32m"flex justify-between items-center border-b p-4"[39m
        [36m>[39m
          [36m<h2[39m
            [33mclass[39m=[32m"text-lg font-semibold"[39m
            [33mid[39m=[32m"dialog-title"[39m
          [36m>[39m
            [0mAdd Comment to Criminal Background Check[0m
          [36m</h2>[39m
          [36m<button[39m
            [33maria-label[39m=[32m"Close dialog"[39m
            [33mclass[39m=[32m"text-gray-500 hover:text-gray-700 focus:outline-none focus:ring-2 focus:ring-offset-2 focus:ring-blue-500"[39m
          [36m>[39m
            [0mX[0m
          [36m</button>[39m
        [36m</div>[39m
        [36m<div[39m
          [33mclass[39m=[32m"p-4"[39m
        [36m>[39m
          [36m<div[39m
            [33mclass[39m=[32m"space-y-4"[39m
          [36m>[39m
            [36m<div>[39m
              [36m<label[39m
                [33mclass[39m=[32m"flex items-center gap-2 text-sm leading-none font-medium select-none group-data-[disabled=true]:pointer-events-none group-data-[disabled=true]:opacity-50 peer-disabled:cursor-not-allowed peer-disabled:opacity-50"[39m
                [33mdata-slot[39m=[32m"label"[39m
                [33mfor[39m=[32m"template"[39m
              [36m>[39m
                [0mTemplate[0m
                [0m *[0m
              [36m</label>[39m
              [36m<select[39m
                [33mclass[39m=[32m"w-full mt-1 px-3 py-2 border border-gray-300 rounded-md"[39m
                [33mid[39m=[32m"template"[39m
              [36m>[39m
                [36m<option[39m
                  [33mvalue[39m=[32m""[39m
                [36m>[39m
                  [0mSelect a template...[0m
                [36m</option>[39m
                [36m<option[39m
                  [33mvalue[39m=[32m"template-1"[39m
                [36m>[39m
                  [0mDocument Request[0m
                [36m</option>[39m
                [36m<option[39m
                  [33mvalue[39m=[32m"template-2"[39m
                [36m>[39m
                  [0mProcessing Update[0m
                [36m</option>[39m
                [36m<option[39m
                  [33mvalue[39m=[32m"template-3"[39m
                [36m>[39m
                  [0mAdditional Info Required[0m
                [36m</option>[39m
              [36m</select>[39m
            [36m</div>[39m
            [36m<div>[39m
              [36m<label[39m
                [33mclass[39m=[32m"flex items-center gap-2 text-sm leading-none font-medium select-none group-data-[disabled=true]:pointer-events-none group-data-[disabled=true]:opacity-50 peer-disabled:cursor-not-allowed peer-disabled:opacity-50"[39m
                [33mdata-slot[39m=[32m"label"[39m
                [33mfor[39m=[32m"comment-text"[39m
              [36m>[39m
                [0mComment Text[0m
                [0m *[0m
              [36m</label>[39m
              [36m<textarea[39m
                [33maria-label[39m=[32m"Comment text"[39m
                [33mclass[39m=[32m"flex min-h-[80px] w-full rounded-md border border-input bg-background px-3 py-2 text-sm ring-offset-background placeholder:text-muted-foreground focus-visible:outline-none focus-visible:ring-2 focus-visible:ring-ring focus-visible:ring-offset-2 disabled:cursor-not-allowed disabled:opacity-50 mt-1"[39m
                [33mid[39m=[32m"comment-text"[39m
                [33mplaceholder[39m=[32m"serviceComments.enterComment"[39m
                [33mrows[39m=[32m"6"[39m
              [36m>[39m
                [0mPlease provide [document type] by [date] for verification purposes.[0m
              [36m</textarea>[39m
              [36m<div[39m
                [33mclass[39m=[32m"text-sm mt-1 text-gray-500"[39m
              [36m>[39m
                [0m67[0m
                [0m/[0m
                [0m1000[0m
                [0m characters[0m
              [36m</div>[39m
            [36m</div>[39m
            [36m<div[39m
              [33mclass[39m=[32m"flex items-center space-x-2"[39m
            [36m>[39m
              [36m<button[39m
                [33maria-checked[39m=[32m"true"[39m
                [33mclass[39m=[32m"peer relative rounded-sm border border-gray-300 focus-visible:outline-none focus-visible:ring-2 focus-visible:ring-ring disabled:cursor-not-allowed disabled:opacity-50 data-[state=checked]:bg-primary data-[state=checked]:text-primary-foreground"[39m
                [33mdata-state[39m=[32m"checked"[39m
                [33mid[39m=[32m"internal-only"[39m
                [33mrole[39m=[32m"checkbox"[39m
                [33mstyle[39m=[32m"height: 16px; width: 16px; min-height: 16px; min-width: 16px; max-height: 16px; max-width: 16px; display: flex; align-items: center; justify-content: center; flex-shrink: 0; box-sizing: border-box;"[39m
                [33mtype[39m=[32m"button"[39m
                [33mvalue[39m=[32m"on"[39m
              [36m>[39m
                [36m<span[39m
                  [33mclass[39m=[32m"flex items-center justify-center text-current"[39m
                  [33mdata-state[39m=[32m"checked"[39m
                  [33mstyle[39m=[32m"pointer-events: none;"[39m
                [36m>[39m
                  [36m<svg[39m
                    [33mclass[39m=[32m"lucide lucide-check h-3 w-3"[39m
                    [33mfill[39m=[32m"none"[39m
                    [33mheight[39m=[32m"24"[39m
                    [33mstroke[39m=[32m"currentColor"[39m
                    [33mstroke-linecap[39m=[32m"round"[39m
                    [33mstroke-linejoin[39m=[32m"round"[39m
                    [33mstroke-width[39m=[32m"2"[39m
                    [33mstyle[39m=[32m"margin: 0px; padding: 0px;"[39m
                    [33mviewBox[39m=[32m"0 0 24 24"[39m
                    [33mwidth[39m=[32m"24"[39m
                    [33mxmlns[39m=[32m"http://www.w3.org/2000/svg"[39m
                  [36m>[39m
                    [36m<path[39m
                      [33md[39m=[32m"M20 6 9 17l-5-5"[39m
                    [36m/>[39m
                  [36m</svg>[39m
                [36m</span>[39m
              [36m</button>[39m
              [36m<label[39m
                [33mclass[39m=[32m"flex items-center gap-2 select-none group-data-[disabled=true]:pointer-events-none group-data-[disabled=true]:opacity-50 text-sm font-medium leading-none peer-disabled:cursor-not-allowed peer-disabled:opacity-70"[39m
                [33mdata-slot[39m=[32m"label"[39m
                [33mfor[39m=[32m"internal-only"[39m
              [36m>[39m
                [0mserviceComments.internalOnlyLabel[0m
              [36m</label>[39m
            [36m</div>[39m
          [36m</div>[39m
        [36m</div>[39m
        [36m<div[39m
          [33mclass[39m=[32m"border-t p-4 flex justify-end space-x-2 bg-gray-50"[39m
        [36m>[39m
          [36m<button[39m
            [33mclass[39m=[32m"inline-flex items-center justify-center gap-2 whitespace-nowrap rounded-md text-sm font-medium transition-[color,box-shadow] disabled:pointer-events-none disabled:opacity-50 [&_svg]:pointer-events-none [&_svg:not([class*='size-'])]:size-4 shrink-0 [&_svg]:shrink-0 outline-none focus-visible:border-ring focus-visible:ring-ring/50 focus-visible:ring-[3px] aria-invalid:ring-destructive/20 dark:aria-invalid:ring-destructive/40 aria-invalid:border-destructive border border-input bg-background shadow-xs hover:bg-accent hover:text-accent-foreground h-9 px-4 py-2 has-[>svg]:px-3"[39m
            [33mdata-slot[39m=[32m"button"[39m
          [36m>[39m
            [0mCancel[0m
          [36m</button>[39m
          [36m<button[39m
            [33mclass[39m=[32m"inline-flex items-center justify-center gap-2 whitespace-nowrap rounded-md text-sm font-medium transition-[color,box-shadow] disabled:pointer-events-none disabled:opacity-50 [&_svg]:pointer-events-none [&_svg:not([class*='size-'])]:size-4 shrink-0 [&_svg]:shrink-0 outline-none focus-visible:border-ring focus-visible:ring-ring/50 focus-visible:ring-[3px] aria-invalid:ring-destructive/20 dark:aria-invalid:ring-destructive/40 aria-invalid:border-destructive bg-primary text-primary-foreground shadow-xs hover:bg-primary/90 h-9 px-4 py-2 has-[>svg]:px-3"[39m
            [33mdata-slot[39m=[32m"button"[39m
          [36m>[39m
            [0mcommon.addComment[0m
          [36m</button>[39m
        [36m</div>[39m
      [36m</div>[39m
    [36m</dialog>[39m
  [36m</div>[39m
[36m</body>[39m
[90m [2m❯[22m Object.getElementError node_modules/.pnpm/@testing-library+dom@10.4.1/node_modules/@testing-library/dom/dist/config.js:[2m37:19[22m[39m
[90m [2m❯[22m getAllByLabelText node_modules/.pnpm/@testing-library+dom@10.4.1/node_modules/@testing-library/dom/dist/queries/label-text.js:[2m111:38[22m[39m
[90m [2m❯[22m node_modules/.pnpm/@testing-library+dom@10.4.1/node_modules/@testing-library/dom/dist/query-helpers.js:[2m52:17[22m[39m
[90m [2m❯[22m node_modules/.pnpm/@testing-library+dom@10.4.1/node_modules/@testing-library/dom/dist/query-helpers.js:[2m95:19[22m[39m
[36m [2m❯[22m src/components/services/__tests__/CommentCreateModal.test.tsx:[2m436:35[22m[39m
    [90m434| [39m      [35mawait[39m user[33m.[39m[34mselectOptions[39m(templateSelect[33m,[39m [32m'template-1'[39m)[33m;[39m
    [90m435| [39m
    [90m436| [39m      [35mconst[39m docTypeField [33m=[39m screen[33m.[39m[34mgetByLabelText[39m([36m/document type/i[39m)[33m;[39m
    [90m   | [39m                                  [31m^[39m
    [90m437| [39m      [35mawait[39m user[33m.[39m[34mtype[39m(docTypeField[33m,[39m [32m'driver license'[39m)[33m;[39m
    [90m438| [39m

[31m[2m⎯⎯⎯⎯⎯⎯⎯⎯⎯⎯⎯⎯⎯⎯⎯⎯⎯⎯⎯⎯[137/377]⎯[22m[39m

[41m[1m FAIL [22m[49m src/components/services/__tests__/CommentCreateModal.test.tsx[2m > [22mCommentCreateModal[2m > [22mform submission[2m > [22mshould close modal and reset form after successful submission
[31m[1mTestingLibraryElementError[22m[39m: Unable to find an accessible element with the role "button" and name `/add comment/i`

There are no accessible roles. But there might be some inaccessible roles. If you wish to access them, then set the `hidden` option to `true`. Learn more about this here: https://testing-library.com/docs/dom-testing-library/api-queries#byrole

Ignored nodes: comments, script, style
[36m<body>[39m
  [36m<div>[39m
    [36m<dialog[39m
      [33maria-labelledby[39m=[32m"dialog-title"[39m
      [33mclass[39m=[32m"p-0 rounded-lg shadow-lg w-[calc(100%-32px)] max-w-lg"[39m
    [36m>[39m
      [36m<div>[39m
        [36m<div[39m
          [33mclass[39m=[32m"flex justify-between items-center border-b p-4"[39m
        [36m>[39m
          [36m<h2[39m
            [33mclass[39m=[32m"text-lg font-semibold"[39m
            [33mid[39m=[32m"dialog-title"[39m
          [36m>[39m
            [0mAdd Comment to Criminal Background Check[0m
          [36m</h2>[39m
          [36m<button[39m
            [33maria-label[39m=[32m"Close dialog"[39m
            [33mclass[39m=[32m"text-gray-500 hover:text-gray-700 focus:outline-none focus:ring-2 focus:ring-offset-2 focus:ring-blue-500"[39m
          [36m>[39m
            [0mX[0m
          [36m</button>[39m
        [36m</div>[39m
        [36m<div[39m
          [33mclass[39m=[32m"p-4"[39m
        [36m>[39m
          [36m<div[39m
            [33mclass[39m=[32m"space-y-4"[39m
          [36m>[39m
            [36m<div>[39m
              [36m<label[39m
                [33mclass[39m=[32m"flex items-center gap-2 text-sm leading-none font-medium select-none group-data-[disabled=true]:pointer-events-none group-data-[disabled=true]:opacity-50 peer-disabled:cursor-not-allowed peer-disabled:opacity-50"[39m
                [33mdata-slot[39m=[32m"label"[39m
                [33mfor[39m=[32m"template"[39m
              [36m>[39m
                [0mTemplate[0m
                [0m *[0m
              [36m</label>[39m
              [36m<select[39m
                [33mclass[39m=[32m"w-full mt-1 px-3 py-2 border border-gray-300 rounded-md"[39m
                [33mid[39m=[32m"template"[39m
              [36m>[39m
                [36m<option[39m
                  [33mvalue[39m=[32m""[39m
                [36m>[39m
                  [0mSelect a template...[0m
                [36m</option>[39m
                [36m<option[39m
                  [33mvalue[39m=[32m"template-1"[39m
                [36m>[39m
                  [0mDocument Request[0m
                [36m</option>[39m
                [36m<option[39m
                  [33mvalue[39m=[32m"template-2"[39m
                [36m>[39m
                  [0mProcessing Update[0m
                [36m</option>[39m
                [36m<option[39m
                  [33mvalue[39m=[32m"template-3"[39m
                [36m>[39m
                  [0mAdditional Info Required[0m
                [36m</option>[39m
              [36m</select>[39m
            [36m</div>[39m
            [36m<div>[39m
              [36m<label[39m
                [33mclass[39m=[32m"flex items-center gap-2 text-sm leading-none font-medium select-none group-data-[disabled=true]:pointer-events-none group-data-[disabled=true]:opacity-50 peer-disabled:cursor-not-allowed peer-disabled:opacity-50"[39m
                [33mdata-slot[39m=[32m"label"[39m
                [33mfor[39m=[32m"comment-text"[39m
              [36m>[39m
                [0mComment Text[0m
                [0m *[0m
              [36m</label>[39m
              [36m<textarea[39m
                [33maria-label[39m=[32m"Comment text"[39m
                [33mclass[39m=[32m"flex min-h-[80px] w-full rounded-md border border-input bg-background px-3 py-2 text-sm ring-offset-background placeholder:text-muted-foreground focus-visible:outline-none focus-visible:ring-2 focus-visible:ring-ring focus-visible:ring-offset-2 disabled:cursor-not-allowed disabled:opacity-50 mt-1"[39m
                [33mid[39m=[32m"comment-text"[39m
                [33mplaceholder[39m=[32m"serviceComments.enterComment"[39m
                [33mrows[39m=[32m"6"[39m
              [36m>[39m
                [0mYour background check is currently being processed.[0m
              [36m</textarea>[39m
              [36m<div[39m
                [33mclass[39m=[32m"text-sm mt-1 text-gray-500"[39m
              [36m>[39m
                [0m51[0m
                [0m/[0m
                [0m1000[0m
                [0m characters[0m
              [36m</div>[39m
            [36m</div>[39m
            [36m<div[39m
              [33mclass[39m=[32m"flex items-center space-x-2"[39m
            [36m>[39m
              [36m<button[39m
                [33maria-checked[39m=[32m"true"[39m
                [33mclass[39m=[32m"peer relative rounded-sm border border-gray-300 focus-visible:outline-none focus-visible:ring-2 focus-visible:ring-ring disabled:cursor-not-allowed disabled:opacity-50 data-[state=checked]:bg-primary data-[state=checked]:text-primary-foreground"[39m
                [33mdata-state[39m=[32m"checked"[39m
                [33mid[39m=[32m"internal-only"[39m
                [33mrole[39m=[32m"checkbox"[39m
                [33mstyle[39m=[32m"height: 16px; width: 16px; min-height: 16px; min-width: 16px; max-height: 16px; max-width: 16px; display: flex; align-items: center; justify-content: center; flex-shrink: 0; box-sizing: border-box;"[39m
                [33mtype[39m=[32m"button"[39m
                [33mvalue[39m=[32m"on"[39m
              [36m>[39m
                [36m<span[39m
                  [33mclass[39m=[32m"flex items-center justify-center text-current"[39m
                  [33mdata-state[39m=[32m"checked"[39m
                  [33mstyle[39m=[32m"pointer-events: none;"[39m
                [36m>[39m
                  [36m<svg[39m
                    [33mclass[39m=[32m"lucide lucide-check h-3 w-3"[39m
                    [33mfill[39m=[32m"none"[39m
                    [33mheight[39m=[32m"24"[39m
                    [33mstroke[39m=[32m"currentColor"[39m
                    [33mstroke-linecap[39m=[32m"round"[39m
                    [33mstroke-linejoin[39m=[32m"round"[39m
                    [33mstroke-width[39m=[32m"2"[39m
                    [33mstyle[39m=[32m"margin: 0px; padding: 0px;"[39m
                    [33mviewBox[39m=[32m"0 0 24 24"[39m
                    [33mwidth[39m=[32m"24"[39m
                    [33mxmlns[39m=[32m"http://www.w3.org/2000/svg"[39m
                  [36m>[39m
                    [36m<path[39m
                      [33md[39m=[32m"M20 6 9 17l-5-5"[39m
                    [36m/>[39m
                  [36m</svg>[39m
                [36m</span>[39m
              [36m</button>[39m
              [36m<label[39m
                [33mclass[39m=[32m"flex items-center gap-2 select-none group-data-[disabled=true]:pointer-events-none group-data-[disabled=true]:opacity-50 text-sm font-medium leading-none peer-disabled:cursor-not-allowed peer-disabled:opacity-70"[39m
                [33mdata-slot[39m=[32m"label"[39m
                [33mfor[39m=[32m"internal-only"[39m
              [36m>[39m
                [0mserviceComments.internalOnlyLabel[0m
              [36m</label>[39m
            [36m</div>[39m
          [36m</div>[39m
        [36m</div>[39m
        [36m<div[39m
          [33mclass[39m=[32m"border-t p-4 flex justify-end space-x-2 bg-gray-50"[39m
        [36m>[39m
          [36m<button[39m
            [33mclass[39m=[32m"inline-flex items-center justify-center gap-2 whitespace-nowrap rounded-md text-sm font-medium transition-[color,box-shadow] disabled:pointer-events-none disabled:opacity-50 [&_svg]:pointer-events-none [&_svg:not([class*='size-'])]:size-4 shrink-0 [&_svg]:shrink-0 outline-none focus-visible:border-ring focus-visible:ring-ring/50 focus-visible:ring-[3px] aria-invalid:ring-destructive/20 dark:aria-invalid:ring-destructive/40 aria-invalid:border-destructive border border-input bg-background shadow-xs hover:bg-accent hover:text-accent-foreground h-9 px-4 py-2 has-[>svg]:px-3"[39m
            [33mdata-slot[39m=[32m"button"[39m
          [36m>[39m
            [0mCancel[0m
          [36m</button>[39m
          [36m<button[39m
            [33mclass[39m=[32m"inline-flex items-center justify-center gap-2 whitespace-nowrap rounded-md text-sm font-medium transition-[color,box-shadow] disabled:pointer-events-none disabled:opacity-50 [&_svg]:pointer-events-none [&_svg:not([class*='size-'])]:size-4 shrink-0 [&_svg]:shrink-0 outline-none focus-visible:border-ring focus-visible:ring-ring/50 focus-visible:ring-[3px] aria-invalid:ring-destructive/20 dark:aria-invalid:ring-destructive/40 aria-invalid:border-destructive bg-primary text-primary-foreground shadow-xs hover:bg-primary/90 h-9 px-4 py-2 has-[>svg]:px-3"[39m
            [33mdata-slot[39m=[32m"button"[39m
          [36m>[39m
            [0mcommon.addComment[0m
          [36m</button>[39m
        [36m</div>[39m
      [36m</div>[39m
    [36m</dialog>[39m
  [36m</div>[39m
[36m</body>[39m
[90m [2m❯[22m Object.getElementError node_modules/.pnpm/@testing-library+dom@10.4.1/node_modules/@testing-library/dom/dist/config.js:[2m37:19[22m[39m
[90m [2m❯[22m node_modules/.pnpm/@testing-library+dom@10.4.1/node_modules/@testing-library/dom/dist/query-helpers.js:[2m76:38[22m[39m
[90m [2m❯[22m node_modules/.pnpm/@testing-library+dom@10.4.1/node_modules/@testing-library/dom/dist/query-helpers.js:[2m52:17[22m[39m
[90m [2m❯[22m node_modules/.pnpm/@testing-library+dom@10.4.1/node_modules/@testing-library/dom/dist/query-helpers.js:[2m95:19[22m[39m
[36m [2m❯[22m src/components/services/__tests__/CommentCreateModal.test.tsx:[2m474:33[22m[39m
    [90m472| [39m      [35mawait[39m user[33m.[39m[34mselectOptions[39m(templateSelect[33m,[39m [32m'template-2'[39m)[33m;[39m
    [90m473| [39m
    [90m474| [39m      const saveButton = screen.getByRole('button', { name: /add comme…
    [90m   | [39m                                [31m^[39m
    [90m475| [39m      [35mawait[39m user[33m.[39m[34mclick[39m(saveButton)[33m;[39m
    [90m476| [39m

[31m[2m⎯⎯⎯⎯⎯⎯⎯⎯⎯⎯⎯⎯⎯⎯⎯⎯⎯⎯⎯⎯[138/377]⎯[22m[39m

[41m[1m FAIL [22m[49m src/components/services/__tests__/CommentCreateModal.test.tsx[2m > [22mCommentCreateModal[2m > [22mform submission[2m > [22mshould disable form while submitting
[31m[1mTestingLibraryElementError[22m[39m: Unable to find an accessible element with the role "button" and name `/add comment/i`

There are no accessible roles. But there might be some inaccessible roles. If you wish to access them, then set the `hidden` option to `true`. Learn more about this here: https://testing-library.com/docs/dom-testing-library/api-queries#byrole

Ignored nodes: comments, script, style
[36m<body>[39m
  [36m<div>[39m
    [36m<dialog[39m
      [33maria-labelledby[39m=[32m"dialog-title"[39m
      [33mclass[39m=[32m"p-0 rounded-lg shadow-lg w-[calc(100%-32px)] max-w-lg"[39m
    [36m>[39m
      [36m<div>[39m
        [36m<div[39m
          [33mclass[39m=[32m"flex justify-between items-center border-b p-4"[39m
        [36m>[39m
          [36m<h2[39m
            [33mclass[39m=[32m"text-lg font-semibold"[39m
            [33mid[39m=[32m"dialog-title"[39m
          [36m>[39m
            [0mAdd Comment to Criminal Background Check[0m
          [36m</h2>[39m
          [36m<button[39m
            [33maria-label[39m=[32m"Close dialog"[39m
            [33mclass[39m=[32m"text-gray-500 hover:text-gray-700 focus:outline-none focus:ring-2 focus:ring-offset-2 focus:ring-blue-500"[39m
          [36m>[39m
            [0mX[0m
          [36m</button>[39m
        [36m</div>[39m
        [36m<div[39m
          [33mclass[39m=[32m"p-4"[39m
        [36m>[39m
          [36m<div[39m
            [33mclass[39m=[32m"space-y-4"[39m
          [36m>[39m
            [36m<div>[39m
              [36m<label[39m
                [33mclass[39m=[32m"flex items-center gap-2 text-sm leading-none font-medium select-none group-data-[disabled=true]:pointer-events-none group-data-[disabled=true]:opacity-50 peer-disabled:cursor-not-allowed peer-disabled:opacity-50"[39m
                [33mdata-slot[39m=[32m"label"[39m
                [33mfor[39m=[32m"template"[39m
              [36m>[39m
                [0mTemplate[0m
                [0m *[0m
              [36m</label>[39m
              [36m<select[39m
                [33mclass[39m=[32m"w-full mt-1 px-3 py-2 border border-gray-300 rounded-md"[39m
                [33mid[39m=[32m"template"[39m
              [36m>[39m
                [36m<option[39m
                  [33mvalue[39m=[32m""[39m
                [36m>[39m
                  [0mSelect a template...[0m
                [36m</option>[39m
                [36m<option[39m
                  [33mvalue[39m=[32m"template-1"[39m
                [36m>[39m
                  [0mDocument Request[0m
                [36m</option>[39m
                [36m<option[39m
                  [33mvalue[39m=[32m"template-2"[39m
                [36m>[39m
                  [0mProcessing Update[0m
                [36m</option>[39m
                [36m<option[39m
                  [33mvalue[39m=[32m"template-3"[39m
                [36m>[39m
                  [0mAdditional Info Required[0m
                [36m</option>[39m
              [36m</select>[39m
            [36m</div>[39m
            [36m<div>[39m
              [36m<label[39m
                [33mclass[39m=[32m"flex items-center gap-2 text-sm leading-none font-medium select-none group-data-[disabled=true]:pointer-events-none group-data-[disabled=true]:opacity-50 peer-disabled:cursor-not-allowed peer-disabled:opacity-50"[39m
                [33mdata-slot[39m=[32m"label"[39m
                [33mfor[39m=[32m"comment-text"[39m
              [36m>[39m
                [0mComment Text[0m
                [0m *[0m
              [36m</label>[39m
              [36m<textarea[39m
                [33maria-label[39m=[32m"Comment text"[39m
                [33mclass[39m=[32m"flex min-h-[80px] w-full rounded-md border border-input bg-background px-3 py-2 text-sm ring-offset-background placeholder:text-muted-foreground focus-visible:outline-none focus-visible:ring-2 focus-visible:ring-ring focus-visible:ring-offset-2 disabled:cursor-not-allowed disabled:opacity-50 mt-1"[39m
                [33mid[39m=[32m"comment-text"[39m
                [33mplaceholder[39m=[32m"serviceComments.enterComment"[39m
                [33mrows[39m=[32m"6"[39m
              [36m>[39m
                [0mYour background check is currently being processed.[0m
              [36m</textarea>[39m
              [36m<div[39m
                [33mclass[39m=[32m"text-sm mt-1 text-gray-500"[39m
              [36m>[39m
                [0m51[0m
                [0m/[0m
                [0m1000[0m
                [0m characters[0m
              [36m</div>[39m
            [36m</div>[39m
            [36m<div[39m
              [33mclass[39m=[32m"flex items-center space-x-2"[39m
            [36m>[39m
              [36m<button[39m
                [33maria-checked[39m=[32m"true"[39m
                [33mclass[39m=[32m"peer relative rounded-sm border border-gray-300 focus-visible:outline-none focus-visible:ring-2 focus-visible:ring-ring disabled:cursor-not-allowed disabled:opacity-50 data-[state=checked]:bg-primary data-[state=checked]:text-primary-foreground"[39m
                [33mdata-state[39m=[32m"checked"[39m
                [33mid[39m=[32m"internal-only"[39m
                [33mrole[39m=[32m"checkbox"[39m
                [33mstyle[39m=[32m"height: 16px; width: 16px; min-height: 16px; min-width: 16px; max-height: 16px; max-width: 16px; display: flex; align-items: center; justify-content: center; flex-shrink: 0; box-sizing: border-box;"[39m
                [33mtype[39m=[32m"button"[39m
                [33mvalue[39m=[32m"on"[39m
              [36m>[39m
                [36m<span[39m
                  [33mclass[39m=[32m"flex items-center justify-center text-current"[39m
                  [33mdata-state[39m=[32m"checked"[39m
                  [33mstyle[39m=[32m"pointer-events: none;"[39m
                [36m>[39m
                  [36m<svg[39m
                    [33mclass[39m=[32m"lucide lucide-check h-3 w-3"[39m
                    [33mfill[39m=[32m"none"[39m
                    [33mheight[39m=[32m"24"[39m
                    [33mstroke[39m=[32m"currentColor"[39m
                    [33mstroke-linecap[39m=[32m"round"[39m
                    [33mstroke-linejoin[39m=[32m"round"[39m
                    [33mstroke-width[39m=[32m"2"[39m
                    [33mstyle[39m=[32m"margin: 0px; padding: 0px;"[39m
                    [33mviewBox[39m=[32m"0 0 24 24"[39m
                    [33mwidth[39m=[32m"24"[39m
                    [33mxmlns[39m=[32m"http://www.w3.org/2000/svg"[39m
                  [36m>[39m
                    [36m<path[39m
                      [33md[39m=[32m"M20 6 9 17l-5-5"[39m
                    [36m/>[39m
                  [36m</svg>[39m
                [36m</span>[39m
              [36m</button>[39m
              [36m<label[39m
                [33mclass[39m=[32m"flex items-center gap-2 select-none group-data-[disabled=true]:pointer-events-none group-data-[disabled=true]:opacity-50 text-sm font-medium leading-none peer-disabled:cursor-not-allowed peer-disabled:opacity-70"[39m
                [33mdata-slot[39m=[32m"label"[39m
                [33mfor[39m=[32m"internal-only"[39m
              [36m>[39m
                [0mserviceComments.internalOnlyLabel[0m
              [36m</label>[39m
            [36m</div>[39m
          [36m</div>[39m
        [36m</div>[39m
        [36m<div[39m
          [33mclass[39m=[32m"border-t p-4 flex justify-end space-x-2 bg-gray-50"[39m
        [36m>[39m
          [36m<button[39m
            [33mclass[39m=[32m"inline-flex items-center justify-center gap-2 whitespace-nowrap rounded-md text-sm font-medium transition-[color,box-shadow] disabled:pointer-events-none disabled:opacity-50 [&_svg]:pointer-events-none [&_svg:not([class*='size-'])]:size-4 shrink-0 [&_svg]:shrink-0 outline-none focus-visible:border-ring focus-visible:ring-ring/50 focus-visible:ring-[3px] aria-invalid:ring-destructive/20 dark:aria-invalid:ring-destructive/40 aria-invalid:border-destructive border border-input bg-background shadow-xs hover:bg-accent hover:text-accent-foreground h-9 px-4 py-2 has-[>svg]:px-3"[39m
            [33mdata-slot[39m=[32m"button"[39m
          [36m>[39m
            [0mCancel[0m
          [36m</button>[39m
          [36m<button[39m
            [33mclass[39m=[32m"inline-flex items-center justify-center gap-2 whitespace-nowrap rounded-md text-sm font-medium transition-[color,box-shadow] disabled:pointer-events-none disabled:opacity-50 [&_svg]:pointer-events-none [&_svg:not([class*='size-'])]:size-4 shrink-0 [&_svg]:shrink-0 outline-none focus-visible:border-ring focus-visible:ring-ring/50 focus-visible:ring-[3px] aria-invalid:ring-destructive/20 dark:aria-invalid:ring-destructive/40 aria-invalid:border-destructive bg-primary text-primary-foreground shadow-xs hover:bg-primary/90 h-9 px-4 py-2 has-[>svg]:px-3"[39m
            [33mdata-slot[39m=[32m"button"[39m
          [36m>[39m
            [0mcommon.addComment[0m
          [36m</button>[39m
        [36m</div>[39m
      [36m</div>[39m
    [36m</dialog>[39m
  [36m</div>[39m
[36m</body>[39m
[90m [2m❯[22m Object.getElementError node_modules/.pnpm/@testing-library+dom@10.4.1/node_modules/@testing-library/dom/dist/config.js:[2m37:19[22m[39m
[90m [2m❯[22m node_modules/.pnpm/@testing-library+dom@10.4.1/node_modules/@testing-library/dom/dist/query-helpers.js:[2m76:38[22m[39m
[90m [2m❯[22m node_modules/.pnpm/@testing-library+dom@10.4.1/node_modules/@testing-library/dom/dist/query-helpers.js:[2m52:17[22m[39m
[90m [2m❯[22m node_modules/.pnpm/@testing-library+dom@10.4.1/node_modules/@testing-library/dom/dist/query-helpers.js:[2m95:19[22m[39m
[36m [2m❯[22m src/components/services/__tests__/CommentCreateModal.test.tsx:[2m514:33[22m[39m
    [90m512| [39m
    [90m513| [39m      [90m// Submit[39m
    [90m514| [39m      const saveButton = screen.getByRole('button', { name: /add comme…
    [90m   | [39m                                [31m^[39m
    [90m515| [39m      [35mawait[39m user[33m.[39m[34mclick[39m(saveButton)[33m;[39m
    [90m516| [39m

[31m[2m⎯⎯⎯⎯⎯⎯⎯⎯⎯⎯⎯⎯⎯⎯⎯⎯⎯⎯⎯⎯[139/377]⎯[22m[39m

[41m[1m FAIL [22m[49m src/components/services/__tests__/CommentCreateModal.test.tsx[2m > [22mCommentCreateModal[2m > [22mcancellation[2m > [22mshould call onCancel when Cancel button clicked
[31m[1mTestingLibraryElementError[22m[39m: Unable to find an accessible element with the role "button" and name `/cancel/i`

There are no accessible roles. But there might be some inaccessible roles. If you wish to access them, then set the `hidden` option to `true`. Learn more about this here: https://testing-library.com/docs/dom-testing-library/api-queries#byrole

Ignored nodes: comments, script, style
[36m<body>[39m
  [36m<div>[39m
    [36m<dialog[39m
      [33maria-labelledby[39m=[32m"dialog-title"[39m
      [33mclass[39m=[32m"p-0 rounded-lg shadow-lg w-[calc(100%-32px)] max-w-lg"[39m
    [36m>[39m
      [36m<div>[39m
        [36m<div[39m
          [33mclass[39m=[32m"flex justify-between items-center border-b p-4"[39m
        [36m>[39m
          [36m<h2[39m
            [33mclass[39m=[32m"text-lg font-semibold"[39m
            [33mid[39m=[32m"dialog-title"[39m
          [36m>[39m
            [0mAdd Comment to Criminal Background Check[0m
          [36m</h2>[39m
          [36m<button[39m
            [33maria-label[39m=[32m"Close dialog"[39m
            [33mclass[39m=[32m"text-gray-500 hover:text-gray-700 focus:outline-none focus:ring-2 focus:ring-offset-2 focus:ring-blue-500"[39m
          [36m>[39m
            [0mX[0m
          [36m</button>[39m
        [36m</div>[39m
        [36m<div[39m
          [33mclass[39m=[32m"p-4"[39m
        [36m>[39m
          [36m<div[39m
            [33mclass[39m=[32m"space-y-4"[39m
          [36m>[39m
            [36m<div>[39m
              [36m<label[39m
                [33mclass[39m=[32m"flex items-center gap-2 text-sm leading-none font-medium select-none group-data-[disabled=true]:pointer-events-none group-data-[disabled=true]:opacity-50 peer-disabled:cursor-not-allowed peer-disabled:opacity-50"[39m
                [33mdata-slot[39m=[32m"label"[39m
                [33mfor[39m=[32m"template"[39m
              [36m>[39m
                [0mTemplate[0m
                [0m *[0m
              [36m</label>[39m
              [36m<select[39m
                [33mclass[39m=[32m"w-full mt-1 px-3 py-2 border border-gray-300 rounded-md"[39m
                [33mid[39m=[32m"template"[39m
              [36m>[39m
                [36m<option[39m
                  [33mvalue[39m=[32m""[39m
                [36m>[39m
                  [0mSelect a template...[0m
                [36m</option>[39m
                [36m<option[39m
                  [33mvalue[39m=[32m"template-1"[39m
                [36m>[39m
                  [0mDocument Request[0m
                [36m</option>[39m
                [36m<option[39m
                  [33mvalue[39m=[32m"template-2"[39m
                [36m>[39m
                  [0mProcessing Update[0m
                [36m</option>[39m
                [36m<option[39m
                  [33mvalue[39m=[32m"template-3"[39m
                [36m>[39m
                  [0mAdditional Info Required[0m
                [36m</option>[39m
              [36m</select>[39m
            [36m</div>[39m
            [36m<div[39m
              [33mclass[39m=[32m"flex items-center space-x-2"[39m
            [36m>[39m
              [36m<button[39m
                [33maria-checked[39m=[32m"true"[39m
                [33mclass[39m=[32m"peer relative rounded-sm border border-gray-300 focus-visible:outline-none focus-visible:ring-2 focus-visible:ring-ring disabled:cursor-not-allowed disabled:opacity-50 data-[state=checked]:bg-primary data-[state=checked]:text-primary-foreground"[39m
                [33mdata-state[39m=[32m"checked"[39m
                [33mid[39m=[32m"internal-only"[39m
                [33mrole[39m=[32m"checkbox"[39m
                [33mstyle[39m=[32m"height: 16px; width: 16px; min-height: 16px; min-width: 16px; max-height: 16px; max-width: 16px; display: flex; align-items: center; justify-content: center; flex-shrink: 0; box-sizing: border-box;"[39m
                [33mtype[39m=[32m"button"[39m
                [33mvalue[39m=[32m"on"[39m
              [36m>[39m
                [36m<span[39m
                  [33mclass[39m=[32m"flex items-center justify-center text-current"[39m
                  [33mdata-state[39m=[32m"checked"[39m
                  [33mstyle[39m=[32m"pointer-events: none;"[39m
                [36m>[39m
                  [36m<svg[39m
                    [33mclass[39m=[32m"lucide lucide-check h-3 w-3"[39m
                    [33mfill[39m=[32m"none"[39m
                    [33mheight[39m=[32m"24"[39m
                    [33mstroke[39m=[32m"currentColor"[39m
                    [33mstroke-linecap[39m=[32m"round"[39m
                    [33mstroke-linejoin[39m=[32m"round"[39m
                    [33mstroke-width[39m=[32m"2"[39m
                    [33mstyle[39m=[32m"margin: 0px; padding: 0px;"[39m
                    [33mviewBox[39m=[32m"0 0 24 24"[39m
                    [33mwidth[39m=[32m"24"[39m
                    [33mxmlns[39m=[32m"http://www.w3.org/2000/svg"[39m
                  [36m>[39m
                    [36m<path[39m
                      [33md[39m=[32m"M20 6 9 17l-5-5"[39m
                    [36m/>[39m
                  [36m</svg>[39m
                [36m</span>[39m
              [36m</button>[39m
              [36m<label[39m
                [33mclass[39m=[32m"flex items-center gap-2 select-none group-data-[disabled=true]:pointer-events-none group-data-[disabled=true]:opacity-50 text-sm font-medium leading-none peer-disabled:cursor-not-allowed peer-disabled:opacity-70"[39m
                [33mdata-slot[39m=[32m"label"[39m
                [33mfor[39m=[32m"internal-only"[39m
              [36m>[39m
                [0mserviceComments.internalOnlyLabel[0m
              [36m</label>[39m
            [36m</div>[39m
          [36m</div>[39m
        [36m</div>[39m
        [36m<div[39m
          [33mclass[39m=[32m"border-t p-4 flex justify-end space-x-2 bg-gray-50"[39m
        [36m>[39m
          [36m<button[39m
            [33mclass[39m=[32m"inline-flex items-center justify-center gap-2 whitespace-nowrap rounded-md text-sm font-medium transition-[color,box-shadow] disabled:pointer-events-none disabled:opacity-50 [&_svg]:pointer-events-none [&_svg:not([class*='size-'])]:size-4 shrink-0 [&_svg]:shrink-0 outline-none focus-visible:border-ring focus-visible:ring-ring/50 focus-visible:ring-[3px] aria-invalid:ring-destructive/20 dark:aria-invalid:ring-destructive/40 aria-invalid:border-destructive border border-input bg-background shadow-xs hover:bg-accent hover:text-accent-foreground h-9 px-4 py-2 has-[>svg]:px-3"[39m
            [33mdata-slot[39m=[32m"button"[39m
          [36m>[39m
            [0mCancel[0m
          [36m</button>[39m
          [36m<button[39m
            [33mclass[39m=[32m"inline-flex items-center justify-center gap-2 whitespace-nowrap rounded-md text-sm font-medium transition-[color,box-shadow] disabled:pointer-events-none disabled:opacity-50 [&_svg]:pointer-events-none [&_svg:not([class*='size-'])]:size-4 shrink-0 [&_svg]:shrink-0 outline-none focus-visible:border-ring focus-visible:ring-ring/50 focus-visible:ring-[3px] aria-invalid:ring-destructive/20 dark:aria-invalid:ring-destructive/40 aria-invalid:border-destructive bg-primary text-primary-foreground shadow-xs hover:bg-primary/90 h-9 px-4 py-2 has-[>svg]:px-3"[39m
            [33mdata-slot[39m=[32m"button"[39m
            [33mdisabled[39m=[32m""[39m
          [36m>[39m
            [0mcommon.addComment[0m
          [36m</button>[39m
        [36m</div>[39m
      [36m</div>[39m
    [36m</dialog>[39m
  [36m</div>[39m
[36m</body>[39m
[90m [2m❯[22m Object.getElementError node_modules/.pnpm/@testing-library+dom@10.4.1/node_modules/@testing-library/dom/dist/config.js:[2m37:19[22m[39m
[90m [2m❯[22m node_modules/.pnpm/@testing-library+dom@10.4.1/node_modules/@testing-library/dom/dist/query-helpers.js:[2m76:38[22m[39m
[90m [2m❯[22m node_modules/.pnpm/@testing-library+dom@10.4.1/node_modules/@testing-library/dom/dist/query-helpers.js:[2m52:17[22m[39m
[90m [2m❯[22m node_modules/.pnpm/@testing-library+dom@10.4.1/node_modules/@testing-library/dom/dist/query-helpers.js:[2m95:19[22m[39m
[36m [2m❯[22m src/components/services/__tests__/CommentCreateModal.test.tsx:[2m544:35[22m[39m
    [90m542| [39m      )[33m;[39m
    [90m543| [39m
    [90m544| [39m      const cancelButton = screen.getByRole('button', { name: /cancel/…
    [90m   | [39m                                  [31m^[39m
    [90m545| [39m      [35mawait[39m user[33m.[39m[34mclick[39m(cancelButton)[33m;[39m
    [90m546| [39m

[31m[2m⎯⎯⎯⎯⎯⎯⎯⎯⎯⎯⎯⎯⎯⎯⎯⎯⎯⎯⎯⎯[140/377]⎯[22m[39m

[41m[1m FAIL [22m[49m src/components/services/__tests__/CommentCreateModal.test.tsx[2m > [22mCommentCreateModal[2m > [22mcancellation[2m > [22mshould warn about unsaved changes when cancelling
[31m[1mTestingLibraryElementError[22m[39m: Unable to find an accessible element with the role "button" and name `/cancel/i`

There are no accessible roles. But there might be some inaccessible roles. If you wish to access them, then set the `hidden` option to `true`. Learn more about this here: https://testing-library.com/docs/dom-testing-library/api-queries#byrole

Ignored nodes: comments, script, style
[36m<body>[39m
  [36m<div>[39m
    [36m<dialog[39m
      [33maria-labelledby[39m=[32m"dialog-title"[39m
      [33mclass[39m=[32m"p-0 rounded-lg shadow-lg w-[calc(100%-32px)] max-w-lg"[39m
    [36m>[39m
      [36m<div>[39m
        [36m<div[39m
          [33mclass[39m=[32m"flex justify-between items-center border-b p-4"[39m
        [36m>[39m
          [36m<h2[39m
            [33mclass[39m=[32m"text-lg font-semibold"[39m
            [33mid[39m=[32m"dialog-title"[39m
          [36m>[39m
            [0mAdd Comment to Criminal Background Check[0m
          [36m</h2>[39m
          [36m<button[39m
            [33maria-label[39m=[32m"Close dialog"[39m
            [33mclass[39m=[32m"text-gray-500 hover:text-gray-700 focus:outline-none focus:ring-2 focus:ring-offset-2 focus:ring-blue-500"[39m
          [36m>[39m
            [0mX[0m
          [36m</button>[39m
        [36m</div>[39m
        [36m<div[39m
          [33mclass[39m=[32m"p-4"[39m
        [36m>[39m
          [36m<div[39m
            [33mclass[39m=[32m"space-y-4"[39m
          [36m>[39m
            [36m<div>[39m
              [36m<label[39m
                [33mclass[39m=[32m"flex items-center gap-2 text-sm leading-none font-medium select-none group-data-[disabled=true]:pointer-events-none group-data-[disabled=true]:opacity-50 peer-disabled:cursor-not-allowed peer-disabled:opacity-50"[39m
                [33mdata-slot[39m=[32m"label"[39m
                [33mfor[39m=[32m"template"[39m
              [36m>[39m
                [0mTemplate[0m
                [0m *[0m
              [36m</label>[39m
              [36m<select[39m
                [33mclass[39m=[32m"w-full mt-1 px-3 py-2 border border-gray-300 rounded-md"[39m
                [33mid[39m=[32m"template"[39m
              [36m>[39m
                [36m<option[39m
                  [33mvalue[39m=[32m""[39m
                [36m>[39m
                  [0mSelect a template...[0m
                [36m</option>[39m
                [36m<option[39m
                  [33mvalue[39m=[32m"template-1"[39m
                [36m>[39m
                  [0mDocument Request[0m
                [36m</option>[39m
                [36m<option[39m
                  [33mvalue[39m=[32m"template-2"[39m
                [36m>[39m
                  [0mProcessing Update[0m
                [36m</option>[39m
                [36m<option[39m
                  [33mvalue[39m=[32m"template-3"[39m
                [36m>[39m
                  [0mAdditional Info Required[0m
                [36m</option>[39m
              [36m</select>[39m
            [36m</div>[39m
            [36m<div>[39m
              [36m<label[39m
                [33mclass[39m=[32m"flex items-center gap-2 text-sm leading-none font-medium select-none group-data-[disabled=true]:pointer-events-none group-data-[disabled=true]:opacity-50 peer-disabled:cursor-not-allowed peer-disabled:opacity-50"[39m
                [33mdata-slot[39m=[32m"label"[39m
                [33mfor[39m=[32m"comment-text"[39m
              [36m>[39m
                [0mComment Text[0m
                [0m *[0m
              [36m</label>[39m
              [36m<textarea[39m
                [33maria-label[39m=[32m"Comment text"[39m
                [33mclass[39m=[32m"flex min-h-[80px] w-full rounded-md border border-input bg-background px-3 py-2 text-sm ring-offset-background placeholder:text-muted-foreground focus-visible:outline-none focus-visible:ring-2 focus-visible:ring-ring focus-visible:ring-offset-2 disabled:cursor-not-allowed disabled:opacity-50 mt-1"[39m
                [33mid[39m=[32m"comment-text"[39m
                [33mplaceholder[39m=[32m"serviceComments.enterComment"[39m
                [33mrows[39m=[32m"6"[39m
              [36m>[39m
                [0mYour background check is currently being processed. Additional text[0m
              [36m</textarea>[39m
              [36m<div[39m
                [33mclass[39m=[32m"text-sm mt-1 text-gray-500"[39m
              [36m>[39m
                [0m67[0m
                [0m/[0m
                [0m1000[0m
                [0m characters[0m
              [36m</div>[39m
            [36m</div>[39m
            [36m<div[39m
              [33mclass[39m=[32m"flex items-center space-x-2"[39m
            [36m>[39m
              [36m<button[39m
                [33maria-checked[39m=[32m"true"[39m
                [33mclass[39m=[32m"peer relative rounded-sm border border-gray-300 focus-visible:outline-none focus-visible:ring-2 focus-visible:ring-ring disabled:cursor-not-allowed disabled:opacity-50 data-[state=checked]:bg-primary data-[state=checked]:text-primary-foreground"[39m
                [33mdata-state[39m=[32m"checked"[39m
                [33mid[39m=[32m"internal-only"[39m
                [33mrole[39m=[32m"checkbox"[39m
                [33mstyle[39m=[32m"height: 16px; width: 16px; min-height: 16px; min-width: 16px; max-height: 16px; max-width: 16px; display: flex; align-items: center; justify-content: center; flex-shrink: 0; box-sizing: border-box;"[39m
                [33mtype[39m=[32m"button"[39m
                [33mvalue[39m=[32m"on"[39m
              [36m>[39m
                [36m<span[39m
                  [33mclass[39m=[32m"flex items-center justify-center text-current"[39m
                  [33mdata-state[39m=[32m"checked"[39m
                  [33mstyle[39m=[32m"pointer-events: none;"[39m
                [36m>[39m
                  [36m<svg[39m
                    [33mclass[39m=[32m"lucide lucide-check h-3 w-3"[39m
                    [33mfill[39m=[32m"none"[39m
                    [33mheight[39m=[32m"24"[39m
                    [33mstroke[39m=[32m"currentColor"[39m
                    [33mstroke-linecap[39m=[32m"round"[39m
                    [33mstroke-linejoin[39m=[32m"round"[39m
                    [33mstroke-width[39m=[32m"2"[39m
                    [33mstyle[39m=[32m"margin: 0px; padding: 0px;"[39m
                    [33mviewBox[39m=[32m"0 0 24 24"[39m
                    [33mwidth[39m=[32m"24"[39m
                    [33mxmlns[39m=[32m"http://www.w3.org/2000/svg"[39m
                  [36m>[39m
                    [36m<path[39m
                      [33md[39m=[32m"M20 6 9 17l-5-5"[39m
                    [36m/>[39m
                  [36m</svg>[39m
                [36m</span>[39m
              [36m</button>[39m
              [36m<label[39m
                [33mclass[39m=[32m"flex items-center gap-2 select-none group-data-[disabled=true]:pointer-events-none group-data-[disabled=true]:opacity-50 text-sm font-medium leading-none peer-disabled:cursor-not-allowed peer-disabled:opacity-70"[39m
                [33mdata-slot[39m=[32m"label"[39m
                [33mfor[39m=[32m"internal-only"[39m
              [36m>[39m
                [0mserviceComments.internalOnlyLabel[0m
              [36m</label>[39m
            [36m</div>[39m
          [36m</div>[39m
        [36m</div>[39m
        [36m<div[39m
          [33mclass[39m=[32m"border-t p-4 flex justify-end space-x-2 bg-gray-50"[39m
        [36m>[39m
          [36m<button[39m
            [33mclass[39m=[32m"inline-flex items-center justify-center gap-2 whitespace-nowrap rounded-md text-sm font-medium transition-[color,box-shadow] disabled:pointer-events-none disabled:opacity-50 [&_svg]:pointer-events-none [&_svg:not([class*='size-'])]:size-4 shrink-0 [&_svg]:shrink-0 outline-none focus-visible:border-ring focus-visible:ring-ring/50 focus-visible:ring-[3px] aria-invalid:ring-destructive/20 dark:aria-invalid:ring-destructive/40 aria-invalid:border-destructive border border-input bg-background shadow-xs hover:bg-accent hover:text-accent-foreground h-9 px-4 py-2 has-[>svg]:px-3"[39m
            [33mdata-slot[39m=[32m"button"[39m
          [36m>[39m
            [0mCancel[0m
          [36m</button>[39m
          [36m<button[39m
            [33mclass[39m=[32m"inline-flex items-center justify-center gap-2 whitespace-nowrap rounded-md text-sm font-medium transition-[color,box-shadow] disabled:pointer-events-none disabled:opacity-50 [&_svg]:pointer-events-none [&_svg:not([class*='size-'])]:size-4 shrink-0 [&_svg]:shrink-0 outline-none focus-visible:border-ring focus-visible:ring-ring/50 focus-visible:ring-[3px] aria-invalid:ring-destructive/20 dark:aria-invalid:ring-destructive/40 aria-invalid:border-destructive bg-primary text-primary-foreground shadow-xs hover:bg-primary/90 h-9 px-4 py-2 has-[>svg]:px-3"[39m
            [33mdata-slot[39m=[32m"button"[39m
          [36m>[39m
            [0mcommon.addComment[0m
          [36m</button>[39m
        [36m</div>[39m
      [36m</div>[39m
    [36m</dialog>[39m
  [36m</div>[39m
[36m</body>[39m
[90m [2m❯[22m Object.getElementError node_modules/.pnpm/@testing-library+dom@10.4.1/node_modules/@testing-library/dom/dist/config.js:[2m37:19[22m[39m
[90m [2m❯[22m node_modules/.pnpm/@testing-library+dom@10.4.1/node_modules/@testing-library/dom/dist/query-helpers.js:[2m76:38[22m[39m
[90m [2m❯[22m node_modules/.pnpm/@testing-library+dom@10.4.1/node_modules/@testing-library/dom/dist/query-helpers.js:[2m52:17[22m[39m
[90m [2m❯[22m node_modules/.pnpm/@testing-library+dom@10.4.1/node_modules/@testing-library/dom/dist/query-helpers.js:[2m95:19[22m[39m
[36m [2m❯[22m src/components/services/__tests__/CommentCreateModal.test.tsx:[2m572:35[22m[39m
    [90m570| [39m
    [90m571| [39m      [90m// Try to cancel[39m
    [90m572| [39m      const cancelButton = screen.getByRole('button', { name: /cancel/…
    [90m   | [39m                                  [31m^[39m
    [90m573| [39m      [35mawait[39m user[33m.[39m[34mclick[39m(cancelButton)[33m;[39m
    [90m574| [39m

[31m[2m⎯⎯⎯⎯⎯⎯⎯⎯⎯⎯⎯⎯⎯⎯⎯⎯⎯⎯⎯⎯[141/377]⎯[22m[39m

[41m[1m FAIL [22m[49m src/components/services/__tests__/CommentCreateModal.test.tsx[2m > [22mCommentCreateModal[2m > [22mcancellation[2m > [22mshould close without warning if no changes made
[31m[1mTestingLibraryElementError[22m[39m: Unable to find an accessible element with the role "button" and name `/cancel/i`

There are no accessible roles. But there might be some inaccessible roles. If you wish to access them, then set the `hidden` option to `true`. Learn more about this here: https://testing-library.com/docs/dom-testing-library/api-queries#byrole

Ignored nodes: comments, script, style
[36m<body>[39m
  [36m<div>[39m
    [36m<dialog[39m
      [33maria-labelledby[39m=[32m"dialog-title"[39m
      [33mclass[39m=[32m"p-0 rounded-lg shadow-lg w-[calc(100%-32px)] max-w-lg"[39m
    [36m>[39m
      [36m<div>[39m
        [36m<div[39m
          [33mclass[39m=[32m"flex justify-between items-center border-b p-4"[39m
        [36m>[39m
          [36m<h2[39m
            [33mclass[39m=[32m"text-lg font-semibold"[39m
            [33mid[39m=[32m"dialog-title"[39m
          [36m>[39m
            [0mAdd Comment to Criminal Background Check[0m
          [36m</h2>[39m
          [36m<button[39m
            [33maria-label[39m=[32m"Close dialog"[39m
            [33mclass[39m=[32m"text-gray-500 hover:text-gray-700 focus:outline-none focus:ring-2 focus:ring-offset-2 focus:ring-blue-500"[39m
          [36m>[39m
            [0mX[0m
          [36m</button>[39m
        [36m</div>[39m
        [36m<div[39m
          [33mclass[39m=[32m"p-4"[39m
        [36m>[39m
          [36m<div[39m
            [33mclass[39m=[32m"space-y-4"[39m
          [36m>[39m
            [36m<div>[39m
              [36m<label[39m
                [33mclass[39m=[32m"flex items-center gap-2 text-sm leading-none font-medium select-none group-data-[disabled=true]:pointer-events-none group-data-[disabled=true]:opacity-50 peer-disabled:cursor-not-allowed peer-disabled:opacity-50"[39m
                [33mdata-slot[39m=[32m"label"[39m
                [33mfor[39m=[32m"template"[39m
              [36m>[39m
                [0mTemplate[0m
                [0m *[0m
              [36m</label>[39m
              [36m<select[39m
                [33mclass[39m=[32m"w-full mt-1 px-3 py-2 border border-gray-300 rounded-md"[39m
                [33mid[39m=[32m"template"[39m
              [36m>[39m
                [36m<option[39m
                  [33mvalue[39m=[32m""[39m
                [36m>[39m
                  [0mSelect a template...[0m
                [36m</option>[39m
                [36m<option[39m
                  [33mvalue[39m=[32m"template-1"[39m
                [36m>[39m
                  [0mDocument Request[0m
                [36m</option>[39m
                [36m<option[39m
                  [33mvalue[39m=[32m"template-2"[39m
                [36m>[39m
                  [0mProcessing Update[0m
                [36m</option>[39m
                [36m<option[39m
                  [33mvalue[39m=[32m"template-3"[39m
                [36m>[39m
                  [0mAdditional Info Required[0m
                [36m</option>[39m
              [36m</select>[39m
            [36m</div>[39m
            [36m<div[39m
              [33mclass[39m=[32m"flex items-center space-x-2"[39m
            [36m>[39m
              [36m<button[39m
                [33maria-checked[39m=[32m"true"[39m
                [33mclass[39m=[32m"peer relative rounded-sm border border-gray-300 focus-visible:outline-none focus-visible:ring-2 focus-visible:ring-ring disabled:cursor-not-allowed disabled:opacity-50 data-[state=checked]:bg-primary data-[state=checked]:text-primary-foreground"[39m
                [33mdata-state[39m=[32m"checked"[39m
                [33mid[39m=[32m"internal-only"[39m
                [33mrole[39m=[32m"checkbox"[39m
                [33mstyle[39m=[32m"height: 16px; width: 16px; min-height: 16px; min-width: 16px; max-height: 16px; max-width: 16px; display: flex; align-items: center; justify-content: center; flex-shrink: 0; box-sizing: border-box;"[39m
                [33mtype[39m=[32m"button"[39m
                [33mvalue[39m=[32m"on"[39m
              [36m>[39m
                [36m<span[39m
                  [33mclass[39m=[32m"flex items-center justify-center text-current"[39m
                  [33mdata-state[39m=[32m"checked"[39m
                  [33mstyle[39m=[32m"pointer-events: none;"[39m
                [36m>[39m
                  [36m<svg[39m
                    [33mclass[39m=[32m"lucide lucide-check h-3 w-3"[39m
                    [33mfill[39m=[32m"none"[39m
                    [33mheight[39m=[32m"24"[39m
                    [33mstroke[39m=[32m"currentColor"[39m
                    [33mstroke-linecap[39m=[32m"round"[39m
                    [33mstroke-linejoin[39m=[32m"round"[39m
                    [33mstroke-width[39m=[32m"2"[39m
                    [33mstyle[39m=[32m"margin: 0px; padding: 0px;"[39m
                    [33mviewBox[39m=[32m"0 0 24 24"[39m
                    [33mwidth[39m=[32m"24"[39m
                    [33mxmlns[39m=[32m"http://www.w3.org/2000/svg"[39m
                  [36m>[39m
                    [36m<path[39m
                      [33md[39m=[32m"M20 6 9 17l-5-5"[39m
                    [36m/>[39m
                  [36m</svg>[39m
                [36m</span>[39m
              [36m</button>[39m
              [36m<label[39m
                [33mclass[39m=[32m"flex items-center gap-2 select-none group-data-[disabled=true]:pointer-events-none group-data-[disabled=true]:opacity-50 text-sm font-medium leading-none peer-disabled:cursor-not-allowed peer-disabled:opacity-70"[39m
                [33mdata-slot[39m=[32m"label"[39m
                [33mfor[39m=[32m"internal-only"[39m
              [36m>[39m
                [0mserviceComments.internalOnlyLabel[0m
              [36m</label>[39m
            [36m</div>[39m
          [36m</div>[39m
        [36m</div>[39m
        [36m<div[39m
          [33mclass[39m=[32m"border-t p-4 flex justify-end space-x-2 bg-gray-50"[39m
        [36m>[39m
          [36m<button[39m
            [33mclass[39m=[32m"inline-flex items-center justify-center gap-2 whitespace-nowrap rounded-md text-sm font-medium transition-[color,box-shadow] disabled:pointer-events-none disabled:opacity-50 [&_svg]:pointer-events-none [&_svg:not([class*='size-'])]:size-4 shrink-0 [&_svg]:shrink-0 outline-none focus-visible:border-ring focus-visible:ring-ring/50 focus-visible:ring-[3px] aria-invalid:ring-destructive/20 dark:aria-invalid:ring-destructive/40 aria-invalid:border-destructive border border-input bg-background shadow-xs hover:bg-accent hover:text-accent-foreground h-9 px-4 py-2 has-[>svg]:px-3"[39m
            [33mdata-slot[39m=[32m"button"[39m
          [36m>[39m
            [0mCancel[0m
          [36m</button>[39m
          [36m<button[39m
            [33mclass[39m=[32m"inline-flex items-center justify-center gap-2 whitespace-nowrap rounded-md text-sm font-medium transition-[color,box-shadow] disabled:pointer-events-none disabled:opacity-50 [&_svg]:pointer-events-none [&_svg:not([class*='size-'])]:size-4 shrink-0 [&_svg]:shrink-0 outline-none focus-visible:border-ring focus-visible:ring-ring/50 focus-visible:ring-[3px] aria-invalid:ring-destructive/20 dark:aria-invalid:ring-destructive/40 aria-invalid:border-destructive bg-primary text-primary-foreground shadow-xs hover:bg-primary/90 h-9 px-4 py-2 has-[>svg]:px-3"[39m
            [33mdata-slot[39m=[32m"button"[39m
            [33mdisabled[39m=[32m""[39m
          [36m>[39m
            [0mcommon.addComment[0m
          [36m</button>[39m
        [36m</div>[39m
      [36m</div>[39m
    [36m</dialog>[39m
  [36m</div>[39m
[36m</body>[39m
[90m [2m❯[22m Object.getElementError node_modules/.pnpm/@testing-library+dom@10.4.1/node_modules/@testing-library/dom/dist/config.js:[2m37:19[22m[39m
[90m [2m❯[22m node_modules/.pnpm/@testing-library+dom@10.4.1/node_modules/@testing-library/dom/dist/query-helpers.js:[2m76:38[22m[39m
[90m [2m❯[22m node_modules/.pnpm/@testing-library+dom@10.4.1/node_modules/@testing-library/dom/dist/query-helpers.js:[2m52:17[22m[39m
[90m [2m❯[22m node_modules/.pnpm/@testing-library+dom@10.4.1/node_modules/@testing-library/dom/dist/query-helpers.js:[2m95:19[22m[39m
[36m [2m❯[22m src/components/services/__tests__/CommentCreateModal.test.tsx:[2m593:35[22m[39m
    [90m591| [39m      )[33m;[39m
    [90m592| [39m
    [90m593| [39m      const cancelButton = screen.getByRole('button', { name: /cancel/…
    [90m   | [39m                                  [31m^[39m
    [90m594| [39m      [35mawait[39m user[33m.[39m[34mclick[39m(cancelButton)[33m;[39m
    [90m595| [39m

[31m[2m⎯⎯⎯⎯⎯⎯⎯⎯⎯⎯⎯⎯⎯⎯⎯⎯⎯⎯⎯⎯[142/377]⎯[22m[39m

[41m[1m FAIL [22m[49m src/components/services/__tests__/CommentCreateModal.test.tsx[2m > [22mCommentCreateModal[2m > [22maccessibility[2m > [22mshould have proper ARIA labels
[31m[1mTestingLibraryElementError[22m[39m: Unable to find an accessible element with the role "dialog"

There are no accessible roles. But there might be some inaccessible roles. If you wish to access them, then set the `hidden` option to `true`. Learn more about this here: https://testing-library.com/docs/dom-testing-library/api-queries#byrole

Ignored nodes: comments, script, style
[36m<body>[39m
  [36m<div>[39m
    [36m<dialog[39m
      [33maria-labelledby[39m=[32m"dialog-title"[39m
      [33mclass[39m=[32m"p-0 rounded-lg shadow-lg w-[calc(100%-32px)] max-w-lg"[39m
    [36m>[39m
      [36m<div>[39m
        [36m<div[39m
          [33mclass[39m=[32m"flex justify-between items-center border-b p-4"[39m
        [36m>[39m
          [36m<h2[39m
            [33mclass[39m=[32m"text-lg font-semibold"[39m
            [33mid[39m=[32m"dialog-title"[39m
          [36m>[39m
            [0mAdd Comment to Criminal Background Check[0m
          [36m</h2>[39m
          [36m<button[39m
            [33maria-label[39m=[32m"Close dialog"[39m
            [33mclass[39m=[32m"text-gray-500 hover:text-gray-700 focus:outline-none focus:ring-2 focus:ring-offset-2 focus:ring-blue-500"[39m
          [36m>[39m
            [0mX[0m
          [36m</button>[39m
        [36m</div>[39m
        [36m<div[39m
          [33mclass[39m=[32m"p-4"[39m
        [36m>[39m
          [36m<div[39m
            [33mclass[39m=[32m"space-y-4"[39m
          [36m>[39m
            [36m<div>[39m
              [36m<label[39m
                [33mclass[39m=[32m"flex items-center gap-2 text-sm leading-none font-medium select-none group-data-[disabled=true]:pointer-events-none group-data-[disabled=true]:opacity-50 peer-disabled:cursor-not-allowed peer-disabled:opacity-50"[39m
                [33mdata-slot[39m=[32m"label"[39m
                [33mfor[39m=[32m"template"[39m
              [36m>[39m
                [0mTemplate[0m
                [0m *[0m
              [36m</label>[39m
              [36m<select[39m
                [33mclass[39m=[32m"w-full mt-1 px-3 py-2 border border-gray-300 rounded-md"[39m
                [33mid[39m=[32m"template"[39m
              [36m>[39m
                [36m<option[39m
                  [33mvalue[39m=[32m""[39m
                [36m>[39m
                  [0mSelect a template...[0m
                [36m</option>[39m
                [36m<option[39m
                  [33mvalue[39m=[32m"template-1"[39m
                [36m>[39m
                  [0mDocument Request[0m
                [36m</option>[39m
                [36m<option[39m
                  [33mvalue[39m=[32m"template-2"[39m
                [36m>[39m
                  [0mProcessing Update[0m
                [36m</option>[39m
                [36m<option[39m
                  [33mvalue[39m=[32m"template-3"[39m
                [36m>[39m
                  [0mAdditional Info Required[0m
                [36m</option>[39m
              [36m</select>[39m
            [36m</div>[39m
            [36m<div[39m
              [33mclass[39m=[32m"flex items-center space-x-2"[39m
            [36m>[39m
              [36m<button[39m
                [33maria-checked[39m=[32m"true"[39m
                [33mclass[39m=[32m"peer relative rounded-sm border border-gray-300 focus-visible:outline-none focus-visible:ring-2 focus-visible:ring-ring disabled:cursor-not-allowed disabled:opacity-50 data-[state=checked]:bg-primary data-[state=checked]:text-primary-foreground"[39m
                [33mdata-state[39m=[32m"checked"[39m
                [33mid[39m=[32m"internal-only"[39m
                [33mrole[39m=[32m"checkbox"[39m
                [33mstyle[39m=[32m"height: 16px; width: 16px; min-height: 16px; min-width: 16px; max-height: 16px; max-width: 16px; display: flex; align-items: center; justify-content: center; flex-shrink: 0; box-sizing: border-box;"[39m
                [33mtype[39m=[32m"button"[39m
                [33mvalue[39m=[32m"on"[39m
              [36m>[39m
                [36m<span[39m
                  [33mclass[39m=[32m"flex items-center justify-center text-current"[39m
                  [33mdata-state[39m=[32m"checked"[39m
                  [33mstyle[39m=[32m"pointer-events: none;"[39m
                [36m>[39m
                  [36m<svg[39m
                    [33mclass[39m=[32m"lucide lucide-check h-3 w-3"[39m
                    [33mfill[39m=[32m"none"[39m
                    [33mheight[39m=[32m"24"[39m
                    [33mstroke[39m=[32m"currentColor"[39m
                    [33mstroke-linecap[39m=[32m"round"[39m
                    [33mstroke-linejoin[39m=[32m"round"[39m
                    [33mstroke-width[39m=[32m"2"[39m
                    [33mstyle[39m=[32m"margin: 0px; padding: 0px;"[39m
                    [33mviewBox[39m=[32m"0 0 24 24"[39m
                    [33mwidth[39m=[32m"24"[39m
                    [33mxmlns[39m=[32m"http://www.w3.org/2000/svg"[39m
                  [36m>[39m
                    [36m<path[39m
                      [33md[39m=[32m"M20 6 9 17l-5-5"[39m
                    [36m/>[39m
                  [36m</svg>[39m
                [36m</span>[39m
              [36m</button>[39m
              [36m<label[39m
                [33mclass[39m=[32m"flex items-center gap-2 select-none group-data-[disabled=true]:pointer-events-none group-data-[disabled=true]:opacity-50 text-sm font-medium leading-none peer-disabled:cursor-not-allowed peer-disabled:opacity-70"[39m
                [33mdata-slot[39m=[32m"label"[39m
                [33mfor[39m=[32m"internal-only"[39m
              [36m>[39m
                [0mserviceComments.internalOnlyLabel[0m
              [36m</label>[39m
            [36m</div>[39m
          [36m</div>[39m
        [36m</div>[39m
        [36m<div[39m
          [33mclass[39m=[32m"border-t p-4 flex justify-end space-x-2 bg-gray-50"[39m
        [36m>[39m
          [36m<button[39m
            [33mclass[39m=[32m"inline-flex items-center justify-center gap-2 whitespace-nowrap rounded-md text-sm font-medium transition-[color,box-shadow] disabled:pointer-events-none disabled:opacity-50 [&_svg]:pointer-events-none [&_svg:not([class*='size-'])]:size-4 shrink-0 [&_svg]:shrink-0 outline-none focus-visible:border-ring focus-visible:ring-ring/50 focus-visible:ring-[3px] aria-invalid:ring-destructive/20 dark:aria-invalid:ring-destructive/40 aria-invalid:border-destructive border border-input bg-background shadow-xs hover:bg-accent hover:text-accent-foreground h-9 px-4 py-2 has-[>svg]:px-3"[39m
            [33mdata-slot[39m=[32m"button"[39m
          [36m>[39m
            [0mCancel[0m
          [36m</button>[39m
          [36m<button[39m
            [33mclass[39m=[32m"inline-flex items-center justify-center gap-2 whitespace-nowrap rounded-md text-sm font-medium transition-[color,box-shadow] disabled:pointer-events-none disabled:opacity-50 [&_svg]:pointer-events-none [&_svg:not([class*='size-'])]:size-4 shrink-0 [&_svg]:shrink-0 outline-none focus-visible:border-ring focus-visible:ring-ring/50 focus-visible:ring-[3px] aria-invalid:ring-destructive/20 dark:aria-invalid:ring-destructive/40 aria-invalid:border-destructive bg-primary text-primary-foreground shadow-xs hover:bg-primary/90 h-9 px-4 py-2 has-[>svg]:px-3"[39m
            [33mdata-slot[39m=[32m"button"[39m
            [33mdisabled[39m=[32m""[39m
          [36m>[39m
            [0mcommon.addComment[0m
          [36m</button>[39m
        [36m</div>[39m
      [36m</div>[39m
    [36m</dialog>[39m
  [36m</div>[39m
[36m</body>[39m
[90m [2m❯[22m Object.getElementError node_modules/.pnpm/@testing-library+dom@10.4.1/node_modules/@testing-library/dom/dist/config.js:[2m37:19[22m[39m
[90m [2m❯[22m node_modules/.pnpm/@testing-library+dom@10.4.1/node_modules/@testing-library/dom/dist/query-helpers.js:[2m76:38[22m[39m
[90m [2m❯[22m node_modules/.pnpm/@testing-library+dom@10.4.1/node_modules/@testing-library/dom/dist/query-helpers.js:[2m52:17[22m[39m
[90m [2m❯[22m node_modules/.pnpm/@testing-library+dom@10.4.1/node_modules/@testing-library/dom/dist/query-helpers.js:[2m95:19[22m[39m
[36m [2m❯[22m src/components/services/__tests__/CommentCreateModal.test.tsx:[2m614:21[22m[39m
    [90m612| [39m      )[33m;[39m
    [90m613| [39m
    [90m614| [39m      expect(screen.getByRole('dialog')).toHaveAttribute('aria-labelle…
    [90m   | [39m                    [31m^[39m
    [90m615| [39m      expect(screen.getByLabelText(/template/i)).toHaveAttribute('aria…
    [90m616| [39m      expect(screen.getByLabelText(/comment text/i)).toHaveAttribute('…

[31m[2m⎯⎯⎯⎯⎯⎯⎯⎯⎯⎯⎯⎯⎯⎯⎯⎯⎯⎯⎯⎯[143/377]⎯[22m[39m

[41m[1m FAIL [22m[49m src/components/services/__tests__/CommentCreateModal.test.tsx[2m > [22mCommentCreateModal[2m > [22maccessibility[2m > [22mshould support keyboard navigation
[31m[1mError[22m[39m: [2mexpect([22m[31melement[39m[2m).toHaveFocus()[22m

Expected element with focus:
  [32m<select
  class="w-full mt-1 px-3 py-2 border border-gray-300 rounded-md"
  id="template"
>
  <option
    value=""
  >
    Select a template...
  </option>
  <option
    value="template-1"
  >
    Document Request
  </option>
  <option
    value="template-2"
  >
    Processing Update
  </option>
  <option
    value="template-3"
  >
    Additional Info Required
  </option>
</select>[39m
Received element with focus:
  [31m<body>
  <div>
    <dialog
      aria-labelledby="dialog-title"
      class="p-0 rounded-lg shadow-lg w-[calc(100%-32px)] max-w-lg"
    >
      <div>
        <div
          class="flex justify-between items-center border-b p-4"
        >
          <h2
            class="text-lg font-semibold"
            id="dialog-title"
          >
            Add Comment to Criminal Background Check
          </h2>
          <button
            aria-label="Close dialog"
            class="text-gray-500 hover:text-gray-700 focus:outline-none focus:ring-2 focus:ring-offset-2 focus:ring-blue-500"
          >
            X
          </button>
        </div>
        <div
          class="p-4"
        >
          <div
            class="space-y-4"
          >
            <div>
              <label
                class="flex items-center gap-2 text-sm leading-none font-medium select-none group-data-[disabled=true]:pointer-events-none group-data-[disabled=true]:opacity-50 peer-disabled:cursor-not-allowed peer-disabled:opacity-50"
                data-slot="label"
                for="template"
              >
                Template
                 *
              </label>
              <select
                class="w-full mt-1 px-3 py-2 border border-gray-300 rounded-md"
                id="template"
              >
                <option
                  value=""
                >
                  Select a template...
                </option>
                <option
                  value="template-1"
                >
                  Document Request
                </option>
                <option
                  value="template-2"
                >
                  Processing Update
                </option>
                <option
                  value="template-3"
                >
                  Additional Info Required
                </option>
              </select>
            </div>
            <div
              class="flex items-center space-x-2"
            >
              <button
                aria-checked="true"
                class="peer relative rounded-sm border border-gray-300 focus-visible:outline-none focus-visible:ring-2 focus-visible:ring-ring disabled:cursor-not-allowed disabled:opacity-50 data-[state=checked]:bg-primary data-[state=checked]:text-primary-foreground"
                data-state="checked"
                id="internal-only"
                role="checkbox"
                style="height: 16px; width: 16px; min-height: 16px; min-width: 16px; max-height: 16px; max-width: 16px; display: flex; align-items: center; justify-content: center; flex-shrink: 0; box-sizing: border-box;"
                type="button"
                value="on"
              >
                <span
                  class="flex items-center justify-center text-current"
                  data-state="checked"
                  style="pointer-events: none;"
                >
                  <svg
                    class="lucide lucide-check h-3 w-3"
                    fill="none"
                    height="24"
                    stroke="currentColor"
                    stroke-linecap="round"
                    stroke-linejoin="round"
                    stroke-width="2"
                    style="margin: 0px; padding: 0px;"
                    viewBox="0 0 24 24"
                    width="24"
                    xmlns="http://www.w3.org/2000/svg"
                  >
                    <path … />
                  </svg>
                </span>
              </button>
              <label
                class="flex items-center gap-2 select-none group-data-[disabled=true]:pointer-events-none group-data-[disabled=true]:opacity-50 text-sm font-medium leading-none peer-disabled:cursor-not-allowed peer-disabled:opacity-70"
                data-slot="label"
                for="internal-only"
              >
                serviceComments.internalOnlyLabel
              </label>
            </div>
          </div>
        </div>
        <div
          class="border-t p-4 flex justify-end space-x-2 bg-gray-50"
        >
          <button
            class="inline-flex items-center justify-center gap-2 whitespace-nowrap rounded-md text-sm font-medium transition-[color,box-shadow] disabled:pointer-events-none disabled:opacity-50 [&_svg]:pointer-events-none [&_svg:not([class*='size-'])]:size-4 shrink-0 [&_svg]:shrink-0 outline-none focus-visible:border-ring focus-visible:ring-ring/50 focus-visible:ring-[3px] aria-invalid:ring-destructive/20 dark:aria-invalid:ring-destructive/40 aria-invalid:border-destructive border border-input bg-background shadow-xs hover:bg-accent hover:text-accent-foreground h-9 px-4 py-2 has-[>svg]:px-3"
            data-slot="button"
          >
            Cancel
          </button>
          <button
            class="inline-flex items-center justify-center gap-2 whitespace-nowrap rounded-md text-sm font-medium transition-[color,box-shadow] disabled:pointer-events-none disabled:opacity-50 [&_svg]:pointer-events-none [&_svg:not([class*='size-'])]:size-4 shrink-0 [&_svg]:shrink-0 outline-none focus-visible:border-ring focus-visible:ring-ring/50 focus-visible:ring-[3px] aria-invalid:ring-destructive/20 dark:aria-invalid:ring-destructive/40 aria-invalid:border-destructive bg-primary text-primary-foreground shadow-xs hover:bg-primary/90 h-9 px-4 py-2 has-[>svg]:px-3"
            data-slot="button"
            disabled=""
          >
            common.addComment
          </button>
        </div>
      </div>
    </dialog>
  </div>
</body>[39m
[36m [2m❯[22m src/components/services/__tests__/CommentCreateModal.test.tsx:[2m634:50[22m[39m
    [90m632| [39m      [90m// Tab through form elements[39m
    [90m633| [39m      [35mawait[39m user[33m.[39m[34mtab[39m()[33m;[39m
    [90m634| [39m      [34mexpect[39m(screen[33m.[39m[34mgetByLabelText[39m([36m/template/i[39m))[33m.[39m[34mtoHaveFocus[39m()[33m;[39m
    [90m   | [39m                                                 [31m^[39m
    [90m635| [39m
    [90m636| [39m      [35mawait[39m user[33m.[39m[34mtab[39m()[33m;[39m

[31m[2m⎯⎯⎯⎯⎯⎯⎯⎯⎯⎯⎯⎯⎯⎯⎯⎯⎯⎯⎯⎯[144/377]⎯[22m[39m

[41m[1m FAIL [22m[49m src/components/services/__tests__/CommentEditModal.test.tsx[2m > [22mCommentEditModal[2m > [22mmodal display[2m > [22mshould pre-fill current visibility setting
[31m[1mAssertionError[22m: expected undefined to be true // Object.is equality[39m

[32m- Expected:[39m 
true

[31m+ Received:[39m 
undefined

[36m [2m❯[22m src/components/services/__tests__/CommentEditModal.test.tsx:[2m99:40[22m[39m
    [90m 97| [39m
    [90m 98| [39m      const internalCheckbox = screen.getByLabelText(/internal only/i)…
    [90m 99| [39m      [34mexpect[39m(internalCheckbox[33m.[39mchecked)[33m.[39m[34mtoBe[39m([35mtrue[39m)[33m;[39m
    [90m   | [39m                                       [31m^[39m
    [90m100| [39m    })[33m;[39m
    [90m101| [39m

[31m[2m⎯⎯⎯⎯⎯⎯⎯⎯⎯⎯⎯⎯⎯⎯⎯⎯⎯⎯⎯⎯[145/377]⎯[22m[39m

[41m[1m FAIL [22m[49m src/components/services/__tests__/CommentEditModal.test.tsx[2m > [22mCommentEditModal[2m > [22mmodal display[2m > [22mshould show template name as read-only
[31m[1mTestingLibraryElementError[22m[39m: Unable to find an element with the text: Template: Document Request. This could be because the text is broken up by multiple elements. In this case, you can provide a function for your text matcher to make your matcher more flexible.

Ignored nodes: comments, script, style
[36m<body>[39m
  [36m<div>[39m
    [36m<dialog[39m
      [33maria-labelledby[39m=[32m"dialog-title"[39m
      [33mclass[39m=[32m"p-0 rounded-lg shadow-lg w-[calc(100%-32px)] max-w-lg"[39m
    [36m>[39m
      [36m<div>[39m
        [36m<div[39m
          [33mclass[39m=[32m"flex justify-between items-center border-b p-4"[39m
        [36m>[39m
          [36m<h2[39m
            [33mclass[39m=[32m"text-lg font-semibold"[39m
            [33mid[39m=[32m"dialog-title"[39m
          [36m>[39m
            [0mEdit Comment[0m
          [36m</h2>[39m
          [36m<button[39m
            [33maria-label[39m=[32m"Close dialog"[39m
            [33mclass[39m=[32m"text-gray-500 hover:text-gray-700 focus:outline-none focus:ring-2 focus:ring-offset-2 focus:ring-blue-500"[39m
          [36m>[39m
            [0mX[0m
          [36m</button>[39m
        [36m</div>[39m
        [36m<div[39m
          [33mclass[39m=[32m"p-4"[39m
        [36m>[39m
          [36m<div[39m
            [33mclass[39m=[32m"space-y-4"[39m
          [36m>[39m
            [36m<div>[39m
              [36m<label[39m
                [33mclass[39m=[32m"flex items-center gap-2 text-sm leading-none font-medium select-none group-data-[disabled=true]:pointer-events-none group-data-[disabled=true]:opacity-50 peer-disabled:cursor-not-allowed peer-disabled:opacity-50"[39m
                [33mdata-slot[39m=[32m"label"[39m
                [33mfor[39m=[32m"comment-text"[39m
              [36m>[39m
                [0mComment Text *[0m
              [36m</label>[39m
              [36m<textarea[39m
                [33mclass[39m=[32m"flex min-h-[80px] w-full rounded-md border border-input bg-background px-3 py-2 text-sm ring-offset-background placeholder:text-muted-foreground focus-visible:outline-none focus-visible:ring-2 focus-visible:ring-ring focus-visible:ring-offset-2 disabled:cursor-not-allowed disabled:opacity-50 mt-1"[39m
                [33mid[39m=[32m"comment-text"[39m
                [33mplaceholder[39m=[32m"Enter comment text..."[39m
                [33mrows[39m=[32m"6"[39m
              [36m>[39m
                [0mPlease provide driver license by March 15, 2024[0m
              [36m</textarea>[39m
              [36m<div[39m
                [33mclass[39m=[32m"text-sm mt-1 text-gray-500"[39m
              [36m>[39m
                [0m47[0m
                [0m/[0m
                [0m1000[0m
                [0m characters[0m
              [36m</div>[39m
            [36m</div>[39m
            [36m<div[39m
              [33mclass[39m=[32m"space-y-2"[39m
            [36m>[39m
              [36m<div[39m
                [33mclass[39m=[32m"flex items-center space-x-2"[39m
              [36m>[39m
                [36m<button[39m
                  [33maria-checked[39m=[32m"true"[39m
                  [33mclass[39m=[32m"peer relative rounded-sm border border-gray-300 focus-visible:outline-none focus-visible:ring-2 focus-visible:ring-ring disabled:cursor-not-allowed disabled:opacity-50 data-[state=checked]:bg-primary data-[state=checked]:text-primary-foreground"[39m
                  [33mdata-state[39m=[32m"checked"[39m
                  [33mid[39m=[32m"edit-internal-only"[39m
                  [33mrole[39m=[32m"checkbox"[39m
                  [33mstyle[39m=[32m"height: 16px; width: 16px; min-height: 16px; min-width: 16px; max-height: 16px; max-width: 16px; display: flex; align-items: center; justify-content: center; flex-shrink: 0; box-sizing: border-box;"[39m
                  [33mtype[39m=[32m"button"[39m
                  [33mvalue[39m=[32m"on"[39m
                [36m>[39m
                  [36m<span[39m
                    [33mclass[39m=[32m"flex items-center justify-center text-current"[39m
                    [33mdata-state[39m=[32m"checked"[39m
                    [33mstyle[39m=[32m"pointer-events: none;"[39m
                  [36m>[39m
                    [36m<svg[39m
                      [33mclass[39m=[32m"lucide lucide-check h-3 w-3"[39m
                      [33mfill[39m=[32m"none"[39m
                      [33mheight[39m=[32m"24"[39m
                      [33mstroke[39m=[32m"currentColor"[39m
                      [33mstroke-linecap[39m=[32m"round"[39m
                      [33mstroke-linejoin[39m=[32m"round"[39m
                      [33mstroke-width[39m=[32m"2"[39m
                      [33mstyle[39m=[32m"margin: 0px; padding: 0px;"[39m
                      [33mviewBox[39m=[32m"0 0 24 24"[39m
                      [33mwidth[39m=[32m"24"[39m
                      [33mxmlns[39m=[32m"http://www.w3.org/2000/svg"[39m
                    [36m>[39m
                      [36m<path[39m
                        [33md[39m=[32m"M20 6 9 17l-5-5"[39m
                      [36m/>[39m
                    [36m</svg>[39m
                  [36m</span>[39m
                [36m</button>[39m
                [36m<label[39m
                  [33mclass[39m=[32m"flex items-center gap-2 select-none group-data-[disabled=true]:pointer-events-none group-data-[disabled=true]:opacity-50 text-sm font-medium leading-none peer-disabled:cursor-not-allowed peer-disabled:opacity-70"[39m
                  [33mdata-slot[39m=[32m"label"[39m
                  [33mfor[39m=[32m"edit-internal-only"[39m
                [36m>[39m
                  [0mInternal Only (not visible to customers)[0m
                [36m</label>[39m
              [36m</div>[39m
            [36m</div>[39m
          [36m</div>[39m
        [36m</div>[39m
        [36m<div[39m
          [33mclass[39m=[32m"border-t p-4 flex justify-end space-x-2 bg-gray-50"[39m
        [36m>[39m
          [36m<button[39m
            [33mclass[39m=[32m"inline-flex items-center justify-center gap-2 whitespace-nowrap rounded-md text-sm font-medium transition-[color,box-shadow] disabled:pointer-events-none disabled:opacity-50 [&_svg]:pointer-events-none [&_svg:not([class*='size-'])]:size-4 shrink-0 [&_svg]:shrink-0 outline-none focus-visible:border-ring focus-visible:ring-ring/50 focus-visible:ring-[3px] aria-invalid:ring-destructive/20 dark:aria-invalid:ring-destructive/40 aria-invalid:border-destructive border border-input bg-background shadow-xs hover:bg-accent hover:text-accent-foreground h-9 px-4 py-2 has-[>svg]:px-3"[39m
            [33mdata-slot[39m=[32m"button"[39m
          [36m>[39m
            [0mCancel[0m
          [36m</button>[39m
          [36m<button[39m
            [33mclass[39m=[32m"inline-flex items-center justify-center gap-2 whitespace-nowrap rounded-md text-sm font-medium transition-[color,box-shadow] disabled:pointer-events-none disabled:opacity-50 [&_svg]:pointer-events-none [&_svg:not([class*='size-'])]:size-4 shrink-0 [&_svg]:shrink-0 outline-none focus-visible:border-ring focus-visible:ring-ring/50 focus-visible:ring-[3px] aria-invalid:ring-destructive/20 dark:aria-invalid:ring-destructive/40 aria-invalid:border-destructive bg-primary text-primary-foreground shadow-xs hover:bg-primary/90 h-9 px-4 py-2 has-[>svg]:px-3"[39m
            [33mdata-slot[39m=[32m"button"[39m
          [36m>[39m
            [0mSave Changes[0m
          [36m</button>[39m
        [36m</div>[39m
      [36m</div>[39m
    [36m</dialog>[39m
  [36m</div>[39m
[36m</body>[39m
[90m [2m❯[22m Object.getElementError node_modules/.pnpm/@testing-library+dom@10.4.1/node_modules/@testing-library/dom/dist/config.js:[2m37:19[22m[39m
[90m [2m❯[22m node_modules/.pnpm/@testing-library+dom@10.4.1/node_modules/@testing-library/dom/dist/query-helpers.js:[2m76:38[22m[39m
[90m [2m❯[22m node_modules/.pnpm/@testing-library+dom@10.4.1/node_modules/@testing-library/dom/dist/query-helpers.js:[2m52:17[22m[39m
[90m [2m❯[22m node_modules/.pnpm/@testing-library+dom@10.4.1/node_modules/@testing-library/dom/dist/query-helpers.js:[2m95:19[22m[39m
[36m [2m❯[22m src/components/services/__tests__/CommentEditModal.test.tsx:[2m112:21[22m[39m
    [90m110| [39m      )[33m;[39m
    [90m111| [39m
    [90m112| [39m      expect(screen.getByText('Template: Document Request')).toBeInThe…
    [90m   | [39m                    [31m^[39m
    [90m113| [39m      [90m// Template should not be editable[39m
    [90m114| [39m      expect(screen.queryByLabelText(/template/i)).not.toBeInTheDocume…

[31m[2m⎯⎯⎯⎯⎯⎯⎯⎯⎯⎯⎯⎯⎯⎯⎯⎯⎯⎯⎯⎯[146/377]⎯[22m[39m

[41m[1m FAIL [22m[49m src/components/services/__tests__/CommentEditModal.test.tsx[2m > [22mCommentEditModal[2m > [22mmodal display[2m > [22mshould show edit history if comment was previously edited
[31m[1mTestingLibraryElementError[22m[39m: Unable to find an element with the text: /previously edited by Jane Smith/i. This could be because the text is broken up by multiple elements. In this case, you can provide a function for your text matcher to make your matcher more flexible.

Ignored nodes: comments, script, style
[36m<body>[39m
  [36m<div>[39m
    [36m<dialog[39m
      [33maria-labelledby[39m=[32m"dialog-title"[39m
      [33mclass[39m=[32m"p-0 rounded-lg shadow-lg w-[calc(100%-32px)] max-w-lg"[39m
    [36m>[39m
      [36m<div>[39m
        [36m<div[39m
          [33mclass[39m=[32m"flex justify-between items-center border-b p-4"[39m
        [36m>[39m
          [36m<h2[39m
            [33mclass[39m=[32m"text-lg font-semibold"[39m
            [33mid[39m=[32m"dialog-title"[39m
          [36m>[39m
            [0mEdit Comment[0m
          [36m</h2>[39m
          [36m<button[39m
            [33maria-label[39m=[32m"Close dialog"[39m
            [33mclass[39m=[32m"text-gray-500 hover:text-gray-700 focus:outline-none focus:ring-2 focus:ring-offset-2 focus:ring-blue-500"[39m
          [36m>[39m
            [0mX[0m
          [36m</button>[39m
        [36m</div>[39m
        [36m<div[39m
          [33mclass[39m=[32m"p-4"[39m
        [36m>[39m
          [36m<div[39m
            [33mclass[39m=[32m"space-y-4"[39m
          [36m>[39m
            [36m<div>[39m
              [36m<label[39m
                [33mclass[39m=[32m"flex items-center gap-2 text-sm leading-none font-medium select-none group-data-[disabled=true]:pointer-events-none group-data-[disabled=true]:opacity-50 peer-disabled:cursor-not-allowed peer-disabled:opacity-50"[39m
                [33mdata-slot[39m=[32m"label"[39m
                [33mfor[39m=[32m"comment-text"[39m
              [36m>[39m
                [0mComment Text *[0m
              [36m</label>[39m
              [36m<textarea[39m
                [33mclass[39m=[32m"flex min-h-[80px] w-full rounded-md border border-input bg-background px-3 py-2 text-sm ring-offset-background placeholder:text-muted-foreground focus-visible:outline-none focus-visible:ring-2 focus-visible:ring-ring focus-visible:ring-offset-2 disabled:cursor-not-allowed disabled:opacity-50 mt-1"[39m
                [33mid[39m=[32m"comment-text"[39m
                [33mplaceholder[39m=[32m"Enter comment text..."[39m
                [33mrows[39m=[32m"6"[39m
              [36m>[39m
                [0mPlease provide driver license by March 15, 2024[0m
              [36m</textarea>[39m
              [36m<div[39m
                [33mclass[39m=[32m"text-sm mt-1 text-gray-500"[39m
              [36m>[39m
                [0m47[0m
                [0m/[0m
                [0m1000[0m
                [0m characters[0m
              [36m</div>[39m
            [36m</div>[39m
            [36m<div[39m
              [33mclass[39m=[32m"space-y-2"[39m
            [36m>[39m
              [36m<div[39m
                [33mclass[39m=[32m"flex items-center space-x-2"[39m
              [36m>[39m
                [36m<button[39m
                  [33maria-checked[39m=[32m"true"[39m
                  [33mclass[39m=[32m"peer relative rounded-sm border border-gray-300 focus-visible:outline-none focus-visible:ring-2 focus-visible:ring-ring disabled:cursor-not-allowed disabled:opacity-50 data-[state=checked]:bg-primary data-[state=checked]:text-primary-foreground"[39m
                  [33mdata-state[39m=[32m"checked"[39m
                  [33mid[39m=[32m"edit-internal-only"[39m
                  [33mrole[39m=[32m"checkbox"[39m
                  [33mstyle[39m=[32m"height: 16px; width: 16px; min-height: 16px; min-width: 16px; max-height: 16px; max-width: 16px; display: flex; align-items: center; justify-content: center; flex-shrink: 0; box-sizing: border-box;"[39m
                  [33mtype[39m=[32m"button"[39m
                  [33mvalue[39m=[32m"on"[39m
                [36m>[39m
                  [36m<span[39m
                    [33mclass[39m=[32m"flex items-center justify-center text-current"[39m
                    [33mdata-state[39m=[32m"checked"[39m
                    [33mstyle[39m=[32m"pointer-events: none;"[39m
                  [36m>[39m
                    [36m<svg[39m
                      [33mclass[39m=[32m"lucide lucide-check h-3 w-3"[39m
                      [33mfill[39m=[32m"none"[39m
                      [33mheight[39m=[32m"24"[39m
                      [33mstroke[39m=[32m"currentColor"[39m
                      [33mstroke-linecap[39m=[32m"round"[39m
                      [33mstroke-linejoin[39m=[32m"round"[39m
                      [33mstroke-width[39m=[32m"2"[39m
                      [33mstyle[39m=[32m"margin: 0px; padding: 0px;"[39m
                      [33mviewBox[39m=[32m"0 0 24 24"[39m
                      [33mwidth[39m=[32m"24"[39m
                      [33mxmlns[39m=[32m"http://www.w3.org/2000/svg"[39m
                    [36m>[39m
                      [36m<path[39m
                        [33md[39m=[32m"M20 6 9 17l-5-5"[39m
                      [36m/>[39m
                    [36m</svg>[39m
                  [36m</span>[39m
                [36m</button>[39m
                [36m<label[39m
                  [33mclass[39m=[32m"flex items-center gap-2 select-none group-data-[disabled=true]:pointer-events-none group-data-[disabled=true]:opacity-50 text-sm font-medium leading-none peer-disabled:cursor-not-allowed peer-disabled:opacity-70"[39m
                  [33mdata-slot[39m=[32m"label"[39m
                  [33mfor[39m=[32m"edit-internal-only"[39m
                [36m>[39m
                  [0mInternal Only (not visible to customers)[0m
                [36m</label>[39m
              [36m</div>[39m
            [36m</div>[39m
          [36m</div>[39m
        [36m</div>[39m
        [36m<div[39m
          [33mclass[39m=[32m"border-t p-4 flex justify-end space-x-2 bg-gray-50"[39m
        [36m>[39m
          [36m<button[39m
            [33mclass[39m=[32m"inline-flex items-center justify-center gap-2 whitespace-nowrap rounded-md text-sm font-medium transition-[color,box-shadow] disabled:pointer-events-none disabled:opacity-50 [&_svg]:pointer-events-none [&_svg:not([class*='size-'])]:size-4 shrink-0 [&_svg]:shrink-0 outline-none focus-visible:border-ring focus-visible:ring-ring/50 focus-visible:ring-[3px] aria-invalid:ring-destructive/20 dark:aria-invalid:ring-destructive/40 aria-invalid:border-destructive border border-input bg-background shadow-xs hover:bg-accent hover:text-accent-foreground h-9 px-4 py-2 has-[>svg]:px-3"[39m
            [33mdata-slot[39m=[32m"button"[39m
          [36m>[39m
            [0mCancel[0m
          [36m</button>[39m
          [36m<button[39m
            [33mclass[39m=[32m"inline-flex items-center justify-center gap-2 whitespace-nowrap rounded-md text-sm font-medium transition-[color,box-shadow] disabled:pointer-events-none disabled:opacity-50 [&_svg]:pointer-events-none [&_svg:not([class*='size-'])]:size-4 shrink-0 [&_svg]:shrink-0 outline-none focus-visible:border-ring focus-visible:ring-ring/50 focus-visible:ring-[3px] aria-invalid:ring-destructive/20 dark:aria-invalid:ring-destructive/40 aria-invalid:border-destructive bg-primary text-primary-foreground shadow-xs hover:bg-primary/90 h-9 px-4 py-2 has-[>svg]:px-3"[39m
            [33mdata-slot[39m=[32m"button"[39m
          [36m>[39m
            [0mSave Changes[0m
          [36m</button>[39m
        [36m</div>[39m
      [36m</div>[39m
    [36m</dialog>[39m
  [36m</div>[39m
[36m</body>[39m
[90m [2m❯[22m Object.getElementError node_modules/.pnpm/@testing-library+dom@10.4.1/node_modules/@testing-library/dom/dist/config.js:[2m37:19[22m[39m
[90m [2m❯[22m node_modules/.pnpm/@testing-library+dom@10.4.1/node_modules/@testing-library/dom/dist/query-helpers.js:[2m76:38[22m[39m
[90m [2m❯[22m node_modules/.pnpm/@testing-library+dom@10.4.1/node_modules/@testing-library/dom/dist/query-helpers.js:[2m52:17[22m[39m
[90m [2m❯[22m node_modules/.pnpm/@testing-library+dom@10.4.1/node_modules/@testing-library/dom/dist/query-helpers.js:[2m95:19[22m[39m
[36m [2m❯[22m src/components/services/__tests__/CommentEditModal.test.tsx:[2m148:21[22m[39m
    [90m146| [39m      )[33m;[39m
    [90m147| [39m
    [90m148| [39m      expect(screen.getByText(/previously edited by Jane Smith/i)).toB…
    [90m   | [39m                    [31m^[39m
    [90m149| [39m      [34mexpect[39m(screen[33m.[39m[34mgetByText[39m([36m/March 2, 2024/i[39m))[33m.[39m[34mtoBeInTheDocument[39m()[33m;[39m
    [90m150| [39m    })[33m;[39m

[31m[2m⎯⎯⎯⎯⎯⎯⎯⎯⎯⎯⎯⎯⎯⎯⎯⎯⎯⎯⎯⎯[147/377]⎯[22m[39m

[41m[1m FAIL [22m[49m src/components/services/__tests__/CommentEditModal.test.tsx[2m > [22mCommentEditModal[2m > [22mvisibility change warning[2m > [22mshould allow user to cancel visibility change
[31m[1mTestingLibraryElementError[22m[39m: Unable to find an accessible element with the role "button" and name `/keep internal/i`

There are no accessible roles. But there might be some inaccessible roles. If you wish to access them, then set the `hidden` option to `true`. Learn more about this here: https://testing-library.com/docs/dom-testing-library/api-queries#byrole

Ignored nodes: comments, script, style
[36m<body>[39m
  [36m<div>[39m
    [36m<dialog[39m
      [33maria-labelledby[39m=[32m"dialog-title"[39m
      [33mclass[39m=[32m"p-0 rounded-lg shadow-lg w-[calc(100%-32px)] max-w-lg"[39m
    [36m>[39m
      [36m<div>[39m
        [36m<div[39m
          [33mclass[39m=[32m"flex justify-between items-center border-b p-4"[39m
        [36m>[39m
          [36m<h2[39m
            [33mclass[39m=[32m"text-lg font-semibold"[39m
            [33mid[39m=[32m"dialog-title"[39m
          [36m>[39m
            [0mEdit Comment[0m
          [36m</h2>[39m
          [36m<button[39m
            [33maria-label[39m=[32m"Close dialog"[39m
            [33mclass[39m=[32m"text-gray-500 hover:text-gray-700 focus:outline-none focus:ring-2 focus:ring-offset-2 focus:ring-blue-500"[39m
          [36m>[39m
            [0mX[0m
          [36m</button>[39m
        [36m</div>[39m
        [36m<div[39m
          [33mclass[39m=[32m"p-4"[39m
        [36m>[39m
          [36m<div[39m
            [33mclass[39m=[32m"space-y-4"[39m
          [36m>[39m
            [36m<div>[39m
              [36m<label[39m
                [33mclass[39m=[32m"flex items-center gap-2 text-sm leading-none font-medium select-none group-data-[disabled=true]:pointer-events-none group-data-[disabled=true]:opacity-50 peer-disabled:cursor-not-allowed peer-disabled:opacity-50"[39m
                [33mdata-slot[39m=[32m"label"[39m
                [33mfor[39m=[32m"comment-text"[39m
              [36m>[39m
                [0mComment Text *[0m
              [36m</label>[39m
              [36m<textarea[39m
                [33mclass[39m=[32m"flex min-h-[80px] w-full rounded-md border border-input bg-background px-3 py-2 text-sm ring-offset-background placeholder:text-muted-foreground focus-visible:outline-none focus-visible:ring-2 focus-visible:ring-ring focus-visible:ring-offset-2 disabled:cursor-not-allowed disabled:opacity-50 mt-1"[39m
                [33mid[39m=[32m"comment-text"[39m
                [33mplaceholder[39m=[32m"Enter comment text..."[39m
                [33mrows[39m=[32m"6"[39m
              [36m>[39m
                [0mPlease provide driver license by March 15, 2024[0m
              [36m</textarea>[39m
              [36m<div[39m
                [33mclass[39m=[32m"text-sm mt-1 text-gray-500"[39m
              [36m>[39m
                [0m47[0m
                [0m/[0m
                [0m1000[0m
                [0m characters[0m
              [36m</div>[39m
            [36m</div>[39m
            [36m<div[39m
              [33mclass[39m=[32m"space-y-2"[39m
            [36m>[39m
              [36m<div[39m
                [33mclass[39m=[32m"flex items-center space-x-2"[39m
              [36m>[39m
                [36m<button[39m
                  [33maria-checked[39m=[32m"false"[39m
                  [33mclass[39m=[32m"peer relative rounded-sm border border-gray-300 focus-visible:outline-none focus-visible:ring-2 focus-visible:ring-ring disabled:cursor-not-allowed disabled:opacity-50 data-[state=checked]:bg-primary data-[state=checked]:text-primary-foreground"[39m
                  [33mdata-state[39m=[32m"unchecked"[39m
                  [33mid[39m=[32m"edit-internal-only"[39m
                  [33mrole[39m=[32m"checkbox"[39m
                  [33mstyle[39m=[32m"height: 16px; width: 16px; min-height: 16px; min-width: 16px; max-height: 16px; max-width: 16px; display: flex; align-items: center; justify-content: center; flex-shrink: 0; box-sizing: border-box;"[39m
                  [33mtype[39m=[32m"button"[39m
                  [33mvalue[39m=[32m"on"[39m
                [36m/>[39m
                [36m<label[39m
                  [33mclass[39m=[32m"flex items-center gap-2 select-none group-data-[disabled=true]:pointer-events-none group-data-[disabled=true]:opacity-50 text-sm font-medium leading-none peer-disabled:cursor-not-allowed peer-disabled:opacity-70"[39m
                  [33mdata-slot[39m=[32m"label"[39m
                  [33mfor[39m=[32m"edit-internal-only"[39m
                [36m>[39m
                  [0mInternal Only (not visible to customers)[0m
                [36m</label>[39m
              [36m</div>[39m
              [36m<div[39m
                [33mclass[39m=[32m"flex items-start gap-2 p-3 text-amber-700 bg-amber-50 rounded-md"[39m
              [36m>[39m
                [36m<svg[39m
                  [33mclass[39m=[32m"lucide lucide-alert-circle w-4 h-4 mt-0.5 flex-shrink-0"[39m
                  [33mfill[39m=[32m"none"[39m
                  [33mheight[39m=[32m"24"[39m
                  [33mstroke[39m=[32m"currentColor"[39m
                  [33mstroke-linecap[39m=[32m"round"[39m
                  [33mstroke-linejoin[39m=[32m"round"[39m
                  [33mstroke-width[39m=[32m"2"[39m
                  [33mviewBox[39m=[32m"0 0 24 24"[39m
                  [33mwidth[39m=[32m"24"[39m
                  [33mxmlns[39m=[32m"http://www.w3.org/2000/svg"[39m
                [36m>[39m
                  [36m<circle[39m
                    [33mcx[39m=[32m"12"[39m
                    [33mcy[39m=[32m"12"[39m
                    [33mr[39m=[32m"10"[39m
                  [36m/>[39m
                  [36m<line[39m
                    [33mx1[39m=[32m"12"[39m
                    [33mx2[39m=[32m"12"[39m
                    [33my1[39m=[32m"8"[39m
                    [33my2[39m=[32m"12"[39m
                  [36m/>[39m
                  [36m<line[39m
                    [33mx1[39m=[32m"12"[39m
                    [33mx2[39m=[32m"12.01"[39m
                    [33my1[39m=[32m"16"[39m
                    [33my2[39m=[32m"16"[39m
                  [36m/>[39m
                [36m</svg>[39m
                [36m<div[39m
                  [33mclass[39m=[32m"text-sm"[39m
                [36m>[39m
                  [36m<p[39m
                    [33mclass[39m=[32m"font-medium"[39m
                  [36m>[39m
                    [0mWarning: Making this comment external[0m
                  [36m</p>[39m
                  [36m<p>[39m
                    [0mThis will make the comment visible to customers. Are you sure you want to continue?[0m
                  [36m</p>[39m
                [36m</div>[39m
              [36m</div>[39m
            [36m</div>[39m
          [36m</div>[39m
        [36m</div>[39m
        [36m<div[39m
          [33mclass[39m=[32m"border-t p-4 flex justify-end space-x-2 bg-gray-50"[39m
        [36m>[39m
          [36m<button[39m
            [33mclass[39m=[32m"inline-flex items-center justify-center gap-2 whitespace-nowrap rounded-md text-sm font-medium transition-[color,box-shadow] disabled:pointer-events-none disabled:opacity-50 [&_svg]:pointer-events-none [&_svg:not([class*='size-'])]:size-4 shrink-0 [&_svg]:shrink-0 outline-none focus-visible:border-ring focus-visible:ring-ring/50 focus-visible:ring-[3px] aria-invalid:ring-destructive/20 dark:aria-invalid:ring-destructive/40 aria-invalid:border-destructive border border-input bg-background shadow-xs hover:bg-accent hover:text-accent-foreground h-9 px-4 py-2 has-[>svg]:px-3"[39m
            [33mdata-slot[39m=[32m"button"[39m
          [36m>[39m
            [0mCancel[0m
          [36m</button>[39m
          [36m<button[39m
            [33mclass[39m=[32m"inline-flex items-center justify-center gap-2 whitespace-nowrap rounded-md text-sm font-medium transition-[color,box-shadow] disabled:pointer-events-none disabled:opacity-50 [&_svg]:pointer-events-none [&_svg:not([class*='size-'])]:size-4 shrink-0 [&_svg]:shrink-0 outline-none focus-visible:border-ring focus-visible:ring-ring/50 focus-visible:ring-[3px] aria-invalid:ring-destructive/20 dark:aria-invalid:ring-destructive/40 aria-invalid:border-destructive bg-primary text-primary-foreground shadow-xs hover:bg-primary/90 h-9 px-4 py-2 has-[>svg]:px-3"[39m
            [33mdata-slot[39m=[32m"button"[39m
          [36m>[39m
            [0mSave Changes[0m
          [36m</button>[39m
        [36m</div>[39m
      [36m</div>[39m
    [36m</dialog>[39m
  [36m</div>[39m
[36m</body>[39m
[90m [2m❯[22m Object.getElementError node_modules/.pnpm/@testing-library+dom@10.4.1/node_modules/@testing-library/dom/dist/config.js:[2m37:19[22m[39m
[90m [2m❯[22m node_modules/.pnpm/@testing-library+dom@10.4.1/node_modules/@testing-library/dom/dist/query-helpers.js:[2m76:38[22m[39m
[90m [2m❯[22m node_modules/.pnpm/@testing-library+dom@10.4.1/node_modules/@testing-library/dom/dist/query-helpers.js:[2m52:17[22m[39m
[90m [2m❯[22m node_modules/.pnpm/@testing-library+dom@10.4.1/node_modules/@testing-library/dom/dist/query-helpers.js:[2m95:19[22m[39m
[36m [2m❯[22m src/components/services/__tests__/CommentEditModal.test.tsx:[2m215:41[22m[39m
    [90m213| [39m
    [90m214| [39m      [90m// Click "Keep Internal" button[39m
    [90m215| [39m      const keepInternalButton = screen.getByRole('button', { name: /k…
    [90m   | [39m                                        [31m^[39m
    [90m216| [39m      [35mawait[39m user[33m.[39m[34mclick[39m(keepInternalButton)[33m;[39m
    [90m217| [39m

[31m[2m⎯⎯⎯⎯⎯⎯⎯⎯⎯⎯⎯⎯⎯⎯⎯⎯⎯⎯⎯⎯[148/377]⎯[22m[39m

[41m[1m FAIL [22m[49m src/components/services/__tests__/CommentEditModal.test.tsx[2m > [22mCommentEditModal[2m > [22mvisibility change warning[2m > [22mshould allow user to proceed with visibility change
[31m[1mTestingLibraryElementError[22m[39m: Unable to find an accessible element with the role "button" and name `/make external/i`

There are no accessible roles. But there might be some inaccessible roles. If you wish to access them, then set the `hidden` option to `true`. Learn more about this here: https://testing-library.com/docs/dom-testing-library/api-queries#byrole

Ignored nodes: comments, script, style
[36m<body>[39m
  [36m<div>[39m
    [36m<dialog[39m
      [33maria-labelledby[39m=[32m"dialog-title"[39m
      [33mclass[39m=[32m"p-0 rounded-lg shadow-lg w-[calc(100%-32px)] max-w-lg"[39m
    [36m>[39m
      [36m<div>[39m
        [36m<div[39m
          [33mclass[39m=[32m"flex justify-between items-center border-b p-4"[39m
        [36m>[39m
          [36m<h2[39m
            [33mclass[39m=[32m"text-lg font-semibold"[39m
            [33mid[39m=[32m"dialog-title"[39m
          [36m>[39m
            [0mEdit Comment[0m
          [36m</h2>[39m
          [36m<button[39m
            [33maria-label[39m=[32m"Close dialog"[39m
            [33mclass[39m=[32m"text-gray-500 hover:text-gray-700 focus:outline-none focus:ring-2 focus:ring-offset-2 focus:ring-blue-500"[39m
          [36m>[39m
            [0mX[0m
          [36m</button>[39m
        [36m</div>[39m
        [36m<div[39m
          [33mclass[39m=[32m"p-4"[39m
        [36m>[39m
          [36m<div[39m
            [33mclass[39m=[32m"space-y-4"[39m
          [36m>[39m
            [36m<div>[39m
              [36m<label[39m
                [33mclass[39m=[32m"flex items-center gap-2 text-sm leading-none font-medium select-none group-data-[disabled=true]:pointer-events-none group-data-[disabled=true]:opacity-50 peer-disabled:cursor-not-allowed peer-disabled:opacity-50"[39m
                [33mdata-slot[39m=[32m"label"[39m
                [33mfor[39m=[32m"comment-text"[39m
              [36m>[39m
                [0mComment Text *[0m
              [36m</label>[39m
              [36m<textarea[39m
                [33mclass[39m=[32m"flex min-h-[80px] w-full rounded-md border border-input bg-background px-3 py-2 text-sm ring-offset-background placeholder:text-muted-foreground focus-visible:outline-none focus-visible:ring-2 focus-visible:ring-ring focus-visible:ring-offset-2 disabled:cursor-not-allowed disabled:opacity-50 mt-1"[39m
                [33mid[39m=[32m"comment-text"[39m
                [33mplaceholder[39m=[32m"Enter comment text..."[39m
                [33mrows[39m=[32m"6"[39m
              [36m>[39m
                [0mPlease provide driver license by March 15, 2024[0m
              [36m</textarea>[39m
              [36m<div[39m
                [33mclass[39m=[32m"text-sm mt-1 text-gray-500"[39m
              [36m>[39m
                [0m47[0m
                [0m/[0m
                [0m1000[0m
                [0m characters[0m
              [36m</div>[39m
            [36m</div>[39m
            [36m<div[39m
              [33mclass[39m=[32m"space-y-2"[39m
            [36m>[39m
              [36m<div[39m
                [33mclass[39m=[32m"flex items-center space-x-2"[39m
              [36m>[39m
                [36m<button[39m
                  [33maria-checked[39m=[32m"false"[39m
                  [33mclass[39m=[32m"peer relative rounded-sm border border-gray-300 focus-visible:outline-none focus-visible:ring-2 focus-visible:ring-ring disabled:cursor-not-allowed disabled:opacity-50 data-[state=checked]:bg-primary data-[state=checked]:text-primary-foreground"[39m
                  [33mdata-state[39m=[32m"unchecked"[39m
                  [33mid[39m=[32m"edit-internal-only"[39m
                  [33mrole[39m=[32m"checkbox"[39m
                  [33mstyle[39m=[32m"height: 16px; width: 16px; min-height: 16px; min-width: 16px; max-height: 16px; max-width: 16px; display: flex; align-items: center; justify-content: center; flex-shrink: 0; box-sizing: border-box;"[39m
                  [33mtype[39m=[32m"button"[39m
                  [33mvalue[39m=[32m"on"[39m
                [36m/>[39m
                [36m<label[39m
                  [33mclass[39m=[32m"flex items-center gap-2 select-none group-data-[disabled=true]:pointer-events-none group-data-[disabled=true]:opacity-50 text-sm font-medium leading-none peer-disabled:cursor-not-allowed peer-disabled:opacity-70"[39m
                  [33mdata-slot[39m=[32m"label"[39m
                  [33mfor[39m=[32m"edit-internal-only"[39m
                [36m>[39m
                  [0mInternal Only (not visible to customers)[0m
                [36m</label>[39m
              [36m</div>[39m
              [36m<div[39m
                [33mclass[39m=[32m"flex items-start gap-2 p-3 text-amber-700 bg-amber-50 rounded-md"[39m
              [36m>[39m
                [36m<svg[39m
                  [33mclass[39m=[32m"lucide lucide-alert-circle w-4 h-4 mt-0.5 flex-shrink-0"[39m
                  [33mfill[39m=[32m"none"[39m
                  [33mheight[39m=[32m"24"[39m
                  [33mstroke[39m=[32m"currentColor"[39m
                  [33mstroke-linecap[39m=[32m"round"[39m
                  [33mstroke-linejoin[39m=[32m"round"[39m
                  [33mstroke-width[39m=[32m"2"[39m
                  [33mviewBox[39m=[32m"0 0 24 24"[39m
                  [33mwidth[39m=[32m"24"[39m
                  [33mxmlns[39m=[32m"http://www.w3.org/2000/svg"[39m
                [36m>[39m
                  [36m<circle[39m
                    [33mcx[39m=[32m"12"[39m
                    [33mcy[39m=[32m"12"[39m
                    [33mr[39m=[32m"10"[39m
                  [36m/>[39m
                  [36m<line[39m
                    [33mx1[39m=[32m"12"[39m
                    [33mx2[39m=[32m"12"[39m
                    [33my1[39m=[32m"8"[39m
                    [33my2[39m=[32m"12"[39m
                  [36m/>[39m
                  [36m<line[39m
                    [33mx1[39m=[32m"12"[39m
                    [33mx2[39m=[32m"12.01"[39m
                    [33my1[39m=[32m"16"[39m
                    [33my2[39m=[32m"16"[39m
                  [36m/>[39m
                [36m</svg>[39m
                [36m<div[39m
                  [33mclass[39m=[32m"text-sm"[39m
                [36m>[39m
                  [36m<p[39m
                    [33mclass[39m=[32m"font-medium"[39m
                  [36m>[39m
                    [0mWarning: Making this comment external[0m
                  [36m</p>[39m
                  [36m<p>[39m
                    [0mThis will make the comment visible to customers. Are you sure you want to continue?[0m
                  [36m</p>[39m
                [36m</div>[39m
              [36m</div>[39m
            [36m</div>[39m
          [36m</div>[39m
        [36m</div>[39m
        [36m<div[39m
          [33mclass[39m=[32m"border-t p-4 flex justify-end space-x-2 bg-gray-50"[39m
        [36m>[39m
          [36m<button[39m
            [33mclass[39m=[32m"inline-flex items-center justify-center gap-2 whitespace-nowrap rounded-md text-sm font-medium transition-[color,box-shadow] disabled:pointer-events-none disabled:opacity-50 [&_svg]:pointer-events-none [&_svg:not([class*='size-'])]:size-4 shrink-0 [&_svg]:shrink-0 outline-none focus-visible:border-ring focus-visible:ring-ring/50 focus-visible:ring-[3px] aria-invalid:ring-destructive/20 dark:aria-invalid:ring-destructive/40 aria-invalid:border-destructive border border-input bg-background shadow-xs hover:bg-accent hover:text-accent-foreground h-9 px-4 py-2 has-[>svg]:px-3"[39m
            [33mdata-slot[39m=[32m"button"[39m
          [36m>[39m
            [0mCancel[0m
          [36m</button>[39m
          [36m<button[39m
            [33mclass[39m=[32m"inline-flex items-center justify-center gap-2 whitespace-nowrap rounded-md text-sm font-medium transition-[color,box-shadow] disabled:pointer-events-none disabled:opacity-50 [&_svg]:pointer-events-none [&_svg:not([class*='size-'])]:size-4 shrink-0 [&_svg]:shrink-0 outline-none focus-visible:border-ring focus-visible:ring-ring/50 focus-visible:ring-[3px] aria-invalid:ring-destructive/20 dark:aria-invalid:ring-destructive/40 aria-invalid:border-destructive bg-primary text-primary-foreground shadow-xs hover:bg-primary/90 h-9 px-4 py-2 has-[>svg]:px-3"[39m
            [33mdata-slot[39m=[32m"button"[39m
          [36m>[39m
            [0mSave Changes[0m
          [36m</button>[39m
        [36m</div>[39m
      [36m</div>[39m
    [36m</dialog>[39m
  [36m</div>[39m
[36m</body>[39m
[90m [2m❯[22m Object.getElementError node_modules/.pnpm/@testing-library+dom@10.4.1/node_modules/@testing-library/dom/dist/config.js:[2m37:19[22m[39m
[90m [2m❯[22m node_modules/.pnpm/@testing-library+dom@10.4.1/node_modules/@testing-library/dom/dist/query-helpers.js:[2m76:38[22m[39m
[90m [2m❯[22m node_modules/.pnpm/@testing-library+dom@10.4.1/node_modules/@testing-library/dom/dist/query-helpers.js:[2m52:17[22m[39m
[90m [2m❯[22m node_modules/.pnpm/@testing-library+dom@10.4.1/node_modules/@testing-library/dom/dist/query-helpers.js:[2m95:19[22m[39m
[36m [2m❯[22m src/components/services/__tests__/CommentEditModal.test.tsx:[2m242:41[22m[39m
    [90m240| [39m
    [90m241| [39m      [90m// Click "Make External" button[39m
    [90m242| [39m      const makeExternalButton = screen.getByRole('button', { name: /m…
    [90m   | [39m                                        [31m^[39m
    [90m243| [39m      [35mawait[39m user[33m.[39m[34mclick[39m(makeExternalButton)[33m;[39m
    [90m244| [39m

[31m[2m⎯⎯⎯⎯⎯⎯⎯⎯⎯⎯⎯⎯⎯⎯⎯⎯⎯⎯⎯⎯[149/377]⎯[22m[39m

[41m[1m FAIL [22m[49m src/components/services/__tests__/CommentEditModal.test.tsx[2m > [22mCommentEditModal[2m > [22mtext editing[2m > [22mshould show error when text is empty
[31m[1mTestingLibraryElementError[22m[39m: Unable to find an accessible element with the role "button" and name `/save changes/i`

There are no accessible roles. But there might be some inaccessible roles. If you wish to access them, then set the `hidden` option to `true`. Learn more about this here: https://testing-library.com/docs/dom-testing-library/api-queries#byrole

Ignored nodes: comments, script, style
[36m<body>[39m
  [36m<div>[39m
    [36m<dialog[39m
      [33maria-labelledby[39m=[32m"dialog-title"[39m
      [33mclass[39m=[32m"p-0 rounded-lg shadow-lg w-[calc(100%-32px)] max-w-lg"[39m
    [36m>[39m
      [36m<div>[39m
        [36m<div[39m
          [33mclass[39m=[32m"flex justify-between items-center border-b p-4"[39m
        [36m>[39m
          [36m<h2[39m
            [33mclass[39m=[32m"text-lg font-semibold"[39m
            [33mid[39m=[32m"dialog-title"[39m
          [36m>[39m
            [0mEdit Comment[0m
          [36m</h2>[39m
          [36m<button[39m
            [33maria-label[39m=[32m"Close dialog"[39m
            [33mclass[39m=[32m"text-gray-500 hover:text-gray-700 focus:outline-none focus:ring-2 focus:ring-offset-2 focus:ring-blue-500"[39m
          [36m>[39m
            [0mX[0m
          [36m</button>[39m
        [36m</div>[39m
        [36m<div[39m
          [33mclass[39m=[32m"p-4"[39m
        [36m>[39m
          [36m<div[39m
            [33mclass[39m=[32m"space-y-4"[39m
          [36m>[39m
            [36m<div>[39m
              [36m<label[39m
                [33mclass[39m=[32m"flex items-center gap-2 text-sm leading-none font-medium select-none group-data-[disabled=true]:pointer-events-none group-data-[disabled=true]:opacity-50 peer-disabled:cursor-not-allowed peer-disabled:opacity-50"[39m
                [33mdata-slot[39m=[32m"label"[39m
                [33mfor[39m=[32m"comment-text"[39m
              [36m>[39m
                [0mComment Text *[0m
              [36m</label>[39m
              [36m<textarea[39m
                [33mclass[39m=[32m"flex min-h-[80px] w-full rounded-md border border-input bg-background px-3 py-2 text-sm ring-offset-background placeholder:text-muted-foreground focus-visible:outline-none focus-visible:ring-2 focus-visible:ring-ring focus-visible:ring-offset-2 disabled:cursor-not-allowed disabled:opacity-50 mt-1"[39m
                [33mid[39m=[32m"comment-text"[39m
                [33mplaceholder[39m=[32m"Enter comment text..."[39m
                [33mrows[39m=[32m"6"[39m
              [36m/>[39m
              [36m<div[39m
                [33mclass[39m=[32m"text-sm mt-1 text-gray-500"[39m
              [36m>[39m
                [0m0[0m
                [0m/[0m
                [0m1000[0m
                [0m characters[0m
              [36m</div>[39m
            [36m</div>[39m
            [36m<div[39m
              [33mclass[39m=[32m"space-y-2"[39m
            [36m>[39m
              [36m<div[39m
                [33mclass[39m=[32m"flex items-center space-x-2"[39m
              [36m>[39m
                [36m<button[39m
                  [33maria-checked[39m=[32m"true"[39m
                  [33mclass[39m=[32m"peer relative rounded-sm border border-gray-300 focus-visible:outline-none focus-visible:ring-2 focus-visible:ring-ring disabled:cursor-not-allowed disabled:opacity-50 data-[state=checked]:bg-primary data-[state=checked]:text-primary-foreground"[39m
                  [33mdata-state[39m=[32m"checked"[39m
                  [33mid[39m=[32m"edit-internal-only"[39m
                  [33mrole[39m=[32m"checkbox"[39m
                  [33mstyle[39m=[32m"height: 16px; width: 16px; min-height: 16px; min-width: 16px; max-height: 16px; max-width: 16px; display: flex; align-items: center; justify-content: center; flex-shrink: 0; box-sizing: border-box;"[39m
                  [33mtype[39m=[32m"button"[39m
                  [33mvalue[39m=[32m"on"[39m
                [36m>[39m
                  [36m<span[39m
                    [33mclass[39m=[32m"flex items-center justify-center text-current"[39m
                    [33mdata-state[39m=[32m"checked"[39m
                    [33mstyle[39m=[32m"pointer-events: none;"[39m
                  [36m>[39m
                    [36m<svg[39m
                      [33mclass[39m=[32m"lucide lucide-check h-3 w-3"[39m
                      [33mfill[39m=[32m"none"[39m
                      [33mheight[39m=[32m"24"[39m
                      [33mstroke[39m=[32m"currentColor"[39m
                      [33mstroke-linecap[39m=[32m"round"[39m
                      [33mstroke-linejoin[39m=[32m"round"[39m
                      [33mstroke-width[39m=[32m"2"[39m
                      [33mstyle[39m=[32m"margin: 0px; padding: 0px;"[39m
                      [33mviewBox[39m=[32m"0 0 24 24"[39m
                      [33mwidth[39m=[32m"24"[39m
                      [33mxmlns[39m=[32m"http://www.w3.org/2000/svg"[39m
                    [36m>[39m
                      [36m<path[39m
                        [33md[39m=[32m"M20 6 9 17l-5-5"[39m
                      [36m/>[39m
                    [36m</svg>[39m
                  [36m</span>[39m
                [36m</button>[39m
                [36m<label[39m
                  [33mclass[39m=[32m"flex items-center gap-2 select-none group-data-[disabled=true]:pointer-events-none group-data-[disabled=true]:opacity-50 text-sm font-medium leading-none peer-disabled:cursor-not-allowed peer-disabled:opacity-70"[39m
                  [33mdata-slot[39m=[32m"label"[39m
                  [33mfor[39m=[32m"edit-internal-only"[39m
                [36m>[39m
                  [0mInternal Only (not visible to customers)[0m
                [36m</label>[39m
              [36m</div>[39m
            [36m</div>[39m
          [36m</div>[39m
        [36m</div>[39m
        [36m<div[39m
          [33mclass[39m=[32m"border-t p-4 flex justify-end space-x-2 bg-gray-50"[39m
        [36m>[39m
          [36m<button[39m
            [33mclass[39m=[32m"inline-flex items-center justify-center gap-2 whitespace-nowrap rounded-md text-sm font-medium transition-[color,box-shadow] disabled:pointer-events-none disabled:opacity-50 [&_svg]:pointer-events-none [&_svg:not([class*='size-'])]:size-4 shrink-0 [&_svg]:shrink-0 outline-none focus-visible:border-ring focus-visible:ring-ring/50 focus-visible:ring-[3px] aria-invalid:ring-destructive/20 dark:aria-invalid:ring-destructive/40 aria-invalid:border-destructive border border-input bg-background shadow-xs hover:bg-accent hover:text-accent-foreground h-9 px-4 py-2 has-[>svg]:px-3"[39m
            [33mdata-slot[39m=[32m"button"[39m
          [36m>[39m
            [0mCancel[0m
          [36m</button>[39m
          [36m<button[39m
            [33mclass[39m=[32m"inline-flex items-center justify-center gap-2 whitespace-nowrap rounded-md text-sm font-medium transition-[color,box-shadow] disabled:pointer-events-none disabled:opacity-50 [&_svg]:pointer-events-none [&_svg:not([class*='size-'])]:size-4 shrink-0 [&_svg]:shrink-0 outline-none focus-visible:border-ring focus-visible:ring-ring/50 focus-visible:ring-[3px] aria-invalid:ring-destructive/20 dark:aria-invalid:ring-destructive/40 aria-invalid:border-destructive bg-primary text-primary-foreground shadow-xs hover:bg-primary/90 h-9 px-4 py-2 has-[>svg]:px-3"[39m
            [33mdata-slot[39m=[32m"button"[39m
          [36m>[39m
            [0mSave Changes[0m
          [36m</button>[39m
        [36m</div>[39m
      [36m</div>[39m
    [36m</dialog>[39m
  [36m</div>[39m
[36m</body>[39m
[90m [2m❯[22m Object.getElementError node_modules/.pnpm/@testing-library+dom@10.4.1/node_modules/@testing-library/dom/dist/config.js:[2m37:19[22m[39m
[90m [2m❯[22m node_modules/.pnpm/@testing-library+dom@10.4.1/node_modules/@testing-library/dom/dist/query-helpers.js:[2m76:38[22m[39m
[90m [2m❯[22m node_modules/.pnpm/@testing-library+dom@10.4.1/node_modules/@testing-library/dom/dist/query-helpers.js:[2m52:17[22m[39m
[90m [2m❯[22m node_modules/.pnpm/@testing-library+dom@10.4.1/node_modules/@testing-library/dom/dist/query-helpers.js:[2m95:19[22m[39m
[36m [2m❯[22m src/components/services/__tests__/CommentEditModal.test.tsx:[2m286:33[22m[39m
    [90m284| [39m      [35mawait[39m user[33m.[39m[34mclear[39m(textArea)[33m;[39m
    [90m285| [39m
    [90m286| [39m      const saveButton = screen.getByRole('button', { name: /save chan…
    [90m   | [39m                                [31m^[39m
    [90m287| [39m      [35mawait[39m user[33m.[39m[34mclick[39m(saveButton)[33m;[39m
    [90m288| [39m

[31m[2m⎯⎯⎯⎯⎯⎯⎯⎯⎯⎯⎯⎯⎯⎯⎯⎯⎯⎯⎯⎯[150/377]⎯[22m[39m

[41m[1m FAIL [22m[49m src/components/services/__tests__/CommentEditModal.test.tsx[2m > [22mCommentEditModal[2m > [22mtext editing[2m > [22mshould show error when text exceeds 1000 characters
[31m[1mTestingLibraryElementError[22m[39m: Unable to find an accessible element with the role "button" and name `/save changes/i`

There are no accessible roles. But there might be some inaccessible roles. If you wish to access them, then set the `hidden` option to `true`. Learn more about this here: https://testing-library.com/docs/dom-testing-library/api-queries#byrole

Ignored nodes: comments, script, style
[36m<body>[39m
  [36m<div>[39m
    [36m<dialog[39m
      [33maria-labelledby[39m=[32m"dialog-title"[39m
      [33mclass[39m=[32m"p-0 rounded-lg shadow-lg w-[calc(100%-32px)] max-w-lg"[39m
    [36m>[39m
      [36m<div>[39m
        [36m<div[39m
          [33mclass[39m=[32m"flex justify-between items-center border-b p-4"[39m
        [36m>[39m
          [36m<h2[39m
            [33mclass[39m=[32m"text-lg font-semibold"[39m
            [33mid[39m=[32m"dialog-title"[39m
          [36m>[39m
            [0mEdit Comment[0m
          [36m</h2>[39m
          [36m<button[39m
            [33maria-label[39m=[32m"Close dialog"[39m
            [33mclass[39m=[32m"text-gray-500 hover:text-gray-700 focus:outline-none focus:ring-2 focus:ring-offset-2 focus:ring-blue-500"[39m
          [36m>[39m
            [0mX[0m
          [36m</button>[39m
        [36m</div>[39m
        [36m<div[39m
          [33mclass[39m=[32m"p-4"[39m
        [36m>[39m
          [36m<div[39m
            [33mclass[39m=[32m"space-y-4"[39m
          [36m>[39m
            [36m<div>[39m
              [36m<label[39m
                [33mclass[39m=[32m"flex items-center gap-2 text-sm leading-none font-medium select-none group-data-[disabled=true]:pointer-events-none group-data-[disabled=true]:opacity-50 peer-disabled:cursor-not-allowed peer-disabled:opacity-50"[39m
                [33mdata-slot[39m=[32m"label"[39m
                [33mfor[39m=[32m"comment-text"[39m
              [36m>[39m
                [0mComment Text *[0m
              [36m</label>[39m
              [36m<textarea[39m
                [33mclass[39m=[32m"flex min-h-[80px] w-full rounded-md border border-input bg-background px-3 py-2 text-sm ring-offset-background placeholder:text-muted-foreground focus-visible:outline-none focus-visible:ring-2 focus-visible:ring-ring focus-visible:ring-offset-2 disabled:cursor-not-allowed disabled:opacity-50 mt-1"[39m
                [33mid[39m=[32m"comment-text"[39m
                [33mplaceholder[39m=[32m"Enter comment text..."[39m
                [33mrows[39m=[32m"6"[39m
              [36m>[39m
                [0maaaaaaaaaaaaaaaaaaaaaaaaaaaaaaaaaaaaaaaaaaaaaaaaaaaaaaaaaaaaaaaaaaaaaaaaaaaaaaaaaaaaaaaaaaaaaaaaaaaaaaaaaaaaaaaaaaaaaaaaaaaaaaaaaaaaaaaaaaaaaaaaaaaaaaaaaaaaaaaaaaaaaaaaaaaaaaaaaaaaaaaaaaaaaaaaaaaaaaaaaaaaaaaaaaaaaaaaaaaaaaaaaaaaaaaaaaaaaaaaaaaaaaaaaaaaaaaaaaaaaaaaaaaaaaaaaaaaaaaaaaaaaaaaaaaaaaaaaaaaaaaaaaaaaaaaaaaaaaaaaaaaaaaaaaaaaaaaaaaaaaaaaaaaaaaaaaaaaaaaaaaaaaaaaaaaaaaaaaaaaaaaaaaaaaaaaaaaaaaaaaaaaaaaaaaaaaaaaaaaaaaaaaaaaaaaaaaaaaaaaaaaaaaaaaaaaaaaaaaaaaaaaaaaaaaaaaaaaaaaaaaaaaaaaaaaaaaaaaaaaaaaaaaaaaaaaaaaaaaaaaaaaaaaaaaaaaaaaaaaaaaaaaaaaaaaaaaaaaaaaaaaaaaaaaaaaaaaaaaaaaaaaaaaaaaaaaaaaaaaaaaaaaaaaaaaaaaaaaaaaaaaaaaaaaaaaaaaaaaaaaaaaaaaaaaaaaaaaaaaaaaaaaaaaaaaaaaaaaaaaaaaaaaaaaaaaaaaaaaaaaaaaaaaaaaaaaaaaaaaaaaaaaaaaaaaaaaaaaaaaaaaaaaaaaaaaaaaaaaaaaaaaaaaaaaaaaaaaaaaaaaaaaaaaaaaaaaaaaaaaaaaaaaaaaaaaaaaaaaaaaaaaaaaaaaaaaaaaaaaaaaaaaaaaaaaaaaaaaaaaaaaaaaaaaaaaaaaaaaaaaaaaaaaaaaaaaaaaaaaaaaaaaaaaaaaaaaaaaaaaaaaaaaaaaaaaaaaaaaaaaaaaaaaaaaaaaaaaaaaaaaaaaaaaaaaaaaaaaaaaaaaaaaaaaaaaaaaaaaaa[0m
              [36m</textarea>[39m
              [36m<div[39m
                [33mclass[39m=[32m"text-sm mt-1 text-red-600"[39m
              [36m>[39m
                [0m1001[0m
                [0m/[0m
                [0m1000[0m
                [0m characters[0m
              [36m</div>[39m
            [36m</div>[39m
            [36m<div[39m
              [33mclass[39m=[32m"space-y-2"[39m
            [36m>[39m
              [36m<div[39m
                [33mclass[39m=[32m"flex items-center space-x-2"[39m
              [36m>[39m
                [36m<button[39m
                  [33maria-checked[39m=[32m"true"[39m
                  [33mclass[39m=[32m"peer relative rounded-sm border border-gray-300 focus-visible:outline-none focus-visible:ring-2 focus-visible:ring-ring disabled:cursor-not-allowed disabled:opacity-50 data-[state=checked]:bg-primary data-[state=checked]:text-primary-foreground"[39m
                  [33mdata-state[39m=[32m"checked"[39m
                  [33mid[39m=[32m"edit-internal-only"[39m
                  [33mrole[39m=[32m"checkbox"[39m
                  [33mstyle[39m=[32m"height: 16px; width: 16px; min-height: 16px; min-width: 16px; max-height: 16px; max-width: 16px; display: flex; align-items: center; justify-content: center; flex-shrink: 0; box-sizing: border-box;"[39m
                  [33mtype[39m=[32m"button"[39m
                  [33mvalue[39m=[32m"on"[39m
                [36m>[39m
                  [36m<span[39m
                    [33mclass[39m=[32m"flex items-center justify-center text-current"[39m
                    [33mdata-state[39m=[32m"checked"[39m
                    [33mstyle[39m=[32m"pointer-events: none;"[39m
                  [36m>[39m
                    [36m<svg[39m
                      [33mclass[39m=[32m"lucide lucide-check h-3 w-3"[39m
                      [33mfill[39m=[32m"none"[39m
                      [33mheight[39m=[32m"24"[39m
                      [33mstroke[39m=[32m"currentColor"[39m
                      [33mstroke-linecap[39m=[32m"round"[39m
                      [33mstroke-linejoin[39m=[32m"round"[39m
                      [33mstroke-width[39m=[32m"2"[39m
                      [33mstyle[39m=[32m"margin: 0px; padding: 0px;"[39m
                      [33mviewBox[39m=[32m"0 0 24 24"[39m
                      [33mwidth[39m=[32m"24"[39m
                      [33mxmlns[39m=[32m"http://www.w3.org/2000/svg"[39m
                    [36m>[39m
                      [36m<path[39m
                        [33md[39m=[32m"M20 6 9 17l-5-5"[39m
                      [36m/>[39m
                    [36m</svg>[39m
                  [36m</span>[39m
                [36m</button>[39m
                [36m<label[39m
                  [33mclass[39m=[32m"flex items-center gap-2 select-none group-data-[disabled=true]:pointer-events-none group-data-[disabled=true]:opacity-50 text-sm font-medium leading-none peer-disabled:cursor-not-allowed peer-disabled:opacity-70"[39m
                  [33mdata-slot[39m=[32m"label"[39m
                  [33mfor[39m=[32m"edit-internal-only"[39m
                [36m>[39m
                  [0mInternal Only (not visible to customers)[0m
                [36m</label>[39m
              [36m</div>[39m
            [36m</div>[39m
          [36m</div>[39m
        [36m</div>[39m
        [36m<div[39m
          [33mclass[39m=[32m"border-t p-4 flex justify-end space-x-2 bg-gray-50"[39m
        [36m>[39m
          [36m<button[39m
            [33mclass[39m=[32m"inline-flex items-center justify-center gap-2 whitespace-nowrap rounded-md text-sm font-medium transition-[color,box-shadow] disabled:pointer-events-none disabled:opacity-50 [&_svg]:pointer-events-none [&_svg:not([class*='size-'])]:size-4 shrink-0 [&_svg]:shrink-0 outline-none focus-visible:border-ring focus-visible:ring-ring/50 focus-visible:ring-[3px] aria-invalid:ring-destructive/20 dark:aria-invalid:ring-destructive/40 aria-invalid:border-destructive border border-input bg-background shadow-xs hover:bg-accent hover:text-accent-foreground h-9 px-4 py-2 has-[>svg]:px-3"[39m
            [33mdata-slot[39m=[32m"button"[39m
          [36m>[39m
            [0mCancel[0m
          [36m</button>[39m
          [36m<button[39m
            [33mclass[39m=[32m"inline-flex items-center justify-center gap-2 whitespace-nowrap rounded-md text-sm font-medium transition-[color,box-shadow] disabled:pointer-events-none disabled:opacity-50 [&_svg]:pointer-events-none [&_svg:not([class*='size-'])]:size-4 shrink-0 [&_svg]:shrink-0 outline-none focus-visible:border-ring focus-visible:ring-ring/50 focus-visible:ring-[3px] aria-invalid:ring-destructive/20 dark:aria-invalid:ring-destructive/40 aria-invalid:border-destructive bg-primary text-primary-foreground shadow-xs hover:bg-primary/90 h-9 px-4 py-2 has-[>svg]:px-3"[39m
            [33mdata-slot[39m=[32m"button"[39m
            [33mdisabled[39m=[32m""[39m
          [36m>[39m
            [0mSave Changes[0m
          [36m</button>[39m
        [36m</div>[39m
      [36m</div>[39m
    [36m</dialog>[39m
  [36m</div>[39m
[36m</body>[39m
[90m [2m❯[22m Object.getElementError node_modules/.pnpm/@testing-library+dom@10.4.1/node_modules/@testing-library/dom/dist/config.js:[2m37:19[22m[39m
[90m [2m❯[22m node_modules/.pnpm/@testing-library+dom@10.4.1/node_modules/@testing-library/dom/dist/query-helpers.js:[2m76:38[22m[39m
[90m [2m❯[22m node_modules/.pnpm/@testing-library+dom@10.4.1/node_modules/@testing-library/dom/dist/query-helpers.js:[2m52:17[22m[39m
[90m [2m❯[22m node_modules/.pnpm/@testing-library+dom@10.4.1/node_modules/@testing-library/dom/dist/query-helpers.js:[2m95:19[22m[39m
[36m [2m❯[22m src/components/services/__tests__/CommentEditModal.test.tsx:[2m313:33[22m[39m
    [90m311| [39m      expect(screen.getByText('1001/1000 characters')).toHaveClass('te…
    [90m312| [39m
    [90m313| [39m      const saveButton = screen.getByRole('button', { name: /save chan…
    [90m   | [39m                                [31m^[39m
    [90m314| [39m      [35mawait[39m user[33m.[39m[34mclick[39m(saveButton)[33m;[39m
    [90m315| [39m

[31m[2m⎯⎯⎯⎯⎯⎯⎯⎯⎯⎯⎯⎯⎯⎯⎯⎯⎯⎯⎯⎯[151/377]⎯[22m[39m

[41m[1m FAIL [22m[49m src/components/services/__tests__/CommentEditModal.test.tsx[2m > [22mCommentEditModal[2m > [22mtext editing[2m > [22mshould detect and prevent unreplaced placeholders
[31m[1mError[22m: Expected repeat modifier or release modifier or "]" but found " " in "[document type] by tomorrow"
    See https://testing-library.com/docs/user-event/keyboard
    for more information about how userEvent parses your input.[39m
[90m [2m❯[22m readTag ../../9-REALi%20Data%20Solutions/GlobalRx_v2/node_modules/.pnpm/@testing-library+user-event@14.6.1_@testing-library+dom@10.4.1/node_modules/@testing-library/user-event/dist/esm/utils/keyDef/readNextDescriptor.js:[2m56:15[22m[39m
[90m [2m❯[22m readNextDescriptor ../../9-REALi%20Data%20Solutions/GlobalRx_v2/node_modules/.pnpm/@testing-library+user-event@14.6.1_@testing-library+dom@10.4.1/node_modules/@testing-library/user-event/dist/esm/utils/keyDef/readNextDescriptor.js:[2m24:66[22m[39m
[90m [2m❯[22m parseKeyDef ../../9-REALi%20Data%20Solutions/GlobalRx_v2/node_modules/.pnpm/@testing-library+user-event@14.6.1_@testing-library+dom@10.4.1/node_modules/@testing-library/user-event/dist/esm/keyboard/parseKeyDef.js:[2m16:99[22m[39m
[90m [2m❯[22m Object.keyboard ../../9-REALi%20Data%20Solutions/GlobalRx_v2/node_modules/.pnpm/@testing-library+user-event@14.6.1_@testing-library+dom@10.4.1/node_modules/@testing-library/user-event/dist/esm/keyboard/index.js:[2m6:21[22m[39m
[90m [2m❯[22m Object.type ../../9-REALi%20Data%20Solutions/GlobalRx_v2/node_modules/.pnpm/@testing-library+user-event@14.6.1_@testing-library+dom@10.4.1/node_modules/@testing-library/user-event/dist/esm/utility/type.js:[2m15:16[22m[39m
[90m [2m❯[22m Object.asyncWrapper node_modules/.pnpm/@testing-library+react@16.3.2_@testing-library+dom@10.4.1_@types+react-dom@18.3.5_@type_5fb74840ee5a00953f7f3c7299d3ce34/node_modules/@testing-library/react/dist/pure.js:[2m87:22[22m[39m
[36m [2m❯[22m src/components/services/__tests__/CommentEditModal.test.tsx:[2m334:7[22m[39m
    [90m332| [39m      [35mconst[39m textArea [33m=[39m screen[33m.[39m[34mgetByLabelText[39m([36m/comment text/i[39m)[33m;[39m
    [90m333| [39m      [35mawait[39m user[33m.[39m[34mclear[39m(textArea)[33m;[39m
    [90m334| [39m      await user.type(textArea, 'Please provide [document type] by tom…
    [90m   | [39m      [31m^[39m
    [90m335| [39m
    [90m336| [39m      const saveButton = screen.getByRole('button', { name: /save chan…

[31m[2m⎯⎯⎯⎯⎯⎯⎯⎯⎯⎯⎯⎯⎯⎯⎯⎯⎯⎯⎯⎯[152/377]⎯[22m[39m

[41m[1m FAIL [22m[49m src/components/services/__tests__/CommentEditModal.test.tsx[2m > [22mCommentEditModal[2m > [22mform submission[2m > [22mshould call onUpdateComment with only changed fields
[31m[1mTestingLibraryElementError[22m[39m: Unable to find an accessible element with the role "button" and name `/save changes/i`

There are no accessible roles. But there might be some inaccessible roles. If you wish to access them, then set the `hidden` option to `true`. Learn more about this here: https://testing-library.com/docs/dom-testing-library/api-queries#byrole

Ignored nodes: comments, script, style
[36m<body>[39m
  [36m<div>[39m
    [36m<dialog[39m
      [33maria-labelledby[39m=[32m"dialog-title"[39m
      [33mclass[39m=[32m"p-0 rounded-lg shadow-lg w-[calc(100%-32px)] max-w-lg"[39m
    [36m>[39m
      [36m<div>[39m
        [36m<div[39m
          [33mclass[39m=[32m"flex justify-between items-center border-b p-4"[39m
        [36m>[39m
          [36m<h2[39m
            [33mclass[39m=[32m"text-lg font-semibold"[39m
            [33mid[39m=[32m"dialog-title"[39m
          [36m>[39m
            [0mEdit Comment[0m
          [36m</h2>[39m
          [36m<button[39m
            [33maria-label[39m=[32m"Close dialog"[39m
            [33mclass[39m=[32m"text-gray-500 hover:text-gray-700 focus:outline-none focus:ring-2 focus:ring-offset-2 focus:ring-blue-500"[39m
          [36m>[39m
            [0mX[0m
          [36m</button>[39m
        [36m</div>[39m
        [36m<div[39m
          [33mclass[39m=[32m"p-4"[39m
        [36m>[39m
          [36m<div[39m
            [33mclass[39m=[32m"space-y-4"[39m
          [36m>[39m
            [36m<div>[39m
              [36m<label[39m
                [33mclass[39m=[32m"flex items-center gap-2 text-sm leading-none font-medium select-none group-data-[disabled=true]:pointer-events-none group-data-[disabled=true]:opacity-50 peer-disabled:cursor-not-allowed peer-disabled:opacity-50"[39m
                [33mdata-slot[39m=[32m"label"[39m
                [33mfor[39m=[32m"comment-text"[39m
              [36m>[39m
                [0mComment Text *[0m
              [36m</label>[39m
              [36m<textarea[39m
                [33mclass[39m=[32m"flex min-h-[80px] w-full rounded-md border border-input bg-background px-3 py-2 text-sm ring-offset-background placeholder:text-muted-foreground focus-visible:outline-none focus-visible:ring-2 focus-visible:ring-ring focus-visible:ring-offset-2 disabled:cursor-not-allowed disabled:opacity-50 mt-1"[39m
                [33mid[39m=[32m"comment-text"[39m
                [33mplaceholder[39m=[32m"Enter comment text..."[39m
                [33mrows[39m=[32m"6"[39m
              [36m>[39m
                [0mUpdated comment text[0m
              [36m</textarea>[39m
              [36m<div[39m
                [33mclass[39m=[32m"text-sm mt-1 text-gray-500"[39m
              [36m>[39m
                [0m20[0m
                [0m/[0m
                [0m1000[0m
                [0m characters[0m
              [36m</div>[39m
            [36m</div>[39m
            [36m<div[39m
              [33mclass[39m=[32m"space-y-2"[39m
            [36m>[39m
              [36m<div[39m
                [33mclass[39m=[32m"flex items-center space-x-2"[39m
              [36m>[39m
                [36m<button[39m
                  [33maria-checked[39m=[32m"true"[39m
                  [33mclass[39m=[32m"peer relative rounded-sm border border-gray-300 focus-visible:outline-none focus-visible:ring-2 focus-visible:ring-ring disabled:cursor-not-allowed disabled:opacity-50 data-[state=checked]:bg-primary data-[state=checked]:text-primary-foreground"[39m
                  [33mdata-state[39m=[32m"checked"[39m
                  [33mid[39m=[32m"edit-internal-only"[39m
                  [33mrole[39m=[32m"checkbox"[39m
                  [33mstyle[39m=[32m"height: 16px; width: 16px; min-height: 16px; min-width: 16px; max-height: 16px; max-width: 16px; display: flex; align-items: center; justify-content: center; flex-shrink: 0; box-sizing: border-box;"[39m
                  [33mtype[39m=[32m"button"[39m
                  [33mvalue[39m=[32m"on"[39m
                [36m>[39m
                  [36m<span[39m
                    [33mclass[39m=[32m"flex items-center justify-center text-current"[39m
                    [33mdata-state[39m=[32m"checked"[39m
                    [33mstyle[39m=[32m"pointer-events: none;"[39m
                  [36m>[39m
                    [36m<svg[39m
                      [33mclass[39m=[32m"lucide lucide-check h-3 w-3"[39m
                      [33mfill[39m=[32m"none"[39m
                      [33mheight[39m=[32m"24"[39m
                      [33mstroke[39m=[32m"currentColor"[39m
                      [33mstroke-linecap[39m=[32m"round"[39m
                      [33mstroke-linejoin[39m=[32m"round"[39m
                      [33mstroke-width[39m=[32m"2"[39m
                      [33mstyle[39m=[32m"margin: 0px; padding: 0px;"[39m
                      [33mviewBox[39m=[32m"0 0 24 24"[39m
                      [33mwidth[39m=[32m"24"[39m
                      [33mxmlns[39m=[32m"http://www.w3.org/2000/svg"[39m
                    [36m>[39m
                      [36m<path[39m
                        [33md[39m=[32m"M20 6 9 17l-5-5"[39m
                      [36m/>[39m
                    [36m</svg>[39m
                  [36m</span>[39m
                [36m</button>[39m
                [36m<label[39m
                  [33mclass[39m=[32m"flex items-center gap-2 select-none group-data-[disabled=true]:pointer-events-none group-data-[disabled=true]:opacity-50 text-sm font-medium leading-none peer-disabled:cursor-not-allowed peer-disabled:opacity-70"[39m
                  [33mdata-slot[39m=[32m"label"[39m
                  [33mfor[39m=[32m"edit-internal-only"[39m
                [36m>[39m
                  [0mInternal Only (not visible to customers)[0m
                [36m</label>[39m
              [36m</div>[39m
            [36m</div>[39m
          [36m</div>[39m
        [36m</div>[39m
        [36m<div[39m
          [33mclass[39m=[32m"border-t p-4 flex justify-end space-x-2 bg-gray-50"[39m
        [36m>[39m
          [36m<button[39m
            [33mclass[39m=[32m"inline-flex items-center justify-center gap-2 whitespace-nowrap rounded-md text-sm font-medium transition-[color,box-shadow] disabled:pointer-events-none disabled:opacity-50 [&_svg]:pointer-events-none [&_svg:not([class*='size-'])]:size-4 shrink-0 [&_svg]:shrink-0 outline-none focus-visible:border-ring focus-visible:ring-ring/50 focus-visible:ring-[3px] aria-invalid:ring-destructive/20 dark:aria-invalid:ring-destructive/40 aria-invalid:border-destructive border border-input bg-background shadow-xs hover:bg-accent hover:text-accent-foreground h-9 px-4 py-2 has-[>svg]:px-3"[39m
            [33mdata-slot[39m=[32m"button"[39m
          [36m>[39m
            [0mCancel[0m
          [36m</button>[39m
          [36m<button[39m
            [33mclass[39m=[32m"inline-flex items-center justify-center gap-2 whitespace-nowrap rounded-md text-sm font-medium transition-[color,box-shadow] disabled:pointer-events-none disabled:opacity-50 [&_svg]:pointer-events-none [&_svg:not([class*='size-'])]:size-4 shrink-0 [&_svg]:shrink-0 outline-none focus-visible:border-ring focus-visible:ring-ring/50 focus-visible:ring-[3px] aria-invalid:ring-destructive/20 dark:aria-invalid:ring-destructive/40 aria-invalid:border-destructive bg-primary text-primary-foreground shadow-xs hover:bg-primary/90 h-9 px-4 py-2 has-[>svg]:px-3"[39m
            [33mdata-slot[39m=[32m"button"[39m
          [36m>[39m
            [0mSave Changes[0m
          [36m</button>[39m
        [36m</div>[39m
      [36m</div>[39m
    [36m</dialog>[39m
  [36m</div>[39m
[36m</body>[39m
[90m [2m❯[22m Object.getElementError node_modules/.pnpm/@testing-library+dom@10.4.1/node_modules/@testing-library/dom/dist/config.js:[2m37:19[22m[39m
[90m [2m❯[22m node_modules/.pnpm/@testing-library+dom@10.4.1/node_modules/@testing-library/dom/dist/query-helpers.js:[2m76:38[22m[39m
[90m [2m❯[22m node_modules/.pnpm/@testing-library+dom@10.4.1/node_modules/@testing-library/dom/dist/query-helpers.js:[2m52:17[22m[39m
[90m [2m❯[22m node_modules/.pnpm/@testing-library+dom@10.4.1/node_modules/@testing-library/dom/dist/query-helpers.js:[2m95:19[22m[39m
[36m [2m❯[22m src/components/services/__tests__/CommentEditModal.test.tsx:[2m362:33[22m[39m
    [90m360| [39m      [35mawait[39m user[33m.[39m[34mtype[39m(textArea[33m,[39m [32m'Updated comment text'[39m)[33m;[39m
    [90m361| [39m
    [90m362| [39m      const saveButton = screen.getByRole('button', { name: /save chan…
    [90m   | [39m                                [31m^[39m
    [90m363| [39m      [35mawait[39m user[33m.[39m[34mclick[39m(saveButton)[33m;[39m
    [90m364| [39m

[31m[2m⎯⎯⎯⎯⎯⎯⎯⎯⎯⎯⎯⎯⎯⎯⎯⎯⎯⎯⎯⎯[153/377]⎯[22m[39m

[41m[1m FAIL [22m[49m src/components/services/__tests__/CommentEditModal.test.tsx[2m > [22mCommentEditModal[2m > [22mform submission[2m > [22mshould detect when no changes are made
[31m[1mTestingLibraryElementError[22m[39m: Unable to find an accessible element with the role "button" and name `/save changes/i`

There are no accessible roles. But there might be some inaccessible roles. If you wish to access them, then set the `hidden` option to `true`. Learn more about this here: https://testing-library.com/docs/dom-testing-library/api-queries#byrole

Ignored nodes: comments, script, style
[36m<body>[39m
  [36m<div>[39m
    [36m<dialog[39m
      [33maria-labelledby[39m=[32m"dialog-title"[39m
      [33mclass[39m=[32m"p-0 rounded-lg shadow-lg w-[calc(100%-32px)] max-w-lg"[39m
    [36m>[39m
      [36m<div>[39m
        [36m<div[39m
          [33mclass[39m=[32m"flex justify-between items-center border-b p-4"[39m
        [36m>[39m
          [36m<h2[39m
            [33mclass[39m=[32m"text-lg font-semibold"[39m
            [33mid[39m=[32m"dialog-title"[39m
          [36m>[39m
            [0mEdit Comment[0m
          [36m</h2>[39m
          [36m<button[39m
            [33maria-label[39m=[32m"Close dialog"[39m
            [33mclass[39m=[32m"text-gray-500 hover:text-gray-700 focus:outline-none focus:ring-2 focus:ring-offset-2 focus:ring-blue-500"[39m
          [36m>[39m
            [0mX[0m
          [36m</button>[39m
        [36m</div>[39m
        [36m<div[39m
          [33mclass[39m=[32m"p-4"[39m
        [36m>[39m
          [36m<div[39m
            [33mclass[39m=[32m"space-y-4"[39m
          [36m>[39m
            [36m<div>[39m
              [36m<label[39m
                [33mclass[39m=[32m"flex items-center gap-2 text-sm leading-none font-medium select-none group-data-[disabled=true]:pointer-events-none group-data-[disabled=true]:opacity-50 peer-disabled:cursor-not-allowed peer-disabled:opacity-50"[39m
                [33mdata-slot[39m=[32m"label"[39m
                [33mfor[39m=[32m"comment-text"[39m
              [36m>[39m
                [0mComment Text *[0m
              [36m</label>[39m
              [36m<textarea[39m
                [33mclass[39m=[32m"flex min-h-[80px] w-full rounded-md border border-input bg-background px-3 py-2 text-sm ring-offset-background placeholder:text-muted-foreground focus-visible:outline-none focus-visible:ring-2 focus-visible:ring-ring focus-visible:ring-offset-2 disabled:cursor-not-allowed disabled:opacity-50 mt-1"[39m
                [33mid[39m=[32m"comment-text"[39m
                [33mplaceholder[39m=[32m"Enter comment text..."[39m
                [33mrows[39m=[32m"6"[39m
              [36m>[39m
                [0mPlease provide driver license by March 15, 2024[0m
              [36m</textarea>[39m
              [36m<div[39m
                [33mclass[39m=[32m"text-sm mt-1 text-gray-500"[39m
              [36m>[39m
                [0m47[0m
                [0m/[0m
                [0m1000[0m
                [0m characters[0m
              [36m</div>[39m
            [36m</div>[39m
            [36m<div[39m
              [33mclass[39m=[32m"space-y-2"[39m
            [36m>[39m
              [36m<div[39m
                [33mclass[39m=[32m"flex items-center space-x-2"[39m
              [36m>[39m
                [36m<button[39m
                  [33maria-checked[39m=[32m"true"[39m
                  [33mclass[39m=[32m"peer relative rounded-sm border border-gray-300 focus-visible:outline-none focus-visible:ring-2 focus-visible:ring-ring disabled:cursor-not-allowed disabled:opacity-50 data-[state=checked]:bg-primary data-[state=checked]:text-primary-foreground"[39m
                  [33mdata-state[39m=[32m"checked"[39m
                  [33mid[39m=[32m"edit-internal-only"[39m
                  [33mrole[39m=[32m"checkbox"[39m
                  [33mstyle[39m=[32m"height: 16px; width: 16px; min-height: 16px; min-width: 16px; max-height: 16px; max-width: 16px; display: flex; align-items: center; justify-content: center; flex-shrink: 0; box-sizing: border-box;"[39m
                  [33mtype[39m=[32m"button"[39m
                  [33mvalue[39m=[32m"on"[39m
                [36m>[39m
                  [36m<span[39m
                    [33mclass[39m=[32m"flex items-center justify-center text-current"[39m
                    [33mdata-state[39m=[32m"checked"[39m
                    [33mstyle[39m=[32m"pointer-events: none;"[39m
                  [36m>[39m
                    [36m<svg[39m
                      [33mclass[39m=[32m"lucide lucide-check h-3 w-3"[39m
                      [33mfill[39m=[32m"none"[39m
                      [33mheight[39m=[32m"24"[39m
                      [33mstroke[39m=[32m"currentColor"[39m
                      [33mstroke-linecap[39m=[32m"round"[39m
                      [33mstroke-linejoin[39m=[32m"round"[39m
                      [33mstroke-width[39m=[32m"2"[39m
                      [33mstyle[39m=[32m"margin: 0px; padding: 0px;"[39m
                      [33mviewBox[39m=[32m"0 0 24 24"[39m
                      [33mwidth[39m=[32m"24"[39m
                      [33mxmlns[39m=[32m"http://www.w3.org/2000/svg"[39m
                    [36m>[39m
                      [36m<path[39m
                        [33md[39m=[32m"M20 6 9 17l-5-5"[39m
                      [36m/>[39m
                    [36m</svg>[39m
                  [36m</span>[39m
                [36m</button>[39m
                [36m<label[39m
                  [33mclass[39m=[32m"flex items-center gap-2 select-none group-data-[disabled=true]:pointer-events-none group-data-[disabled=true]:opacity-50 text-sm font-medium leading-none peer-disabled:cursor-not-allowed peer-disabled:opacity-70"[39m
                  [33mdata-slot[39m=[32m"label"[39m
                  [33mfor[39m=[32m"edit-internal-only"[39m
                [36m>[39m
                  [0mInternal Only (not visible to customers)[0m
                [36m</label>[39m
              [36m</div>[39m
            [36m</div>[39m
          [36m</div>[39m
        [36m</div>[39m
        [36m<div[39m
          [33mclass[39m=[32m"border-t p-4 flex justify-end space-x-2 bg-gray-50"[39m
        [36m>[39m
          [36m<button[39m
            [33mclass[39m=[32m"inline-flex items-center justify-center gap-2 whitespace-nowrap rounded-md text-sm font-medium transition-[color,box-shadow] disabled:pointer-events-none disabled:opacity-50 [&_svg]:pointer-events-none [&_svg:not([class*='size-'])]:size-4 shrink-0 [&_svg]:shrink-0 outline-none focus-visible:border-ring focus-visible:ring-ring/50 focus-visible:ring-[3px] aria-invalid:ring-destructive/20 dark:aria-invalid:ring-destructive/40 aria-invalid:border-destructive border border-input bg-background shadow-xs hover:bg-accent hover:text-accent-foreground h-9 px-4 py-2 has-[>svg]:px-3"[39m
            [33mdata-slot[39m=[32m"button"[39m
          [36m>[39m
            [0mCancel[0m
          [36m</button>[39m
          [36m<button[39m
            [33mclass[39m=[32m"inline-flex items-center justify-center gap-2 whitespace-nowrap rounded-md text-sm font-medium transition-[color,box-shadow] disabled:pointer-events-none disabled:opacity-50 [&_svg]:pointer-events-none [&_svg:not([class*='size-'])]:size-4 shrink-0 [&_svg]:shrink-0 outline-none focus-visible:border-ring focus-visible:ring-ring/50 focus-visible:ring-[3px] aria-invalid:ring-destructive/20 dark:aria-invalid:ring-destructive/40 aria-invalid:border-destructive bg-primary text-primary-foreground shadow-xs hover:bg-primary/90 h-9 px-4 py-2 has-[>svg]:px-3"[39m
            [33mdata-slot[39m=[32m"button"[39m
          [36m>[39m
            [0mSave Changes[0m
          [36m</button>[39m
        [36m</div>[39m
      [36m</div>[39m
    [36m</dialog>[39m
  [36m</div>[39m
[36m</body>[39m
[90m [2m❯[22m Object.getElementError node_modules/.pnpm/@testing-library+dom@10.4.1/node_modules/@testing-library/dom/dist/config.js:[2m37:19[22m[39m
[90m [2m❯[22m node_modules/.pnpm/@testing-library+dom@10.4.1/node_modules/@testing-library/dom/dist/query-helpers.js:[2m76:38[22m[39m
[90m [2m❯[22m node_modules/.pnpm/@testing-library+dom@10.4.1/node_modules/@testing-library/dom/dist/query-helpers.js:[2m52:17[22m[39m
[90m [2m❯[22m node_modules/.pnpm/@testing-library+dom@10.4.1/node_modules/@testing-library/dom/dist/query-helpers.js:[2m95:19[22m[39m
[36m [2m❯[22m src/components/services/__tests__/CommentEditModal.test.tsx:[2m383:33[22m[39m
    [90m381| [39m      )[33m;[39m
    [90m382| [39m
    [90m383| [39m      const saveButton = screen.getByRole('button', { name: /save chan…
    [90m   | [39m                                [31m^[39m
    [90m384| [39m      [35mawait[39m user[33m.[39m[34mclick[39m(saveButton)[33m;[39m
    [90m385| [39m

[31m[2m⎯⎯⎯⎯⎯⎯⎯⎯⎯⎯⎯⎯⎯⎯⎯⎯⎯⎯⎯⎯[154/377]⎯[22m[39m

[41m[1m FAIL [22m[49m src/components/services/__tests__/CommentEditModal.test.tsx[2m > [22mCommentEditModal[2m > [22mform submission[2m > [22mshould close modal after successful save
[31m[1mTestingLibraryElementError[22m[39m: Unable to find an accessible element with the role "button" and name `/save changes/i`

There are no accessible roles. But there might be some inaccessible roles. If you wish to access them, then set the `hidden` option to `true`. Learn more about this here: https://testing-library.com/docs/dom-testing-library/api-queries#byrole

Ignored nodes: comments, script, style
[36m<body>[39m
  [36m<div>[39m
    [36m<dialog[39m
      [33maria-labelledby[39m=[32m"dialog-title"[39m
      [33mclass[39m=[32m"p-0 rounded-lg shadow-lg w-[calc(100%-32px)] max-w-lg"[39m
    [36m>[39m
      [36m<div>[39m
        [36m<div[39m
          [33mclass[39m=[32m"flex justify-between items-center border-b p-4"[39m
        [36m>[39m
          [36m<h2[39m
            [33mclass[39m=[32m"text-lg font-semibold"[39m
            [33mid[39m=[32m"dialog-title"[39m
          [36m>[39m
            [0mEdit Comment[0m
          [36m</h2>[39m
          [36m<button[39m
            [33maria-label[39m=[32m"Close dialog"[39m
            [33mclass[39m=[32m"text-gray-500 hover:text-gray-700 focus:outline-none focus:ring-2 focus:ring-offset-2 focus:ring-blue-500"[39m
          [36m>[39m
            [0mX[0m
          [36m</button>[39m
        [36m</div>[39m
        [36m<div[39m
          [33mclass[39m=[32m"p-4"[39m
        [36m>[39m
          [36m<div[39m
            [33mclass[39m=[32m"space-y-4"[39m
          [36m>[39m
            [36m<div>[39m
              [36m<label[39m
                [33mclass[39m=[32m"flex items-center gap-2 text-sm leading-none font-medium select-none group-data-[disabled=true]:pointer-events-none group-data-[disabled=true]:opacity-50 peer-disabled:cursor-not-allowed peer-disabled:opacity-50"[39m
                [33mdata-slot[39m=[32m"label"[39m
                [33mfor[39m=[32m"comment-text"[39m
              [36m>[39m
                [0mComment Text *[0m
              [36m</label>[39m
              [36m<textarea[39m
                [33mclass[39m=[32m"flex min-h-[80px] w-full rounded-md border border-input bg-background px-3 py-2 text-sm ring-offset-background placeholder:text-muted-foreground focus-visible:outline-none focus-visible:ring-2 focus-visible:ring-ring focus-visible:ring-offset-2 disabled:cursor-not-allowed disabled:opacity-50 mt-1"[39m
                [33mid[39m=[32m"comment-text"[39m
                [33mplaceholder[39m=[32m"Enter comment text..."[39m
                [33mrows[39m=[32m"6"[39m
              [36m>[39m
                [0mUpdated text[0m
              [36m</textarea>[39m
              [36m<div[39m
                [33mclass[39m=[32m"text-sm mt-1 text-gray-500"[39m
              [36m>[39m
                [0m12[0m
                [0m/[0m
                [0m1000[0m
                [0m characters[0m
              [36m</div>[39m
            [36m</div>[39m
            [36m<div[39m
              [33mclass[39m=[32m"space-y-2"[39m
            [36m>[39m
              [36m<div[39m
                [33mclass[39m=[32m"flex items-center space-x-2"[39m
              [36m>[39m
                [36m<button[39m
                  [33maria-checked[39m=[32m"true"[39m
                  [33mclass[39m=[32m"peer relative rounded-sm border border-gray-300 focus-visible:outline-none focus-visible:ring-2 focus-visible:ring-ring disabled:cursor-not-allowed disabled:opacity-50 data-[state=checked]:bg-primary data-[state=checked]:text-primary-foreground"[39m
                  [33mdata-state[39m=[32m"checked"[39m
                  [33mid[39m=[32m"edit-internal-only"[39m
                  [33mrole[39m=[32m"checkbox"[39m
                  [33mstyle[39m=[32m"height: 16px; width: 16px; min-height: 16px; min-width: 16px; max-height: 16px; max-width: 16px; display: flex; align-items: center; justify-content: center; flex-shrink: 0; box-sizing: border-box;"[39m
                  [33mtype[39m=[32m"button"[39m
                  [33mvalue[39m=[32m"on"[39m
                [36m>[39m
                  [36m<span[39m
                    [33mclass[39m=[32m"flex items-center justify-center text-current"[39m
                    [33mdata-state[39m=[32m"checked"[39m
                    [33mstyle[39m=[32m"pointer-events: none;"[39m
                  [36m>[39m
                    [36m<svg[39m
                      [33mclass[39m=[32m"lucide lucide-check h-3 w-3"[39m
                      [33mfill[39m=[32m"none"[39m
                      [33mheight[39m=[32m"24"[39m
                      [33mstroke[39m=[32m"currentColor"[39m
                      [33mstroke-linecap[39m=[32m"round"[39m
                      [33mstroke-linejoin[39m=[32m"round"[39m
                      [33mstroke-width[39m=[32m"2"[39m
                      [33mstyle[39m=[32m"margin: 0px; padding: 0px;"[39m
                      [33mviewBox[39m=[32m"0 0 24 24"[39m
                      [33mwidth[39m=[32m"24"[39m
                      [33mxmlns[39m=[32m"http://www.w3.org/2000/svg"[39m
                    [36m>[39m
                      [36m<path[39m
                        [33md[39m=[32m"M20 6 9 17l-5-5"[39m
                      [36m/>[39m
                    [36m</svg>[39m
                  [36m</span>[39m
                [36m</button>[39m
                [36m<label[39m
                  [33mclass[39m=[32m"flex items-center gap-2 select-none group-data-[disabled=true]:pointer-events-none group-data-[disabled=true]:opacity-50 text-sm font-medium leading-none peer-disabled:cursor-not-allowed peer-disabled:opacity-70"[39m
                  [33mdata-slot[39m=[32m"label"[39m
                  [33mfor[39m=[32m"edit-internal-only"[39m
                [36m>[39m
                  [0mInternal Only (not visible to customers)[0m
                [36m</label>[39m
              [36m</div>[39m
            [36m</div>[39m
          [36m</div>[39m
        [36m</div>[39m
        [36m<div[39m
          [33mclass[39m=[32m"border-t p-4 flex justify-end space-x-2 bg-gray-50"[39m
        [36m>[39m
          [36m<button[39m
            [33mclass[39m=[32m"inline-flex items-center justify-center gap-2 whitespace-nowrap rounded-md text-sm font-medium transition-[color,box-shadow] disabled:pointer-events-none disabled:opacity-50 [&_svg]:pointer-events-none [&_svg:not([class*='size-'])]:size-4 shrink-0 [&_svg]:shrink-0 outline-none focus-visible:border-ring focus-visible:ring-ring/50 focus-visible:ring-[3px] aria-invalid:ring-destructive/20 dark:aria-invalid:ring-destructive/40 aria-invalid:border-destructive border border-input bg-background shadow-xs hover:bg-accent hover:text-accent-foreground h-9 px-4 py-2 has-[>svg]:px-3"[39m
            [33mdata-slot[39m=[32m"button"[39m
          [36m>[39m
            [0mCancel[0m
          [36m</button>[39m
          [36m<button[39m
            [33mclass[39m=[32m"inline-flex items-center justify-center gap-2 whitespace-nowrap rounded-md text-sm font-medium transition-[color,box-shadow] disabled:pointer-events-none disabled:opacity-50 [&_svg]:pointer-events-none [&_svg:not([class*='size-'])]:size-4 shrink-0 [&_svg]:shrink-0 outline-none focus-visible:border-ring focus-visible:ring-ring/50 focus-visible:ring-[3px] aria-invalid:ring-destructive/20 dark:aria-invalid:ring-destructive/40 aria-invalid:border-destructive bg-primary text-primary-foreground shadow-xs hover:bg-primary/90 h-9 px-4 py-2 has-[>svg]:px-3"[39m
            [33mdata-slot[39m=[32m"button"[39m
          [36m>[39m
            [0mSave Changes[0m
          [36m</button>[39m
        [36m</div>[39m
      [36m</div>[39m
    [36m</dialog>[39m
  [36m</div>[39m
[36m</body>[39m
[90m [2m❯[22m Object.getElementError node_modules/.pnpm/@testing-library+dom@10.4.1/node_modules/@testing-library/dom/dist/config.js:[2m37:19[22m[39m
[90m [2m❯[22m node_modules/.pnpm/@testing-library+dom@10.4.1/node_modules/@testing-library/dom/dist/query-helpers.js:[2m76:38[22m[39m
[90m [2m❯[22m node_modules/.pnpm/@testing-library+dom@10.4.1/node_modules/@testing-library/dom/dist/query-helpers.js:[2m52:17[22m[39m
[90m [2m❯[22m node_modules/.pnpm/@testing-library+dom@10.4.1/node_modules/@testing-library/dom/dist/query-helpers.js:[2m95:19[22m[39m
[36m [2m❯[22m src/components/services/__tests__/CommentEditModal.test.tsx:[2m406:33[22m[39m
    [90m404| [39m      [35mawait[39m user[33m.[39m[34mtype[39m(textArea[33m,[39m [32m'Updated text'[39m)[33m;[39m
    [90m405| [39m
    [90m406| [39m      const saveButton = screen.getByRole('button', { name: /save chan…
    [90m   | [39m                                [31m^[39m
    [90m407| [39m      [35mawait[39m user[33m.[39m[34mclick[39m(saveButton)[33m;[39m
    [90m408| [39m

[31m[2m⎯⎯⎯⎯⎯⎯⎯⎯⎯⎯⎯⎯⎯⎯⎯⎯⎯⎯⎯⎯[155/377]⎯[22m[39m

[41m[1m FAIL [22m[49m src/components/services/__tests__/CommentEditModal.test.tsx[2m > [22mCommentEditModal[2m > [22mform submission[2m > [22mshould disable form while saving
[31m[1mTestingLibraryElementError[22m[39m: Unable to find an accessible element with the role "button" and name `/save changes/i`

There are no accessible roles. But there might be some inaccessible roles. If you wish to access them, then set the `hidden` option to `true`. Learn more about this here: https://testing-library.com/docs/dom-testing-library/api-queries#byrole

Ignored nodes: comments, script, style
[36m<body>[39m
  [36m<div>[39m
    [36m<dialog[39m
      [33maria-labelledby[39m=[32m"dialog-title"[39m
      [33mclass[39m=[32m"p-0 rounded-lg shadow-lg w-[calc(100%-32px)] max-w-lg"[39m
    [36m>[39m
      [36m<div>[39m
        [36m<div[39m
          [33mclass[39m=[32m"flex justify-between items-center border-b p-4"[39m
        [36m>[39m
          [36m<h2[39m
            [33mclass[39m=[32m"text-lg font-semibold"[39m
            [33mid[39m=[32m"dialog-title"[39m
          [36m>[39m
            [0mEdit Comment[0m
          [36m</h2>[39m
          [36m<button[39m
            [33maria-label[39m=[32m"Close dialog"[39m
            [33mclass[39m=[32m"text-gray-500 hover:text-gray-700 focus:outline-none focus:ring-2 focus:ring-offset-2 focus:ring-blue-500"[39m
          [36m>[39m
            [0mX[0m
          [36m</button>[39m
        [36m</div>[39m
        [36m<div[39m
          [33mclass[39m=[32m"p-4"[39m
        [36m>[39m
          [36m<div[39m
            [33mclass[39m=[32m"space-y-4"[39m
          [36m>[39m
            [36m<div>[39m
              [36m<label[39m
                [33mclass[39m=[32m"flex items-center gap-2 text-sm leading-none font-medium select-none group-data-[disabled=true]:pointer-events-none group-data-[disabled=true]:opacity-50 peer-disabled:cursor-not-allowed peer-disabled:opacity-50"[39m
                [33mdata-slot[39m=[32m"label"[39m
                [33mfor[39m=[32m"comment-text"[39m
              [36m>[39m
                [0mComment Text *[0m
              [36m</label>[39m
              [36m<textarea[39m
                [33mclass[39m=[32m"flex min-h-[80px] w-full rounded-md border border-input bg-background px-3 py-2 text-sm ring-offset-background placeholder:text-muted-foreground focus-visible:outline-none focus-visible:ring-2 focus-visible:ring-ring focus-visible:ring-offset-2 disabled:cursor-not-allowed disabled:opacity-50 mt-1"[39m
                [33mid[39m=[32m"comment-text"[39m
                [33mplaceholder[39m=[32m"Enter comment text..."[39m
                [33mrows[39m=[32m"6"[39m
              [36m>[39m
                [0mUpdated text[0m
              [36m</textarea>[39m
              [36m<div[39m
                [33mclass[39m=[32m"text-sm mt-1 text-gray-500"[39m
              [36m>[39m
                [0m12[0m
                [0m/[0m
                [0m1000[0m
                [0m characters[0m
              [36m</div>[39m
            [36m</div>[39m
            [36m<div[39m
              [33mclass[39m=[32m"space-y-2"[39m
            [36m>[39m
              [36m<div[39m
                [33mclass[39m=[32m"flex items-center space-x-2"[39m
              [36m>[39m
                [36m<button[39m
                  [33maria-checked[39m=[32m"true"[39m
                  [33mclass[39m=[32m"peer relative rounded-sm border border-gray-300 focus-visible:outline-none focus-visible:ring-2 focus-visible:ring-ring disabled:cursor-not-allowed disabled:opacity-50 data-[state=checked]:bg-primary data-[state=checked]:text-primary-foreground"[39m
                  [33mdata-state[39m=[32m"checked"[39m
                  [33mid[39m=[32m"edit-internal-only"[39m
                  [33mrole[39m=[32m"checkbox"[39m
                  [33mstyle[39m=[32m"height: 16px; width: 16px; min-height: 16px; min-width: 16px; max-height: 16px; max-width: 16px; display: flex; align-items: center; justify-content: center; flex-shrink: 0; box-sizing: border-box;"[39m
                  [33mtype[39m=[32m"button"[39m
                  [33mvalue[39m=[32m"on"[39m
                [36m>[39m
                  [36m<span[39m
                    [33mclass[39m=[32m"flex items-center justify-center text-current"[39m
                    [33mdata-state[39m=[32m"checked"[39m
                    [33mstyle[39m=[32m"pointer-events: none;"[39m
                  [36m>[39m
                    [36m<svg[39m
                      [33mclass[39m=[32m"lucide lucide-check h-3 w-3"[39m
                      [33mfill[39m=[32m"none"[39m
                      [33mheight[39m=[32m"24"[39m
                      [33mstroke[39m=[32m"currentColor"[39m
                      [33mstroke-linecap[39m=[32m"round"[39m
                      [33mstroke-linejoin[39m=[32m"round"[39m
                      [33mstroke-width[39m=[32m"2"[39m
                      [33mstyle[39m=[32m"margin: 0px; padding: 0px;"[39m
                      [33mviewBox[39m=[32m"0 0 24 24"[39m
                      [33mwidth[39m=[32m"24"[39m
                      [33mxmlns[39m=[32m"http://www.w3.org/2000/svg"[39m
                    [36m>[39m
                      [36m<path[39m
                        [33md[39m=[32m"M20 6 9 17l-5-5"[39m
                      [36m/>[39m
                    [36m</svg>[39m
                  [36m</span>[39m
                [36m</button>[39m
                [36m<label[39m
                  [33mclass[39m=[32m"flex items-center gap-2 select-none group-data-[disabled=true]:pointer-events-none group-data-[disabled=true]:opacity-50 text-sm font-medium leading-none peer-disabled:cursor-not-allowed peer-disabled:opacity-70"[39m
                  [33mdata-slot[39m=[32m"label"[39m
                  [33mfor[39m=[32m"edit-internal-only"[39m
                [36m>[39m
                  [0mInternal Only (not visible to customers)[0m
                [36m</label>[39m
              [36m</div>[39m
            [36m</div>[39m
          [36m</div>[39m
        [36m</div>[39m
        [36m<div[39m
          [33mclass[39m=[32m"border-t p-4 flex justify-end space-x-2 bg-gray-50"[39m
        [36m>[39m
          [36m<button[39m
            [33mclass[39m=[32m"inline-flex items-center justify-center gap-2 whitespace-nowrap rounded-md text-sm font-medium transition-[color,box-shadow] disabled:pointer-events-none disabled:opacity-50 [&_svg]:pointer-events-none [&_svg:not([class*='size-'])]:size-4 shrink-0 [&_svg]:shrink-0 outline-none focus-visible:border-ring focus-visible:ring-ring/50 focus-visible:ring-[3px] aria-invalid:ring-destructive/20 dark:aria-invalid:ring-destructive/40 aria-invalid:border-destructive border border-input bg-background shadow-xs hover:bg-accent hover:text-accent-foreground h-9 px-4 py-2 has-[>svg]:px-3"[39m
            [33mdata-slot[39m=[32m"button"[39m
          [36m>[39m
            [0mCancel[0m
          [36m</button>[39m
          [36m<button[39m
            [33mclass[39m=[32m"inline-flex items-center justify-center gap-2 whitespace-nowrap rounded-md text-sm font-medium transition-[color,box-shadow] disabled:pointer-events-none disabled:opacity-50 [&_svg]:pointer-events-none [&_svg:not([class*='size-'])]:size-4 shrink-0 [&_svg]:shrink-0 outline-none focus-visible:border-ring focus-visible:ring-ring/50 focus-visible:ring-[3px] aria-invalid:ring-destructive/20 dark:aria-invalid:ring-destructive/40 aria-invalid:border-destructive bg-primary text-primary-foreground shadow-xs hover:bg-primary/90 h-9 px-4 py-2 has-[>svg]:px-3"[39m
            [33mdata-slot[39m=[32m"button"[39m
          [36m>[39m
            [0mSave Changes[0m
          [36m</button>[39m
        [36m</div>[39m
      [36m</div>[39m
    [36m</dialog>[39m
  [36m</div>[39m
[36m</body>[39m
[90m [2m❯[22m Object.getElementError node_modules/.pnpm/@testing-library+dom@10.4.1/node_modules/@testing-library/dom/dist/config.js:[2m37:19[22m[39m
[90m [2m❯[22m node_modules/.pnpm/@testing-library+dom@10.4.1/node_modules/@testing-library/dom/dist/query-helpers.js:[2m76:38[22m[39m
[90m [2m❯[22m node_modules/.pnpm/@testing-library+dom@10.4.1/node_modules/@testing-library/dom/dist/query-helpers.js:[2m52:17[22m[39m
[90m [2m❯[22m node_modules/.pnpm/@testing-library+dom@10.4.1/node_modules/@testing-library/dom/dist/query-helpers.js:[2m95:19[22m[39m
[36m [2m❯[22m src/components/services/__tests__/CommentEditModal.test.tsx:[2m431:33[22m[39m
    [90m429| [39m      [35mawait[39m user[33m.[39m[34mtype[39m(textArea[33m,[39m [32m'Updated text'[39m)[33m;[39m
    [90m430| [39m
    [90m431| [39m      const saveButton = screen.getByRole('button', { name: /save chan…
    [90m   | [39m                                [31m^[39m
    [90m432| [39m      [35mawait[39m user[33m.[39m[34mclick[39m(saveButton)[33m;[39m
    [90m433| [39m

[31m[2m⎯⎯⎯⎯⎯⎯⎯⎯⎯⎯⎯⎯⎯⎯⎯⎯⎯⎯⎯⎯[156/377]⎯[22m[39m

[41m[1m FAIL [22m[49m src/components/services/__tests__/CommentEditModal.test.tsx[2m > [22mCommentEditModal[2m > [22mcancellation[2m > [22mshould call onCancel when Cancel button clicked
[31m[1mTestingLibraryElementError[22m[39m: Unable to find an accessible element with the role "button" and name `/cancel/i`

There are no accessible roles. But there might be some inaccessible roles. If you wish to access them, then set the `hidden` option to `true`. Learn more about this here: https://testing-library.com/docs/dom-testing-library/api-queries#byrole

Ignored nodes: comments, script, style
[36m<body>[39m
  [36m<div>[39m
    [36m<dialog[39m
      [33maria-labelledby[39m=[32m"dialog-title"[39m
      [33mclass[39m=[32m"p-0 rounded-lg shadow-lg w-[calc(100%-32px)] max-w-lg"[39m
    [36m>[39m
      [36m<div>[39m
        [36m<div[39m
          [33mclass[39m=[32m"flex justify-between items-center border-b p-4"[39m
        [36m>[39m
          [36m<h2[39m
            [33mclass[39m=[32m"text-lg font-semibold"[39m
            [33mid[39m=[32m"dialog-title"[39m
          [36m>[39m
            [0mEdit Comment[0m
          [36m</h2>[39m
          [36m<button[39m
            [33maria-label[39m=[32m"Close dialog"[39m
            [33mclass[39m=[32m"text-gray-500 hover:text-gray-700 focus:outline-none focus:ring-2 focus:ring-offset-2 focus:ring-blue-500"[39m
          [36m>[39m
            [0mX[0m
          [36m</button>[39m
        [36m</div>[39m
        [36m<div[39m
          [33mclass[39m=[32m"p-4"[39m
        [36m>[39m
          [36m<div[39m
            [33mclass[39m=[32m"space-y-4"[39m
          [36m>[39m
            [36m<div>[39m
              [36m<label[39m
                [33mclass[39m=[32m"flex items-center gap-2 text-sm leading-none font-medium select-none group-data-[disabled=true]:pointer-events-none group-data-[disabled=true]:opacity-50 peer-disabled:cursor-not-allowed peer-disabled:opacity-50"[39m
                [33mdata-slot[39m=[32m"label"[39m
                [33mfor[39m=[32m"comment-text"[39m
              [36m>[39m
                [0mComment Text *[0m
              [36m</label>[39m
              [36m<textarea[39m
                [33mclass[39m=[32m"flex min-h-[80px] w-full rounded-md border border-input bg-background px-3 py-2 text-sm ring-offset-background placeholder:text-muted-foreground focus-visible:outline-none focus-visible:ring-2 focus-visible:ring-ring focus-visible:ring-offset-2 disabled:cursor-not-allowed disabled:opacity-50 mt-1"[39m
                [33mid[39m=[32m"comment-text"[39m
                [33mplaceholder[39m=[32m"Enter comment text..."[39m
                [33mrows[39m=[32m"6"[39m
              [36m>[39m
                [0mPlease provide driver license by March 15, 2024[0m
              [36m</textarea>[39m
              [36m<div[39m
                [33mclass[39m=[32m"text-sm mt-1 text-gray-500"[39m
              [36m>[39m
                [0m47[0m
                [0m/[0m
                [0m1000[0m
                [0m characters[0m
              [36m</div>[39m
            [36m</div>[39m
            [36m<div[39m
              [33mclass[39m=[32m"space-y-2"[39m
            [36m>[39m
              [36m<div[39m
                [33mclass[39m=[32m"flex items-center space-x-2"[39m
              [36m>[39m
                [36m<button[39m
                  [33maria-checked[39m=[32m"true"[39m
                  [33mclass[39m=[32m"peer relative rounded-sm border border-gray-300 focus-visible:outline-none focus-visible:ring-2 focus-visible:ring-ring disabled:cursor-not-allowed disabled:opacity-50 data-[state=checked]:bg-primary data-[state=checked]:text-primary-foreground"[39m
                  [33mdata-state[39m=[32m"checked"[39m
                  [33mid[39m=[32m"edit-internal-only"[39m
                  [33mrole[39m=[32m"checkbox"[39m
                  [33mstyle[39m=[32m"height: 16px; width: 16px; min-height: 16px; min-width: 16px; max-height: 16px; max-width: 16px; display: flex; align-items: center; justify-content: center; flex-shrink: 0; box-sizing: border-box;"[39m
                  [33mtype[39m=[32m"button"[39m
                  [33mvalue[39m=[32m"on"[39m
                [36m>[39m
                  [36m<span[39m
                    [33mclass[39m=[32m"flex items-center justify-center text-current"[39m
                    [33mdata-state[39m=[32m"checked"[39m
                    [33mstyle[39m=[32m"pointer-events: none;"[39m
                  [36m>[39m
                    [36m<svg[39m
                      [33mclass[39m=[32m"lucide lucide-check h-3 w-3"[39m
                      [33mfill[39m=[32m"none"[39m
                      [33mheight[39m=[32m"24"[39m
                      [33mstroke[39m=[32m"currentColor"[39m
                      [33mstroke-linecap[39m=[32m"round"[39m
                      [33mstroke-linejoin[39m=[32m"round"[39m
                      [33mstroke-width[39m=[32m"2"[39m
                      [33mstyle[39m=[32m"margin: 0px; padding: 0px;"[39m
                      [33mviewBox[39m=[32m"0 0 24 24"[39m
                      [33mwidth[39m=[32m"24"[39m
                      [33mxmlns[39m=[32m"http://www.w3.org/2000/svg"[39m
                    [36m>[39m
                      [36m<path[39m
                        [33md[39m=[32m"M20 6 9 17l-5-5"[39m
                      [36m/>[39m
                    [36m</svg>[39m
                  [36m</span>[39m
                [36m</button>[39m
                [36m<label[39m
                  [33mclass[39m=[32m"flex items-center gap-2 select-none group-data-[disabled=true]:pointer-events-none group-data-[disabled=true]:opacity-50 text-sm font-medium leading-none peer-disabled:cursor-not-allowed peer-disabled:opacity-70"[39m
                  [33mdata-slot[39m=[32m"label"[39m
                  [33mfor[39m=[32m"edit-internal-only"[39m
                [36m>[39m
                  [0mInternal Only (not visible to customers)[0m
                [36m</label>[39m
              [36m</div>[39m
            [36m</div>[39m
          [36m</div>[39m
        [36m</div>[39m
        [36m<div[39m
          [33mclass[39m=[32m"border-t p-4 flex justify-end space-x-2 bg-gray-50"[39m
        [36m>[39m
          [36m<button[39m
            [33mclass[39m=[32m"inline-flex items-center justify-center gap-2 whitespace-nowrap rounded-md text-sm font-medium transition-[color,box-shadow] disabled:pointer-events-none disabled:opacity-50 [&_svg]:pointer-events-none [&_svg:not([class*='size-'])]:size-4 shrink-0 [&_svg]:shrink-0 outline-none focus-visible:border-ring focus-visible:ring-ring/50 focus-visible:ring-[3px] aria-invalid:ring-destructive/20 dark:aria-invalid:ring-destructive/40 aria-invalid:border-destructive border border-input bg-background shadow-xs hover:bg-accent hover:text-accent-foreground h-9 px-4 py-2 has-[>svg]:px-3"[39m
            [33mdata-slot[39m=[32m"button"[39m
          [36m>[39m
            [0mCancel[0m
          [36m</button>[39m
          [36m<button[39m
            [33mclass[39m=[32m"inline-flex items-center justify-center gap-2 whitespace-nowrap rounded-md text-sm font-medium transition-[color,box-shadow] disabled:pointer-events-none disabled:opacity-50 [&_svg]:pointer-events-none [&_svg:not([class*='size-'])]:size-4 shrink-0 [&_svg]:shrink-0 outline-none focus-visible:border-ring focus-visible:ring-ring/50 focus-visible:ring-[3px] aria-invalid:ring-destructive/20 dark:aria-invalid:ring-destructive/40 aria-invalid:border-destructive bg-primary text-primary-foreground shadow-xs hover:bg-primary/90 h-9 px-4 py-2 has-[>svg]:px-3"[39m
            [33mdata-slot[39m=[32m"button"[39m
          [36m>[39m
            [0mSave Changes[0m
          [36m</button>[39m
        [36m</div>[39m
      [36m</div>[39m
    [36m</dialog>[39m
  [36m</div>[39m
[36m</body>[39m
[90m [2m❯[22m Object.getElementError node_modules/.pnpm/@testing-library+dom@10.4.1/node_modules/@testing-library/dom/dist/config.js:[2m37:19[22m[39m
[90m [2m❯[22m node_modules/.pnpm/@testing-library+dom@10.4.1/node_modules/@testing-library/dom/dist/query-helpers.js:[2m76:38[22m[39m
[90m [2m❯[22m node_modules/.pnpm/@testing-library+dom@10.4.1/node_modules/@testing-library/dom/dist/query-helpers.js:[2m52:17[22m[39m
[90m [2m❯[22m node_modules/.pnpm/@testing-library+dom@10.4.1/node_modules/@testing-library/dom/dist/query-helpers.js:[2m95:19[22m[39m
[36m [2m❯[22m src/components/services/__tests__/CommentEditModal.test.tsx:[2m458:35[22m[39m
    [90m456| [39m      )[33m;[39m
    [90m457| [39m
    [90m458| [39m      const cancelButton = screen.getByRole('button', { name: /cancel/…
    [90m   | [39m                                  [31m^[39m
    [90m459| [39m      [35mawait[39m user[33m.[39m[34mclick[39m(cancelButton)[33m;[39m
    [90m460| [39m

[31m[2m⎯⎯⎯⎯⎯⎯⎯⎯⎯⎯⎯⎯⎯⎯⎯⎯⎯⎯⎯⎯[157/377]⎯[22m[39m

[41m[1m FAIL [22m[49m src/components/services/__tests__/CommentEditModal.test.tsx[2m > [22mCommentEditModal[2m > [22mcancellation[2m > [22mshould warn about unsaved changes when cancelling
[31m[1mTestingLibraryElementError[22m[39m: Unable to find an accessible element with the role "button" and name `/cancel/i`

There are no accessible roles. But there might be some inaccessible roles. If you wish to access them, then set the `hidden` option to `true`. Learn more about this here: https://testing-library.com/docs/dom-testing-library/api-queries#byrole

Ignored nodes: comments, script, style
[36m<body>[39m
  [36m<div>[39m
    [36m<dialog[39m
      [33maria-labelledby[39m=[32m"dialog-title"[39m
      [33mclass[39m=[32m"p-0 rounded-lg shadow-lg w-[calc(100%-32px)] max-w-lg"[39m
    [36m>[39m
      [36m<div>[39m
        [36m<div[39m
          [33mclass[39m=[32m"flex justify-between items-center border-b p-4"[39m
        [36m>[39m
          [36m<h2[39m
            [33mclass[39m=[32m"text-lg font-semibold"[39m
            [33mid[39m=[32m"dialog-title"[39m
          [36m>[39m
            [0mEdit Comment[0m
          [36m</h2>[39m
          [36m<button[39m
            [33maria-label[39m=[32m"Close dialog"[39m
            [33mclass[39m=[32m"text-gray-500 hover:text-gray-700 focus:outline-none focus:ring-2 focus:ring-offset-2 focus:ring-blue-500"[39m
          [36m>[39m
            [0mX[0m
          [36m</button>[39m
        [36m</div>[39m
        [36m<div[39m
          [33mclass[39m=[32m"p-4"[39m
        [36m>[39m
          [36m<div[39m
            [33mclass[39m=[32m"space-y-4"[39m
          [36m>[39m
            [36m<div>[39m
              [36m<label[39m
                [33mclass[39m=[32m"flex items-center gap-2 text-sm leading-none font-medium select-none group-data-[disabled=true]:pointer-events-none group-data-[disabled=true]:opacity-50 peer-disabled:cursor-not-allowed peer-disabled:opacity-50"[39m
                [33mdata-slot[39m=[32m"label"[39m
                [33mfor[39m=[32m"comment-text"[39m
              [36m>[39m
                [0mComment Text *[0m
              [36m</label>[39m
              [36m<textarea[39m
                [33mclass[39m=[32m"flex min-h-[80px] w-full rounded-md border border-input bg-background px-3 py-2 text-sm ring-offset-background placeholder:text-muted-foreground focus-visible:outline-none focus-visible:ring-2 focus-visible:ring-ring focus-visible:ring-offset-2 disabled:cursor-not-allowed disabled:opacity-50 mt-1"[39m
                [33mid[39m=[32m"comment-text"[39m
                [33mplaceholder[39m=[32m"Enter comment text..."[39m
                [33mrows[39m=[32m"6"[39m
              [36m>[39m
                [0mPlease provide driver license by March 15, 2024 Additional text[0m
              [36m</textarea>[39m
              [36m<div[39m
                [33mclass[39m=[32m"text-sm mt-1 text-gray-500"[39m
              [36m>[39m
                [0m63[0m
                [0m/[0m
                [0m1000[0m
                [0m characters[0m
              [36m</div>[39m
            [36m</div>[39m
            [36m<div[39m
              [33mclass[39m=[32m"space-y-2"[39m
            [36m>[39m
              [36m<div[39m
                [33mclass[39m=[32m"flex items-center space-x-2"[39m
              [36m>[39m
                [36m<button[39m
                  [33maria-checked[39m=[32m"true"[39m
                  [33mclass[39m=[32m"peer relative rounded-sm border border-gray-300 focus-visible:outline-none focus-visible:ring-2 focus-visible:ring-ring disabled:cursor-not-allowed disabled:opacity-50 data-[state=checked]:bg-primary data-[state=checked]:text-primary-foreground"[39m
                  [33mdata-state[39m=[32m"checked"[39m
                  [33mid[39m=[32m"edit-internal-only"[39m
                  [33mrole[39m=[32m"checkbox"[39m
                  [33mstyle[39m=[32m"height: 16px; width: 16px; min-height: 16px; min-width: 16px; max-height: 16px; max-width: 16px; display: flex; align-items: center; justify-content: center; flex-shrink: 0; box-sizing: border-box;"[39m
                  [33mtype[39m=[32m"button"[39m
                  [33mvalue[39m=[32m"on"[39m
                [36m>[39m
                  [36m<span[39m
                    [33mclass[39m=[32m"flex items-center justify-center text-current"[39m
                    [33mdata-state[39m=[32m"checked"[39m
                    [33mstyle[39m=[32m"pointer-events: none;"[39m
                  [36m>[39m
                    [36m<svg[39m
                      [33mclass[39m=[32m"lucide lucide-check h-3 w-3"[39m
                      [33mfill[39m=[32m"none"[39m
                      [33mheight[39m=[32m"24"[39m
                      [33mstroke[39m=[32m"currentColor"[39m
                      [33mstroke-linecap[39m=[32m"round"[39m
                      [33mstroke-linejoin[39m=[32m"round"[39m
                      [33mstroke-width[39m=[32m"2"[39m
                      [33mstyle[39m=[32m"margin: 0px; padding: 0px;"[39m
                      [33mviewBox[39m=[32m"0 0 24 24"[39m
                      [33mwidth[39m=[32m"24"[39m
                      [33mxmlns[39m=[32m"http://www.w3.org/2000/svg"[39m
                    [36m>[39m
                      [36m<path[39m
                        [33md[39m=[32m"M20 6 9 17l-5-5"[39m
                      [36m/>[39m
                    [36m</svg>[39m
                  [36m</span>[39m
                [36m</button>[39m
                [36m<label[39m
                  [33mclass[39m=[32m"flex items-center gap-2 select-none group-data-[disabled=true]:pointer-events-none group-data-[disabled=true]:opacity-50 text-sm font-medium leading-none peer-disabled:cursor-not-allowed peer-disabled:opacity-70"[39m
                  [33mdata-slot[39m=[32m"label"[39m
                  [33mfor[39m=[32m"edit-internal-only"[39m
                [36m>[39m
                  [0mInternal Only (not visible to customers)[0m
                [36m</label>[39m
              [36m</div>[39m
            [36m</div>[39m
          [36m</div>[39m
        [36m</div>[39m
        [36m<div[39m
          [33mclass[39m=[32m"border-t p-4 flex justify-end space-x-2 bg-gray-50"[39m
        [36m>[39m
          [36m<button[39m
            [33mclass[39m=[32m"inline-flex items-center justify-center gap-2 whitespace-nowrap rounded-md text-sm font-medium transition-[color,box-shadow] disabled:pointer-events-none disabled:opacity-50 [&_svg]:pointer-events-none [&_svg:not([class*='size-'])]:size-4 shrink-0 [&_svg]:shrink-0 outline-none focus-visible:border-ring focus-visible:ring-ring/50 focus-visible:ring-[3px] aria-invalid:ring-destructive/20 dark:aria-invalid:ring-destructive/40 aria-invalid:border-destructive border border-input bg-background shadow-xs hover:bg-accent hover:text-accent-foreground h-9 px-4 py-2 has-[>svg]:px-3"[39m
            [33mdata-slot[39m=[32m"button"[39m
          [36m>[39m
            [0mCancel[0m
          [36m</button>[39m
          [36m<button[39m
            [33mclass[39m=[32m"inline-flex items-center justify-center gap-2 whitespace-nowrap rounded-md text-sm font-medium transition-[color,box-shadow] disabled:pointer-events-none disabled:opacity-50 [&_svg]:pointer-events-none [&_svg:not([class*='size-'])]:size-4 shrink-0 [&_svg]:shrink-0 outline-none focus-visible:border-ring focus-visible:ring-ring/50 focus-visible:ring-[3px] aria-invalid:ring-destructive/20 dark:aria-invalid:ring-destructive/40 aria-invalid:border-destructive bg-primary text-primary-foreground shadow-xs hover:bg-primary/90 h-9 px-4 py-2 has-[>svg]:px-3"[39m
            [33mdata-slot[39m=[32m"button"[39m
          [36m>[39m
            [0mSave Changes[0m
          [36m</button>[39m
        [36m</div>[39m
      [36m</div>[39m
    [36m</dialog>[39m
  [36m</div>[39m
[36m</body>[39m
[90m [2m❯[22m Object.getElementError node_modules/.pnpm/@testing-library+dom@10.4.1/node_modules/@testing-library/dom/dist/config.js:[2m37:19[22m[39m
[90m [2m❯[22m node_modules/.pnpm/@testing-library+dom@10.4.1/node_modules/@testing-library/dom/dist/query-helpers.js:[2m76:38[22m[39m
[90m [2m❯[22m node_modules/.pnpm/@testing-library+dom@10.4.1/node_modules/@testing-library/dom/dist/query-helpers.js:[2m52:17[22m[39m
[90m [2m❯[22m node_modules/.pnpm/@testing-library+dom@10.4.1/node_modules/@testing-library/dom/dist/query-helpers.js:[2m95:19[22m[39m
[36m [2m❯[22m src/components/services/__tests__/CommentEditModal.test.tsx:[2m482:35[22m[39m
    [90m480| [39m
    [90m481| [39m      [90m// Try to cancel[39m
    [90m482| [39m      const cancelButton = screen.getByRole('button', { name: /cancel/…
    [90m   | [39m                                  [31m^[39m
    [90m483| [39m      [35mawait[39m user[33m.[39m[34mclick[39m(cancelButton)[33m;[39m
    [90m484| [39m

[31m[2m⎯⎯⎯⎯⎯⎯⎯⎯⎯⎯⎯⎯⎯⎯⎯⎯⎯⎯⎯⎯[158/377]⎯[22m[39m

[41m[1m FAIL [22m[49m src/components/services/__tests__/CommentEditModal.test.tsx[2m > [22mCommentEditModal[2m > [22mcancellation[2m > [22mshould close without warning if no changes made
[31m[1mTestingLibraryElementError[22m[39m: Unable to find an accessible element with the role "button" and name `/cancel/i`

There are no accessible roles. But there might be some inaccessible roles. If you wish to access them, then set the `hidden` option to `true`. Learn more about this here: https://testing-library.com/docs/dom-testing-library/api-queries#byrole

Ignored nodes: comments, script, style
[36m<body>[39m
  [36m<div>[39m
    [36m<dialog[39m
      [33maria-labelledby[39m=[32m"dialog-title"[39m
      [33mclass[39m=[32m"p-0 rounded-lg shadow-lg w-[calc(100%-32px)] max-w-lg"[39m
    [36m>[39m
      [36m<div>[39m
        [36m<div[39m
          [33mclass[39m=[32m"flex justify-between items-center border-b p-4"[39m
        [36m>[39m
          [36m<h2[39m
            [33mclass[39m=[32m"text-lg font-semibold"[39m
            [33mid[39m=[32m"dialog-title"[39m
          [36m>[39m
            [0mEdit Comment[0m
          [36m</h2>[39m
          [36m<button[39m
            [33maria-label[39m=[32m"Close dialog"[39m
            [33mclass[39m=[32m"text-gray-500 hover:text-gray-700 focus:outline-none focus:ring-2 focus:ring-offset-2 focus:ring-blue-500"[39m
          [36m>[39m
            [0mX[0m
          [36m</button>[39m
        [36m</div>[39m
        [36m<div[39m
          [33mclass[39m=[32m"p-4"[39m
        [36m>[39m
          [36m<div[39m
            [33mclass[39m=[32m"space-y-4"[39m
          [36m>[39m
            [36m<div>[39m
              [36m<label[39m
                [33mclass[39m=[32m"flex items-center gap-2 text-sm leading-none font-medium select-none group-data-[disabled=true]:pointer-events-none group-data-[disabled=true]:opacity-50 peer-disabled:cursor-not-allowed peer-disabled:opacity-50"[39m
                [33mdata-slot[39m=[32m"label"[39m
                [33mfor[39m=[32m"comment-text"[39m
              [36m>[39m
                [0mComment Text *[0m
              [36m</label>[39m
              [36m<textarea[39m
                [33mclass[39m=[32m"flex min-h-[80px] w-full rounded-md border border-input bg-background px-3 py-2 text-sm ring-offset-background placeholder:text-muted-foreground focus-visible:outline-none focus-visible:ring-2 focus-visible:ring-ring focus-visible:ring-offset-2 disabled:cursor-not-allowed disabled:opacity-50 mt-1"[39m
                [33mid[39m=[32m"comment-text"[39m
                [33mplaceholder[39m=[32m"Enter comment text..."[39m
                [33mrows[39m=[32m"6"[39m
              [36m>[39m
                [0mPlease provide driver license by March 15, 2024[0m
              [36m</textarea>[39m
              [36m<div[39m
                [33mclass[39m=[32m"text-sm mt-1 text-gray-500"[39m
              [36m>[39m
                [0m47[0m
                [0m/[0m
                [0m1000[0m
                [0m characters[0m
              [36m</div>[39m
            [36m</div>[39m
            [36m<div[39m
              [33mclass[39m=[32m"space-y-2"[39m
            [36m>[39m
              [36m<div[39m
                [33mclass[39m=[32m"flex items-center space-x-2"[39m
              [36m>[39m
                [36m<button[39m
                  [33maria-checked[39m=[32m"true"[39m
                  [33mclass[39m=[32m"peer relative rounded-sm border border-gray-300 focus-visible:outline-none focus-visible:ring-2 focus-visible:ring-ring disabled:cursor-not-allowed disabled:opacity-50 data-[state=checked]:bg-primary data-[state=checked]:text-primary-foreground"[39m
                  [33mdata-state[39m=[32m"checked"[39m
                  [33mid[39m=[32m"edit-internal-only"[39m
                  [33mrole[39m=[32m"checkbox"[39m
                  [33mstyle[39m=[32m"height: 16px; width: 16px; min-height: 16px; min-width: 16px; max-height: 16px; max-width: 16px; display: flex; align-items: center; justify-content: center; flex-shrink: 0; box-sizing: border-box;"[39m
                  [33mtype[39m=[32m"button"[39m
                  [33mvalue[39m=[32m"on"[39m
                [36m>[39m
                  [36m<span[39m
                    [33mclass[39m=[32m"flex items-center justify-center text-current"[39m
                    [33mdata-state[39m=[32m"checked"[39m
                    [33mstyle[39m=[32m"pointer-events: none;"[39m
                  [36m>[39m
                    [36m<svg[39m
                      [33mclass[39m=[32m"lucide lucide-check h-3 w-3"[39m
                      [33mfill[39m=[32m"none"[39m
                      [33mheight[39m=[32m"24"[39m
                      [33mstroke[39m=[32m"currentColor"[39m
                      [33mstroke-linecap[39m=[32m"round"[39m
                      [33mstroke-linejoin[39m=[32m"round"[39m
                      [33mstroke-width[39m=[32m"2"[39m
                      [33mstyle[39m=[32m"margin: 0px; padding: 0px;"[39m
                      [33mviewBox[39m=[32m"0 0 24 24"[39m
                      [33mwidth[39m=[32m"24"[39m
                      [33mxmlns[39m=[32m"http://www.w3.org/2000/svg"[39m
                    [36m>[39m
                      [36m<path[39m
                        [33md[39m=[32m"M20 6 9 17l-5-5"[39m
                      [36m/>[39m
                    [36m</svg>[39m
                  [36m</span>[39m
                [36m</button>[39m
                [36m<label[39m
                  [33mclass[39m=[32m"flex items-center gap-2 select-none group-data-[disabled=true]:pointer-events-none group-data-[disabled=true]:opacity-50 text-sm font-medium leading-none peer-disabled:cursor-not-allowed peer-disabled:opacity-70"[39m
                  [33mdata-slot[39m=[32m"label"[39m
                  [33mfor[39m=[32m"edit-internal-only"[39m
                [36m>[39m
                  [0mInternal Only (not visible to customers)[0m
                [36m</label>[39m
              [36m</div>[39m
            [36m</div>[39m
          [36m</div>[39m
        [36m</div>[39m
        [36m<div[39m
          [33mclass[39m=[32m"border-t p-4 flex justify-end space-x-2 bg-gray-50"[39m
        [36m>[39m
          [36m<button[39m
            [33mclass[39m=[32m"inline-flex items-center justify-center gap-2 whitespace-nowrap rounded-md text-sm font-medium transition-[color,box-shadow] disabled:pointer-events-none disabled:opacity-50 [&_svg]:pointer-events-none [&_svg:not([class*='size-'])]:size-4 shrink-0 [&_svg]:shrink-0 outline-none focus-visible:border-ring focus-visible:ring-ring/50 focus-visible:ring-[3px] aria-invalid:ring-destructive/20 dark:aria-invalid:ring-destructive/40 aria-invalid:border-destructive border border-input bg-background shadow-xs hover:bg-accent hover:text-accent-foreground h-9 px-4 py-2 has-[>svg]:px-3"[39m
            [33mdata-slot[39m=[32m"button"[39m
          [36m>[39m
            [0mCancel[0m
          [36m</button>[39m
          [36m<button[39m
            [33mclass[39m=[32m"inline-flex items-center justify-center gap-2 whitespace-nowrap rounded-md text-sm font-medium transition-[color,box-shadow] disabled:pointer-events-none disabled:opacity-50 [&_svg]:pointer-events-none [&_svg:not([class*='size-'])]:size-4 shrink-0 [&_svg]:shrink-0 outline-none focus-visible:border-ring focus-visible:ring-ring/50 focus-visible:ring-[3px] aria-invalid:ring-destructive/20 dark:aria-invalid:ring-destructive/40 aria-invalid:border-destructive bg-primary text-primary-foreground shadow-xs hover:bg-primary/90 h-9 px-4 py-2 has-[>svg]:px-3"[39m
            [33mdata-slot[39m=[32m"button"[39m
          [36m>[39m
            [0mSave Changes[0m
          [36m</button>[39m
        [36m</div>[39m
      [36m</div>[39m
    [36m</dialog>[39m
  [36m</div>[39m
[36m</body>[39m
[90m [2m❯[22m Object.getElementError node_modules/.pnpm/@testing-library+dom@10.4.1/node_modules/@testing-library/dom/dist/config.js:[2m37:19[22m[39m
[90m [2m❯[22m node_modules/.pnpm/@testing-library+dom@10.4.1/node_modules/@testing-library/dom/dist/query-helpers.js:[2m76:38[22m[39m
[90m [2m❯[22m node_modules/.pnpm/@testing-library+dom@10.4.1/node_modules/@testing-library/dom/dist/query-helpers.js:[2m52:17[22m[39m
[90m [2m❯[22m node_modules/.pnpm/@testing-library+dom@10.4.1/node_modules/@testing-library/dom/dist/query-helpers.js:[2m95:19[22m[39m
[36m [2m❯[22m src/components/services/__tests__/CommentEditModal.test.tsx:[2m501:35[22m[39m
    [90m499| [39m      )[33m;[39m
    [90m500| [39m
    [90m501| [39m      const cancelButton = screen.getByRole('button', { name: /cancel/…
    [90m   | [39m                                  [31m^[39m
    [90m502| [39m      [35mawait[39m user[33m.[39m[34mclick[39m(cancelButton)[33m;[39m
    [90m503| [39m

[31m[2m⎯⎯⎯⎯⎯⎯⎯⎯⎯⎯⎯⎯⎯⎯⎯⎯⎯⎯⎯⎯[159/377]⎯[22m[39m

[41m[1m FAIL [22m[49m src/components/services/__tests__/CommentEditModal.test.tsx[2m > [22mCommentEditModal[2m > [22mcancellation[2m > [22mshould discard changes when user confirms cancellation
[31m[1mTestingLibraryElementError[22m[39m: Unable to find an accessible element with the role "button" and name `/cancel/i`

There are no accessible roles. But there might be some inaccessible roles. If you wish to access them, then set the `hidden` option to `true`. Learn more about this here: https://testing-library.com/docs/dom-testing-library/api-queries#byrole

Ignored nodes: comments, script, style
[36m<body>[39m
  [36m<div>[39m
    [36m<dialog[39m
      [33maria-labelledby[39m=[32m"dialog-title"[39m
      [33mclass[39m=[32m"p-0 rounded-lg shadow-lg w-[calc(100%-32px)] max-w-lg"[39m
    [36m>[39m
      [36m<div>[39m
        [36m<div[39m
          [33mclass[39m=[32m"flex justify-between items-center border-b p-4"[39m
        [36m>[39m
          [36m<h2[39m
            [33mclass[39m=[32m"text-lg font-semibold"[39m
            [33mid[39m=[32m"dialog-title"[39m
          [36m>[39m
            [0mEdit Comment[0m
          [36m</h2>[39m
          [36m<button[39m
            [33maria-label[39m=[32m"Close dialog"[39m
            [33mclass[39m=[32m"text-gray-500 hover:text-gray-700 focus:outline-none focus:ring-2 focus:ring-offset-2 focus:ring-blue-500"[39m
          [36m>[39m
            [0mX[0m
          [36m</button>[39m
        [36m</div>[39m
        [36m<div[39m
          [33mclass[39m=[32m"p-4"[39m
        [36m>[39m
          [36m<div[39m
            [33mclass[39m=[32m"space-y-4"[39m
          [36m>[39m
            [36m<div>[39m
              [36m<label[39m
                [33mclass[39m=[32m"flex items-center gap-2 text-sm leading-none font-medium select-none group-data-[disabled=true]:pointer-events-none group-data-[disabled=true]:opacity-50 peer-disabled:cursor-not-allowed peer-disabled:opacity-50"[39m
                [33mdata-slot[39m=[32m"label"[39m
                [33mfor[39m=[32m"comment-text"[39m
              [36m>[39m
                [0mComment Text *[0m
              [36m</label>[39m
              [36m<textarea[39m
                [33mclass[39m=[32m"flex min-h-[80px] w-full rounded-md border border-input bg-background px-3 py-2 text-sm ring-offset-background placeholder:text-muted-foreground focus-visible:outline-none focus-visible:ring-2 focus-visible:ring-ring focus-visible:ring-offset-2 disabled:cursor-not-allowed disabled:opacity-50 mt-1"[39m
                [33mid[39m=[32m"comment-text"[39m
                [33mplaceholder[39m=[32m"Enter comment text..."[39m
                [33mrows[39m=[32m"6"[39m
              [36m>[39m
                [0mPlease provide driver license by March 15, 2024 Additional text[0m
              [36m</textarea>[39m
              [36m<div[39m
                [33mclass[39m=[32m"text-sm mt-1 text-gray-500"[39m
              [36m>[39m
                [0m63[0m
                [0m/[0m
                [0m1000[0m
                [0m characters[0m
              [36m</div>[39m
            [36m</div>[39m
            [36m<div[39m
              [33mclass[39m=[32m"space-y-2"[39m
            [36m>[39m
              [36m<div[39m
                [33mclass[39m=[32m"flex items-center space-x-2"[39m
              [36m>[39m
                [36m<button[39m
                  [33maria-checked[39m=[32m"true"[39m
                  [33mclass[39m=[32m"peer relative rounded-sm border border-gray-300 focus-visible:outline-none focus-visible:ring-2 focus-visible:ring-ring disabled:cursor-not-allowed disabled:opacity-50 data-[state=checked]:bg-primary data-[state=checked]:text-primary-foreground"[39m
                  [33mdata-state[39m=[32m"checked"[39m
                  [33mid[39m=[32m"edit-internal-only"[39m
                  [33mrole[39m=[32m"checkbox"[39m
                  [33mstyle[39m=[32m"height: 16px; width: 16px; min-height: 16px; min-width: 16px; max-height: 16px; max-width: 16px; display: flex; align-items: center; justify-content: center; flex-shrink: 0; box-sizing: border-box;"[39m
                  [33mtype[39m=[32m"button"[39m
                  [33mvalue[39m=[32m"on"[39m
                [36m>[39m
                  [36m<span[39m
                    [33mclass[39m=[32m"flex items-center justify-center text-current"[39m
                    [33mdata-state[39m=[32m"checked"[39m
                    [33mstyle[39m=[32m"pointer-events: none;"[39m
                  [36m>[39m
                    [36m<svg[39m
                      [33mclass[39m=[32m"lucide lucide-check h-3 w-3"[39m
                      [33mfill[39m=[32m"none"[39m
                      [33mheight[39m=[32m"24"[39m
                      [33mstroke[39m=[32m"currentColor"[39m
                      [33mstroke-linecap[39m=[32m"round"[39m
                      [33mstroke-linejoin[39m=[32m"round"[39m
                      [33mstroke-width[39m=[32m"2"[39m
                      [33mstyle[39m=[32m"margin: 0px; padding: 0px;"[39m
                      [33mviewBox[39m=[32m"0 0 24 24"[39m
                      [33mwidth[39m=[32m"24"[39m
                      [33mxmlns[39m=[32m"http://www.w3.org/2000/svg"[39m
                    [36m>[39m
                      [36m<path[39m
                        [33md[39m=[32m"M20 6 9 17l-5-5"[39m
                      [36m/>[39m
                    [36m</svg>[39m
                  [36m</span>[39m
                [36m</button>[39m
                [36m<label[39m
                  [33mclass[39m=[32m"flex items-center gap-2 select-none group-data-[disabled=true]:pointer-events-none group-data-[disabled=true]:opacity-50 text-sm font-medium leading-none peer-disabled:cursor-not-allowed peer-disabled:opacity-70"[39m
                  [33mdata-slot[39m=[32m"label"[39m
                  [33mfor[39m=[32m"edit-internal-only"[39m
                [36m>[39m
                  [0mInternal Only (not visible to customers)[0m
                [36m</label>[39m
              [36m</div>[39m
            [36m</div>[39m
          [36m</div>[39m
        [36m</div>[39m
        [36m<div[39m
          [33mclass[39m=[32m"border-t p-4 flex justify-end space-x-2 bg-gray-50"[39m
        [36m>[39m
          [36m<button[39m
            [33mclass[39m=[32m"inline-flex items-center justify-center gap-2 whitespace-nowrap rounded-md text-sm font-medium transition-[color,box-shadow] disabled:pointer-events-none disabled:opacity-50 [&_svg]:pointer-events-none [&_svg:not([class*='size-'])]:size-4 shrink-0 [&_svg]:shrink-0 outline-none focus-visible:border-ring focus-visible:ring-ring/50 focus-visible:ring-[3px] aria-invalid:ring-destructive/20 dark:aria-invalid:ring-destructive/40 aria-invalid:border-destructive border border-input bg-background shadow-xs hover:bg-accent hover:text-accent-foreground h-9 px-4 py-2 has-[>svg]:px-3"[39m
            [33mdata-slot[39m=[32m"button"[39m
          [36m>[39m
            [0mCancel[0m
          [36m</button>[39m
          [36m<button[39m
            [33mclass[39m=[32m"inline-flex items-center justify-center gap-2 whitespace-nowrap rounded-md text-sm font-medium transition-[color,box-shadow] disabled:pointer-events-none disabled:opacity-50 [&_svg]:pointer-events-none [&_svg:not([class*='size-'])]:size-4 shrink-0 [&_svg]:shrink-0 outline-none focus-visible:border-ring focus-visible:ring-ring/50 focus-visible:ring-[3px] aria-invalid:ring-destructive/20 dark:aria-invalid:ring-destructive/40 aria-invalid:border-destructive bg-primary text-primary-foreground shadow-xs hover:bg-primary/90 h-9 px-4 py-2 has-[>svg]:px-3"[39m
            [33mdata-slot[39m=[32m"button"[39m
          [36m>[39m
            [0mSave Changes[0m
          [36m</button>[39m
        [36m</div>[39m
      [36m</div>[39m
    [36m</dialog>[39m
  [36m</div>[39m
[36m</body>[39m
[90m [2m❯[22m Object.getElementError node_modules/.pnpm/@testing-library+dom@10.4.1/node_modules/@testing-library/dom/dist/config.js:[2m37:19[22m[39m
[90m [2m❯[22m node_modules/.pnpm/@testing-library+dom@10.4.1/node_modules/@testing-library/dom/dist/query-helpers.js:[2m76:38[22m[39m
[90m [2m❯[22m node_modules/.pnpm/@testing-library+dom@10.4.1/node_modules/@testing-library/dom/dist/query-helpers.js:[2m52:17[22m[39m
[90m [2m❯[22m node_modules/.pnpm/@testing-library+dom@10.4.1/node_modules/@testing-library/dom/dist/query-helpers.js:[2m95:19[22m[39m
[36m [2m❯[22m src/components/services/__tests__/CommentEditModal.test.tsx:[2m526:35[22m[39m
    [90m524| [39m
    [90m525| [39m      [90m// Cancel[39m
    [90m526| [39m      const cancelButton = screen.getByRole('button', { name: /cancel/…
    [90m   | [39m                                  [31m^[39m
    [90m527| [39m      [35mawait[39m user[33m.[39m[34mclick[39m(cancelButton)[33m;[39m
    [90m528| [39m

[31m[2m⎯⎯⎯⎯⎯⎯⎯⎯⎯⎯⎯⎯⎯⎯⎯⎯⎯⎯⎯⎯[160/377]⎯[22m[39m

[41m[1m FAIL [22m[49m src/components/services/__tests__/CommentEditModal.test.tsx[2m > [22mCommentEditModal[2m > [22mcancellation[2m > [22mshould keep modal open when user cancels discard
[31m[1mTestingLibraryElementError[22m[39m: Unable to find an accessible element with the role "button" and name `/cancel/i`

There are no accessible roles. But there might be some inaccessible roles. If you wish to access them, then set the `hidden` option to `true`. Learn more about this here: https://testing-library.com/docs/dom-testing-library/api-queries#byrole

Ignored nodes: comments, script, style
[36m<body>[39m
  [36m<div>[39m
    [36m<dialog[39m
      [33maria-labelledby[39m=[32m"dialog-title"[39m
      [33mclass[39m=[32m"p-0 rounded-lg shadow-lg w-[calc(100%-32px)] max-w-lg"[39m
    [36m>[39m
      [36m<div>[39m
        [36m<div[39m
          [33mclass[39m=[32m"flex justify-between items-center border-b p-4"[39m
        [36m>[39m
          [36m<h2[39m
            [33mclass[39m=[32m"text-lg font-semibold"[39m
            [33mid[39m=[32m"dialog-title"[39m
          [36m>[39m
            [0mEdit Comment[0m
          [36m</h2>[39m
          [36m<button[39m
            [33maria-label[39m=[32m"Close dialog"[39m
            [33mclass[39m=[32m"text-gray-500 hover:text-gray-700 focus:outline-none focus:ring-2 focus:ring-offset-2 focus:ring-blue-500"[39m
          [36m>[39m
            [0mX[0m
          [36m</button>[39m
        [36m</div>[39m
        [36m<div[39m
          [33mclass[39m=[32m"p-4"[39m
        [36m>[39m
          [36m<div[39m
            [33mclass[39m=[32m"space-y-4"[39m
          [36m>[39m
            [36m<div>[39m
              [36m<label[39m
                [33mclass[39m=[32m"flex items-center gap-2 text-sm leading-none font-medium select-none group-data-[disabled=true]:pointer-events-none group-data-[disabled=true]:opacity-50 peer-disabled:cursor-not-allowed peer-disabled:opacity-50"[39m
                [33mdata-slot[39m=[32m"label"[39m
                [33mfor[39m=[32m"comment-text"[39m
              [36m>[39m
                [0mComment Text *[0m
              [36m</label>[39m
              [36m<textarea[39m
                [33mclass[39m=[32m"flex min-h-[80px] w-full rounded-md border border-input bg-background px-3 py-2 text-sm ring-offset-background placeholder:text-muted-foreground focus-visible:outline-none focus-visible:ring-2 focus-visible:ring-ring focus-visible:ring-offset-2 disabled:cursor-not-allowed disabled:opacity-50 mt-1"[39m
                [33mid[39m=[32m"comment-text"[39m
                [33mplaceholder[39m=[32m"Enter comment text..."[39m
                [33mrows[39m=[32m"6"[39m
              [36m>[39m
                [0mPlease provide driver license by March 15, 2024 Additional text[0m
              [36m</textarea>[39m
              [36m<div[39m
                [33mclass[39m=[32m"text-sm mt-1 text-gray-500"[39m
              [36m>[39m
                [0m63[0m
                [0m/[0m
                [0m1000[0m
                [0m characters[0m
              [36m</div>[39m
            [36m</div>[39m
            [36m<div[39m
              [33mclass[39m=[32m"space-y-2"[39m
            [36m>[39m
              [36m<div[39m
                [33mclass[39m=[32m"flex items-center space-x-2"[39m
              [36m>[39m
                [36m<button[39m
                  [33maria-checked[39m=[32m"true"[39m
                  [33mclass[39m=[32m"peer relative rounded-sm border border-gray-300 focus-visible:outline-none focus-visible:ring-2 focus-visible:ring-ring disabled:cursor-not-allowed disabled:opacity-50 data-[state=checked]:bg-primary data-[state=checked]:text-primary-foreground"[39m
                  [33mdata-state[39m=[32m"checked"[39m
                  [33mid[39m=[32m"edit-internal-only"[39m
                  [33mrole[39m=[32m"checkbox"[39m
                  [33mstyle[39m=[32m"height: 16px; width: 16px; min-height: 16px; min-width: 16px; max-height: 16px; max-width: 16px; display: flex; align-items: center; justify-content: center; flex-shrink: 0; box-sizing: border-box;"[39m
                  [33mtype[39m=[32m"button"[39m
                  [33mvalue[39m=[32m"on"[39m
                [36m>[39m
                  [36m<span[39m
                    [33mclass[39m=[32m"flex items-center justify-center text-current"[39m
                    [33mdata-state[39m=[32m"checked"[39m
                    [33mstyle[39m=[32m"pointer-events: none;"[39m
                  [36m>[39m
                    [36m<svg[39m
                      [33mclass[39m=[32m"lucide lucide-check h-3 w-3"[39m
                      [33mfill[39m=[32m"none"[39m
                      [33mheight[39m=[32m"24"[39m
                      [33mstroke[39m=[32m"currentColor"[39m
                      [33mstroke-linecap[39m=[32m"round"[39m
                      [33mstroke-linejoin[39m=[32m"round"[39m
                      [33mstroke-width[39m=[32m"2"[39m
                      [33mstyle[39m=[32m"margin: 0px; padding: 0px;"[39m
                      [33mviewBox[39m=[32m"0 0 24 24"[39m
                      [33mwidth[39m=[32m"24"[39m
                      [33mxmlns[39m=[32m"http://www.w3.org/2000/svg"[39m
                    [36m>[39m
                      [36m<path[39m
                        [33md[39m=[32m"M20 6 9 17l-5-5"[39m
                      [36m/>[39m
                    [36m</svg>[39m
                  [36m</span>[39m
                [36m</button>[39m
                [36m<label[39m
                  [33mclass[39m=[32m"flex items-center gap-2 select-none group-data-[disabled=true]:pointer-events-none group-data-[disabled=true]:opacity-50 text-sm font-medium leading-none peer-disabled:cursor-not-allowed peer-disabled:opacity-70"[39m
                  [33mdata-slot[39m=[32m"label"[39m
                  [33mfor[39m=[32m"edit-internal-only"[39m
                [36m>[39m
                  [0mInternal Only (not visible to customers)[0m
                [36m</label>[39m
              [36m</div>[39m
            [36m</div>[39m
          [36m</div>[39m
        [36m</div>[39m
        [36m<div[39m
          [33mclass[39m=[32m"border-t p-4 flex justify-end space-x-2 bg-gray-50"[39m
        [36m>[39m
          [36m<button[39m
            [33mclass[39m=[32m"inline-flex items-center justify-center gap-2 whitespace-nowrap rounded-md text-sm font-medium transition-[color,box-shadow] disabled:pointer-events-none disabled:opacity-50 [&_svg]:pointer-events-none [&_svg:not([class*='size-'])]:size-4 shrink-0 [&_svg]:shrink-0 outline-none focus-visible:border-ring focus-visible:ring-ring/50 focus-visible:ring-[3px] aria-invalid:ring-destructive/20 dark:aria-invalid:ring-destructive/40 aria-invalid:border-destructive border border-input bg-background shadow-xs hover:bg-accent hover:text-accent-foreground h-9 px-4 py-2 has-[>svg]:px-3"[39m
            [33mdata-slot[39m=[32m"button"[39m
          [36m>[39m
            [0mCancel[0m
          [36m</button>[39m
          [36m<button[39m
            [33mclass[39m=[32m"inline-flex items-center justify-center gap-2 whitespace-nowrap rounded-md text-sm font-medium transition-[color,box-shadow] disabled:pointer-events-none disabled:opacity-50 [&_svg]:pointer-events-none [&_svg:not([class*='size-'])]:size-4 shrink-0 [&_svg]:shrink-0 outline-none focus-visible:border-ring focus-visible:ring-ring/50 focus-visible:ring-[3px] aria-invalid:ring-destructive/20 dark:aria-invalid:ring-destructive/40 aria-invalid:border-destructive bg-primary text-primary-foreground shadow-xs hover:bg-primary/90 h-9 px-4 py-2 has-[>svg]:px-3"[39m
            [33mdata-slot[39m=[32m"button"[39m
          [36m>[39m
            [0mSave Changes[0m
          [36m</button>[39m
        [36m</div>[39m
      [36m</div>[39m
    [36m</dialog>[39m
  [36m</div>[39m
[36m</body>[39m
[90m [2m❯[22m Object.getElementError node_modules/.pnpm/@testing-library+dom@10.4.1/node_modules/@testing-library/dom/dist/config.js:[2m37:19[22m[39m
[90m [2m❯[22m node_modules/.pnpm/@testing-library+dom@10.4.1/node_modules/@testing-library/dom/dist/query-helpers.js:[2m76:38[22m[39m
[90m [2m❯[22m node_modules/.pnpm/@testing-library+dom@10.4.1/node_modules/@testing-library/dom/dist/query-helpers.js:[2m52:17[22m[39m
[90m [2m❯[22m node_modules/.pnpm/@testing-library+dom@10.4.1/node_modules/@testing-library/dom/dist/query-helpers.js:[2m95:19[22m[39m
[36m [2m❯[22m src/components/services/__tests__/CommentEditModal.test.tsx:[2m554:35[22m[39m
    [90m552| [39m
    [90m553| [39m      [90m// Cancel[39m
    [90m554| [39m      const cancelButton = screen.getByRole('button', { name: /cancel/…
    [90m   | [39m                                  [31m^[39m
    [90m555| [39m      [35mawait[39m user[33m.[39m[34mclick[39m(cancelButton)[33m;[39m
    [90m556| [39m

[31m[2m⎯⎯⎯⎯⎯⎯⎯⎯⎯⎯⎯⎯⎯⎯⎯⎯⎯⎯⎯⎯[161/377]⎯[22m[39m

[41m[1m FAIL [22m[49m src/components/services/__tests__/CommentEditModal.test.tsx[2m > [22mCommentEditModal[2m > [22maccessibility[2m > [22mshould have proper ARIA labels
[31m[1mTestingLibraryElementError[22m[39m: Unable to find an accessible element with the role "dialog"

There are no accessible roles. But there might be some inaccessible roles. If you wish to access them, then set the `hidden` option to `true`. Learn more about this here: https://testing-library.com/docs/dom-testing-library/api-queries#byrole

Ignored nodes: comments, script, style
[36m<body>[39m
  [36m<div>[39m
    [36m<dialog[39m
      [33maria-labelledby[39m=[32m"dialog-title"[39m
      [33mclass[39m=[32m"p-0 rounded-lg shadow-lg w-[calc(100%-32px)] max-w-lg"[39m
    [36m>[39m
      [36m<div>[39m
        [36m<div[39m
          [33mclass[39m=[32m"flex justify-between items-center border-b p-4"[39m
        [36m>[39m
          [36m<h2[39m
            [33mclass[39m=[32m"text-lg font-semibold"[39m
            [33mid[39m=[32m"dialog-title"[39m
          [36m>[39m
            [0mEdit Comment[0m
          [36m</h2>[39m
          [36m<button[39m
            [33maria-label[39m=[32m"Close dialog"[39m
            [33mclass[39m=[32m"text-gray-500 hover:text-gray-700 focus:outline-none focus:ring-2 focus:ring-offset-2 focus:ring-blue-500"[39m
          [36m>[39m
            [0mX[0m
          [36m</button>[39m
        [36m</div>[39m
        [36m<div[39m
          [33mclass[39m=[32m"p-4"[39m
        [36m>[39m
          [36m<div[39m
            [33mclass[39m=[32m"space-y-4"[39m
          [36m>[39m
            [36m<div>[39m
              [36m<label[39m
                [33mclass[39m=[32m"flex items-center gap-2 text-sm leading-none font-medium select-none group-data-[disabled=true]:pointer-events-none group-data-[disabled=true]:opacity-50 peer-disabled:cursor-not-allowed peer-disabled:opacity-50"[39m
                [33mdata-slot[39m=[32m"label"[39m
                [33mfor[39m=[32m"comment-text"[39m
              [36m>[39m
                [0mComment Text *[0m
              [36m</label>[39m
              [36m<textarea[39m
                [33mclass[39m=[32m"flex min-h-[80px] w-full rounded-md border border-input bg-background px-3 py-2 text-sm ring-offset-background placeholder:text-muted-foreground focus-visible:outline-none focus-visible:ring-2 focus-visible:ring-ring focus-visible:ring-offset-2 disabled:cursor-not-allowed disabled:opacity-50 mt-1"[39m
                [33mid[39m=[32m"comment-text"[39m
                [33mplaceholder[39m=[32m"Enter comment text..."[39m
                [33mrows[39m=[32m"6"[39m
              [36m>[39m
                [0mPlease provide driver license by March 15, 2024[0m
              [36m</textarea>[39m
              [36m<div[39m
                [33mclass[39m=[32m"text-sm mt-1 text-gray-500"[39m
              [36m>[39m
                [0m47[0m
                [0m/[0m
                [0m1000[0m
                [0m characters[0m
              [36m</div>[39m
            [36m</div>[39m
            [36m<div[39m
              [33mclass[39m=[32m"space-y-2"[39m
            [36m>[39m
              [36m<div[39m
                [33mclass[39m=[32m"flex items-center space-x-2"[39m
              [36m>[39m
                [36m<button[39m
                  [33maria-checked[39m=[32m"true"[39m
                  [33mclass[39m=[32m"peer relative rounded-sm border border-gray-300 focus-visible:outline-none focus-visible:ring-2 focus-visible:ring-ring disabled:cursor-not-allowed disabled:opacity-50 data-[state=checked]:bg-primary data-[state=checked]:text-primary-foreground"[39m
                  [33mdata-state[39m=[32m"checked"[39m
                  [33mid[39m=[32m"edit-internal-only"[39m
                  [33mrole[39m=[32m"checkbox"[39m
                  [33mstyle[39m=[32m"height: 16px; width: 16px; min-height: 16px; min-width: 16px; max-height: 16px; max-width: 16px; display: flex; align-items: center; justify-content: center; flex-shrink: 0; box-sizing: border-box;"[39m
                  [33mtype[39m=[32m"button"[39m
                  [33mvalue[39m=[32m"on"[39m
                [36m>[39m
                  [36m<span[39m
                    [33mclass[39m=[32m"flex items-center justify-center text-current"[39m
                    [33mdata-state[39m=[32m"checked"[39m
                    [33mstyle[39m=[32m"pointer-events: none;"[39m
                  [36m>[39m
                    [36m<svg[39m
                      [33mclass[39m=[32m"lucide lucide-check h-3 w-3"[39m
                      [33mfill[39m=[32m"none"[39m
                      [33mheight[39m=[32m"24"[39m
                      [33mstroke[39m=[32m"currentColor"[39m
                      [33mstroke-linecap[39m=[32m"round"[39m
                      [33mstroke-linejoin[39m=[32m"round"[39m
                      [33mstroke-width[39m=[32m"2"[39m
                      [33mstyle[39m=[32m"margin: 0px; padding: 0px;"[39m
                      [33mviewBox[39m=[32m"0 0 24 24"[39m
                      [33mwidth[39m=[32m"24"[39m
                      [33mxmlns[39m=[32m"http://www.w3.org/2000/svg"[39m
                    [36m>[39m
                      [36m<path[39m
                        [33md[39m=[32m"M20 6 9 17l-5-5"[39m
                      [36m/>[39m
                    [36m</svg>[39m
                  [36m</span>[39m
                [36m</button>[39m
                [36m<label[39m
                  [33mclass[39m=[32m"flex items-center gap-2 select-none group-data-[disabled=true]:pointer-events-none group-data-[disabled=true]:opacity-50 text-sm font-medium leading-none peer-disabled:cursor-not-allowed peer-disabled:opacity-70"[39m
                  [33mdata-slot[39m=[32m"label"[39m
                  [33mfor[39m=[32m"edit-internal-only"[39m
                [36m>[39m
                  [0mInternal Only (not visible to customers)[0m
                [36m</label>[39m
              [36m</div>[39m
            [36m</div>[39m
          [36m</div>[39m
        [36m</div>[39m
        [36m<div[39m
          [33mclass[39m=[32m"border-t p-4 flex justify-end space-x-2 bg-gray-50"[39m
        [36m>[39m
          [36m<button[39m
            [33mclass[39m=[32m"inline-flex items-center justify-center gap-2 whitespace-nowrap rounded-md text-sm font-medium transition-[color,box-shadow] disabled:pointer-events-none disabled:opacity-50 [&_svg]:pointer-events-none [&_svg:not([class*='size-'])]:size-4 shrink-0 [&_svg]:shrink-0 outline-none focus-visible:border-ring focus-visible:ring-ring/50 focus-visible:ring-[3px] aria-invalid:ring-destructive/20 dark:aria-invalid:ring-destructive/40 aria-invalid:border-destructive border border-input bg-background shadow-xs hover:bg-accent hover:text-accent-foreground h-9 px-4 py-2 has-[>svg]:px-3"[39m
            [33mdata-slot[39m=[32m"button"[39m
          [36m>[39m
            [0mCancel[0m
          [36m</button>[39m
          [36m<button[39m
            [33mclass[39m=[32m"inline-flex items-center justify-center gap-2 whitespace-nowrap rounded-md text-sm font-medium transition-[color,box-shadow] disabled:pointer-events-none disabled:opacity-50 [&_svg]:pointer-events-none [&_svg:not([class*='size-'])]:size-4 shrink-0 [&_svg]:shrink-0 outline-none focus-visible:border-ring focus-visible:ring-ring/50 focus-visible:ring-[3px] aria-invalid:ring-destructive/20 dark:aria-invalid:ring-destructive/40 aria-invalid:border-destructive bg-primary text-primary-foreground shadow-xs hover:bg-primary/90 h-9 px-4 py-2 has-[>svg]:px-3"[39m
            [33mdata-slot[39m=[32m"button"[39m
          [36m>[39m
            [0mSave Changes[0m
          [36m</button>[39m
        [36m</div>[39m
      [36m</div>[39m
    [36m</dialog>[39m
  [36m</div>[39m
[36m</body>[39m
[90m [2m❯[22m Object.getElementError node_modules/.pnpm/@testing-library+dom@10.4.1/node_modules/@testing-library/dom/dist/config.js:[2m37:19[22m[39m
[90m [2m❯[22m node_modules/.pnpm/@testing-library+dom@10.4.1/node_modules/@testing-library/dom/dist/query-helpers.js:[2m76:38[22m[39m
[90m [2m❯[22m node_modules/.pnpm/@testing-library+dom@10.4.1/node_modules/@testing-library/dom/dist/query-helpers.js:[2m52:17[22m[39m
[90m [2m❯[22m node_modules/.pnpm/@testing-library+dom@10.4.1/node_modules/@testing-library/dom/dist/query-helpers.js:[2m95:19[22m[39m
[36m [2m❯[22m src/components/services/__tests__/CommentEditModal.test.tsx:[2m580:21[22m[39m
    [90m578| [39m      )[33m;[39m
    [90m579| [39m
    [90m580| [39m      expect(screen.getByRole('dialog')).toHaveAttribute('aria-labelle…
    [90m   | [39m                    [31m^[39m
    [90m581| [39m      expect(screen.getByLabelText(/comment text/i)).toHaveAttribute('…
    [90m582| [39m      expect(screen.getByLabelText(/comment text/i)).toHaveAttribute('…

[31m[2m⎯⎯⎯⎯⎯⎯⎯⎯⎯⎯⎯⎯⎯⎯⎯⎯⎯⎯⎯⎯[162/377]⎯[22m[39m

[41m[1m FAIL [22m[49m src/components/services/__tests__/CommentEditModal.test.tsx[2m > [22mCommentEditModal[2m > [22maccessibility[2m > [22mshould announce visibility change warning to screen readers
[31m[1mTestingLibraryElementError[22m[39m: Unable to find an accessible element with the role "alert"

There are no accessible roles. But there might be some inaccessible roles. If you wish to access them, then set the `hidden` option to `true`. Learn more about this here: https://testing-library.com/docs/dom-testing-library/api-queries#byrole

Ignored nodes: comments, script, style
[36m<body>[39m
  [36m<div>[39m
    [36m<dialog[39m
      [33maria-labelledby[39m=[32m"dialog-title"[39m
      [33mclass[39m=[32m"p-0 rounded-lg shadow-lg w-[calc(100%-32px)] max-w-lg"[39m
    [36m>[39m
      [36m<div>[39m
        [36m<div[39m
          [33mclass[39m=[32m"flex justify-between items-center border-b p-4"[39m
        [36m>[39m
          [36m<h2[39m
            [33mclass[39m=[32m"text-lg font-semibold"[39m
            [33mid[39m=[32m"dialog-title"[39m
          [36m>[39m
            [0mEdit Comment[0m
          [36m</h2>[39m
          [36m<button[39m
            [33maria-label[39m=[32m"Close dialog"[39m
            [33mclass[39m=[32m"text-gray-500 hover:text-gray-700 focus:outline-none focus:ring-2 focus:ring-offset-2 focus:ring-blue-500"[39m
          [36m>[39m
            [0mX[0m
          [36m</button>[39m
        [36m</div>[39m
        [36m<div[39m
          [33mclass[39m=[32m"p-4"[39m
        [36m>[39m
          [36m<div[39m
            [33mclass[39m=[32m"space-y-4"[39m
          [36m>[39m
            [36m<div>[39m
              [36m<label[39m
                [33mclass[39m=[32m"flex items-center gap-2 text-sm leading-none font-medium select-none group-data-[disabled=true]:pointer-events-none group-data-[disabled=true]:opacity-50 peer-disabled:cursor-not-allowed peer-disabled:opacity-50"[39m
                [33mdata-slot[39m=[32m"label"[39m
                [33mfor[39m=[32m"comment-text"[39m
              [36m>[39m
                [0mComment Text *[0m
              [36m</label>[39m
              [36m<textarea[39m
                [33mclass[39m=[32m"flex min-h-[80px] w-full rounded-md border border-input bg-background px-3 py-2 text-sm ring-offset-background placeholder:text-muted-foreground focus-visible:outline-none focus-visible:ring-2 focus-visible:ring-ring focus-visible:ring-offset-2 disabled:cursor-not-allowed disabled:opacity-50 mt-1"[39m
                [33mid[39m=[32m"comment-text"[39m
                [33mplaceholder[39m=[32m"Enter comment text..."[39m
                [33mrows[39m=[32m"6"[39m
              [36m>[39m
                [0mPlease provide driver license by March 15, 2024[0m
              [36m</textarea>[39m
              [36m<div[39m
                [33mclass[39m=[32m"text-sm mt-1 text-gray-500"[39m
              [36m>[39m
                [0m47[0m
                [0m/[0m
                [0m1000[0m
                [0m characters[0m
              [36m</div>[39m
            [36m</div>[39m
            [36m<div[39m
              [33mclass[39m=[32m"space-y-2"[39m
            [36m>[39m
              [36m<div[39m
                [33mclass[39m=[32m"flex items-center space-x-2"[39m
              [36m>[39m
                [36m<button[39m
                  [33maria-checked[39m=[32m"false"[39m
                  [33mclass[39m=[32m"peer relative rounded-sm border border-gray-300 focus-visible:outline-none focus-visible:ring-2 focus-visible:ring-ring disabled:cursor-not-allowed disabled:opacity-50 data-[state=checked]:bg-primary data-[state=checked]:text-primary-foreground"[39m
                  [33mdata-state[39m=[32m"unchecked"[39m
                  [33mid[39m=[32m"edit-internal-only"[39m
                  [33mrole[39m=[32m"checkbox"[39m
                  [33mstyle[39m=[32m"height: 16px; width: 16px; min-height: 16px; min-width: 16px; max-height: 16px; max-width: 16px; display: flex; align-items: center; justify-content: center; flex-shrink: 0; box-sizing: border-box;"[39m
                  [33mtype[39m=[32m"button"[39m
                  [33mvalue[39m=[32m"on"[39m
                [36m/>[39m
                [36m<label[39m
                  [33mclass[39m=[32m"flex items-center gap-2 select-none group-data-[disabled=true]:pointer-events-none group-data-[disabled=true]:opacity-50 text-sm font-medium leading-none peer-disabled:cursor-not-allowed peer-disabled:opacity-70"[39m
                  [33mdata-slot[39m=[32m"label"[39m
                  [33mfor[39m=[32m"edit-internal-only"[39m
                [36m>[39m
                  [0mInternal Only (not visible to customers)[0m
                [36m</label>[39m
              [36m</div>[39m
              [36m<div[39m
                [33mclass[39m=[32m"flex items-start gap-2 p-3 text-amber-700 bg-amber-50 rounded-md"[39m
              [36m>[39m
                [36m<svg[39m
                  [33mclass[39m=[32m"lucide lucide-alert-circle w-4 h-4 mt-0.5 flex-shrink-0"[39m
                  [33mfill[39m=[32m"none"[39m
                  [33mheight[39m=[32m"24"[39m
                  [33mstroke[39m=[32m"currentColor"[39m
                  [33mstroke-linecap[39m=[32m"round"[39m
                  [33mstroke-linejoin[39m=[32m"round"[39m
                  [33mstroke-width[39m=[32m"2"[39m
                  [33mviewBox[39m=[32m"0 0 24 24"[39m
                  [33mwidth[39m=[32m"24"[39m
                  [33mxmlns[39m=[32m"http://www.w3.org/2000/svg"[39m
                [36m>[39m
                  [36m<circle[39m
                    [33mcx[39m=[32m"12"[39m
                    [33mcy[39m=[32m"12"[39m
                    [33mr[39m=[32m"10"[39m
                  [36m/>[39m
                  [36m<line[39m
                    [33mx1[39m=[32m"12"[39m
                    [33mx2[39m=[32m"12"[39m
                    [33my1[39m=[32m"8"[39m
                    [33my2[39m=[32m"12"[39m
                  [36m/>[39m
                  [36m<line[39m
                    [33mx1[39m=[32m"12"[39m
                    [33mx2[39m=[32m"12.01"[39m
                    [33my1[39m=[32m"16"[39m
                    [33my2[39m=[32m"16"[39m
                  [36m/>[39m
                [36m</svg>[39m
                [36m<div[39m
                  [33mclass[39m=[32m"text-sm"[39m
                [36m>[39m
                  [36m<p[39m
                    [33mclass[39m=[32m"font-medium"[39m
                  [36m>[39m
                    [0mWarning: Making this comment external[0m
                  [36m</p>[39m
                  [36m<p>[39m
                    [0mThis will make the comment visible to customers. Are you sure you want to continue?[0m
                  [36m</p>[39m
                [36m</div>[39m
              [36m</div>[39m
            [36m</div>[39m
          [36m</div>[39m
        [36m</div>[39m
        [36m<div[39m
          [33mclass[39m=[32m"border-t p-4 flex justify-end space-x-2 bg-gray-50"[39m
        [36m>[39m
          [36m<button[39m
            [33mclass[39m=[32m"inline-flex items-center justify-center gap-2 whitespace-nowrap rounded-md text-sm font-medium transition-[color,box-shadow] disabled:pointer-events-none disabled:opacity-50 [&_svg]:pointer-events-none [&_svg:not([class*='size-'])]:size-4 shrink-0 [&_svg]:shrink-0 outline-none focus-visible:border-ring focus-visible:ring-ring/50 focus-visible:ring-[3px] aria-invalid:ring-destructive/20 dark:aria-invalid:ring-destructive/40 aria-invalid:border-destructive border border-input bg-background shadow-xs hover:bg-accent hover:text-accent-foreground h-9 px-4 py-2 has-[>svg]:px-3"[39m
            [33mdata-slot[39m=[32m"button"[39m
          [36m>[39m
            [0mCancel[0m
          [36m</button>[39m
          [36m<button[39m
            [33mclass[39m=[32m"inline-flex items-center justify-center gap-2 whitespace-nowrap rounded-md text-sm font-medium transition-[color,box-shadow] disabled:pointer-events-none disabled:opacity-50 [&_svg]:pointer-events-none [&_svg:not([class*='size-'])]:size-4 shrink-0 [&_svg]:shrink-0 outline-none focus-visible:border-ring focus-visible:ring-ring/50 focus-visible:ring-[3px] aria-invalid:ring-destructive/20 dark:aria-invalid:ring-destructive/40 aria-invalid:border-destructive bg-primary text-primary-foreground shadow-xs hover:bg-primary/90 h-9 px-4 py-2 has-[>svg]:px-3"[39m
            [33mdata-slot[39m=[32m"button"[39m
          [36m>[39m
            [0mSave Changes[0m
          [36m</button>[39m
        [36m</div>[39m
      [36m</div>[39m
    [36m</dialog>[39m
  [36m</div>[39m
[36m</body>[39m
[90m [2m❯[22m Object.getElementError node_modules/.pnpm/@testing-library+dom@10.4.1/node_modules/@testing-library/dom/dist/config.js:[2m37:19[22m[39m
[90m [2m❯[22m node_modules/.pnpm/@testing-library+dom@10.4.1/node_modules/@testing-library/dom/dist/query-helpers.js:[2m76:38[22m[39m
[90m [2m❯[22m node_modules/.pnpm/@testing-library+dom@10.4.1/node_modules/@testing-library/dom/dist/query-helpers.js:[2m52:17[22m[39m
[90m [2m❯[22m node_modules/.pnpm/@testing-library+dom@10.4.1/node_modules/@testing-library/dom/dist/query-helpers.js:[2m95:19[22m[39m
[36m [2m❯[22m src/components/services/__tests__/CommentEditModal.test.tsx:[2m600:30[22m[39m
    [90m598| [39m      [35mawait[39m user[33m.[39m[34mclick[39m(internalCheckbox)[33m;[39m
    [90m599| [39m
    [90m600| [39m      [35mconst[39m warning [33m=[39m screen[33m.[39m[34mgetByRole[39m([32m'alert'[39m)[33m;[39m
    [90m   | [39m                             [31m^[39m
    [90m601| [39m      expect(warning).toHaveTextContent(/this will make the comment vi…
    [90m602| [39m    })[33m;[39m

[31m[2m⎯⎯⎯⎯⎯⎯⎯⎯⎯⎯⎯⎯⎯⎯⎯⎯⎯⎯⎯⎯[163/377]⎯[22m[39m

[41m[1m FAIL [22m[49m src/components/services/__tests__/ServiceCommentSection-id-fix.test.tsx[2m > [22mServiceCommentSection - ID Type Bug Prevention[2m > [22mCritical: Correct ID Usage for API Calls[2m > [22mshould use serviceFulfillmentId for API calls when in order mode
[31m[1mError[22m: [vitest] No "AuthContext" export is defined on the "@/contexts/AuthContext" mock. Did you forget to return it from "vi.mock"?
If you need to partially mock a module, you can use "importOriginal" helper inside:
[39m
vi.mock(import("@/contexts/AuthContext"), async (importOriginal) => {
  const actual = await importOriginal()
  return {
    ...actual,
    // your mocked methods
  }
})

[36m [2m❯[22m renderComponent src/components/services/__tests__/ServiceCommentSection-id-fix.test.tsx:[2m54:27[22m[39m
    [90m 52| [39m  [35mconst[39m renderComponent [33m=[39m (props[33m:[39m any [33m=[39m {}) [33m=>[39m {
    [90m 53| [39m    [35mreturn[39m [34mrender[39m(
    [90m 54| [39m      [33mReact[39m[33m.[39m[34mcreateElement[39m([33mAuthContext[39m[33m.[39m[33mProvider[39m[33m,[39m {
    [90m   | [39m                          [31m^[39m
    [90m 55| [39m        value[33m:[39m {
    [90m 56| [39m          user[33m:[39m mockUser[33m,[39m
[90m [2m❯[22m src/components/services/__tests__/ServiceCommentSection-id-fix.test.tsx:[2m106:7[22m[39m

[31m[2m⎯⎯⎯⎯⎯⎯⎯⎯⎯⎯⎯⎯⎯⎯⎯⎯⎯⎯⎯⎯[164/377]⎯[22m[39m

[41m[1m FAIL [22m[49m src/components/services/__tests__/ServiceCommentSection-id-fix.test.tsx[2m > [22mServiceCommentSection - ID Type Bug Prevention[2m > [22mCritical: Correct ID Usage for API Calls[2m > [22mshould use serviceId directly when NOT in order mode
[31m[1mError[22m: [vitest] No "AuthContext" export is defined on the "@/contexts/AuthContext" mock. Did you forget to return it from "vi.mock"?
If you need to partially mock a module, you can use "importOriginal" helper inside:
[39m
vi.mock(import("@/contexts/AuthContext"), async (importOriginal) => {
  const actual = await importOriginal()
  return {
    ...actual,
    // your mocked methods
  }
})

[36m [2m❯[22m renderComponent src/components/services/__tests__/ServiceCommentSection-id-fix.test.tsx:[2m54:27[22m[39m
    [90m 52| [39m  [35mconst[39m renderComponent [33m=[39m (props[33m:[39m any [33m=[39m {}) [33m=>[39m {
    [90m 53| [39m    [35mreturn[39m [34mrender[39m(
    [90m 54| [39m      [33mReact[39m[33m.[39m[34mcreateElement[39m([33mAuthContext[39m[33m.[39m[33mProvider[39m[33m,[39m {
    [90m   | [39m                          [31m^[39m
    [90m 55| [39m        value[33m:[39m {
    [90m 56| [39m          user[33m:[39m mockUser[33m,[39m
[90m [2m❯[22m src/components/services/__tests__/ServiceCommentSection-id-fix.test.tsx:[2m170:7[22m[39m

[31m[2m⎯⎯⎯⎯⎯⎯⎯⎯⎯⎯⎯⎯⎯⎯⎯⎯⎯⎯⎯⎯[165/377]⎯[22m[39m

[41m[1m FAIL [22m[49m src/components/services/__tests__/ServiceCommentSection-id-fix.test.tsx[2m > [22mServiceCommentSection - ID Type Bug Prevention[2m > [22mCritical: Correct ID Usage for API Calls[2m > [22mshould handle update with correct ID in order mode
[31m[1mError[22m: [vitest] No "AuthContext" export is defined on the "@/contexts/AuthContext" mock. Did you forget to return it from "vi.mock"?
If you need to partially mock a module, you can use "importOriginal" helper inside:
[39m
vi.mock(import("@/contexts/AuthContext"), async (importOriginal) => {
  const actual = await importOriginal()
  return {
    ...actual,
    // your mocked methods
  }
})

[36m [2m❯[22m renderComponent src/components/services/__tests__/ServiceCommentSection-id-fix.test.tsx:[2m54:27[22m[39m
    [90m 52| [39m  [35mconst[39m renderComponent [33m=[39m (props[33m:[39m any [33m=[39m {}) [33m=>[39m {
    [90m 53| [39m    [35mreturn[39m [34mrender[39m(
    [90m 54| [39m      [33mReact[39m[33m.[39m[34mcreateElement[39m([33mAuthContext[39m[33m.[39m[33mProvider[39m[33m,[39m {
    [90m   | [39m                          [31m^[39m
    [90m 55| [39m        value[33m:[39m {
    [90m 56| [39m          user[33m:[39m mockUser[33m,[39m
[90m [2m❯[22m src/components/services/__tests__/ServiceCommentSection-id-fix.test.tsx:[2m240:7[22m[39m

[31m[2m⎯⎯⎯⎯⎯⎯⎯⎯⎯⎯⎯⎯⎯⎯⎯⎯⎯⎯⎯⎯[166/377]⎯[22m[39m

[41m[1m FAIL [22m[49m src/components/services/__tests__/ServiceCommentSection-id-fix.test.tsx[2m > [22mServiceCommentSection - ID Type Bug Prevention[2m > [22mCritical: Correct ID Usage for API Calls[2m > [22mshould handle delete with correct ID in order mode
[31m[1mError[22m: [vitest] No "AuthContext" export is defined on the "@/contexts/AuthContext" mock. Did you forget to return it from "vi.mock"?
If you need to partially mock a module, you can use "importOriginal" helper inside:
[39m
vi.mock(import("@/contexts/AuthContext"), async (importOriginal) => {
  const actual = await importOriginal()
  return {
    ...actual,
    // your mocked methods
  }
})

[36m [2m❯[22m renderComponent src/components/services/__tests__/ServiceCommentSection-id-fix.test.tsx:[2m54:27[22m[39m
    [90m 52| [39m  [35mconst[39m renderComponent [33m=[39m (props[33m:[39m any [33m=[39m {}) [33m=>[39m {
    [90m 53| [39m    [35mreturn[39m [34mrender[39m(
    [90m 54| [39m      [33mReact[39m[33m.[39m[34mcreateElement[39m([33mAuthContext[39m[33m.[39m[33mProvider[39m[33m,[39m {
    [90m   | [39m                          [31m^[39m
    [90m 55| [39m        value[33m:[39m {
    [90m 56| [39m          user[33m:[39m mockUser[33m,[39m
[90m [2m❯[22m src/components/services/__tests__/ServiceCommentSection-id-fix.test.tsx:[2m313:7[22m[39m

[31m[2m⎯⎯⎯⎯⎯⎯⎯⎯⎯⎯⎯⎯⎯⎯⎯⎯⎯⎯⎯⎯[167/377]⎯[22m[39m

[41m[1m FAIL [22m[49m src/components/services/__tests__/ServiceCommentSection-id-fix.test.tsx[2m > [22mServiceCommentSection - ID Type Bug Prevention[2m > [22mRegression Prevention[2m > [22mshould NEVER pass null as serviceId to CRUD operations
[31m[1mError[22m: [vitest] No "AuthContext" export is defined on the "@/contexts/AuthContext" mock. Did you forget to return it from "vi.mock"?
If you need to partially mock a module, you can use "importOriginal" helper inside:
[39m
vi.mock(import("@/contexts/AuthContext"), async (importOriginal) => {
  const actual = await importOriginal()
  return {
    ...actual,
    // your mocked methods
  }
})

[36m [2m❯[22m renderComponent src/components/services/__tests__/ServiceCommentSection-id-fix.test.tsx:[2m54:27[22m[39m
    [90m 52| [39m  [35mconst[39m renderComponent [33m=[39m (props[33m:[39m any [33m=[39m {}) [33m=>[39m {
    [90m 53| [39m    [35mreturn[39m [34mrender[39m(
    [90m 54| [39m      [33mReact[39m[33m.[39m[34mcreateElement[39m([33mAuthContext[39m[33m.[39m[33mProvider[39m[33m,[39m {
    [90m   | [39m                          [31m^[39m
    [90m 55| [39m        value[33m:[39m {
    [90m 56| [39m          user[33m:[39m mockUser[33m,[39m
[90m [2m❯[22m src/components/services/__tests__/ServiceCommentSection-id-fix.test.tsx:[2m366:7[22m[39m

[31m[2m⎯⎯⎯⎯⎯⎯⎯⎯⎯⎯⎯⎯⎯⎯⎯⎯⎯⎯⎯⎯[168/377]⎯[22m[39m

[41m[1m FAIL [22m[49m src/components/services/__tests__/ServiceCommentSection-null-serviceId-bug.test.tsx[2m > [22mServiceCommentSection - null serviceId bug[2m > [22mBug scenario: Order details page context[2m > [22mshould demonstrate the bug: creating comment in order mode fails with null serviceId
[31m[1mReferenceError[22m: React is not defined[39m
[36m [2m❯[22m src/components/services/__tests__/ServiceCommentSection-null-serviceId-bug.test.tsx:[2m91:9[22m[39m
    [90m 89| [39m      [90m// Render component in order mode context[39m
    [90m 90| [39m      [35mconst[39m { rerender } [33m=[39m [34mrender[39m(
    [90m 91| [39m        [33m<[39m[33mServiceCommentSection[39m
    [90m   | [39m        [31m^[39m
    [90m 92| [39m          [33mserviceId[39m[33m=[39m[33m{[39mactualServiceId[33m}[39m
    [90m 93| [39m          [33morderId[39m[33m=[39m[33m{[39mmockOrderId[33m}[39m

[31m[2m⎯⎯⎯⎯⎯⎯⎯⎯⎯⎯⎯⎯⎯⎯⎯⎯⎯⎯⎯⎯[169/377]⎯[22m[39m

[41m[1m FAIL [22m[49m src/components/services/__tests__/ServiceCommentSection-null-serviceId-bug.test.tsx[2m > [22mServiceCommentSection - null serviceId bug[2m > [22mBug scenario: Order details page context[2m > [22mshould demonstrate correct behavior in single service mode (no bug)
[31m[1mReferenceError[22m: React is not defined[39m
[36m [2m❯[22m src/components/services/__tests__/ServiceCommentSection-null-serviceId-bug.test.tsx:[2m158:9[22m[39m
    [90m156| [39m      [90m// Render in single service mode (no orderId)[39m
    [90m157| [39m      [34mrender[39m(
    [90m158| [39m        [33m<[39m[33mServiceCommentSection[39m
    [90m   | [39m        [31m^[39m
    [90m159| [39m          [33mserviceId[39m[33m=[39m[33m{[39mmockServiceId[33m}[39m
    [90m160| [39m          [33mserviceName[39m[33m=[39m[32m"Background Check"[39m

[31m[2m⎯⎯⎯⎯⎯⎯⎯⎯⎯⎯⎯⎯⎯⎯⎯⎯⎯⎯⎯⎯[170/377]⎯[22m[39m

[41m[1m FAIL [22m[49m src/components/services/__tests__/ServiceCommentSection-null-serviceId-bug.test.tsx[2m > [22mServiceCommentSection - null serviceId bug[2m > [22mExpected behavior after fix[2m > [22mshould pass serviceId to CRUD operations in order mode
[31m[1mReferenceError[22m: React is not defined[39m
[36m [2m❯[22m src/components/services/__tests__/ServiceCommentSection-null-serviceId-bug.test.tsx:[2m207:9[22m[39m
    [90m205| [39m
    [90m206| [39m      [34mrender[39m(
    [90m207| [39m        [33m<[39m[33mServiceCommentSection[39m
    [90m   | [39m        [31m^[39m
    [90m208| [39m          serviceId={actualServiceId} // This is the actual serviceId …
    [90m209| [39m          [33morderId[39m[33m=[39m[33m{[39mmockOrderId[33m}[39m

[31m[2m⎯⎯⎯⎯⎯⎯⎯⎯⎯⎯⎯⎯⎯⎯⎯⎯⎯⎯⎯⎯[171/377]⎯[22m[39m

[41m[1m FAIL [22m[49m src/components/services/__tests__/ServiceCommentSection-null-serviceId-bug.test.tsx[2m > [22mServiceCommentSection - null serviceId bug[2m > [22mComment visibility in different contexts[2m > [22mshould correctly filter comments by service in order mode
[31m[1mReferenceError[22m: React is not defined[39m
[36m [2m❯[22m src/components/services/__tests__/ServiceCommentSection-null-serviceId-bug.test.tsx:[2m252:9[22m[39m
    [90m250| [39m      [90m// Render first service[39m
    [90m251| [39m      [35mconst[39m { rerender } [33m=[39m [34mrender[39m(
    [90m252| [39m        [33m<[39m[33mServiceCommentSection[39m
    [90m   | [39m        [31m^[39m
    [90m253| [39m          [33mserviceId[39m[33m=[39m[33m{[39mserviceId1[33m}[39m
    [90m254| [39m          [33morderId[39m[33m=[39m[33m{[39mmockOrderId[33m}[39m

[31m[2m⎯⎯⎯⎯⎯⎯⎯⎯⎯⎯⎯⎯⎯⎯⎯⎯⎯⎯⎯⎯[172/377]⎯[22m[39m

[41m[1m FAIL [22m[49m src/components/services/__tests__/ServiceCommentSection-null-serviceId-bug.test.tsx[2m > [22mServiceCommentSection - null serviceId bug[2m > [22mComment visibility in different contexts[2m > [22mshould filter internal comments for customer users
[31m[1mReferenceError[22m: React is not defined[39m
[36m [2m❯[22m src/components/services/__tests__/ServiceCommentSection-null-serviceId-bug.test.tsx:[2m325:9[22m[39m
    [90m323| [39m
    [90m324| [39m      [34mrender[39m(
    [90m325| [39m        [33m<[39m[33mServiceCommentSection[39m
    [90m   | [39m        [31m^[39m
    [90m326| [39m          [33mserviceId[39m[33m=[39m[33m{[39mmockServiceId[33m}[39m
    [90m327| [39m        [33m/[39m[33m>[39m

[31m[2m⎯⎯⎯⎯⎯⎯⎯⎯⎯⎯⎯⎯⎯⎯⎯⎯⎯⎯⎯⎯[173/377]⎯[22m[39m

[41m[1m FAIL [22m[49m src/components/services/__tests__/ServiceCommentSection-null-serviceId-bug.test.tsx[2m > [22mServiceCommentSection - null serviceId bug[2m > [22mError handling[2m > [22mshould display error message when comment creation fails
[31m[1mReferenceError[22m: React is not defined[39m
[36m [2m❯[22m src/components/services/__tests__/ServiceCommentSection-null-serviceId-bug.test.tsx:[2m361:9[22m[39m
    [90m359| [39m
    [90m360| [39m      [34mrender[39m(
    [90m361| [39m        [33m<[39m[33mServiceCommentSection[39m [33mserviceId[39m[33m=[39m[33m{[39mmockServiceId[33m}[39m [33m/[39m[33m>[39m
    [90m   | [39m        [31m^[39m
    [90m362| [39m      )[33m;[39m
    [90m363| [39m

[31m[2m⎯⎯⎯⎯⎯⎯⎯⎯⎯⎯⎯⎯⎯⎯⎯⎯⎯⎯⎯⎯[174/377]⎯[22m[39m

[41m[1m FAIL [22m[49m src/components/services/__tests__/ServiceCommentSection-null-serviceId-bug.test.tsx[2m > [22mServiceCommentSection - null serviceId bug[2m > [22mError handling[2m > [22mshould handle API errors gracefully
[31m[1mReferenceError[22m: React is not defined[39m
[36m [2m❯[22m src/components/services/__tests__/ServiceCommentSection-null-serviceId-bug.test.tsx:[2m379:9[22m[39m
    [90m377| [39m
    [90m378| [39m      [34mrender[39m(
    [90m379| [39m        [33m<[39m[33mServiceCommentSection[39m [33mserviceId[39m[33m=[39m[33m{[39mmockServiceId[33m}[39m [33m/[39m[33m>[39m
    [90m   | [39m        [31m^[39m
    [90m380| [39m      )[33m;[39m
    [90m381| [39m

[31m[2m⎯⎯⎯⎯⎯⎯⎯⎯⎯⎯⎯⎯⎯⎯⎯⎯⎯⎯⎯⎯[175/377]⎯[22m[39m

[41m[1m FAIL [22m[49m src/components/services/__tests__/ServiceCommentSection.test.tsx[2m > [22mServiceCommentSection[2m > [22madd comment functionality[2m > [22mshould open comment creation modal when Add Comment clicked
[31m[1mTestingLibraryElementError[22m[39m: Unable to find an element with the text: Add Comment to Criminal Background Check. This could be because the text is broken up by multiple elements. In this case, you can provide a function for your text matcher to make your matcher more flexible.

Ignored nodes: comments, script, style
[36m<body>[39m
  [36m<div>[39m
    [36m<div[39m
      [33mclass[39m=[32m"space-y-4 w-full overflow-hidden"[39m
    [36m>[39m
      [36m<div[39m
        [33mclass[39m=[32m"flex flex-col sm:flex-row sm:items-center sm:justify-between gap-2"[39m
      [36m>[39m
        [36m<h3[39m
          [33mclass[39m=[32m"font-medium text-gray-900 flex-shrink-0"[39m
        [36m>[39m
          [0mComments[0m
          [0m ([0m
          [0m0[0m
          [0m)[0m
        [36m</h3>[39m
        [36m<button[39m
          [33mclass[39m=[32m"justify-center whitespace-nowrap text-sm font-medium transition-[color,box-shadow] disabled:pointer-events-none disabled:opacity-50 [&_svg]:pointer-events-none [&_svg:not([class*='size-'])]:size-4 shrink-0 [&_svg]:shrink-0 outline-none focus-visible:border-ring focus-visible:ring-ring/50 focus-visible:ring-[3px] aria-invalid:ring-destructive/20 dark:aria-invalid:ring-destructive/40 aria-invalid:border-destructive bg-primary text-primary-foreground shadow-xs hover:bg-primary/90 h-8 rounded-md px-3 has-[>svg]:px-2.5 flex items-center gap-2 flex-shrink-0"[39m
          [33mdata-slot[39m=[32m"button"[39m
          [33mdisabled[39m=[32m""[39m
          [33mtitle[39m=[32m"Loading templates..."[39m
        [36m>[39m
          [36m<svg[39m
            [33mclass[39m=[32m"lucide lucide-message-square-plus w-4 h-4"[39m
            [33mfill[39m=[32m"none"[39m
            [33mheight[39m=[32m"24"[39m
            [33mstroke[39m=[32m"currentColor"[39m
            [33mstroke-linecap[39m=[32m"round"[39m
            [33mstroke-linejoin[39m=[32m"round"[39m
            [33mstroke-width[39m=[32m"2"[39m
            [33mviewBox[39m=[32m"0 0 24 24"[39m
            [33mwidth[39m=[32m"24"[39m
            [33mxmlns[39m=[32m"http://www.w3.org/2000/svg"[39m
          [36m>[39m
            [36m<path[39m
              [33md[39m=[32m"M21 15a2 2 0 0 1-2 2H7l-4 4V5a2 2 0 0 1 2-2h14a2 2 0 0 1 2 2z"[39m
            [36m/>[39m
            [36m<path[39m
              [33md[39m=[32m"M12 7v6"[39m
            [36m/>[39m
            [36m<path[39m
              [33md[39m=[32m"M9 10h6"[39m
            [36m/>[39m
          [36m</svg>[39m
          [0mAdd Comment[0m
        [36m</button>[39m
      [36m</div>[39m
      [36m<div[39m
        [33mclass[39m=[32m"text-center py-8 text-gray-500"[39m
      [36m>[39m
        [36m<svg[39m
          [33mclass[39m=[32m"lucide lucide-message-square-plus w-12 h-12 mx-auto mb-3 text-gray-300"[39m
          [33mfill[39m=[32m"none"[39m
          [33mheight[39m=[32m"24"[39m
          [33mstroke[39m=[32m"currentColor"[39m
          [33mstroke-linecap[39m=[32m"round"[39m
          [33mstroke-linejoin[39m=[32m"round"[39m
          [33mstroke-width[39m=[32m"2"[39m
          [33mviewBox[39m=[32m"0 0 24 24"[39m
          [33mwidth[39m=[32m"24"[39m
          [33mxmlns[39m=[32m"http://www.w3.org/2000/svg"[39m
        [36m>[39m
          [36m<path[39m
            [33md[39m=[32m"M21 15a2 2 0 0 1-2 2H7l-4 4V5a2 2 0 0 1 2-2h14a2 2 0 0 1 2 2z"[39m
          [36m/>[39m
          [36m<path[39m
            [33md[39m=[32m"M12 7v6"[39m
          [36m/>[39m
          [36m<path[39m
            [33md[39m=[32m"M9 10h6"[39m
          [36m/>[39m
        [36m</svg>[39m
        [36m<p>[39m
          [0mNo comments yet. Add the first comment.[0m
        [36m</p>[39m
      [36m</div>[39m
    [36m</div>[39m
  [36m</div>[39m
[36m</body>[39m

Ignored nodes: comments, script, style
[36m<html>[39m
  [36m<head />[39m
  [36m<body>[39m
    [36m<div>[39m
      [36m<div[39m
        [33mclass[39m=[32m"space-y-4 w-full overflow-hidden"[39m
      [36m>[39m
        [36m<div[39m
          [33mclass[39m=[32m"flex flex-col sm:flex-row sm:items-center sm:justify-between gap-2"[39m
        [36m>[39m
          [36m<h3[39m
            [33mclass[39m=[32m"font-medium text-gray-900 flex-shrink-0"[39m
          [36m>[39m
            [0mComments[0m
            [0m ([0m
            [0m0[0m
            [0m)[0m
          [36m</h3>[39m
          [36m<button[39m
            [33mclass[39m=[32m"justify-center whitespace-nowrap text-sm font-medium transition-[color,box-shadow] disabled:pointer-events-none disabled:opacity-50 [&_svg]:pointer-events-none [&_svg:not([class*='size-'])]:size-4 shrink-0 [&_svg]:shrink-0 outline-none focus-visible:border-ring focus-visible:ring-ring/50 focus-visible:ring-[3px] aria-invalid:ring-destructive/20 dark:aria-invalid:ring-destructive/40 aria-invalid:border-destructive bg-primary text-primary-foreground shadow-xs hover:bg-primary/90 h-8 rounded-md px-3 has-[>svg]:px-2.5 flex items-center gap-2 flex-shrink-0"[39m
            [33mdata-slot[39m=[32m"button"[39m
            [33mdisabled[39m=[32m""[39m
            [33mtitle[39m=[32m"Loading templates..."[39m
          [36m>[39m
            [36m<svg[39m
              [33mclass[39m=[32m"lucide lucide-message-square-plus w-4 h-4"[39m
              [33mfill[39m=[32m"none"[39m
              [33mheight[39m=[32m"24"[39m
              [33mstroke[39m=[32m"currentColor"[39m
              [33mstroke-linecap[39m=[32m"round"[39m
              [33mstroke-linejoin[39m=[32m"round"[39m
              [33mstroke-width[39m=[32m"2"[39m
              [33mviewBox[39m=[32m"0 0 24 24"[39m
              [33mwidth[39m=[32m"24"[39m
              [33mxmlns[39m=[32m"http://www.w3.org/2000/svg"[39m
            [36m>[39m
              [36m<path[39m
                [33md[39m=[32m"M21 15a2 2 0 0 1-2 2H7l-4 4V5a2 2 0 0 1 2-2h14a2 2 0 0 1 2 2z"[39m
              [36m/>[39m
              [36m<path[39m
                [33md[39m=[32m"M12 7v6"[39m
              [36m/>[39m
              [36m<path[39m
                [33md[39m=[32m"M9 10h6"[39m
              [36m/>[39m
            [36m</svg>[39m
            [0mAdd Comment[0m
          [36m</button>[39m
        [36m</div>[39m
        [36m<div[39m
          [33mclass[39m=[32m"text-center py-8 text-gray-500"[39m
        [36m>[39m
          [36m<svg[39m
            [33mclass[39m=[32m"lucide lucide-message-square-plus w-12 h-12 mx-auto mb-3 text-gray-300"[39m
            [33mfill[39m=[32m"none"[39m
            [33mheight[39m=[32m"24"[39m
            [33mstroke[39m=[32m"currentColor"[39m
            [33mstroke-linecap[39m=[32m"round"[39m
            [33mstroke-linejoin[39m=[32m"round"[39m
            [33mstroke-width[39m=[32m"2"[39m
            [33mviewBox[39m=[32m"0 0 24 24"[39m
            [33mwidth[39m=[32m"24"[39m
            [33mxmlns[39m=[32m"http://www.w3.org/2000/svg"[39m
          [36m>[39m
            [36m<path[39m
              [33md[39m=[32m"M21 15a2 2 0 0 1-2 2H7l-4 4V5a2 2 0 0 1 2-2h14a2 2 0 0 1 2 2z"[39m
            [36m/>[39m
            [36m<path[39m
              [33md[39m=[32m"M12 7v6"[39m
            [36m/>[39m
            [36m<path[39m
              [33md[39m=[32m"M9 10h6"[39m
            [36m/>[39m
          [36m</svg>[39m
          [36m<p>[39m
            [0mNo comments yet. Add the first comment.[0m
          [36m</p>[39m
        [36m</div>[39m
      [36m</div>[39m
    [36m</div>[39m
  [36m</body>[39m
[36m</html>[39m
[90m [2m❯[22m Proxy.waitForWrapper node_modules/.pnpm/@testing-library+dom@10.4.1/node_modules/@testing-library/dom/dist/wait-for.js:[2m163:27[22m[39m
[36m [2m❯[22m src/components/services/__tests__/ServiceCommentSection.test.tsx:[2m264:13[22m[39m
    [90m262| [39m      fireEvent[33m.[39m[34mclick[39m(addButton)[33m;[39m
    [90m263| [39m
    [90m264| [39m      [35mawait[39m [34mwaitFor[39m(() [33m=>[39m {
    [90m   | [39m            [31m^[39m
    [90m265| [39m        expect(screen.getByText(`Add Comment to ${mockServiceName}`)).…
    [90m266| [39m      })[33m;[39m

[31m[2m⎯⎯⎯⎯⎯⎯⎯⎯⎯⎯⎯⎯⎯⎯⎯⎯⎯⎯⎯⎯[176/377]⎯[22m[39m

[41m[1m FAIL [22m[49m src/components/services/__tests__/ServiceCommentSection.test.tsx[2m > [22mServiceCommentSection[2m > [22madd comment functionality[2m > [22mshould disable Add Comment when no templates available
[31m[1mError[22m: [2mexpect([22m[31melement[31m[2m).toHaveAttribute([22m[32m[32m"title"[32m[31m[2m, [22m[32m[32m"No templates available for this service"[32m[31m[2m) // element.getAttribute("title") === "No templates available for this service"[22m

Expected the element to have attribute:
[32m  title="No templates available for this service"[31m
Received:
[31m  title="Loading templates..."[31m[39m
[36m [2m❯[22m src/components/services/__tests__/ServiceCommentSection.test.tsx:[2m286:25[22m[39m
    [90m284| [39m      const addButton = screen.getByRole('button', { name: /add commen…
    [90m285| [39m      [34mexpect[39m(addButton)[33m.[39m[34mtoBeDisabled[39m()[33m;[39m
    [90m286| [39m      expect(addButton).toHaveAttribute('title', 'No templates availab…
    [90m   | [39m                        [31m^[39m
    [90m287| [39m    })[33m;[39m
    [90m288| [39m  })[33m;[39m

[31m[2m⎯⎯⎯⎯⎯⎯⎯⎯⎯⎯⎯⎯⎯⎯⎯⎯⎯⎯⎯⎯[177/377]⎯[22m[39m

[41m[1m FAIL [22m[49m src/components/services/__tests__/ServiceCommentSection.test.tsx[2m > [22mServiceCommentSection[2m > [22medit comment functionality[2m > [22mshould open edit modal with current values when Edit clicked
[31m[1mAssertionError[22m[39m: expected undefined to be true // Object.is equality

Ignored nodes: comments, script, style
[36m<html>[39m
  [36m<head />[39m
  [36m<body>[39m
    [36m<div>[39m
      [36m<div[39m
        [33mclass[39m=[32m"space-y-4 w-full overflow-hidden"[39m
      [36m>[39m
        [36m<div[39m
          [33mclass[39m=[32m"flex flex-col sm:flex-row sm:items-center sm:justify-between gap-2"[39m
        [36m>[39m
          [36m<h3[39m
            [33mclass[39m=[32m"font-medium text-gray-900 flex-shrink-0"[39m
          [36m>[39m
            [0mComments[0m
            [0m ([0m
            [0m1[0m
            [0m)[0m
          [36m</h3>[39m
          [36m<button[39m
            [33mclass[39m=[32m"justify-center whitespace-nowrap text-sm font-medium transition-[color,box-shadow] disabled:pointer-events-none disabled:opacity-50 [&_svg]:pointer-events-none [&_svg:not([class*='size-'])]:size-4 shrink-0 [&_svg]:shrink-0 outline-none focus-visible:border-ring focus-visible:ring-ring/50 focus-visible:ring-[3px] aria-invalid:ring-destructive/20 dark:aria-invalid:ring-destructive/40 aria-invalid:border-destructive bg-primary text-primary-foreground shadow-xs hover:bg-primary/90 h-8 rounded-md px-3 has-[>svg]:px-2.5 flex items-center gap-2 flex-shrink-0"[39m
            [33mdata-slot[39m=[32m"button"[39m
            [33mdisabled[39m=[32m""[39m
            [33mtitle[39m=[32m"Loading templates..."[39m
          [36m>[39m
            [36m<svg[39m
              [33mclass[39m=[32m"lucide lucide-message-square-plus w-4 h-4"[39m
              [33mfill[39m=[32m"none"[39m
              [33mheight[39m=[32m"24"[39m
              [33mstroke[39m=[32m"currentColor"[39m
              [33mstroke-linecap[39m=[32m"round"[39m
              [33mstroke-linejoin[39m=[32m"round"[39m
              [33mstroke-width[39m=[32m"2"[39m
              [33mviewBox[39m=[32m"0 0 24 24"[39m
              [33mwidth[39m=[32m"24"[39m
              [33mxmlns[39m=[32m"http://www.w3.org/2000/svg"[39m
            [36m>[39m
              [36m<path[39m
                [33md[39m=[32m"M21 15a2 2 0 0 1-2 2H7l-4 4V5a2 2 0 0 1 2-2h14a2 2 0 0 1 2 2z"[39m
              [36m/>[39m
              [36m<path[39m
                [33md[39m=[32m"M12 7v6"[39m
              [36m/>[39m
              [36m<path[39m
                [33md[39m=[32m"M9 10h6"[39m
              [36m/>[39m
            [36m</svg>[39m
            [0mAdd Comment[0m
          [36m</button>[39m
        [36m</div>[39m
        [36m<div[39m
          [33mclass[39m=[32m"space-y-3"[39m
        [36m>[39m
          [36m<div[39m
            [33mclass[39m=[32m"p-3 rounded-lg "[39m
            [33mdata-testid[39m=[32m"comment-card-comment-1"[39m
            [33mstyle[39m=[32m"background-color: #e0e7ff; border-color: #a5b4fc; border-width: 1px; border-style: solid;"[39m
          [36m>[39m
            [36m<div[39m
              [33mclass[39m=[32m"flex items-center justify-between mb-2"[39m
            [36m>[39m
              [36m<div[39m
                [33mclass[39m=[32m"flex items-center gap-3 flex-wrap text-sm"[39m
              [36m>[39m
                [36m<div[39m
                  [33mclass[39m=[32m"flex items-center gap-2"[39m
                [36m>[39m
                  [36m<span[39m
                    [33mclass[39m=[32m"font-medium"[39m
                  [36m>[39m
                    [0mJohn Doe[0m
                  [36m</span>[39m
                  [36m<span[39m
                    [33mclass[39m=[32m"text-xs text-gray-500"[39m
                  [36m>[39m
                    [0mless than a minute ago[0m
                  [36m</span>[39m
                [36m</div>[39m
                [36m<span[39m
                  [33mclass[39m=[32m"inline-flex items-center gap-1 px-2 py-0.5 rounded-full text-xs bg-gray-600 text-white"[39m
                [36m>[39m
                  [36m<svg[39m
                    [33mclass[39m=[32m"lucide lucide-lock w-3 h-3"[39m
                    [33mdata-testid[39m=[32m"lock-icon"[39m
                    [33mfill[39m=[32m"none"[39m
                    [33mheight[39m=[32m"24"[39m
                    [33mstroke[39m=[32m"currentColor"[39m
                    [33mstroke-linecap[39m=[32m"round"[39m
                    [33mstroke-linejoin[39m=[32m"round"[39m
                    [33mstroke-width[39m=[32m"2"[39m
                    [33mviewBox[39m=[32m"0 0 24 24"[39m
                    [33mwidth[39m=[32m"24"[39m
                    [33mxmlns[39m=[32m"http://www.w3.org/2000/svg"[39m
                  [36m>[39m
                    [36m<rect[39m
                      [33mheight[39m=[32m"11"[39m
                      [33mrx[39m=[32m"2"[39m
                      [33mry[39m=[32m"2"[39m
                      [33mwidth[39m=[32m"18"[39m
                      [33mx[39m=[32m"3"[39m
                      [33my[39m=[32m"11"[39m
                    [36m/>[39m
                    [36m<path[39m
                      [33md[39m=[32m"M7 11V7a5 5 0 0 1 10 0v4"[39m
                    [36m/>[39m
                  [36m</svg>[39m
                  [0mInternal Only[0m
                [36m</span>[39m
              [36m</div>[39m
              [36m<div[39m
                [33mclass[39m=[32m"flex items-center gap-1 ml-2"[39m
              [36m>[39m
                [36m<button[39m
                  [33maria-label[39m=[32m"Edit comment"[39m
                  [33mclass[39m=[32m"inline-flex items-center justify-center whitespace-nowrap text-sm font-medium transition-[color,box-shadow] disabled:pointer-events-none disabled:opacity-50 [&_svg]:pointer-events-none [&_svg:not([class*='size-'])]:size-4 shrink-0 [&_svg]:shrink-0 outline-none focus-visible:border-ring focus-visible:ring-ring/50 focus-visible:ring-[3px] aria-invalid:ring-destructive/20 dark:aria-invalid:ring-destructive/40 aria-invalid:border-destructive hover:bg-accent hover:text-accent-foreground rounded-md gap-1.5 has-[>svg]:px-2.5 p-1 h-auto"[39m
                  [33mdata-slot[39m=[32m"button"[39m
                [36m>[39m
                  [36m<svg[39m
                    [33mclass[39m=[32m"lucide lucide-pen w-3 h-3"[39m
                    [33mfill[39m=[32m"none"[39m
                    [33mheight[39m=[32m"24"[39m
                    [33mstroke[39m=[32m"currentColor"[39m
                    [33mstroke-linecap[39m=[32m"round"[39m
                    [33mstroke-linejoin[39m=[32m"round"[39m
                    [33mstroke-width[39m=[32m"2"[39m
                    [33mviewBox[39m=[32m"0 0 24 24"[39m
                    [33mwidth[39m=[32m"24"[39m
                    [33mxmlns[39m=[32m"http://www.w3.org/2000/svg"[39m
                  [36m>[39m
                    [36m<path[39m
                      [33md[39m=[32m"M17 3a2.85 2.83 0 1 1 4 4L7.5 20.5 2 22l1.5-...

[32m- Expected:[39m 
true

[31m+ Received:[39m 
undefined

[36m [2m❯[22m src/components/services/__tests__/ServiceCommentSection.test.tsx:[2m366:42[22m[39m
    [90m364| [39m        [34mexpect[39m(textInput[33m.[39mvalue)[33m.[39m[34mtoBe[39m([32m'Original comment text'[39m)[33m;[39m
    [90m365| [39m        const internalCheckbox = screen.getByLabelText(/internal only/…
    [90m366| [39m        [34mexpect[39m(internalCheckbox[33m.[39mchecked)[33m.[39m[34mtoBe[39m([35mtrue[39m)[33m;[39m
    [90m   | [39m                                         [31m^[39m
    [90m367| [39m      })[33m;[39m
    [90m368| [39m    })[33m;[39m
[90m [2m❯[22m runWithExpensiveErrorDiagnosticsDisabled node_modules/.pnpm/@testing-library+dom@10.4.1/node_modules/@testing-library/dom/dist/config.js:[2m47:12[22m[39m
[90m [2m❯[22m checkCallback node_modules/.pnpm/@testing-library+dom@10.4.1/node_modules/@testing-library/dom/dist/wait-for.js:[2m124:77[22m[39m
[90m [2m❯[22m Timeout.checkRealTimersCallback node_modules/.pnpm/@testing-library+dom@10.4.1/node_modules/@testing-library/dom/dist/wait-for.js:[2m118:16[22m[39m

[31m[2m⎯⎯⎯⎯⎯⎯⎯⎯⎯⎯⎯⎯⎯⎯⎯⎯⎯⎯⎯⎯[178/377]⎯[22m[39m

[41m[1m FAIL [22m[49m src/components/services/__tests__/ServiceCommentSection.test.tsx[2m > [22mServiceCommentSection[2m > [22mdelete comment functionality[2m > [22mshould call deleteComment when deletion is confirmed
[31m[1mAssertionError[22m: expected "vi.fn()" to be called with arguments: [ 'comment-1' ][90m

Received: 

[1m  1st vi.fn() call:

[22m[2m  [[22m
[31m+   "c47ac10b-58cc-4372-a567-0e02b2c3d479",[90m
[2m    "comment-1",[22m
[2m  ][22m
[31m[90m

Number of calls: [1m1[22m
[31m[39m
[36m [2m❯[22m src/components/services/__tests__/ServiceCommentSection.test.tsx:[2m477:26[22m[39m
    [90m475| [39m      })[33m;[39m
    [90m476| [39m
    [90m477| [39m      [34mexpect[39m(mockDelete)[33m.[39m[34mtoHaveBeenCalledWith[39m([32m'comment-1'[39m)[33m;[39m
    [90m   | [39m                         [31m^[39m
    [90m478| [39m    })[33m;[39m
    [90m479| [39m  })[33m;[39m

[31m[2m⎯⎯⎯⎯⎯⎯⎯⎯⎯⎯⎯⎯⎯⎯⎯⎯⎯⎯⎯⎯[179/377]⎯[22m[39m

[41m[1m FAIL [22m[49m src/components/services/__tests__/ServiceCommentSection.test.tsx[2m > [22mServiceCommentSection[2m > [22msorting[2m > [22mshould display comments in chronological order (newest first)
[31m[1mError[22m: [2mexpect([22m[31melement[31m[2m).toHaveTextContent()[22m

Expected element to have text content:
[32m  Newest comment[31m
Received:
[31m  Userabout 2 years agoOldest comment[31m[39m
[36m [2m❯[22m src/components/services/__tests__/ServiceCommentSection.test.tsx:[2m571:31[22m[39m
    [90m569| [39m
    [90m570| [39m      [35mconst[39m commentCards [33m=[39m screen[33m.[39m[34mgetAllByTestId[39m([36m/comment-card-/[39m)[33m;[39m
    [90m571| [39m      [34mexpect[39m(commentCards[[34m0[39m])[33m.[39m[34mtoHaveTextContent[39m([32m'Newest comment'[39m)[33m;[39m
    [90m   | [39m                              [31m^[39m
    [90m572| [39m      [34mexpect[39m(commentCards[[34m1[39m])[33m.[39m[34mtoHaveTextContent[39m([32m'Middle comment'[39m)[33m;[39m
    [90m573| [39m      [34mexpect[39m(commentCards[[34m2[39m])[33m.[39m[34mtoHaveTextContent[39m([32m'Oldest comment'[39m)[33m;[39m

[31m[2m⎯⎯⎯⎯⎯⎯⎯⎯⎯⎯⎯⎯⎯⎯⎯⎯⎯⎯⎯⎯[180/377]⎯[22m[39m

[41m[1m FAIL [22m[49m src/components/services/__tests__/ServiceResultsSection.test.tsx[2m > [22mServiceResultsSection[2m > [22msaving results[2m > [22mshould save results when Save button is clicked
[31m[1mAssertionError[22m[39m: expected "vi.fn()" to be called with arguments: [ …(2) ][90m

Received: 

[1m  1st vi.fn() call:

[22m[33m@@ -1,8 +1,8 @@[90m
[2m  [[22m
[32m-   "/api/services/item-123/results",[90m
[32m-   ObjectContaining {[90m
[31m+   "/api/services/660e8400-e29b-41d4-a716-446655440004/results",[90m
[31m+   {[90m
[2m      "body": "{\"results\":\"New search results\"}",[22m
[2m      "headers": {[22m
[2m        "Content-Type": "application/json",[22m
[2m      },[22m
[2m      "method": "PUT",[22m
[39m[90m

Number of calls: [1m1[22m
[39m

Ignored nodes: comments, script, style
[36m<html>[39m
  [36m<head />[39m
  [36m<body>[39m
    [36m<div>[39m
      [36m<div[39m
        [33mclass[39m=[32m"space-y-6 expanded-content-container"[39m
        [33mdata-testid[39m=[32m"service-results-660e8400-e29b-41d4-a716-446655440004"[39m
      [36m>[39m
        [36m<div[39m
          [33mclass[39m=[32m"space-y-2"[39m
        [36m>[39m
          [36m<div[39m
            [33mclass[39m=[32m"form-table "[39m
          [36m>[39m
            [36m<table[39m
              [33mclass[39m=[32m"w-full"[39m
            [36m>[39m
              [36m<tbody>[39m
                [36m<tr[39m
                  [33mclass[39m=[32m"form-row "[39m
                [36m>[39m
                  [36m<td[39m
                    [33mclass[39m=[32m"form-label text-right py-2 pr-4 align-top"[39m
                  [36m>[39m
                    [36m<label[39m
                      [33mclass[39m=[32m"font-medium text-sm"[39m
                      [33mfor[39m=[32m"results-660e8400-e29b-41d4-a716-446655440004"[39m
                    [36m>[39m
                      [0mSearch Results[0m
                    [36m</label>[39m
                  [36m</td>[39m
                  [36m<td[39m
                    [33mclass[39m=[32m"form-input py-2 align-top"[39m
                  [36m>[39m
                    [36m<div[39m
                      [33mclass[39m=[32m"space-y-2"[39m
                    [36m>[39m
                      [36m<textarea[39m
                        [33maria-label[39m=[32m"Search Results"[39m
                        [33mclass[39m=[32m"w-full p-2 border border-gray-300 rounded-md"[39m
                        [33mid[39m=[32m"results-660e8400-e29b-41d4-a716-446655440004"[39m
                        [33mplaceholder[39m=[32m"Enter search results and findings..."[39m
                        [33mrows[39m=[32m"5"[39m
                      [36m>[39m
                        [0mNew search results[0m
                      [36m</textarea>[39m
                    [36m</div>[39m
                  [36m</td>[39m
                  [36m<td[39m
                    [33mclass[39m=[32m"form-info text-xs text-gray-500 py-2 pl-4 align-top"[39m
                  [36m>[39m
                    [0mOptional[0m
                  [36m</td>[39m
                [36m</tr>[39m
              [36m</tbody>[39m
            [36m</table>[39m
          [36m</div>[39m
        [36m</div>[39m
        [36m<div[39m
          [33mclass[39m=[32m"space-y-3"[39m
        [36m>[39m
          [36m<div[39m
            [33mclass[39m=[32m"flex flex-col sm:flex-row sm:items-center sm:justify-between gap-2"[39m
          [36m>[39m
            [36m<h4[39m
              [33mclass[39m=[32m"text-sm font-medium text-gray-700 flex-shrink-0"[39m
            [36m>[39m
              [0mAttachments[0m
            [36m</h4>[39m
            [36m<div[39m
              [33mclass[39m=[32m"flex-shrink-0"[39m
            [36m>[39m
              [36m<input[39m
                [33maccept[39m=[32m".pdf,application/pdf"[39m
                [33maria-label[39m=[32m"Select PDF file"[39m
                [33mclass[39m=[32m"hidden"[39m
                [33mid[39m=[32m"file-upload-660e8400-e29b-41d4-a716-446655440004"[39m
                [33mtype[39m=[32m"file"[39m
              [36m/>[39m
              [36m<label[39m
                [33mclass[39m=[32m"inline-flex items-center gap-2 px-3 py-1.5 text-sm font-medium rounded-md cursor-pointer
                  bg-blue-600 text-white hover:bg-blue-700"[39m
                [33mfor[39m=[32m"file-upload-660e8400-e29b-41d4-a716-446655440004"[39m
              [36m>[39m
                [36m<svg[39m
                  [33mclass[39m=[32m"lucide lucide-upload w-4 h-4"[39m
                  [33mfill[39m=[32m"none"[39m
                  [33mheight[39m=[32m"24"[39m
                  [33mstroke[39m=[32m"currentColor"[39m
                  [33mstroke-linecap[39m=[32m"round"[39m
                  [33mstroke-linejoin[39m=[32m"round"[39m
                  [33mstroke-width[39m=[32m"2"[39m
                  [33mviewBox[39m=[32m"0 0 24 24"[39m
                  [33mwidth[39m=[32m"24"[39m
                  [33mxmlns[39m=[32m"http://www.w3.org/2000/svg"[39m
                [36m>[39m
                  [36m<path[39m
                    [33md[39m=[32m"M21 15v4a2 2 0 0 1-2 2H5a2 2 0 0 1-2-2v-4"[39m
                  [36m/>[39m
                  [36m<polyline[39m
                    [33mpoints[39m=[32m"17 8 12 3 7 8"[39m
                  [36m/>[39m
                  [36m<line[39m
                    [33mx1[39m=[32m"12"[39m
                    [33mx2[39m=[32m"12"[39m
                    [33my1[39m=[32m"3"[39m
                    [33my2[39m=[32m"15"[39m
                  [36m/>[39m
                [36m</svg>[39m
                [0mUpload PDF[0m
              [36m</label>[39m
            [36m</div>[39m
          [36m</div>[39m
          [36m<p[39m
            [33mclass[39m=[32m"text-sm text-gray-500"[39m
          [36m>[39m
            [0mNo attachments[0m
          [36m</p>[39m
        [36m</div>[39m
        [36m<div[39m
          [33mclass[39m=[32m"hidden"[39m
        [36m>[39m
          [36m<span[39m
            [33mdata-testid[39m=[32m"has-results-indicator"[39m
          [36m/>[39m
        [36m</div>[39m
        [36m<dialog[39m
          [33maria-labelledby[39m=[32m"dialog-title"[39m
          [33mclass[39m=[32m"p-0 rounded-lg shadow-lg w-[calc(100%-32px)] max-w-sm"[39m
        [36m>[39m
          [36m<div>[39m
            [36m<div[39m
              [33mclass[39m=[32m"flex justify-between items-center border-b p-4"[39m
            [36m>[39m
              [36m<h2[39m
                [33mclass[39m=[32m"text-lg font-semibold"[39m
                [33mid[39m=[32m"dialog-title"[39m
              [36m>[39m
                [0mDelete Attachment[0m
              [36m</h2>[39m
              [36m<button[39m
                [33maria-label[39m=[32m"Close dialog"[39m
                [33mclass[39m=[32m"text-gray-500 hover:text-gray-700 focus:outline-none focus:ring-2 focus:ring-offset-2 focus:ring-blue-500"[39m
              [36m>[39m
                [0mX[0m
              [36m</button>[39m
            [36m</div>[39m
            [36m<div[39m
              [33mclass[39m=[32m"p-4"[39m
            [36m>[39m
              [36m<p>[39m
                [0mAre you sure you want to delete this attachment? This action cannot be undone.[0m
              [36m</p>[39m
            [36m</div>[39m
            [36m<div[39m
              [33mclass[39m=[32m"border-t p-4 flex justify-end space-x-2 bg-gray-50"[39m
            [36m>[39m
              [36m<button[39m
                [33mclass[39m=[32m"inline-flex items-center justify-center gap-2 whitespace-nowrap rounded-md text-sm font-medium transition-[color,box-shadow] disabled:pointer-events-none disabled:opacity-50 [&_svg]:pointer-events-none [&_svg:not([class*='size-'])]:size-4 shrink-0 [&_svg]:shrink-0 outline-none focus-visible:border-ring focus-visible:ring-ring/50 focus-visible:ring-[3px] aria-invalid:ring-destructive/20 dark:aria-invalid:ring-destructive/40 aria-invalid:border-destructive border border-input bg-background shadow-xs hover:bg-accent hover:text-accent-foreground h-9 px-4 py-2 has-[>svg]:px-3"[39m
                [33mdata-slot[39m=[32m"button"[39m
              [36m>[39m
                [0mCancel[0m
              [36m</button>[39m
              [36m<button[39m
                [33mclass[39m=[32m"inline-flex items-center justify-center gap-2 whitespace-nowrap rounded-md text-sm font-medium transition-[color,box-shadow] disabled:pointer-events-none disabled:opacity-50 [&_svg]:pointer-events-none [&_svg:not([class*='size-'])]:size-4 shrink-0 [&_svg]:shrink-0 outline-none focus-visible:border-ring focus-visible:ring-ring/50 focus-visible:ring-[3px] aria-invalid:ring-destructive/20 dark:aria-invalid:ring-destructive/40 aria-invalid:border-destructive bg-primary text-primary-foreground shadow-xs hover:bg-primary/90 h-9 px-4 py-2 has-[>svg]:px-3"[39m
                [33mdata-slot[39m=[32m"button"[39m
              [36m>[39m
                [0mConfirm[0m
              [36m</button>[39m
            [36m</div>[39m
          [36m</div>[39m
        [36m</dialog>[39m
      [36m</div>[39m
    [36m</div>[39m
  [36m</body>[39m
[36m</html>[39m
[36m [2m❯[22m src/components/services/__tests__/ServiceResultsSection.test.tsx:[2m251:23[22m[39m
    [90m249| [39m
    [90m250| [39m      [35mawait[39m [34mwaitFor[39m(() [33m=>[39m {
    [90m251| [39m        [34mexpect[39m(fetch)[33m.[39m[34mtoHaveBeenCalledWith[39m(
    [90m   | [39m                      [31m^[39m
    [90m252| [39m          [32m'/api/services/item-123/results'[39m[33m,[39m
    [90m253| [39m          expect[33m.[39m[34mobjectContaining[39m({
[90m [2m❯[22m runWithExpensiveErrorDiagnosticsDisabled node_modules/.pnpm/@testing-library+dom@10.4.1/node_modules/@testing-library/dom/dist/config.js:[2m47:12[22m[39m
[90m [2m❯[22m checkCallback node_modules/.pnpm/@testing-library+dom@10.4.1/node_modules/@testing-library/dom/dist/wait-for.js:[2m124:77[22m[39m
[90m [2m❯[22m Timeout.checkRealTimersCallback node_modules/.pnpm/@testing-library+dom@10.4.1/node_modules/@testing-library/dom/dist/wait-for.js:[2m118:16[22m[39m

[31m[2m⎯⎯⎯⎯⎯⎯⎯⎯⎯⎯⎯⎯⎯⎯⎯⎯⎯⎯⎯⎯[181/377]⎯[22m[39m

[41m[1m FAIL [22m[49m src/components/services/__tests__/ServiceResultsSection.test.tsx[2m > [22mServiceResultsSection[2m > [22mfile upload[2m > [22mshould handle PDF file upload
[31m[1mAssertionError[22m[39m: expected "vi.fn()" to be called with arguments: [ …(2) ][90m

Received: 

[1m  1st vi.fn() call:

[22m[2m  [[22m
[32m-   "/api/services/item-123/attachments",[90m
[32m-   ObjectContaining {[90m
[31m+   "/api/services/660e8400-e29b-41d4-a716-446655440004/attachments",[90m
[31m+   {[90m
[31m+     "body": FormData {},[90m
[2m      "method": "POST",[22m
[2m    },[22m
[2m  ][22m
[39m[90m

Number of calls: [1m1[22m
[39m

Ignored nodes: comments, script, style
[36m<html>[39m
  [36m<head />[39m
  [36m<body>[39m
    [36m<div>[39m
      [36m<div[39m
        [33mclass[39m=[32m"space-y-6 expanded-content-container"[39m
        [33mdata-testid[39m=[32m"service-results-660e8400-e29b-41d4-a716-446655440004"[39m
      [36m>[39m
        [36m<div[39m
          [33mclass[39m=[32m"space-y-2"[39m
        [36m>[39m
          [36m<div[39m
            [33mclass[39m=[32m"form-table "[39m
          [36m>[39m
            [36m<table[39m
              [33mclass[39m=[32m"w-full"[39m
            [36m>[39m
              [36m<tbody>[39m
                [36m<tr[39m
                  [33mclass[39m=[32m"form-row "[39m
                [36m>[39m
                  [36m<td[39m
                    [33mclass[39m=[32m"form-label text-right py-2 pr-4 align-top"[39m
                  [36m>[39m
                    [36m<label[39m
                      [33mclass[39m=[32m"font-medium text-sm"[39m
                      [33mfor[39m=[32m"results-660e8400-e29b-41d4-a716-446655440004"[39m
                    [36m>[39m
                      [0mSearch Results[0m
                    [36m</label>[39m
                  [36m</td>[39m
                  [36m<td[39m
                    [33mclass[39m=[32m"form-input py-2 align-top"[39m
                  [36m>[39m
                    [36m<div[39m
                      [33mclass[39m=[32m"space-y-2"[39m
                    [36m>[39m
                      [36m<textarea[39m
                        [33maria-label[39m=[32m"Search Results"[39m
                        [33mclass[39m=[32m"w-full p-2 border border-gray-300 rounded-md"[39m
                        [33mid[39m=[32m"results-660e8400-e29b-41d4-a716-446655440004"[39m
                        [33mplaceholder[39m=[32m"Enter search results and findings..."[39m
                        [33mrows[39m=[32m"5"[39m
                      [36m/>[39m
                    [36m</div>[39m
                  [36m</td>[39m
                  [36m<td[39m
                    [33mclass[39m=[32m"form-info text-xs text-gray-500 py-2 pl-4 align-top"[39m
                  [36m>[39m
                    [0mOptional[0m
                  [36m</td>[39m
                [36m</tr>[39m
              [36m</tbody>[39m
            [36m</table>[39m
          [36m</div>[39m
        [36m</div>[39m
        [36m<div[39m
          [33mclass[39m=[32m"space-y-3"[39m
        [36m>[39m
          [36m<div[39m
            [33mclass[39m=[32m"flex flex-col sm:flex-row sm:items-center sm:justify-between gap-2"[39m
          [36m>[39m
            [36m<h4[39m
              [33mclass[39m=[32m"text-sm font-medium text-gray-700 flex-shrink-0"[39m
            [36m>[39m
              [0mAttachments[0m
            [36m</h4>[39m
            [36m<div[39m
              [33mclass[39m=[32m"flex-shrink-0"[39m
            [36m>[39m
              [36m<input[39m
                [33maccept[39m=[32m".pdf,application/pdf"[39m
                [33maria-label[39m=[32m"Select PDF file"[39m
                [33mclass[39m=[32m"hidden"[39m
                [33mid[39m=[32m"file-upload-660e8400-e29b-41d4-a716-446655440004"[39m
                [33mtype[39m=[32m"file"[39m
              [36m/>[39m
              [36m<label[39m
                [33mclass[39m=[32m"inline-flex items-center gap-2 px-3 py-1.5 text-sm font-medium rounded-md cursor-pointer
                  bg-blue-600 text-white hover:bg-blue-700"[39m
                [33mfor[39m=[32m"file-upload-660e8400-e29b-41d4-a716-446655440004"[39m
              [36m>[39m
                [36m<svg[39m
                  [33mclass[39m=[32m"lucide lucide-upload w-4 h-4"[39m
                  [33mfill[39m=[32m"none"[39m
                  [33mheight[39m=[32m"24"[39m
                  [33mstroke[39m=[32m"currentColor"[39m
                  [33mstroke-linecap[39m=[32m"round"[39m
                  [33mstroke-linejoin[39m=[32m"round"[39m
                  [33mstroke-width[39m=[32m"2"[39m
                  [33mviewBox[39m=[32m"0 0 24 24"[39m
                  [33mwidth[39m=[32m"24"[39m
                  [33mxmlns[39m=[32m"http://www.w3.org/2000/svg"[39m
                [36m>[39m
                  [36m<path[39m
                    [33md[39m=[32m"M21 15v4a2 2 0 0 1-2 2H5a2 2 0 0 1-2-2v-4"[39m
                  [36m/>[39m
                  [36m<polyline[39m
                    [33mpoints[39m=[32m"17 8 12 3 7 8"[39m
                  [36m/>[39m
                  [36m<line[39m
                    [33mx1[39m=[32m"12"[39m
                    [33mx2[39m=[32m"12"[39m
                    [33my1[39m=[32m"3"[39m
                    [33my2[39m=[32m"15"[39m
                  [36m/>[39m
                [36m</svg>[39m
                [0mUpload PDF[0m
              [36m</label>[39m
            [36m</div>[39m
          [36m</div>[39m
          [36m<div[39m
            [33mclass[39m=[32m"space-y-2"[39m
          [36m>[39m
            [36m<div[39m
              [33mclass[39m=[32m"flex items-center justify-between p-2 bg-gray-50 rounded-md"[39m
            [36m>[39m
              [36m<div[39m
                [33mclass[39m=[32m"flex items-center gap-2"[39m
              [36m>[39m
                [36m<svg[39m
                  [33mclass[39m=[32m"lucide lucide-file-text w-4 h-4 text-gray-500"[39m
                  [33mfill[39m=[32m"none"[39m
                  [33mheight[39m=[32m"24"[39m
                  [33mstroke[39m=[32m"currentColor"[39m
                  [33mstroke-linecap[39m=[32m"round"[39m
                  [33mstroke-linejoin[39m=[32m"round"[39m
                  [33mstroke-width[39m=[32m"2"[39m
                  [33mviewBox[39m=[32m"0 0 24 24"[39m
                  [33mwidth[39m=[32m"24"[39m
                  [33mxmlns[39m=[32m"http://www.w3.org/2000/svg"[39m
                [36m>[39m
                  [36m<path[39m
                    [33md[39m=[32m"M15 2H6a2 2 0 0 0-2 2v16a2 2 0 0 0 2 2h12a2 2 0 0 0 2-2V7Z"[39m
                  [36m/>[39m
                  [36m<path[39m
                    [33md[39m=[32m"M14 2v4a2 2 0 0 0 2 2h4"[39m
                  [36m/>[39m
                  [36m<path[39m
                    [33md[39m=[32m"M10 9H8"[39m
                  [36m/>[39m
                  [36m<path[39m
                    [33md[39m=[32m"M16 13H8"[39m
                  [36m/>[39m
                  [36m<path[39m
                    [33md[39m=[32m"M16 17H8"[39m
                  [36m/>[39m
                [36m</svg>[39m
                [36m<div>[39m
                  [36m<p[39m
                    [33mclass[39m=[32m"text-sm font-medium"[39m
                  [36m/>[39m
                  [36m<p[39m
                    [33mclass[39m=[32m"text-xs text-gray-500"[39m
                  [36m>[39m
                    [0mNaN undefined[0m
                    [0m • Uploaded [0m
                    [0mInvalid Date[0m
                  [36m</p>[39m
                [36m</div>[39m
              [36m</div>[39m
              [36m<div[39m
                [33mclass[39m=[32m"flex items-center gap-2"[39m
              [36m>[39m
                [36m<button[39m
                  [33maria-label[39m=[32m"Download"[39m
                  [33mclass[39m=[32m"p-1 text-blue-600 hover:text-blue-800"[39m
                  [33mtitle[39m=[32m"Download"[39m
                [36m>[39m
                  [36m<svg[39m
                    [33mclass[39m=[32m"lucide lucide-download w-4 h-4"[39m
                    [33mfill[39m=[32m"none"[39m
                    [33mheight[39m=[32m"24"[39m
                    [33mstroke[39m=[32m"currentColor"[39m
                    [33mstroke-linecap[39m=[32m"round"[39m
                    [33mstroke-linejoin[39m=[32m"round"[39m
                    [33mstroke-width[39m=[32m"2"[39m
                    [33mviewBox[39m=[32m"0 0 24 24"[39m
                    [33mwidth[39m=[32m"24"[39m
                    [33mxmlns[39m=[32m"http://www.w3.org/2000/svg"[39m
                  [36m>[39m
                    [36m<path[39m
                      [33md[39m=[32m"M21 15v4a2 2 0 0 1-2 2H5a2 2 0 0 1-2-2v-4"[39m
                    [36m/>[39m
                    [36m<polyline[39m
                      [33mpoints[39m=[32m"7 10 12 15 17 10"[39m
                    [36m/>[39m
                    [36m<line[39m
                      [33mx1[39m=[32m"12"[39m
                      [33mx2[39m=[32m"12"[39m
                      [33my1[39m=[32m"15"[39m
                      [33my2[39m=[32m"3"[39m
                    [36m/>[39m
                  [36m</svg>[39m
                [36m</button>[39m
                [36m<button[39m
                  [33maria-label[39m=[32m"Delete"[39m
                  [33mclass[39m=[32m"p-1 text-red-600 hover:text-red-800"[39m
                  [33mtitle[39m=[32m"Delete"[39m
                [36m>[39m
                  [36m<svg[39m
                    [33mclass[39m=[32m"lucide lucide-trash2 w-4 h-4"[39m
                    [33mfill[39m=[32m"none"[39m
                    [33mheight[39m=[32m"24"[39m
                    [33mstroke[39m=[32m"currentColor"[39m
                    [33mstroke-linecap[39m=[32m"round"[39m
                    [33mstroke-linejoin[39m=[32m"round"[39m
                    [33mstroke-width[39m=[32m"2"[39m
                    [33mviewBox[39m=[32m"0 0 24 24"[39m
                    [33mwidth[39m=[32m"24"[39m
                    [33mxmlns[39m=[32m"http://www.w3.org/2000/svg"[39m
                  [36m>[39m
                    [36m<path[39m
                      [33md[39m=[32m"M3 6h18"[39m
                    [36m/>[39m
                    [36m<path[39m
                      [33md[39m=[32m"M19 6v14c0 1-1 2-2 2H7c-1 0-2-1-2-2V6"[39m
                    [36m/>[39m
                    [36m<path[39m
                      [33md[39m=[32m"M8 6V4c0-1 1-2 2-2h4c1 0 2 1 2 2v2"[39m
                    [36m/>[39m
                    [36m<line[39m
                      [33mx1[39m=[32m"10"[39m
                      [33mx2[39m=[32m"10"[39m
                      [33my1[39m=[32m"11"[39m
                      [33my2[39m=[32m"17"[39m
                    [36m/>[39m
                    [36m<line[39m
                      [33mx1[39m=[32m"14"[39m
                      [33mx2[39m=[32m"14"[39m
                      [33my1[39m=[32m"11"[39m
                      [33my2[39m=[32m"17"[39m
                    [36m/>[39m
                  [36m</svg>[39m
                [36m</button>[39m
              [36m</div>[39m
            [36m</div>[39m
          [36m</div>[39m
        [36m</div>[39m
        [36m<div[39m
          [33mclass[39m=[32m"hidden"[39m
        [36m>[39m
          [36m<span[39m
            [33mdata-testid[39m=[32m"attachment-badge"[39m
          [36m>[39m
            [0m1[0m
            [0m attachments[0m
          [36m</span>[39m
        [36m</div>[39m
        [36m<dialog[39m
          [33maria-labelledby[39m=[32m"dialog-title"[39m
          [33mclass[39m=[32m"p-0 rounded-lg shadow-lg w-[calc(100%-32px)] max-w-sm"[39m
        [36m>[39m
          [36m<div>[39m
            [36m<div[39m
              [33mclass[39m=[32m"flex justify-between items-center border-b p-4"[39m
            [36m>[39m
              [36m<h2[39m
                [33mclass[39m=[32m"text-lg font-semibold"[39m
                [33mid[39m=[32m"dialog-title"[39m
              [36m>[39m
                [0mDelete Attachment[0m
              [36m</h2>[39m
              [36m<button[39m
                [33maria-label[39m=[32m"Close dialog"[39m
                [33mclass[39m=[32m"text-gray-500 hover:text-gray-700 focus:outline-none focus:ring-2 focus:ring-offset-2 focus:ring-blue-500"[39m
              [36m>[39m
                [0mX[0m
              [36m</button>[39m
            [36m</div>[39m
            [36m<div[39m
              [33mclass[39m=[32m"p-4"[39m
            [36m>[39m
              [36m<p>[39m
                [0mAre you sure you want to delete this attachment? This action cannot be undone.[0m
              [36m</p>[39m
            [36m</div>[39m
            [36m<div[39m
              [33mclass[39m=[32m"border-t p-4 flex justify-end space-x-2 bg-gray-50"[39m
            [36m>[39m
              [36m<button[39m
                [33mclass[39m=[32m"inline-flex items-center justify-center gap-2 whitespace-nowrap rounded-md text-sm font-medium transition-[color,box-shadow] disabled:pointer-events-none disabled:opacity-50 [&_svg]:pointer-events-none [&_svg:not([class*='size-'])]:size-4 shrink-0 [&_svg]:shrink-0 outline-none focus-visible:border-ring focus-visible:ring-ring/50 focus-visible:ring-[3px] aria-invalid:ring-destructive/20 dark:aria-invalid:ring-destructive/40 aria-invalid:border-destructive border border-input bg-background shadow-xs hover:bg-accent hover:text-accent-foreground h-9 px-4 py-2 has-[>svg]:px-3"[39m
                [33mdata-slot[39m=[32m"button"[39m
              [36m>[39m
                [0mCancel[0m
              [36m</button>[39m
              [36m<button[39m
                [33mclass[39m=[32m"inline-flex items-center justify-center gap-2 whitespace-nowrap rounded-md text-sm font-medium transition-[color,box-shadow] disabled:pointer-events-none disabled:opacity-50 [&_svg]:pointer-events-none [&_svg:not([class*='size-'])]:size-4 shrink-0 [&_svg]:shrink-0 outline-none focus-visible:border-ring focus-visible:ring-ring/50 focus-visible:ring-[3px] aria-invalid:ring-destructive/20 dark:aria-invalid:ring-destructive/40 aria-invalid:border-destructive bg-primary text-primary-foreground shadow-xs hover:bg-primary/90 h-9 px-4 py-2 has-[>svg]:px-3"[39m
                [33mdata-slot[39m=[32m"button"[39m
              [36m>[39m
                [0mConfirm[0m
              [36m</button>[39m
            [36m</div>[39m
          [36m</div>[39m
        [36m</dialog>[39m
      [36m</div>[39m
    [36m</div>[39m
  [36m</body>[39m
[36m</html>[39m
[36m [2m❯[22m src/components/services/__tests__/ServiceResultsSection.test.tsx:[2m377:23[22m[39m
    [90m375| [39m
    [90m376| [39m      [35mawait[39m [34mwaitFor[39m(() [33m=>[39m {
    [90m377| [39m        [34mexpect[39m(fetch)[33m.[39m[34mtoHaveBeenCalledWith[39m(
    [90m   | [39m                      [31m^[39m
    [90m378| [39m          [32m'/api/services/item-123/attachments'[39m[33m,[39m
    [90m379| [39m          expect[33m.[39m[34mobjectContaining[39m({
[90m [2m❯[22m runWithExpensiveErrorDiagnosticsDisabled node_modules/.pnpm/@testing-library+dom@10.4.1/node_modules/@testing-library/dom/dist/config.js:[2m47:12[22m[39m
[90m [2m❯[22m checkCallback node_modules/.pnpm/@testing-library+dom@10.4.1/node_modules/@testing-library/dom/dist/wait-for.js:[2m124:77[22m[39m
[90m [2m❯[22m Timeout.checkRealTimersCallback node_modules/.pnpm/@testing-library+dom@10.4.1/node_modules/@testing-library/dom/dist/wait-for.js:[2m118:16[22m[39m

[31m[2m⎯⎯⎯⎯⎯⎯⎯⎯⎯⎯⎯⎯⎯⎯⎯⎯⎯⎯⎯⎯[182/377]⎯[22m[39m

[41m[1m FAIL [22m[49m src/app/api/comment-templates/__tests__/route.test.ts[2m > [22mGET /api/comment-templates[2m > [22msuccessful retrieval[2m > [22mshould return templates, services, and statuses when user has permission
[31m[1mAssertionError[22m: expected [ 'draft', 'pending', …(6) ] to deeply equal [ 'Draft', 'Submitted', …(5) ][39m

[32m- Expected[39m
[31m+ Received[39m

[2m  [[22m
[32m-   "Draft",[39m
[32m-   "Submitted",[39m
[32m-   "Processing",[39m
[32m-   "Missing Information",[39m
[32m-   "Completed",[39m
[32m-   "Cancelled",[39m
[32m-   "Cancelled-DNB",[39m
[31m+   "draft",[39m
[31m+   "pending",[39m
[31m+   "submitted",[39m
[31m+   "processing",[39m
[31m+   "missing_info",[39m
[31m+   "completed",[39m
[31m+   "cancelled",[39m
[31m+   "cancelled_dnb",[39m
[2m  ][22m

[36m [2m❯[22m src/app/api/comment-templates/__tests__/route.test.ts:[2m195:29[22m[39m
    [90m193| [39m      [34mexpect[39m(data[33m.[39mtemplates[[34m0[39m][33m.[39mshortName)[33m.[39m[34mtoBe[39m([32m'Missing Doc'[39m)[33m;[39m
    [90m194| [39m      [34mexpect[39m(data[33m.[39mservices)[33m.[39m[34mtoHaveLength[39m([34m2[39m)[33m;[39m
    [90m195| [39m      expect(data.statuses).toEqual(['Draft', 'Submitted', 'Processing…
    [90m   | [39m                            [31m^[39m
    [90m196| [39m    })[33m;[39m
    [90m197| [39m

[31m[2m⎯⎯⎯⎯⎯⎯⎯⎯⎯⎯⎯⎯⎯⎯⎯⎯⎯⎯⎯⎯[183/377]⎯[22m[39m

[41m[1m FAIL [22m[49m src/app/api/comment-templates/__tests__/route.test.ts[2m > [22mGET /api/comment-templates[2m > [22msuccessful retrieval[2m > [22mshould return empty arrays when no data exists
[31m[1mAssertionError[22m: expected [ 'draft', 'pending', …(6) ] to deeply equal [ 'Draft', 'Submitted', …(5) ][39m

[32m- Expected[39m
[31m+ Received[39m

[2m  [[22m
[32m-   "Draft",[39m
[32m-   "Submitted",[39m
[32m-   "Processing",[39m
[32m-   "Missing Information",[39m
[32m-   "Completed",[39m
[32m-   "Cancelled",[39m
[32m-   "Cancelled-DNB",[39m
[31m+   "draft",[39m
[31m+   "pending",[39m
[31m+   "submitted",[39m
[31m+   "processing",[39m
[31m+   "missing_info",[39m
[31m+   "completed",[39m
[31m+   "cancelled",[39m
[31m+   "cancelled_dnb",[39m
[2m  ][22m

[36m [2m❯[22m src/app/api/comment-templates/__tests__/route.test.ts:[2m218:29[22m[39m
    [90m216| [39m      [34mexpect[39m(data[33m.[39mtemplates)[33m.[39m[34mtoEqual[39m([])[33m;[39m
    [90m217| [39m      [34mexpect[39m(data[33m.[39mservices)[33m.[39m[34mtoEqual[39m([])[33m;[39m
    [90m218| [39m      expect(data.statuses).toEqual(['Draft', 'Submitted', 'Processing…
    [90m   | [39m                            [31m^[39m
    [90m219| [39m    })[33m;[39m
    [90m220| [39m  })[33m;[39m

[31m[2m⎯⎯⎯⎯⎯⎯⎯⎯⎯⎯⎯⎯⎯⎯⎯⎯⎯⎯⎯⎯[184/377]⎯[22m[39m

[41m[1m FAIL [22m[49m src/app/api/comment-templates/__tests__/route.test.ts[2m > [22mGET /api/comment-templates[2m > [22mfiltering by service type and status[2m > [22mshould handle uppercase status "SUBMITTED" and match database "Submitted"
[31m[1mAssertionError[22m: expected 500 to be 200 // Object.is equality[39m

[32m- Expected[39m
[31m+ Received[39m

[32m- 200[39m
[31m+ 500[39m

[36m [2m❯[22m src/app/api/comment-templates/__tests__/route.test.ts:[2m408:31[22m[39m
    [90m406| [39m      [35mconst[39m response [33m=[39m [35mawait[39m [33mGET[39m(request)[33m;[39m
    [90m407| [39m
    [90m408| [39m      [34mexpect[39m(response[33m.[39mstatus)[33m.[39m[34mtoBe[39m([34m200[39m)[33m;[39m
    [90m   | [39m                              [31m^[39m
    [90m409| [39m      [35mconst[39m data [33m=[39m [35mawait[39m response[33m.[39m[34mjson[39m()[33m;[39m
    [90m410| [39m      [34mexpect[39m(data[33m.[39mtemplates)[33m.[39m[34mtoHaveLength[39m([34m1[39m)[33m;[39m

[31m[2m⎯⎯⎯⎯⎯⎯⎯⎯⎯⎯⎯⎯⎯⎯⎯⎯⎯⎯⎯⎯[185/377]⎯[22m[39m

[41m[1m FAIL [22m[49m src/app/api/comment-templates/__tests__/route.test.ts[2m > [22mGET /api/comment-templates[2m > [22mfiltering by service type and status[2m > [22mshould handle special case status "MISSING INFORMATION" and normalize to "Missing Information"
[31m[1mAssertionError[22m: expected 500 to be 200 // Object.is equality[39m

[32m- Expected[39m
[31m+ Received[39m

[32m- 200[39m
[31m+ 500[39m

[36m [2m❯[22m src/app/api/comment-templates/__tests__/route.test.ts:[2m452:31[22m[39m
    [90m450| [39m      [35mconst[39m response [33m=[39m [35mawait[39m [33mGET[39m(request)[33m;[39m
    [90m451| [39m
    [90m452| [39m      [34mexpect[39m(response[33m.[39mstatus)[33m.[39m[34mtoBe[39m([34m200[39m)[33m;[39m
    [90m   | [39m                              [31m^[39m
    [90m453| [39m      [35mconst[39m data [33m=[39m [35mawait[39m response[33m.[39m[34mjson[39m()[33m;[39m
    [90m454| [39m      [34mexpect[39m(data[33m.[39mtemplates)[33m.[39m[34mtoHaveLength[39m([34m1[39m)[33m;[39m

[31m[2m⎯⎯⎯⎯⎯⎯⎯⎯⎯⎯⎯⎯⎯⎯⎯⎯⎯⎯⎯⎯[186/377]⎯[22m[39m

[41m[1m FAIL [22m[49m src/app/api/comment-templates/__tests__/route.test.ts[2m > [22mGET /api/comment-templates[2m > [22mfiltering by service type and status[2m > [22mshould return all active templates when no filter parameters provided
[31m[1mAssertionError[22m: expected [ { …(10) } ] to have a length of 2 but got 1[39m

[32m- Expected[39m
[31m+ Received[39m

[32m- 2[39m
[31m+ 1[39m

[36m [2m❯[22m src/app/api/comment-templates/__tests__/route.test.ts:[2m551:30[22m[39m
    [90m549| [39m
    [90m550| [39m      [90m// Should return all active templates for template management UI[39m
    [90m551| [39m      [34mexpect[39m(data[33m.[39mtemplates)[33m.[39m[34mtoHaveLength[39m([34m2[39m)[33m;[39m
    [90m   | [39m                             [31m^[39m
    [90m552| [39m      [34mexpect[39m(data[33m.[39mtemplates[[34m0[39m][33m.[39mshortName)[33m.[39m[34mtoBe[39m([32m'Template 1'[39m)[33m;[39m
    [90m553| [39m      [34mexpect[39m(data[33m.[39mtemplates[[34m1[39m][33m.[39mshortName)[33m.[39m[34mtoBe[39m([32m'Template 2'[39m)[33m;[39m

[31m[2m⎯⎯⎯⎯⎯⎯⎯⎯⎯⎯⎯⎯⎯⎯⎯⎯⎯⎯⎯⎯[187/377]⎯[22m[39m

[41m[1m FAIL [22m[49m src/app/api/comment-templates/__tests__/route.test.ts[2m > [22mGET /api/comment-templates[2m > [22mfiltering by service type and status[2m > [22mshould handle database-stored mixed case statuses correctly
[31m[1mAssertionError[22m: expected 500 to be 200 // Object.is equality[39m

[32m- Expected[39m
[31m+ Received[39m

[32m- 200[39m
[31m+ 500[39m

[36m [2m❯[22m src/app/api/comment-templates/__tests__/route.test.ts:[2m603:33[22m[39m
    [90m601| [39m        [35mconst[39m response [33m=[39m [35mawait[39m [33mGET[39m(request)[33m;[39m
    [90m602| [39m
    [90m603| [39m        [34mexpect[39m(response[33m.[39mstatus)[33m.[39m[34mtoBe[39m([34m200[39m)[33m;[39m
    [90m   | [39m                                [31m^[39m
    [90m604| [39m        [35mconst[39m data [33m=[39m [35mawait[39m response[33m.[39m[34mjson[39m()[33m;[39m
    [90m605| [39m        [34mexpect[39m(data[33m.[39mtemplates)[33m.[39m[34mtoHaveLength[39m([34m1[39m)[33m;[39m

[31m[2m⎯⎯⎯⎯⎯⎯⎯⎯⎯⎯⎯⎯⎯⎯⎯⎯⎯⎯⎯⎯[188/377]⎯[22m[39m

[41m[1m FAIL [22m[49m src/app/api/comment-templates/__tests__/status-casing-filter.test.ts[2m > [22mcomment-templates route status casing bug[2m > [22mREGRESSION TEST: comment template filtering with lowercase status[2m > [22mshould FAIL to find templates when filtering by lowercase status - proves bug exists
[31m[1mAssertionError[22m: expected 'submitted' to be 'Submitted' // Object.is equality[39m

Expected: [32m"[7mS[27mubmitted"[39m
Received: [31m"[7ms[27mubmitted"[39m

[36m [2m❯[22m src/app/api/comment-templates/__tests__/status-casing-filter.test.ts:[2m83:35[22m[39m
    [90m 81| [39m      [90m// The route normalizes to Title Case (lines 102-109)[39m
    [90m 82| [39m      // But this normalization is the bug - database should use lower…
    [90m 83| [39m      expect(whereClause?.status).toBe('Submitted'); // Currently sear…
    [90m   | [39m                                  [31m^[39m
    [90m 84| [39m
    [90m 85| [39m      // The templates query should get an empty array because normali…

[31m[2m⎯⎯⎯⎯⎯⎯⎯⎯⎯⎯⎯⎯⎯⎯⎯⎯⎯⎯⎯⎯[189/377]⎯[22m[39m

[41m[1m FAIL [22m[49m src/app/api/comment-templates/__tests__/status-casing-filter.test.ts[2m > [22mcomment-templates route status casing bug[2m > [22mREGRESSION TEST: comment template filtering with lowercase status[2m > [22mshould apply Title Case normalization that masks the real problem
[31m[1mAssertionError[22m: expected 'submitted' to be 'Submitted' // Object.is equality[39m

Expected: [32m"[7mS[27mubmitted"[39m
Received: [31m"[7ms[27mubmitted"[39m

[36m [2m❯[22m src/app/api/comment-templates/__tests__/status-casing-filter.test.ts:[2m128:37[22m[39m
    [90m126| [39m
    [90m127| [39m        [90m// The route normalizes the input to Title Case[39m
    [90m128| [39m        [34mexpect[39m(whereClause[33m?.[39mstatus)[33m.[39m[34mtoBe[39m(testCase[33m.[39mnormalized)[33m;[39m
    [90m   | [39m                                    [31m^[39m
    [90m129| [39m      }
    [90m130| [39m    })[33m;[39m

[31m[2m⎯⎯⎯⎯⎯⎯⎯⎯⎯⎯⎯⎯⎯⎯⎯⎯⎯⎯⎯⎯[190/377]⎯[22m[39m

[41m[1m FAIL [22m[49m src/app/api/comment-templates/__tests__/status-casing-filter.test.ts[2m > [22mcomment-templates route status casing bug[2m > [22mhardcoded status values in response[2m > [22mreturns hardcoded Title Case statuses instead of using constants
[31m[1mAssertionError[22m: expected [ 'draft', 'pending', …(6) ] to deeply equal [ 'Draft', 'Submitted', …(5) ][39m

[32m- Expected[39m
[31m+ Received[39m

[2m  [[22m
[32m-   "Draft",[39m
[32m-   "Submitted",[39m
[32m-   "Processing",[39m
[32m-   "Missing Information",[39m
[32m-   "Completed",[39m
[32m-   "Cancelled",[39m
[32m-   "Cancelled-DNB",[39m
[31m+   "draft",[39m
[31m+   "pending",[39m
[31m+   "submitted",[39m
[31m+   "processing",[39m
[31m+   "missing_info",[39m
[31m+   "completed",[39m
[31m+   "cancelled",[39m
[31m+   "cancelled_dnb",[39m
[2m  ][22m

[36m [2m❯[22m src/app/api/comment-templates/__tests__/status-casing-filter.test.ts:[2m151:29[22m[39m
    [90m149| [39m
    [90m150| [39m      [90m// Lines 177-185 hardcode Title Case statuses[39m
    [90m151| [39m      [34mexpect[39m(data[33m.[39mstatuses)[33m.[39m[34mtoEqual[39m([
    [90m   | [39m                            [31m^[39m
    [90m152| [39m        [32m'Draft'[39m[33m,[39m
    [90m153| [39m        [32m'Submitted'[39m[33m,[39m

[31m[2m⎯⎯⎯⎯⎯⎯⎯⎯⎯⎯⎯⎯⎯⎯⎯⎯⎯⎯⎯⎯[191/377]⎯[22m[39m

[41m[1m FAIL [22m[49m src/app/api/comment-templates/__tests__/status-casing-filter.test.ts[2m > [22mcomment-templates route status casing bug[2m > [22mdatabase availability matching[2m > [22mshould fail to match when database has lowercase but query uses Title Case
[31m[1mAssertionError[22m: expected 'submitted' to be 'Submitted' // Object.is equality[39m

Expected: [32m"[7mS[27mubmitted"[39m
Received: [31m"[7ms[27mubmitted"[39m

[36m [2m❯[22m src/app/api/comment-templates/__tests__/status-casing-filter.test.ts:[2m191:35[22m[39m
    [90m189| [39m      [35mconst[39m whereClause [33m=[39m calls[[34m0[39m][[34m0[39m][33m?.[39mwhere[33m;[39m
    [90m190| [39m
    [90m191| [39m      expect(whereClause?.status).toBe('Submitted'); // Searches Title…
    [90m   | [39m                                  [31m^[39m
    [90m192| [39m      // But mock returns lowercase, so no actual match would occur in…
    [90m193| [39m    })[33m;[39m

[31m[2m⎯⎯⎯⎯⎯⎯⎯⎯⎯⎯⎯⎯⎯⎯⎯⎯⎯⎯⎯⎯[192/377]⎯[22m[39m

[41m[1m FAIL [22m[49m src/app/api/comment-templates/__tests__/status-casing-filter.test.ts[2m > [22mcomment-templates route status casing bug[2m > [22medge cases in status normalization[2m > [22mshould incorrectly handle underscore in missing_info status
[31m[1mAssertionError[22m: expected 'missing_info' to be 'Missing_info' // Object.is equality[39m

Expected: [32m"[7mM[27missing_info"[39m
Received: [31m"[7mm[27missing_info"[39m

[36m [2m❯[22m src/app/api/comment-templates/__tests__/status-casing-filter.test.ts:[2m275:35[22m[39m
    [90m273| [39m
    [90m274| [39m      [90m// The normalization doesn't convert underscore to space[39m
    [90m275| [39m      expect(whereClause?.status).toBe('Missing_info'); // Wrong! Shou…
    [90m   | [39m                                  [31m^[39m
    [90m276| [39m    })[33m;[39m
    [90m277| [39m

[31m[2m⎯⎯⎯⎯⎯⎯⎯⎯⎯⎯⎯⎯⎯⎯⎯⎯⎯⎯⎯⎯[193/377]⎯[22m[39m

[41m[1m FAIL [22m[49m src/app/api/comment-templates/__tests__/status-casing-filter.test.ts[2m > [22mcomment-templates route status casing bug[2m > [22medge cases in status normalization[2m > [22mshould incorrectly handle cancelled_dnb status format
[31m[1mAssertionError[22m: expected 'cancelled_dnb' to be 'Cancelled_dnb' // Object.is equality[39m

Expected: [32m"[7mC[27mancelled_dnb"[39m
Received: [31m"[7mc[27mancelled_dnb"[39m

[36m [2m❯[22m src/app/api/comment-templates/__tests__/status-casing-filter.test.ts:[2m299:35[22m[39m
    [90m297| [39m
    [90m298| [39m      [90m// The normalization doesn't convert underscore to hyphen[39m
    [90m299| [39m      expect(whereClause?.status).toBe('Cancelled_dnb'); // Wrong! Sho…
    [90m   | [39m                                  [31m^[39m
    [90m300| [39m    })[33m;[39m
    [90m301| [39m  })[33m;[39m

[31m[2m⎯⎯⎯⎯⎯⎯⎯⎯⎯⎯⎯⎯⎯⎯⎯⎯⎯⎯⎯⎯[194/377]⎯[22m[39m

[41m[1m FAIL [22m[49m src/app/api/fulfillment/__tests__/dashboard-stats-bug.test.ts[2m > [22mDashboard Stats Bug - API Level[2m > [22mCurrent broken behavior (proves bug exists)[2m > [22mshould NOT return Total Services metric (bug: missing)
[31m[1mAssertionError[22m: expected { totalOrders: 2, …(2) } to be undefined[39m

[32m- Expected:[39m 
undefined

[31m+ Received:[39m 
{
  "inProgress": 1,
  "totalOrders": 2,
  "totalServices": 3,
}

[36m [2m❯[22m src/app/api/fulfillment/__tests__/dashboard-stats-bug.test.ts:[2m89:26[22m[39m
    [90m 87| [39m      [90m// The API currently doesn't return stats, just raw orders[39m
    [90m 88| [39m      expect(data.totalServices).toBeUndefined(); // BUG: No totalServ…
    [90m 89| [39m      expect(data.stats).toBeUndefined(); // BUG: No stats object exis…
    [90m   | [39m                         [31m^[39m
    [90m 90| [39m
    [90m 91| [39m      [90m// The current API only returns orders array, not computed stats[39m

[31m[2m⎯⎯⎯⎯⎯⎯⎯⎯⎯⎯⎯⎯⎯⎯⎯⎯⎯⎯⎯⎯[195/377]⎯[22m[39m

[41m[1m FAIL [22m[49m src/app/api/fulfillment/__tests__/dashboard-stats-bug.test.ts[2m > [22mDashboard Stats Bug - API Level[2m > [22mCurrent broken behavior (proves bug exists)[2m > [22mshould NOT return In Progress metric correctly (bug: missing)
[31m[1mAssertionError[22m: expected 2 to be undefined[39m

[32m- Expected:[39m 
undefined

[31m+ Received:[39m 
2

[36m [2m❯[22m src/app/api/fulfillment/__tests__/dashboard-stats-bug.test.ts:[2m125:38[22m[39m
    [90m123| [39m      [90m// Assert - This test SHOULD FAIL before fix[39m
    [90m124| [39m      expect(data.inProgress).toBeUndefined(); // BUG: No inProgress f…
    [90m125| [39m      expect(data.stats?.inProgress).toBeUndefined(); // BUG: Not calc…
    [90m   | [39m                                     [31m^[39m
    [90m126| [39m    })[33m;[39m
    [90m127| [39m

[31m[2m⎯⎯⎯⎯⎯⎯⎯⎯⎯⎯⎯⎯⎯⎯⎯⎯⎯⎯⎯⎯[196/377]⎯[22m[39m

[41m[1m FAIL [22m[49m src/app/api/fulfillment/__tests__/dashboard-stats-bug.test.ts[2m > [22mDashboard Stats Bug - API Level[2m > [22mCurrent broken behavior (proves bug exists)[2m > [22mshould NOT allow customer users to access fulfillment API (bug: excluded)
[31m[1mAssertionError[22m: expected 200 to be 403 // Object.is equality[39m

[32m- Expected[39m
[31m+ Received[39m

[32m- 403[39m
[31m+ 200[39m

[36m [2m❯[22m src/app/api/fulfillment/__tests__/dashboard-stats-bug.test.ts:[2m146:31[22m[39m
    [90m144| [39m
    [90m145| [39m      // Assert - This test SHOULD FAIL before fix (customers should b…
    [90m146| [39m      [34mexpect[39m(response[33m.[39mstatus)[33m.[39m[34mtoBe[39m([34m403[39m)[33m;[39m [90m// BUG: Customer users get 403[39m
    [90m   | [39m                              [31m^[39m
    [90m147| [39m      [34mexpect[39m(data[33m.[39merror)[33m.[39m[34mtoBe[39m([32m'Insufficient permissions'[39m)[33m;[39m
    [90m148| [39m    })[33m;[39m

[31m[2m⎯⎯⎯⎯⎯⎯⎯⎯⎯⎯⎯⎯⎯⎯⎯⎯⎯⎯⎯⎯[197/377]⎯[22m[39m

[41m[1m FAIL [22m[49m src/app/api/fulfillment/__tests__/usertype-bug.test.ts[2m > [22mUserType Bug - Fulfillment Route[2m > [22mGET /api/fulfillment - userType bug with fallback pattern[2m > [22mshould work for internal users with only userType (no fallback needed)
[31m[1mAssertionError[22m: expected 500 to be 200 // Object.is equality[39m

[32m- Expected[39m
[31m+ Received[39m

[32m- 200[39m
[31m+ 500[39m

[36m [2m❯[22m src/app/api/fulfillment/__tests__/usertype-bug.test.ts:[2m85:31[22m[39m
    [90m 83| [39m
    [90m 84| [39m      [90m// Internal users should see all orders[39m
    [90m 85| [39m      [34mexpect[39m(response[33m.[39mstatus)[33m.[39m[34mtoBe[39m([34m200[39m)[33m;[39m
    [90m   | [39m                              [31m^[39m
    [90m 86| [39m      [35mconst[39m data [33m=[39m [35mawait[39m response[33m.[39m[34mjson[39m()[33m;[39m
    [90m 87| [39m      [34mexpect[39m(data[33m.[39morders)[33m.[39m[34mtoHaveLength[39m([34m2[39m)[33m;[39m

[31m[2m⎯⎯⎯⎯⎯⎯⎯⎯⎯⎯⎯⎯⎯⎯⎯⎯⎯⎯⎯⎯[198/377]⎯[22m[39m

[41m[1m FAIL [22m[49m src/app/api/fulfillment/__tests__/usertype-bug.test.ts[2m > [22mUserType Bug - Fulfillment Route[2m > [22mGET /api/fulfillment - userType bug with fallback pattern[2m > [22mshould work for vendor users with only userType (no fallback needed)
[31m[1mAssertionError[22m: expected 500 to be 200 // Object.is equality[39m

[32m- Expected[39m
[31m+ Received[39m

[32m- 200[39m
[31m+ 500[39m

[36m [2m❯[22m src/app/api/fulfillment/__tests__/usertype-bug.test.ts:[2m121:31[22m[39m
    [90m119| [39m
    [90m120| [39m      [90m// Vendor users should only see their orders[39m
    [90m121| [39m      [34mexpect[39m(response[33m.[39mstatus)[33m.[39m[34mtoBe[39m([34m200[39m)[33m;[39m
    [90m   | [39m                              [31m^[39m
    [90m122| [39m      [35mconst[39m data [33m=[39m [35mawait[39m response[33m.[39m[34mjson[39m()[33m;[39m
    [90m123| [39m      [34mexpect[39m(data[33m.[39morders)[33m.[39m[34mtoHaveLength[39m([34m1[39m)[33m;[39m

[31m[2m⎯⎯⎯⎯⎯⎯⎯⎯⎯⎯⎯⎯⎯⎯⎯⎯⎯⎯⎯⎯[199/377]⎯[22m[39m

[41m[1m FAIL [22m[49m src/app/api/fulfillment/__tests__/usertype-bug.test.ts[2m > [22mUserType Bug - Fulfillment Route[2m > [22mGET /api/fulfillment - userType bug with fallback pattern[2m > [22mshould work for customer users with only userType
[31m[1mAssertionError[22m: expected 500 to be 200 // Object.is equality[39m

[32m- Expected[39m
[31m+ Received[39m

[32m- 200[39m
[31m+ 500[39m

[36m [2m❯[22m src/app/api/fulfillment/__tests__/usertype-bug.test.ts:[2m156:31[22m[39m
    [90m154| [39m
    [90m155| [39m      [90m// Customer users should only see their orders[39m
    [90m156| [39m      [34mexpect[39m(response[33m.[39mstatus)[33m.[39m[34mtoBe[39m([34m200[39m)[33m;[39m
    [90m   | [39m                              [31m^[39m
    [90m157| [39m      [35mconst[39m data [33m=[39m [35mawait[39m response[33m.[39m[34mjson[39m()[33m;[39m
    [90m158| [39m      [34mexpect[39m(data[33m.[39morders)[33m.[39m[34mtoHaveLength[39m([34m1[39m)[33m;[39m

[31m[2m⎯⎯⎯⎯⎯⎯⎯⎯⎯⎯⎯⎯⎯⎯⎯⎯⎯⎯⎯⎯[200/377]⎯[22m[39m

[41m[1m FAIL [22m[49m src/app/api/fulfillment/__tests__/usertype-bug.test.ts[2m > [22mUserType Bug - Fulfillment Route[2m > [22mGET /api/fulfillment - userType bug with fallback pattern[2m > [22mshould NOT rely on the fallback pattern type || userType
[31m[1mAssertionError[22m: expected 500 to be 200 // Object.is equality[39m

[32m- Expected[39m
[31m+ Received[39m

[32m- 200[39m
[31m+ 500[39m

[36m [2m❯[22m src/app/api/fulfillment/__tests__/usertype-bug.test.ts:[2m191:31[22m[39m
    [90m189| [39m
    [90m190| [39m      [90m// Should work without needing the fallback[39m
    [90m191| [39m      [34mexpect[39m(response[33m.[39mstatus)[33m.[39m[34mtoBe[39m([34m200[39m)[33m;[39m
    [90m   | [39m                              [31m^[39m
    [90m192| [39m    })[33m;[39m
    [90m193| [39m

[31m[2m⎯⎯⎯⎯⎯⎯⎯⎯⎯⎯⎯⎯⎯⎯⎯⎯⎯⎯⎯⎯[201/377]⎯[22m[39m

[41m[1m FAIL [22m[49m src/app/api/fulfillment/__tests__/usertype-bug.test.ts[2m > [22mUserType Bug - Fulfillment Route[2m > [22mGET /api/fulfillment - userType bug with fallback pattern[2m > [22mshould use userType when both exist but differ (fallback bug)
[31m[1mAssertionError[22m: expected 500 to be 200 // Object.is equality[39m

[32m- Expected[39m
[31m+ Received[39m

[32m- 200[39m
[31m+ 500[39m

[36m [2m❯[22m src/app/api/fulfillment/__tests__/usertype-bug.test.ts:[2m215:31[22m[39m
    [90m213| [39m      [90m// Should use userType (internal) and show all orders[39m
    [90m214| [39m      [90m// NOT type (vendor) which would filter by vendorId[39m
    [90m215| [39m      [34mexpect[39m(response[33m.[39mstatus)[33m.[39m[34mtoBe[39m([34m200[39m)[33m;[39m
    [90m   | [39m                              [31m^[39m
    [90m216| [39m      [35mconst[39m data [33m=[39m [35mawait[39m response[33m.[39m[34mjson[39m()[33m;[39m
    [90m217| [39m      [34mexpect[39m(data[33m.[39morders)[33m.[39m[34mtoHaveLength[39m([34m2[39m)[33m;[39m

[31m[2m⎯⎯⎯⎯⎯⎯⎯⎯⎯⎯⎯⎯⎯⎯⎯⎯⎯⎯⎯⎯[202/377]⎯[22m[39m

[41m[1m FAIL [22m[49m src/app/api/fulfillment/__tests__/usertype-bug.test.ts[2m > [22mUserType Bug - Fulfillment Route[2m > [22mQuery parameter handling with userType[2m > [22mshould handle status filter with correct userType
[31m[1mAssertionError[22m: expected 500 to be 200 // Object.is equality[39m

[32m- Expected[39m
[31m+ Received[39m

[32m- 200[39m
[31m+ 500[39m

[36m [2m❯[22m src/app/api/fulfillment/__tests__/usertype-bug.test.ts:[2m247:31[22m[39m
    [90m245| [39m      [35mconst[39m response [33m=[39m [35mawait[39m [33mGET[39m(request)[33m;[39m
    [90m246| [39m
    [90m247| [39m      [34mexpect[39m(response[33m.[39mstatus)[33m.[39m[34mtoBe[39m([34m200[39m)[33m;[39m
    [90m   | [39m                              [31m^[39m
    [90m248| [39m      [34mexpect[39m(prisma[33m.[39morder[33m.[39mfindMany)[33m.[39m[34mtoHaveBeenCalledWith[39m(
    [90m249| [39m        expect[33m.[39m[34mobjectContaining[39m({

[31m[2m⎯⎯⎯⎯⎯⎯⎯⎯⎯⎯⎯⎯⎯⎯⎯⎯⎯⎯⎯⎯[203/377]⎯[22m[39m

[41m[1m FAIL [22m[49m src/app/api/fulfillment/__tests__/usertype-bug.test.ts[2m > [22mUserType Bug - Fulfillment Route[2m > [22mQuery parameter handling with userType[2m > [22mshould combine vendor filter with userType correctly
[31m[1mAssertionError[22m: expected 500 to be 200 // Object.is equality[39m

[32m- Expected[39m
[31m+ Received[39m

[32m- 200[39m
[31m+ 500[39m

[36m [2m❯[22m src/app/api/fulfillment/__tests__/usertype-bug.test.ts:[2m274:31[22m[39m
    [90m272| [39m      [35mconst[39m response [33m=[39m [35mawait[39m [33mGET[39m(request)[33m;[39m
    [90m273| [39m
    [90m274| [39m      [34mexpect[39m(response[33m.[39mstatus)[33m.[39m[34mtoBe[39m([34m200[39m)[33m;[39m
    [90m   | [39m                              [31m^[39m
    [90m275| [39m
    [90m276| [39m      // Should filter by BOTH vendorId (from userType) AND status (fr…

[31m[2m⎯⎯⎯⎯⎯⎯⎯⎯⎯⎯⎯⎯⎯⎯⎯⎯⎯⎯⎯⎯[204/377]⎯[22m[39m

[41m[1m FAIL [22m[49m src/app/api/fulfillment/__tests__/usertype-bug.test.ts[2m > [22mUserType Bug - Fulfillment Route[2m > [22mService expansion with userType[2m > [22mshould include services when requested by internal user
[31m[1mAssertionError[22m: expected 500 to be 200 // Object.is equality[39m

[32m- Expected[39m
[31m+ Received[39m

[32m- 200[39m
[31m+ 500[39m

[36m [2m❯[22m src/app/api/fulfillment/__tests__/usertype-bug.test.ts:[2m311:31[22m[39m
    [90m309| [39m      [35mconst[39m response [33m=[39m [35mawait[39m [33mGET[39m(request)[33m;[39m
    [90m310| [39m
    [90m311| [39m      [34mexpect[39m(response[33m.[39mstatus)[33m.[39m[34mtoBe[39m([34m200[39m)[33m;[39m
    [90m   | [39m                              [31m^[39m
    [90m312| [39m
    [90m313| [39m      [90m// Verify it includes services in the query[39m

[31m[2m⎯⎯⎯⎯⎯⎯⎯⎯⎯⎯⎯⎯⎯⎯⎯⎯⎯⎯⎯⎯[205/377]⎯[22m[39m

[41m[1m FAIL [22m[49m src/__tests__/integration/services/comments/bulk-get-comments-fixed.test.ts[2m > [22mServiceCommentService.getOrderServiceComments - Fixed Structure[2m > [22mfetching through orderItem relationship[2m > [22mshould fetch comments through orderItem.comments relationship
[31m[1mTypeError[22m: items is not iterable[39m
[36m [2m❯[22m ServiceCommentService.getOrderServiceComments src/services/service-comment-service.ts:[2m263:24[22m[39m
    [90m261| [39m    }[33m>[39m [33m=[39m {}[33m;[39m
    [90m262| [39m
    [90m263| [39m    [35mfor[39m ([35mconst[39m item [35mof[39m items) {
    [90m   | [39m                       [31m^[39m
    [90m264| [39m      [35mconst[39m comments [33m=[39m item[33m.[39mcomments [33m||[39m [][33m;[39m
    [90m265| [39m      // Use ServicesFulfillment ID as key when it exists (for backwar…
[90m [2m❯[22m src/__tests__/integration/services/comments/bulk-get-comments-fixed.test.ts:[2m130:22[22m[39m

[31m[2m⎯⎯⎯⎯⎯⎯⎯⎯⎯⎯⎯⎯⎯⎯⎯⎯⎯⎯⎯⎯[206/377]⎯[22m[39m

[41m[1m FAIL [22m[49m src/__tests__/integration/services/comments/bulk-get-comments-fixed.test.ts[2m > [22mServiceCommentService.getOrderServiceComments - Fixed Structure[2m > [22mfetching through orderItem relationship[2m > [22mshould include status change fields in comments
[31m[1mTypeError[22m: items is not iterable[39m
[36m [2m❯[22m ServiceCommentService.getOrderServiceComments src/services/service-comment-service.ts:[2m263:24[22m[39m
    [90m261| [39m    }[33m>[39m [33m=[39m {}[33m;[39m
    [90m262| [39m
    [90m263| [39m    [35mfor[39m ([35mconst[39m item [35mof[39m items) {
    [90m   | [39m                       [31m^[39m
    [90m264| [39m      [35mconst[39m comments [33m=[39m item[33m.[39mcomments [33m||[39m [][33m;[39m
    [90m265| [39m      // Use ServicesFulfillment ID as key when it exists (for backwar…
[90m [2m❯[22m src/__tests__/integration/services/comments/bulk-get-comments-fixed.test.ts:[2m209:22[22m[39m

[31m[2m⎯⎯⎯⎯⎯⎯⎯⎯⎯⎯⎯⎯⎯⎯⎯⎯⎯⎯⎯⎯[207/377]⎯[22m[39m

[41m[1m FAIL [22m[49m src/__tests__/integration/services/comments/bulk-get-comments-fixed.test.ts[2m > [22mServiceCommentService.getOrderServiceComments - Fixed Structure[2m > [22mfetching through orderItem relationship[2m > [22mshould filter internal comments for customer users with new structure
[31m[1mTypeError[22m: items is not iterable[39m
[36m [2m❯[22m ServiceCommentService.getOrderServiceComments src/services/service-comment-service.ts:[2m263:24[22m[39m
    [90m261| [39m    }[33m>[39m [33m=[39m {}[33m;[39m
    [90m262| [39m
    [90m263| [39m    [35mfor[39m ([35mconst[39m item [35mof[39m items) {
    [90m   | [39m                       [31m^[39m
    [90m264| [39m      [35mconst[39m comments [33m=[39m item[33m.[39mcomments [33m||[39m [][33m;[39m
    [90m265| [39m      // Use ServicesFulfillment ID as key when it exists (for backwar…
[90m [2m❯[22m src/__tests__/integration/services/comments/bulk-get-comments-fixed.test.ts:[2m257:22[22m[39m

[31m[2m⎯⎯⎯⎯⎯⎯⎯⎯⎯⎯⎯⎯⎯⎯⎯⎯⎯⎯⎯⎯[208/377]⎯[22m[39m

[41m[1m FAIL [22m[49m src/__tests__/integration/services/comments/bulk-get-comments-fixed.test.ts[2m > [22mServiceCommentService.getOrderServiceComments - Fixed Structure[2m > [22mfetching through orderItem relationship[2m > [22mshould handle services without orderItem gracefully
[31m[1mTypeError[22m: items is not iterable[39m
[36m [2m❯[22m ServiceCommentService.getOrderServiceComments src/services/service-comment-service.ts:[2m263:24[22m[39m
    [90m261| [39m    }[33m>[39m [33m=[39m {}[33m;[39m
    [90m262| [39m
    [90m263| [39m    [35mfor[39m ([35mconst[39m item [35mof[39m items) {
    [90m   | [39m                       [31m^[39m
    [90m264| [39m      [35mconst[39m comments [33m=[39m item[33m.[39mcomments [33m||[39m [][33m;[39m
    [90m265| [39m      // Use ServicesFulfillment ID as key when it exists (for backwar…
[90m [2m❯[22m src/__tests__/integration/services/comments/bulk-get-comments-fixed.test.ts:[2m314:22[22m[39m

[31m[2m⎯⎯⎯⎯⎯⎯⎯⎯⎯⎯⎯⎯⎯⎯⎯⎯⎯⎯⎯⎯[209/377]⎯[22m[39m

[41m[1m FAIL [22m[49m src/__tests__/integration/services/comments/bulk-get-comments-fixed.test.ts[2m > [22mServiceCommentService.getOrderServiceComments - Fixed Structure[2m > [22mAPI response transformation[2m > [22mshould transform comment data for API response with all required fields
[31m[1mTypeError[22m: items is not iterable[39m
[36m [2m❯[22m ServiceCommentService.getOrderServiceComments src/services/service-comment-service.ts:[2m263:24[22m[39m
    [90m261| [39m    }[33m>[39m [33m=[39m {}[33m;[39m
    [90m262| [39m
    [90m263| [39m    [35mfor[39m ([35mconst[39m item [35mof[39m items) {
    [90m   | [39m                       [31m^[39m
    [90m264| [39m      [35mconst[39m comments [33m=[39m item[33m.[39mcomments [33m||[39m [][33m;[39m
    [90m265| [39m      // Use ServicesFulfillment ID as key when it exists (for backwar…
[90m [2m❯[22m src/__tests__/integration/services/comments/bulk-get-comments-fixed.test.ts:[2m378:22[22m[39m

[31m[2m⎯⎯⎯⎯⎯⎯⎯⎯⎯⎯⎯⎯⎯⎯⎯⎯⎯⎯⎯⎯[210/377]⎯[22m[39m

[41m[1m FAIL [22m[49m src/__tests__/integration/services/comments/bulk-get-comments.test.ts[2m > [22mServiceCommentService.getOrderServiceComments[2m > [22mmultiple services with comments[2m > [22mshould return all comments for all services for internal users
[31m[1mTypeError[22m: items is not iterable[39m
[36m [2m❯[22m ServiceCommentService.getOrderServiceComments src/services/service-comment-service.ts:[2m263:24[22m[39m
    [90m261| [39m    }[33m>[39m [33m=[39m {}[33m;[39m
    [90m262| [39m
    [90m263| [39m    [35mfor[39m ([35mconst[39m item [35mof[39m items) {
    [90m   | [39m                       [31m^[39m
    [90m264| [39m      [35mconst[39m comments [33m=[39m item[33m.[39mcomments [33m||[39m [][33m;[39m
    [90m265| [39m      // Use ServicesFulfillment ID as key when it exists (for backwar…
[90m [2m❯[22m src/__tests__/integration/services/comments/bulk-get-comments.test.ts:[2m104:22[22m[39m

[31m[2m⎯⎯⎯⎯⎯⎯⎯⎯⎯⎯⎯⎯⎯⎯⎯⎯⎯⎯⎯⎯[211/377]⎯[22m[39m

[41m[1m FAIL [22m[49m src/__tests__/integration/services/comments/bulk-get-comments.test.ts[2m > [22mServiceCommentService.getOrderServiceComments[2m > [22mmultiple services with comments[2m > [22mshould filter internal comments for customer users
[31m[1mTypeError[22m: items is not iterable[39m
[36m [2m❯[22m ServiceCommentService.getOrderServiceComments src/services/service-comment-service.ts:[2m263:24[22m[39m
    [90m261| [39m    }[33m>[39m [33m=[39m {}[33m;[39m
    [90m262| [39m
    [90m263| [39m    [35mfor[39m ([35mconst[39m item [35mof[39m items) {
    [90m   | [39m                       [31m^[39m
    [90m264| [39m      [35mconst[39m comments [33m=[39m item[33m.[39mcomments [33m||[39m [][33m;[39m
    [90m265| [39m      // Use ServicesFulfillment ID as key when it exists (for backwar…
[90m [2m❯[22m src/__tests__/integration/services/comments/bulk-get-comments.test.ts:[2m159:22[22m[39m

[31m[2m⎯⎯⎯⎯⎯⎯⎯⎯⎯⎯⎯⎯⎯⎯⎯⎯⎯⎯⎯⎯[212/377]⎯[22m[39m

[41m[1m FAIL [22m[49m src/__tests__/integration/services/comments/bulk-get-comments.test.ts[2m > [22mServiceCommentService.getOrderServiceComments[2m > [22mmultiple services with comments[2m > [22mshould return all comments for vendor users
[31m[1mTypeError[22m: items is not iterable[39m
[36m [2m❯[22m ServiceCommentService.getOrderServiceComments src/services/service-comment-service.ts:[2m263:24[22m[39m
    [90m261| [39m    }[33m>[39m [33m=[39m {}[33m;[39m
    [90m262| [39m
    [90m263| [39m    [35mfor[39m ([35mconst[39m item [35mof[39m items) {
    [90m   | [39m                       [31m^[39m
    [90m264| [39m      [35mconst[39m comments [33m=[39m item[33m.[39mcomments [33m||[39m [][33m;[39m
    [90m265| [39m      // Use ServicesFulfillment ID as key when it exists (for backwar…
[90m [2m❯[22m src/__tests__/integration/services/comments/bulk-get-comments.test.ts:[2m234:22[22m[39m

[31m[2m⎯⎯⎯⎯⎯⎯⎯⎯⎯⎯⎯⎯⎯⎯⎯⎯⎯⎯⎯⎯[213/377]⎯[22m[39m

[41m[1m FAIL [22m[49m src/__tests__/integration/services/comments/bulk-get-comments.test.ts[2m > [22mServiceCommentService.getOrderServiceComments[2m > [22mempty and edge cases[2m > [22mshould return empty object when order has no services
[31m[1mTypeError[22m: items is not iterable[39m
[36m [2m❯[22m ServiceCommentService.getOrderServiceComments src/services/service-comment-service.ts:[2m263:24[22m[39m
    [90m261| [39m    }[33m>[39m [33m=[39m {}[33m;[39m
    [90m262| [39m
    [90m263| [39m    [35mfor[39m ([35mconst[39m item [35mof[39m items) {
    [90m   | [39m                       [31m^[39m
    [90m264| [39m      [35mconst[39m comments [33m=[39m item[33m.[39mcomments [33m||[39m [][33m;[39m
    [90m265| [39m      // Use ServicesFulfillment ID as key when it exists (for backwar…
[90m [2m❯[22m src/__tests__/integration/services/comments/bulk-get-comments.test.ts:[2m273:22[22m[39m

[31m[2m⎯⎯⎯⎯⎯⎯⎯⎯⎯⎯⎯⎯⎯⎯⎯⎯⎯⎯⎯⎯[214/377]⎯[22m[39m

[41m[1m FAIL [22m[49m src/__tests__/integration/services/comments/bulk-get-comments.test.ts[2m > [22mServiceCommentService.getOrderServiceComments[2m > [22mempty and edge cases[2m > [22mshould handle services with no comments
[31m[1mTypeError[22m: items is not iterable[39m
[36m [2m❯[22m ServiceCommentService.getOrderServiceComments src/services/service-comment-service.ts:[2m263:24[22m[39m
    [90m261| [39m    }[33m>[39m [33m=[39m {}[33m;[39m
    [90m262| [39m
    [90m263| [39m    [35mfor[39m ([35mconst[39m item [35mof[39m items) {
    [90m   | [39m                       [31m^[39m
    [90m264| [39m      [35mconst[39m comments [33m=[39m item[33m.[39mcomments [33m||[39m [][33m;[39m
    [90m265| [39m      // Use ServicesFulfillment ID as key when it exists (for backwar…
[90m [2m❯[22m src/__tests__/integration/services/comments/bulk-get-comments.test.ts:[2m306:22[22m[39m

[31m[2m⎯⎯⎯⎯⎯⎯⎯⎯⎯⎯⎯⎯⎯⎯⎯⎯⎯⎯⎯⎯[215/377]⎯[22m[39m

[41m[1m FAIL [22m[49m src/__tests__/integration/services/comments/bulk-get-comments.test.ts[2m > [22mServiceCommentService.getOrderServiceComments[2m > [22mempty and edge cases[2m > [22mshould handle mixed scenario - some services with comments, some without
[31m[1mTypeError[22m: items is not iterable[39m
[36m [2m❯[22m ServiceCommentService.getOrderServiceComments src/services/service-comment-service.ts:[2m263:24[22m[39m
    [90m261| [39m    }[33m>[39m [33m=[39m {}[33m;[39m
    [90m262| [39m
    [90m263| [39m    [35mfor[39m ([35mconst[39m item [35mof[39m items) {
    [90m   | [39m                       [31m^[39m
    [90m264| [39m      [35mconst[39m comments [33m=[39m item[33m.[39mcomments [33m||[39m [][33m;[39m
    [90m265| [39m      // Use ServicesFulfillment ID as key when it exists (for backwar…
[90m [2m❯[22m src/__tests__/integration/services/comments/bulk-get-comments.test.ts:[2m383:22[22m[39m

[31m[2m⎯⎯⎯⎯⎯⎯⎯⎯⎯⎯⎯⎯⎯⎯⎯⎯⎯⎯⎯⎯[216/377]⎯[22m[39m

[41m[1m FAIL [22m[49m src/__tests__/integration/services/comments/bulk-get-comments.test.ts[2m > [22mServiceCommentService.getOrderServiceComments[2m > [22mcomment sorting[2m > [22mshould sort comments newest first within each service
[31m[1mTypeError[22m: items is not iterable[39m
[36m [2m❯[22m ServiceCommentService.getOrderServiceComments src/services/service-comment-service.ts:[2m263:24[22m[39m
    [90m261| [39m    }[33m>[39m [33m=[39m {}[33m;[39m
    [90m262| [39m
    [90m263| [39m    [35mfor[39m ([35mconst[39m item [35mof[39m items) {
    [90m   | [39m                       [31m^[39m
    [90m264| [39m      [35mconst[39m comments [33m=[39m item[33m.[39mcomments [33m||[39m [][33m;[39m
    [90m265| [39m      // Use ServicesFulfillment ID as key when it exists (for backwar…
[90m [2m❯[22m src/__tests__/integration/services/comments/bulk-get-comments.test.ts:[2m443:22[22m[39m

[31m[2m⎯⎯⎯⎯⎯⎯⎯⎯⎯⎯⎯⎯⎯⎯⎯⎯⎯⎯⎯⎯[217/377]⎯[22m[39m

[41m[1m FAIL [22m[49m src/__tests__/integration/services/comments/bulk-get-comments.test.ts[2m > [22mServiceCommentService.getOrderServiceComments[2m > [22mresponse structure[2m > [22mshould include service details in response
[31m[1mTypeError[22m: items is not iterable[39m
[36m [2m❯[22m ServiceCommentService.getOrderServiceComments src/services/service-comment-service.ts:[2m263:24[22m[39m
    [90m261| [39m    }[33m>[39m [33m=[39m {}[33m;[39m
    [90m262| [39m
    [90m263| [39m    [35mfor[39m ([35mconst[39m item [35mof[39m items) {
    [90m   | [39m                       [31m^[39m
    [90m264| [39m      [35mconst[39m comments [33m=[39m item[33m.[39mcomments [33m||[39m [][33m;[39m
    [90m265| [39m      // Use ServicesFulfillment ID as key when it exists (for backwar…
[90m [2m❯[22m src/__tests__/integration/services/comments/bulk-get-comments.test.ts:[2m488:22[22m[39m

[31m[2m⎯⎯⎯⎯⎯⎯⎯⎯⎯⎯⎯⎯⎯⎯⎯⎯⎯⎯⎯⎯[218/377]⎯[22m[39m

[41m[1m FAIL [22m[49m src/__tests__/integration/services/comments/bulk-get-comments.test.ts[2m > [22mServiceCommentService.getOrderServiceComments[2m > [22mresponse structure[2m > [22mshould include comment details with template and user info
[31m[1mTypeError[22m: items is not iterable[39m
[36m [2m❯[22m ServiceCommentService.getOrderServiceComments src/services/service-comment-service.ts:[2m263:24[22m[39m
    [90m261| [39m    }[33m>[39m [33m=[39m {}[33m;[39m
    [90m262| [39m
    [90m263| [39m    [35mfor[39m ([35mconst[39m item [35mof[39m items) {
    [90m   | [39m                       [31m^[39m
    [90m264| [39m      [35mconst[39m comments [33m=[39m item[33m.[39mcomments [33m||[39m [][33m;[39m
    [90m265| [39m      // Use ServicesFulfillment ID as key when it exists (for backwar…
[90m [2m❯[22m src/__tests__/integration/services/comments/bulk-get-comments.test.ts:[2m539:22[22m[39m

[31m[2m⎯⎯⎯⎯⎯⎯⎯⎯⎯⎯⎯⎯⎯⎯⎯⎯⎯⎯⎯⎯[219/377]⎯[22m[39m

[41m[1m FAIL [22m[49m src/__tests__/integration/services/comments/bulk-get-comments.test.ts[2m > [22mServiceCommentService.getOrderServiceComments[2m > [22mresponse structure[2m > [22mshould use service ID as key in result object
[31m[1mTypeError[22m: items is not iterable[39m
[36m [2m❯[22m ServiceCommentService.getOrderServiceComments src/services/service-comment-service.ts:[2m263:24[22m[39m
    [90m261| [39m    }[33m>[39m [33m=[39m {}[33m;[39m
    [90m262| [39m
    [90m263| [39m    [35mfor[39m ([35mconst[39m item [35mof[39m items) {
    [90m   | [39m                       [31m^[39m
    [90m264| [39m      [35mconst[39m comments [33m=[39m item[33m.[39mcomments [33m||[39m [][33m;[39m
    [90m265| [39m      // Use ServicesFulfillment ID as key when it exists (for backwar…
[90m [2m❯[22m src/__tests__/integration/services/comments/bulk-get-comments.test.ts:[2m577:22[22m[39m

[31m[2m⎯⎯⎯⎯⎯⎯⎯⎯⎯⎯⎯⎯⎯⎯⎯⎯⎯⎯⎯⎯[220/377]⎯[22m[39m

[41m[1m FAIL [22m[49m src/__tests__/integration/services/comments/create-comment.test.ts[2m > [22mServiceCommentService.createComment[2m > [22mvalidation[2m > [22mshould accept comment text of exactly 1000 characters
[31m[1mError[22m: Service not found[39m
[36m [2m❯[22m ServiceCommentService.createComment src/services/service-comment-service.ts:[2m35:13[22m[39m
    [90m 33| [39m
    [90m 34| [39m    [35mif[39m ([33m![39morderItem) {
    [90m 35| [39m      [35mthrow[39m [35mnew[39m [33mError[39m([32m'Service not found'[39m)[33m;[39m
    [90m   | [39m            [31m^[39m
    [90m 36| [39m    }
    [90m 37| [39m
[90m [2m❯[22m src/__tests__/integration/services/comments/create-comment.test.ts:[2m170:22[22m[39m

[31m[2m⎯⎯⎯⎯⎯⎯⎯⎯⎯⎯⎯⎯⎯⎯⎯⎯⎯⎯⎯⎯[221/377]⎯[22m[39m

[41m[1m FAIL [22m[49m src/__tests__/integration/services/comments/create-comment.test.ts[2m > [22mServiceCommentService.createComment[2m > [22mservice validation[2m > [22mshould accept when service exists
[31m[1mError[22m: Service not found[39m
[36m [2m❯[22m ServiceCommentService.createComment src/services/service-comment-service.ts:[2m35:13[22m[39m
    [90m 33| [39m
    [90m 34| [39m    [35mif[39m ([33m![39morderItem) {
    [90m 35| [39m      [35mthrow[39m [35mnew[39m [33mError[39m([32m'Service not found'[39m)[33m;[39m
    [90m   | [39m            [31m^[39m
    [90m 36| [39m    }
    [90m 37| [39m
[90m [2m❯[22m src/__tests__/integration/services/comments/create-comment.test.ts:[2m233:22[22m[39m

[31m[2m⎯⎯⎯⎯⎯⎯⎯⎯⎯⎯⎯⎯⎯⎯⎯⎯⎯⎯⎯⎯[222/377]⎯[22m[39m

[41m[1m FAIL [22m[49m src/__tests__/integration/services/comments/create-comment.test.ts[2m > [22mServiceCommentService.createComment[2m > [22mtemplate validation[2m > [22mshould reject when template does not exist
[31m[1mAssertionError[22m: expected [Function] to throw error including 'Invalid template ID' but got 'Service not found'[39m

Expected: [32m"Invalid template ID"[39m
Received: [31m"Service not found"[39m

[36m [2m❯[22m src/__tests__/integration/services/comments/create-comment.test.ts:[2m266:7[22m[39m
    [90m264| [39m      vi.mocked(prisma.commentTemplate.findUnique).mockResolvedValue(n…
    [90m265| [39m
    [90m266| [39m      [35mawait[39m [34mexpect[39m(
    [90m   | [39m      [31m^[39m
    [90m267| [39m        service[33m.[39m[34mcreateComment[39m(
    [90m268| [39m          mockServiceId[33m,[39m

[31m[2m⎯⎯⎯⎯⎯⎯⎯⎯⎯⎯⎯⎯⎯⎯⎯⎯⎯⎯⎯⎯[223/377]⎯[22m[39m

[41m[1m FAIL [22m[49m src/__tests__/integration/services/comments/create-comment.test.ts[2m > [22mServiceCommentService.createComment[2m > [22mtemplate validation[2m > [22mshould reject when template is inactive
[31m[1mAssertionError[22m: expected [Function] to throw error including 'Selected template is no longer active' but got 'Service not found'[39m

Expected: [32m"Se[7mlected template is no longer active[27m"[39m
Received: [31m"Se[7mrvice not found[27m"[39m

[36m [2m❯[22m src/__tests__/integration/services/comments/create-comment.test.ts:[2m284:7[22m[39m
    [90m282| [39m      })[33m;[39m
    [90m283| [39m
    [90m284| [39m      [35mawait[39m [34mexpect[39m(
    [90m   | [39m      [31m^[39m
    [90m285| [39m        service[33m.[39m[34mcreateComment[39m(
    [90m286| [39m          mockServiceId[33m,[39m

[31m[2m⎯⎯⎯⎯⎯⎯⎯⎯⎯⎯⎯⎯⎯⎯⎯⎯⎯⎯⎯⎯[224/377]⎯[22m[39m

[41m[1m FAIL [22m[49m src/__tests__/integration/services/comments/create-comment.test.ts[2m > [22mServiceCommentService.createComment[2m > [22mtemplate validation[2m > [22mshould reject when template is not available for service type and status
[31m[1mAssertionError[22m: expected [Function] to throw error including 'Template not available for this servi…' but got 'Service not found'[39m

Expected: [32m"Template not available for this service type and status"[39m
Received: [31m"Service not found"[39m

[36m [2m❯[22m src/__tests__/integration/services/comments/create-comment.test.ts:[2m304:7[22m[39m
    [90m302| [39m      vi.mocked(prisma.commentTemplateAvailability.findFirst).mockReso…
    [90m303| [39m
    [90m304| [39m      [35mawait[39m [34mexpect[39m(
    [90m   | [39m      [31m^[39m
    [90m305| [39m        service[33m.[39m[34mcreateComment[39m(
    [90m306| [39m          mockServiceId[33m,[39m

[31m[2m⎯⎯⎯⎯⎯⎯⎯⎯⎯⎯⎯⎯⎯⎯⎯⎯⎯⎯⎯⎯[225/377]⎯[22m[39m

[41m[1m FAIL [22m[49m src/__tests__/integration/services/comments/create-comment.test.ts[2m > [22mServiceCommentService.createComment[2m > [22mtemplate validation[2m > [22mshould accept when template is active and available
[31m[1mError[22m: Service not found[39m
[36m [2m❯[22m ServiceCommentService.createComment src/services/service-comment-service.ts:[2m35:13[22m[39m
    [90m 33| [39m
    [90m 34| [39m    [35mif[39m ([33m![39morderItem) {
    [90m 35| [39m      [35mthrow[39m [35mnew[39m [33mError[39m([32m'Service not found'[39m)[33m;[39m
    [90m   | [39m            [31m^[39m
    [90m 36| [39m    }
    [90m 37| [39m
[90m [2m❯[22m src/__tests__/integration/services/comments/create-comment.test.ts:[2m339:22[22m[39m

[31m[2m⎯⎯⎯⎯⎯⎯⎯⎯⎯⎯⎯⎯⎯⎯⎯⎯⎯⎯⎯⎯[226/377]⎯[22m[39m

[41m[1m FAIL [22m[49m src/__tests__/integration/services/comments/create-comment.test.ts[2m > [22mServiceCommentService.createComment[2m > [22mtemplate validation[2m > [22mshould mark template as used after creating comment
[31m[1mError[22m: Service not found[39m
[36m [2m❯[22m ServiceCommentService.createComment src/services/service-comment-service.ts:[2m35:13[22m[39m
    [90m 33| [39m
    [90m 34| [39m    [35mif[39m ([33m![39morderItem) {
    [90m 35| [39m      [35mthrow[39m [35mnew[39m [33mError[39m([32m'Service not found'[39m)[33m;[39m
    [90m   | [39m            [31m^[39m
    [90m 36| [39m    }
    [90m 37| [39m
[90m [2m❯[22m src/__tests__/integration/services/comments/create-comment.test.ts:[2m369:7[22m[39m

[31m[2m⎯⎯⎯⎯⎯⎯⎯⎯⎯⎯⎯⎯⎯⎯⎯⎯⎯⎯⎯⎯[227/377]⎯[22m[39m

[41m[1m FAIL [22m[49m src/__tests__/integration/services/comments/create-comment.test.ts[2m > [22mServiceCommentService.createComment[2m > [22mvisibility defaults[2m > [22mshould default isInternalOnly to true when not provided
[31m[1mError[22m: Service not found[39m
[36m [2m❯[22m ServiceCommentService.createComment src/services/service-comment-service.ts:[2m35:13[22m[39m
    [90m 33| [39m
    [90m 34| [39m    [35mif[39m ([33m![39morderItem) {
    [90m 35| [39m      [35mthrow[39m [35mnew[39m [33mError[39m([32m'Service not found'[39m)[33m;[39m
    [90m   | [39m            [31m^[39m
    [90m 36| [39m    }
    [90m 37| [39m
[90m [2m❯[22m src/__tests__/integration/services/comments/create-comment.test.ts:[2m432:7[22m[39m

[31m[2m⎯⎯⎯⎯⎯⎯⎯⎯⎯⎯⎯⎯⎯⎯⎯⎯⎯⎯⎯⎯[228/377]⎯[22m[39m

[41m[1m FAIL [22m[49m src/__tests__/integration/services/comments/create-comment.test.ts[2m > [22mServiceCommentService.createComment[2m > [22mvisibility defaults[2m > [22mshould use provided isInternalOnly value when false
[31m[1mError[22m: Service not found[39m
[36m [2m❯[22m ServiceCommentService.createComment src/services/service-comment-service.ts:[2m35:13[22m[39m
    [90m 33| [39m
    [90m 34| [39m    [35mif[39m ([33m![39morderItem) {
    [90m 35| [39m      [35mthrow[39m [35mnew[39m [33mError[39m([32m'Service not found'[39m)[33m;[39m
    [90m   | [39m            [31m^[39m
    [90m 36| [39m    }
    [90m 37| [39m
[90m [2m❯[22m src/__tests__/integration/services/comments/create-comment.test.ts:[2m468:7[22m[39m

[31m[2m⎯⎯⎯⎯⎯⎯⎯⎯⎯⎯⎯⎯⎯⎯⎯⎯⎯⎯⎯⎯[229/377]⎯[22m[39m

[41m[1m FAIL [22m[49m src/__tests__/integration/services/comments/create-comment.test.ts[2m > [22mServiceCommentService.createComment[2m > [22mvisibility defaults[2m > [22mshould use provided isInternalOnly value when true
[31m[1mError[22m: Service not found[39m
[36m [2m❯[22m ServiceCommentService.createComment src/services/service-comment-service.ts:[2m35:13[22m[39m
    [90m 33| [39m
    [90m 34| [39m    [35mif[39m ([33m![39morderItem) {
    [90m 35| [39m      [35mthrow[39m [35mnew[39m [33mError[39m([32m'Service not found'[39m)[33m;[39m
    [90m   | [39m            [31m^[39m
    [90m 36| [39m    }
    [90m 37| [39m
[90m [2m❯[22m src/__tests__/integration/services/comments/create-comment.test.ts:[2m504:7[22m[39m

[31m[2m⎯⎯⎯⎯⎯⎯⎯⎯⎯⎯⎯⎯⎯⎯⎯⎯⎯⎯⎯⎯[230/377]⎯[22m[39m

[41m[1m FAIL [22m[49m src/__tests__/integration/services/comments/create-comment.test.ts[2m > [22mServiceCommentService.createComment[2m > [22maudit trail[2m > [22mshould set createdBy to the current user
[31m[1mError[22m: Service not found[39m
[36m [2m❯[22m ServiceCommentService.createComment src/services/service-comment-service.ts:[2m35:13[22m[39m
    [90m 33| [39m
    [90m 34| [39m    [35mif[39m ([33m![39morderItem) {
    [90m 35| [39m      [35mthrow[39m [35mnew[39m [33mError[39m([32m'Service not found'[39m)[33m;[39m
    [90m   | [39m            [31m^[39m
    [90m 36| [39m    }
    [90m 37| [39m
[90m [2m❯[22m src/__tests__/integration/services/comments/create-comment.test.ts:[2m567:7[22m[39m

[31m[2m⎯⎯⎯⎯⎯⎯⎯⎯⎯⎯⎯⎯⎯⎯⎯⎯⎯⎯⎯⎯[231/377]⎯[22m[39m

[41m[1m FAIL [22m[49m src/__tests__/integration/services/comments/create-comment.test.ts[2m > [22mServiceCommentService.createComment[2m > [22maudit trail[2m > [22mshould not set updatedBy or updatedAt on creation
[31m[1mError[22m: Service not found[39m
[36m [2m❯[22m ServiceCommentService.createComment src/services/service-comment-service.ts:[2m35:13[22m[39m
    [90m 33| [39m
    [90m 34| [39m    [35mif[39m ([33m![39morderItem) {
    [90m 35| [39m      [35mthrow[39m [35mnew[39m [33mError[39m([32m'Service not found'[39m)[33m;[39m
    [90m   | [39m            [31m^[39m
    [90m 36| [39m    }
    [90m 37| [39m
[90m [2m❯[22m src/__tests__/integration/services/comments/create-comment.test.ts:[2m594:22[22m[39m

[31m[2m⎯⎯⎯⎯⎯⎯⎯⎯⎯⎯⎯⎯⎯⎯⎯⎯⎯⎯⎯⎯[232/377]⎯[22m[39m

[41m[1m FAIL [22m[49m src/__tests__/integration/services/comments/create-comment.test.ts[2m > [22mServiceCommentService.createComment[2m > [22mresponse structure[2m > [22mshould include template details in response
[31m[1mError[22m: Service not found[39m
[36m [2m❯[22m ServiceCommentService.createComment src/services/service-comment-service.ts:[2m35:13[22m[39m
    [90m 33| [39m
    [90m 34| [39m    [35mif[39m ([33m![39morderItem) {
    [90m 35| [39m      [35mthrow[39m [35mnew[39m [33mError[39m([32m'Service not found'[39m)[33m;[39m
    [90m   | [39m            [31m^[39m
    [90m 36| [39m    }
    [90m 37| [39m
[90m [2m❯[22m src/__tests__/integration/services/comments/create-comment.test.ts:[2m660:22[22m[39m

[31m[2m⎯⎯⎯⎯⎯⎯⎯⎯⎯⎯⎯⎯⎯⎯⎯⎯⎯⎯⎯⎯[233/377]⎯[22m[39m

[41m[1m FAIL [22m[49m src/__tests__/integration/services/comments/create-comment.test.ts[2m > [22mServiceCommentService.createComment[2m > [22mresponse structure[2m > [22mshould include user details in response
[31m[1mError[22m: Service not found[39m
[36m [2m❯[22m ServiceCommentService.createComment src/services/service-comment-service.ts:[2m35:13[22m[39m
    [90m 33| [39m
    [90m 34| [39m    [35mif[39m ([33m![39morderItem) {
    [90m 35| [39m      [35mthrow[39m [35mnew[39m [33mError[39m([32m'Service not found'[39m)[33m;[39m
    [90m   | [39m            [31m^[39m
    [90m 36| [39m    }
    [90m 37| [39m
[90m [2m❯[22m src/__tests__/integration/services/comments/create-comment.test.ts:[2m699:22[22m[39m

[31m[2m⎯⎯⎯⎯⎯⎯⎯⎯⎯⎯⎯⎯⎯⎯⎯⎯⎯⎯⎯⎯[234/377]⎯[22m[39m

[41m[1m FAIL [22m[49m src/__tests__/integration/services/comments/get-comments.test.ts[2m > [22mServiceCommentService.getServiceComments[2m > [22mvisibility filtering by user role[2m > [22mshould return all comments for internal users
[31m[1mAssertionError[22m: expected "vi.fn()" to be called with arguments: [ { …(3) } ][90m

Received: 

[1m  1st vi.fn() call:

[22m[33m@@ -7,9 +7,9 @@[90m
[2m      },[22m
[2m      "orderBy": {[22m
[2m        "createdAt": "desc",[22m
[2m      },[22m
[2m      "where": {[22m
[32m-       "serviceId": "c47ac10b-58cc-4372-a567-0e02b2c3d479",[90m
[31m+       "orderItemId": "c47ac10b-58cc-4372-a567-0e02b2c3d479",[90m
[2m      },[22m
[2m    },[22m
[2m  ][22m
[31m[90m

Number of calls: [1m1[22m
[31m[39m
[36m [2m❯[22m src/__tests__/integration/services/comments/get-comments.test.ts:[2m90:46[22m[39m
    [90m 88| [39m
    [90m 89| [39m      [90m// Verify query didn't filter by isInternalOnly[39m
    [90m 90| [39m      [34mexpect[39m(prisma[33m.[39mserviceComment[33m.[39mfindMany)[33m.[39m[34mtoHaveBeenCalledWith[39m({
    [90m   | [39m                                             [31m^[39m
    [90m 91| [39m        where[33m:[39m { serviceId[33m:[39m mockServiceId }[33m,[39m
    [90m 92| [39m        orderBy[33m:[39m { createdAt[33m:[39m [32m'desc'[39m }[33m,[39m

[31m[2m⎯⎯⎯⎯⎯⎯⎯⎯⎯⎯⎯⎯⎯⎯⎯⎯⎯⎯⎯⎯[235/377]⎯[22m[39m

[41m[1m FAIL [22m[49m src/__tests__/integration/services/comments/get-comments.test.ts[2m > [22mServiceCommentService.getServiceComments[2m > [22mvisibility filtering by user role[2m > [22mshould return all comments for vendor users
[31m[1mAssertionError[22m: expected "vi.fn()" to be called with arguments: [ { …(3) } ][90m

Received: 

[1m  1st vi.fn() call:

[22m[33m@@ -7,9 +7,9 @@[90m
[2m      },[22m
[2m      "orderBy": {[22m
[2m        "createdAt": "desc",[22m
[2m      },[22m
[2m      "where": {[22m
[32m-       "serviceId": "c47ac10b-58cc-4372-a567-0e02b2c3d479",[90m
[31m+       "orderItemId": "c47ac10b-58cc-4372-a567-0e02b2c3d479",[90m
[2m      },[22m
[2m    },[22m
[2m  ][22m
[31m[90m

Number of calls: [1m1[22m
[31m[39m
[36m [2m❯[22m src/__tests__/integration/services/comments/get-comments.test.ts:[2m116:46[22m[39m
    [90m114| [39m
    [90m115| [39m      [90m// Verify query didn't filter by isInternalOnly[39m
    [90m116| [39m      [34mexpect[39m(prisma[33m.[39mserviceComment[33m.[39mfindMany)[33m.[39m[34mtoHaveBeenCalledWith[39m({
    [90m   | [39m                                             [31m^[39m
    [90m117| [39m        where[33m:[39m { serviceId[33m:[39m mockServiceId }[33m,[39m
    [90m118| [39m        orderBy[33m:[39m { createdAt[33m:[39m [32m'desc'[39m }[33m,[39m

[31m[2m⎯⎯⎯⎯⎯⎯⎯⎯⎯⎯⎯⎯⎯⎯⎯⎯⎯⎯⎯⎯[236/377]⎯[22m[39m

[41m[1m FAIL [22m[49m src/__tests__/integration/services/comments/get-comments.test.ts[2m > [22mServiceCommentService.getServiceComments[2m > [22mvisibility filtering by user role[2m > [22mshould filter internal comments for customer users
[31m[1mAssertionError[22m: expected "vi.fn()" to be called with arguments: [ { where: { …(2) }, …(2) } ][90m

Received: 

[1m  1st vi.fn() call:

[22m[33m@@ -8,9 +8,9 @@[90m
[2m      "orderBy": {[22m
[2m        "createdAt": "desc",[22m
[2m      },[22m
[2m      "where": {[22m
[2m        "isInternalOnly": false,[22m
[32m-       "serviceId": "c47ac10b-58cc-4372-a567-0e02b2c3d479",[90m
[31m+       "orderItemId": "c47ac10b-58cc-4372-a567-0e02b2c3d479",[90m
[2m      },[22m
[2m    },[22m
[2m  ][22m
[31m[90m

Number of calls: [1m1[22m
[31m[39m
[36m [2m❯[22m src/__tests__/integration/services/comments/get-comments.test.ts:[2m142:46[22m[39m
    [90m140| [39m
    [90m141| [39m      [90m// Verify query filtered by isInternalOnly[39m
    [90m142| [39m      [34mexpect[39m(prisma[33m.[39mserviceComment[33m.[39mfindMany)[33m.[39m[34mtoHaveBeenCalledWith[39m({
    [90m   | [39m                                             [31m^[39m
    [90m143| [39m        where[33m:[39m {
    [90m144| [39m          serviceId[33m:[39m mockServiceId[33m,[39m

[31m[2m⎯⎯⎯⎯⎯⎯⎯⎯⎯⎯⎯⎯⎯⎯⎯⎯⎯⎯⎯⎯[237/377]⎯[22m[39m

[41m[1m FAIL [22m[49m src/__tests__/integration/services/comments/get-comments.test.ts[2m > [22mServiceCommentService.getServiceComments[2m > [22mvisibility filtering by user role[2m > [22mshould return empty array for customer when only internal comments exist
[31m[1mAssertionError[22m: expected "vi.fn()" to be called with arguments: [ { where: { …(2) }, …(2) } ][90m

Received: 

[1m  1st vi.fn() call:

[22m[33m@@ -8,9 +8,9 @@[90m
[2m      "orderBy": {[22m
[2m        "createdAt": "desc",[22m
[2m      },[22m
[2m      "where": {[22m
[2m        "isInternalOnly": false,[22m
[32m-       "serviceId": "c47ac10b-58cc-4372-a567-0e02b2c3d479",[90m
[31m+       "orderItemId": "c47ac10b-58cc-4372-a567-0e02b2c3d479",[90m
[2m      },[22m
[2m    },[22m
[2m  ][22m
[31m[90m

Number of calls: [1m1[22m
[31m[39m
[36m [2m❯[22m src/__tests__/integration/services/comments/get-comments.test.ts:[2m180:46[22m[39m
    [90m178| [39m
    [90m179| [39m      [90m// Verify it queried with the filter[39m
    [90m180| [39m      [34mexpect[39m(prisma[33m.[39mserviceComment[33m.[39mfindMany)[33m.[39m[34mtoHaveBeenCalledWith[39m({
    [90m   | [39m                                             [31m^[39m
    [90m181| [39m        where[33m:[39m {
    [90m182| [39m          serviceId[33m:[39m mockServiceId[33m,[39m

[31m[2m⎯⎯⎯⎯⎯⎯⎯⎯⎯⎯⎯⎯⎯⎯⎯⎯⎯⎯⎯⎯[238/377]⎯[22m[39m

[41m[1m FAIL [22m[49m src/__tests__/integration/services/comments/get-comments.test.ts[2m > [22mServiceCommentService.validateUserAccess[2m > [22mservice access validation[2m > [22mshould grant access to internal users for any service
[31m[1mAssertionError[22m: expected false to be true // Object.is equality[39m

[32m- Expected[39m
[31m+ Received[39m

[32m- true[39m
[31m+ false[39m

[36m [2m❯[22m src/__tests__/integration/services/comments/get-comments.test.ts:[2m359:25[22m[39m
    [90m357| [39m      )[33m;[39m
    [90m358| [39m
    [90m359| [39m      [34mexpect[39m(hasAccess)[33m.[39m[34mtoBe[39m([35mtrue[39m)[33m;[39m
    [90m   | [39m                        [31m^[39m
    [90m360| [39m    })[33m;[39m
    [90m361| [39m

[31m[2m⎯⎯⎯⎯⎯⎯⎯⎯⎯⎯⎯⎯⎯⎯⎯⎯⎯⎯⎯⎯[239/377]⎯[22m[39m

[41m[1m FAIL [22m[49m src/__tests__/integration/services/comments/get-comments.test.ts[2m > [22mServiceCommentService.validateUserAccess[2m > [22mservice access validation[2m > [22mshould grant vendor access to assigned services
[31m[1mAssertionError[22m: expected false to be true // Object.is equality[39m

[32m- Expected[39m
[31m+ Received[39m

[32m- true[39m
[31m+ false[39m

[36m [2m❯[22m src/__tests__/integration/services/comments/get-comments.test.ts:[2m393:25[22m[39m
    [90m391| [39m      )[33m;[39m
    [90m392| [39m
    [90m393| [39m      [34mexpect[39m(hasAccess)[33m.[39m[34mtoBe[39m([35mtrue[39m)[33m;[39m
    [90m   | [39m                        [31m^[39m
    [90m394| [39m    })[33m;[39m
    [90m395| [39m

[31m[2m⎯⎯⎯⎯⎯⎯⎯⎯⎯⎯⎯⎯⎯⎯⎯⎯⎯⎯⎯⎯[240/377]⎯[22m[39m

[41m[1m FAIL [22m[49m src/__tests__/integration/services/comments/get-comments.test.ts[2m > [22mServiceCommentService.validateUserAccess[2m > [22mservice access validation[2m > [22mshould grant customer access to their own order services
[31m[1mAssertionError[22m: expected false to be true // Object.is equality[39m

[32m- Expected[39m
[31m+ Received[39m

[32m- true[39m
[31m+ false[39m

[36m [2m❯[22m src/__tests__/integration/services/comments/get-comments.test.ts:[2m437:25[22m[39m
    [90m435| [39m      )[33m;[39m
    [90m436| [39m
    [90m437| [39m      [34mexpect[39m(hasAccess)[33m.[39m[34mtoBe[39m([35mtrue[39m)[33m;[39m
    [90m   | [39m                        [31m^[39m
    [90m438| [39m    })[33m;[39m
    [90m439| [39m

[31m[2m⎯⎯⎯⎯⎯⎯⎯⎯⎯⎯⎯⎯⎯⎯⎯⎯⎯⎯⎯⎯[241/377]⎯[22m[39m

[41m[1m FAIL [22m[49m src/app/api/dsx/update-field-order/__tests__/route.test.ts[2m > [22mPOST /api/dsx/update-field-order[2m > [22mpermissions[2m > [22mshould allow user with global_config permission to update field order
[31m[1mReferenceError[22m: session is not defined[39m
[36m [2m❯[22m Module.POST src/app/api/dsx/update-field-order/route.ts:[2m144:60[22m[39m
    [90m142| [39m    [35mreturn[39m [33mNextResponse[39m[33m.[39m[34mjson[39m(result)[33m;[39m
    [90m143| [39m  } [35mcatch[39m (error[33m:[39m unknown) {
    [90m144| [39m    logDatabaseError('update_field_order', error as Error, session?.us…
    [90m   | [39m                                                           [31m^[39m
    [90m145| [39m    [35mreturn[39m [33mNextResponse[39m[33m.[39m[34mjson[39m(
    [90m146| [39m      { error: "Failed to update field order", details: error instance…
[90m [2m❯[22m src/app/api/dsx/update-field-order/__tests__/route.test.ts:[2m155:24[22m[39m

[31m[2m⎯⎯⎯⎯⎯⎯⎯⎯⎯⎯⎯⎯⎯⎯⎯⎯⎯⎯⎯⎯[242/377]⎯[22m[39m

[41m[1m FAIL [22m[49m src/app/api/dsx/update-field-order/__tests__/route.test.ts[2m > [22mPOST /api/dsx/update-field-order[2m > [22msuccessful update[2m > [22mshould update existing field orders successfully
[31m[1mReferenceError[22m: session is not defined[39m
[36m [2m❯[22m Module.POST src/app/api/dsx/update-field-order/route.ts:[2m144:60[22m[39m
    [90m142| [39m    [35mreturn[39m [33mNextResponse[39m[33m.[39m[34mjson[39m(result)[33m;[39m
    [90m143| [39m  } [35mcatch[39m (error[33m:[39m unknown) {
    [90m144| [39m    logDatabaseError('update_field_order', error as Error, session?.us…
    [90m   | [39m                                                           [31m^[39m
    [90m145| [39m    [35mreturn[39m [33mNextResponse[39m[33m.[39m[34mjson[39m(
    [90m146| [39m      { error: "Failed to update field order", details: error instance…
[90m [2m❯[22m src/app/api/dsx/update-field-order/__tests__/route.test.ts:[2m315:24[22m[39m

[31m[2m⎯⎯⎯⎯⎯⎯⎯⎯⎯⎯⎯⎯⎯⎯⎯⎯⎯⎯⎯⎯[243/377]⎯[22m[39m

[41m[1m FAIL [22m[49m src/app/api/dsx/update-field-order/__tests__/route.test.ts[2m > [22mPOST /api/dsx/update-field-order[2m > [22msuccessful update[2m > [22mshould create missing service requirements
[31m[1mReferenceError[22m: session is not defined[39m
[36m [2m❯[22m Module.POST src/app/api/dsx/update-field-order/route.ts:[2m144:60[22m[39m
    [90m142| [39m    [35mreturn[39m [33mNextResponse[39m[33m.[39m[34mjson[39m(result)[33m;[39m
    [90m143| [39m  } [35mcatch[39m (error[33m:[39m unknown) {
    [90m144| [39m    logDatabaseError('update_field_order', error as Error, session?.us…
    [90m   | [39m                                                           [31m^[39m
    [90m145| [39m    [35mreturn[39m [33mNextResponse[39m[33m.[39m[34mjson[39m(
    [90m146| [39m      { error: "Failed to update field order", details: error instance…
[90m [2m❯[22m src/app/api/dsx/update-field-order/__tests__/route.test.ts:[2m371:24[22m[39m

[31m[2m⎯⎯⎯⎯⎯⎯⎯⎯⎯⎯⎯⎯⎯⎯⎯⎯⎯⎯⎯⎯[244/377]⎯[22m[39m

[41m[1m FAIL [22m[49m src/app/api/services/[id]/__tests__/uuid-storage-regression.test.ts[2m > [22mUUID Storage Regression Tests[2m > [22mServiceAttachment.uploadedBy[2m > [22mREGRESSION TEST: should store session.user.id (UUID) in uploadedBy field, not integer userId
[31m[1mAssertionError[22m: expected 500 to be 201 // Object.is equality[39m

[32m- Expected[39m
[31m+ Received[39m

[32m- 201[39m
[31m+ 500[39m

[36m [2m❯[22m src/app/api/services/[id]/__tests__/uuid-storage-regression.test.ts:[2m156:31[22m[39m
    [90m154| [39m
    [90m155| [39m      [90m// Assert[39m
    [90m156| [39m      [34mexpect[39m(response[33m.[39mstatus)[33m.[39m[34mtoBe[39m([34m201[39m)[33m;[39m
    [90m   | [39m                              [31m^[39m
    [90m157| [39m      [34mexpect[39m(savedAttachmentData)[33m.[39m[34mtoBeDefined[39m()[33m;[39m
    [90m158| [39m

[31m[2m⎯⎯⎯⎯⎯⎯⎯⎯⎯⎯⎯⎯⎯⎯⎯⎯⎯⎯⎯⎯[245/377]⎯[22m[39m

[41m[1m FAIL [22m[49m src/app/api/services/[id]/__tests__/uuid-storage-regression.test.ts[2m > [22mUUID Storage Regression Tests[2m > [22mNo integer userId lookup should occur[2m > [22mREGRESSION TEST: should NOT query User table for userId when uploading attachment
[31m[1mAssertionError[22m: expected 500 to be 201 // Object.is equality[39m

[32m- Expected[39m
[31m+ Received[39m

[32m- 201[39m
[31m+ 500[39m

[36m [2m❯[22m src/app/api/services/[id]/__tests__/uuid-storage-regression.test.ts:[2m372:31[22m[39m
    [90m370| [39m
    [90m371| [39m      [90m// Assert — if we get 201, the code did not try to access tx.user[39m
    [90m372| [39m      [34mexpect[39m(response[33m.[39mstatus)[33m.[39m[34mtoBe[39m([34m201[39m)[33m;[39m
    [90m   | [39m                              [31m^[39m
    [90m373| [39m    })[33m;[39m
    [90m374| [39m

[31m[2m⎯⎯⎯⎯⎯⎯⎯⎯⎯⎯⎯⎯⎯⎯⎯⎯⎯⎯⎯⎯[246/377]⎯[22m[39m

[41m[1m FAIL [22m[49m src/app/api/vendors/[id]/__tests__/route.test.ts[2m > [22mGET /api/vendors/[id][2m > [22mpermissions[2m > [22mshould return 403 for vendor users accessing different vendor
[31m[1mAssertionError[22m: expected 200 to be 403 // Object.is equality[39m

[32m- Expected[39m
[31m+ Received[39m

[32m- 403[39m
[31m+ 200[39m

[36m [2m❯[22m src/app/api/vendors/[id]/__tests__/route.test.ts:[2m123:31[22m[39m
    [90m121| [39m      [35mconst[39m response [33m=[39m [35mawait[39m [33mGET[39m(request[33m,[39m params)[33m;[39m
    [90m122| [39m
    [90m123| [39m      [34mexpect[39m(response[33m.[39mstatus)[33m.[39m[34mtoBe[39m([34m403[39m)[33m;[39m
    [90m   | [39m                              [31m^[39m
    [90m124| [39m    })[33m;[39m
    [90m125| [39m

[31m[2m⎯⎯⎯⎯⎯⎯⎯⎯⎯⎯⎯⎯⎯⎯⎯⎯⎯⎯⎯⎯[247/377]⎯[22m[39m

[41m[1m FAIL [22m[49m src/app/api/vendors/[id]/__tests__/route.test.ts[2m > [22mGET /api/vendors/[id][2m > [22mpermissions[2m > [22mshould return 403 for customer users
[31m[1mAssertionError[22m: expected 200 to be 403 // Object.is equality[39m

[32m- Expected[39m
[31m+ Received[39m

[32m- 403[39m
[31m+ 200[39m

[36m [2m❯[22m src/app/api/vendors/[id]/__tests__/route.test.ts:[2m146:31[22m[39m
    [90m144| [39m      [35mconst[39m response [33m=[39m [35mawait[39m [33mGET[39m(request[33m,[39m params)[33m;[39m
    [90m145| [39m
    [90m146| [39m      [34mexpect[39m(response[33m.[39mstatus)[33m.[39m[34mtoBe[39m([34m403[39m)[33m;[39m
    [90m   | [39m                              [31m^[39m
    [90m147| [39m    })[33m;[39m
    [90m148| [39m  })[33m;[39m

[31m[2m⎯⎯⎯⎯⎯⎯⎯⎯⎯⎯⎯⎯⎯⎯⎯⎯⎯⎯⎯⎯[248/377]⎯[22m[39m

[41m[1m FAIL [22m[49m src/app/api/vendors/[id]/__tests__/usertype-bug.test.ts[2m > [22mUserType Bug - Vendor [id] Routes[2m > [22mGET /api/vendors/[id] - userType bug[2m > [22mshould block vendor users with userType from viewing other vendors
[31m[1mAssertionError[22m: expected 404 to be 403 // Object.is equality[39m

[32m- Expected[39m
[31m+ Received[39m

[32m- 403[39m
[31m+ 404[39m

[36m [2m❯[22m src/app/api/vendors/[id]/__tests__/usertype-bug.test.ts:[2m120:31[22m[39m
    [90m118| [39m      [90m// Vendor users should NOT be able to view other vendors[39m
    [90m119| [39m      [90m// This will FAIL if code doesn't properly check userType[39m
    [90m120| [39m      [34mexpect[39m(response[33m.[39mstatus)[33m.[39m[34mtoBe[39m([34m403[39m)[33m;[39m
    [90m   | [39m                              [31m^[39m
    [90m121| [39m      [35mconst[39m data [33m=[39m [35mawait[39m response[33m.[39m[34mjson[39m()[33m;[39m
    [90m122| [39m      [34mexpect[39m(data[33m.[39merror)[33m.[39m[34mtoBe[39m([32m'Access denied'[39m)[33m;[39m

[31m[2m⎯⎯⎯⎯⎯⎯⎯⎯⎯⎯⎯⎯⎯⎯⎯⎯⎯⎯⎯⎯[249/377]⎯[22m[39m

[41m[1m FAIL [22m[49m src/app/api/vendors/[id]/__tests__/usertype-bug.test.ts[2m > [22mUserType Bug - Vendor [id] Routes[2m > [22mGET /api/vendors/[id] - userType bug[2m > [22mshould block customer users with userType from viewing vendors
[31m[1mAssertionError[22m: expected 404 to be 403 // Object.is equality[39m

[32m- Expected[39m
[31m+ Received[39m

[32m- 403[39m
[31m+ 404[39m

[36m [2m❯[22m src/app/api/vendors/[id]/__tests__/usertype-bug.test.ts:[2m141:31[22m[39m
    [90m139| [39m
    [90m140| [39m      [90m// Customer users should NOT be able to view vendors[39m
    [90m141| [39m      [34mexpect[39m(response[33m.[39mstatus)[33m.[39m[34mtoBe[39m([34m403[39m)[33m;[39m
    [90m   | [39m                              [31m^[39m
    [90m142| [39m      [35mconst[39m data [33m=[39m [35mawait[39m response[33m.[39m[34mjson[39m()[33m;[39m
    [90m143| [39m      [34mexpect[39m(data[33m.[39merror)[33m.[39m[34mtoBe[39m([32m'Access denied'[39m)[33m;[39m

[31m[2m⎯⎯⎯⎯⎯⎯⎯⎯⎯⎯⎯⎯⎯⎯⎯⎯⎯⎯⎯⎯[250/377]⎯[22m[39m

[41m[1m FAIL [22m[49m src/app/api/vendors/[id]/__tests__/usertype-bug.test.ts[2m > [22mUserType Bug - Vendor [id] Routes[2m > [22mDELETE /api/vendors/[id] - userType bug[2m > [22mshould allow internal users with userType to delete vendors
[31m[1mAssertionError[22m: expected 404 to be 200 // Object.is equality[39m

[32m- Expected[39m
[31m+ Received[39m

[32m- 200[39m
[31m+ 404[39m

[36m [2m❯[22m src/app/api/vendors/[id]/__tests__/usertype-bug.test.ts:[2m256:31[22m[39m
    [90m254| [39m
    [90m255| [39m      [90m// Internal users should be allowed to delete[39m
    [90m256| [39m      [34mexpect[39m(response[33m.[39mstatus)[33m.[39m[34mtoBe[39m([34m200[39m)[33m;[39m
    [90m   | [39m                              [31m^[39m
    [90m257| [39m      [35mconst[39m data [33m=[39m [35mawait[39m response[33m.[39m[34mjson[39m()[33m;[39m
    [90m258| [39m      [34mexpect[39m(data[33m.[39mmessage)[33m.[39m[34mtoBe[39m([32m'Vendor deleted successfully'[39m)[33m;[39m

[31m[2m⎯⎯⎯⎯⎯⎯⎯⎯⎯⎯⎯⎯⎯⎯⎯⎯⎯⎯⎯⎯[251/377]⎯[22m[39m

[41m[1m FAIL [22m[49m src/components/portal/orders/hooks/__tests__/useOrderFormState.memory.test.ts[2m > [22museOrderFormState - Memory and Reference Stability[2m > [22mMemory Leak Prevention[2m > [22mshould not create memory leak from loadOrderForEdit references (regression test)
[31m[1mAssertionError[22m: expected 1 to be 10 // Object.is equality[39m

[32m- Expected[39m
[31m+ Received[39m

[32m- 10[39m
[31m+ 1[39m

[36m [2m❯[22m src/components/portal/orders/hooks/__tests__/useOrderFormState.memory.test.ts:[2m122:39[22m[39m
    [90m120| [39m      [90m// BUG PROOF: Each render creates a new function reference[39m
    [90m121| [39m      [90m// This means 10 different function instances in memory[39m
    [90m122| [39m      [34mexpect[39m(functionReferences[33m.[39msize)[33m.[39m[34mtoBe[39m([34m10[39m)[33m;[39m
    [90m   | [39m                                      [31m^[39m
    [90m123| [39m      console.log(`MEMORY LEAK: Created ${functionReferences.size} fun…
    [90m124| [39m    })[33m;[39m

[31m[2m⎯⎯⎯⎯⎯⎯⎯⎯⎯⎯⎯⎯⎯⎯⎯⎯⎯⎯⎯⎯[252/377]⎯[22m[39m

[41m[1m FAIL [22m[49m src/components/portal/orders/hooks/__tests__/useOrderFormState.memory.test.ts[2m > [22museOrderFormState - Memory and Reference Stability[2m > [22mDependency Stability Analysis[2m > [22mshould have stable hook dependencies preventing useEffect re-triggers (regression test)
[31m[1mAssertionError[22m: expected false to be true // Object.is equality[39m

[32m- Expected[39m
[31m+ Received[39m

[32m- true[39m
[31m+ false[39m

[36m [2m❯[22m src/components/portal/orders/hooks/__tests__/useOrderFormState.memory.test.ts:[2m205:59[22m[39m
    [90m203| [39m      // FIXED: Dependencies removed from loadOrderForEdit, so their s…
    [90m204| [39m      [90m// The fix doesn't depend on these being stable anymore[39m
    [90m205| [39m      [34mexpect[39m(serviceCartUnstable [33m||[39m requirementsUnstable)[33m.[39m[34mtoBe[39m([35mtrue[39m)[33m;[39m
    [90m   | [39m                                                          [31m^[39m
    [90m206| [39m    })[33m;[39m
    [90m207| [39m

[31m[2m⎯⎯⎯⎯⎯⎯⎯⎯⎯⎯⎯⎯⎯⎯⎯⎯⎯⎯⎯⎯[253/377]⎯[22m[39m

[41m[1m FAIL [22m[49m src/components/portal/orders/hooks/__tests__/useOrderFormState.memory.test.ts[2m > [22museOrderFormState - Memory and Reference Stability[2m > [22mPerformance Metrics[2m > [22mmeasures render count impact from unstable dependencies
[31m[1mAssertionError[22m: expected 22 to be 21 // Object.is equality[39m

[32m- Expected[39m
[31m+ Received[39m

[32m- 21[39m
[31m+ 22[39m

[36m [2m❯[22m src/components/portal/orders/hooks/__tests__/useOrderFormState.memory.test.ts:[2m264:27[22m[39m
    [90m262| [39m
    [90m263| [39m      [90m// BUG INDICATOR: High render count[39m
    [90m264| [39m      [34mexpect[39m(renderCount)[33m.[39m[34mtoBe[39m([34m21[39m)[33m;[39m [90m// Initial + 20 rerenders[39m
    [90m   | [39m                          [31m^[39m
    [90m265| [39m
    [90m266| [39m      console.log(`Performance impact: ${renderCount} renders in ${dur…

[31m[2m⎯⎯⎯⎯⎯⎯⎯⎯⎯⎯⎯⎯⎯⎯⎯⎯⎯⎯⎯⎯[254/377]⎯[22m[39m

[41m[1m FAIL [22m[49m src/components/portal/orders/hooks/__tests__/useOrderFormState.memory.test.ts[2m > [22museOrderFormState - Memory and Reference Stability[2m > [22mPerformance Metrics[2m > [22mtracks object allocation from unstable dependencies
[31m[1mAssertionError[22m: expected 1 to be greater than 15[39m
[36m [2m❯[22m src/components/portal/orders/hooks/__tests__/useOrderFormState.memory.test.ts:[2m298:36[22m[39m
    [90m296| [39m
    [90m297| [39m      [90m// BUG INDICATOR: Many unique function instances created[39m
    [90m298| [39m      expect(uniqueFunctions.size).toBeGreaterThan(15); // 4 functions…
    [90m   | [39m                                   [31m^[39m
    [90m299| [39m
    [90m300| [39m      console.log(`Memory allocation: ${uniqueFunctions.size} unique f…

[31m[2m⎯⎯⎯⎯⎯⎯⎯⎯⎯⎯⎯⎯⎯⎯⎯⎯⎯⎯⎯⎯[255/377]⎯[22m[39m

[41m[1m FAIL [22m[49m src/components/portal/orders/hooks/__tests__/useOrderFormState.services-loading-bug.test.ts[2m > [22mServices Loading Bug - Edit Draft Order[2m > [22mREGRESSION TEST: Services not loading when editing draft[2m > [22mshould load services when editing a draft order
[31m[1mAssertionError[22m: expected 0 to be greater than 0

Ignored nodes: comments, script, style
[36m<html>[31m
  [36m<head />[31m
  [36m<body>[31m
    [36m<div />[31m
  [36m</body>[31m
[36m</html>[31m[39m
[36m [2m❯[22m src/components/portal/orders/hooks/__tests__/useOrderFormState.services-loading-bug.test.ts:[2m157:38[22m[39m
    [90m155| [39m
    [90m156| [39m        // This should be > 0 after the bug fix, proving services load…
    [90m157| [39m        [34mexpect[39m(servicesCalls[33m.[39mlength)[33m.[39m[34mtoBeGreaterThan[39m([34m0[39m)[33m;[39m
    [90m   | [39m                                     [31m^[39m
    [90m158| [39m      })[33m;[39m
    [90m159| [39m
[90m [2m❯[22m runWithExpensiveErrorDiagnosticsDisabled node_modules/.pnpm/@testing-library+dom@10.4.1/node_modules/@testing-library/dom/dist/config.js:[2m47:12[22m[39m
[90m [2m❯[22m checkCallback node_modules/.pnpm/@testing-library+dom@10.4.1/node_modules/@testing-library/dom/dist/wait-for.js:[2m124:77[22m[39m
[90m [2m❯[22m Timeout.checkRealTimersCallback node_modules/.pnpm/@testing-library+dom@10.4.1/node_modules/@testing-library/dom/dist/wait-for.js:[2m118:16[22m[39m

[31m[2m⎯⎯⎯⎯⎯⎯⎯⎯⎯⎯⎯⎯⎯⎯⎯⎯⎯⎯⎯⎯[256/377]⎯[22m[39m

[41m[1m FAIL [22m[49m src/components/portal/orders/hooks/__tests__/useOrderFormState.services-loading-bug.test.ts[2m > [22mServices Loading Bug - Edit Draft Order[2m > [22mHappy Path: Services loading for new order[2m > [22mshould load services when creating a new order
[31m[1mAssertionError[22m: expected 0 to be greater than 0

Ignored nodes: comments, script, style
[36m<html>[31m
  [36m<head />[31m
  [36m<body>[31m
    [36m<div />[31m
  [36m</body>[31m
[36m</html>[31m[39m
[36m [2m❯[22m src/components/portal/orders/hooks/__tests__/useOrderFormState.services-loading-bug.test.ts:[2m248:38[22m[39m
    [90m246| [39m          call[[34m0[39m][33m.[39m[34mincludes[39m([32m'/api/portal/orders/services'[39m)
    [90m247| [39m        )[33m;[39m
    [90m248| [39m        [34mexpect[39m(servicesCalls[33m.[39mlength)[33m.[39m[34mtoBeGreaterThan[39m([34m0[39m)[33m;[39m
    [90m   | [39m                                     [31m^[39m
    [90m249| [39m      })[33m;[39m
    [90m250| [39m
[90m [2m❯[22m runWithExpensiveErrorDiagnosticsDisabled node_modules/.pnpm/@testing-library+dom@10.4.1/node_modules/@testing-library/dom/dist/config.js:[2m47:12[22m[39m
[90m [2m❯[22m checkCallback node_modules/.pnpm/@testing-library+dom@10.4.1/node_modules/@testing-library/dom/dist/wait-for.js:[2m124:77[22m[39m
[90m [2m❯[22m Timeout.checkRealTimersCallback node_modules/.pnpm/@testing-library+dom@10.4.1/node_modules/@testing-library/dom/dist/wait-for.js:[2m118:16[22m[39m

[31m[2m⎯⎯⎯⎯⎯⎯⎯⎯⎯⎯⎯⎯⎯⎯⎯⎯⎯⎯⎯⎯[257/377]⎯[22m[39m

[41m[1m FAIL [22m[49m src/app/portal/orders/new/__tests__/NewOrderPage.test.tsx[2m > [22mNewOrderPage - Console.log Standards Violations[2m > [22mConsole Statement Violations[2m > [22mMUST FAIL: proves console.log statements exist in handleNext function
[31m[1mReferenceError[22m: React is not defined[39m
[36m [2m❯[22m src/app/portal/orders/new/__tests__/NewOrderPage.test.tsx:[2m179:36[22m[39m
    [90m177| [39m
    [90m178| [39m      [90m// Render the actual component[39m
    [90m179| [39m      [35mconst[39m { getByText } [33m=[39m [34mrender[39m([33m<[39m[33mActualNewOrderPage[39m [33m/[39m[33m>[39m)[33m;[39m
    [90m   | [39m                                   [31m^[39m
    [90m180| [39m
    [90m181| [39m      [90m// Find and click the Next button to trigger handleNext[39m

[31m[2m⎯⎯⎯⎯⎯⎯⎯⎯⎯⎯⎯⎯⎯⎯⎯⎯⎯⎯⎯⎯[258/377]⎯[22m[39m

[41m[1m FAIL [22m[49m src/app/portal/orders/new/__tests__/NewOrderPage.test.tsx[2m > [22mNewOrderPage - Console.log Standards Violations[2m > [22mConsole Statement Violations[2m > [22mMUST FAIL: proves console.error statements exist for clientLogger debugging
[31m[1mReferenceError[22m: React is not defined[39m
[36m [2m❯[22m src/app/portal/orders/new/__tests__/NewOrderPage.test.tsx:[2m256:36[22m[39m
    [90m254| [39m
    [90m255| [39m      [90m// Render the component[39m
    [90m256| [39m      [35mconst[39m { getByText } [33m=[39m [34mrender[39m([33m<[39m[33mActualNewOrderPage[39m [33m/[39m[33m>[39m)[33m;[39m
    [90m   | [39m                                   [31m^[39m
    [90m257| [39m
    [90m258| [39m      [90m// Trigger handleNext[39m

[31m[2m⎯⎯⎯⎯⎯⎯⎯⎯⎯⎯⎯⎯⎯⎯⎯⎯⎯⎯⎯⎯[259/377]⎯[22m[39m

[41m[1m FAIL [22m[49m src/app/portal/orders/new/__tests__/NewOrderPage.test.tsx[2m > [22mNewOrderPage - Console.log Standards Violations[2m > [22mExpected Behavior (After Fix)[2m > [22mshould use Winston logger instead of console statements
[31m[1mReferenceError[22m: React is not defined[39m
[36m [2m❯[22m src/app/portal/orders/new/__tests__/NewOrderPage.test.tsx:[2m291:14[22m[39m
    [90m289| [39m
    [90m290| [39m      [90m// Render component[39m
    [90m291| [39m      [34mrender[39m([33m<[39m[33mNewOrderPage[39m [33m/[39m[33m>[39m)[33m;[39m
    [90m   | [39m             [31m^[39m
    [90m292| [39m
    [90m293| [39m      [90m// Find and click Next button[39m

[31m[2m⎯⎯⎯⎯⎯⎯⎯⎯⎯⎯⎯⎯⎯⎯⎯⎯⎯⎯⎯⎯[260/377]⎯[22m[39m

[41m[1m FAIL [22m[49m src/app/portal/orders/new/__tests__/NewOrderPage.test.tsx[2m > [22mNewOrderPage - Console.log Standards Violations[2m > [22mExpected Behavior (After Fix)[2m > [22mshould handle clientLogger errors without console statements
[31m[1mReferenceError[22m: React is not defined[39m
[36m [2m❯[22m src/app/portal/orders/new/__tests__/NewOrderPage.test.tsx:[2m314:14[22m[39m
    [90m312| [39m
    [90m313| [39m      [90m// Render component[39m
    [90m314| [39m      [34mrender[39m([33m<[39m[33mNewOrderPage[39m [33m/[39m[33m>[39m)[33m;[39m
    [90m   | [39m             [31m^[39m
    [90m315| [39m
    [90m316| [39m      [90m// Trigger action[39m

[31m[2m⎯⎯⎯⎯⎯⎯⎯⎯⎯⎯⎯⎯⎯⎯⎯⎯⎯⎯⎯⎯[261/377]⎯[22m[39m

[41m[1m FAIL [22m[49m src/app/portal/orders/new/__tests__/NewOrderPage.test.tsx[2m > [22mNewOrderPage - Console.log Standards Violations[2m > [22mCoding Standards Compliance[2m > [22mshould not contain any console.* statements in production code
[31m[1mReferenceError[22m: React is not defined[39m
[36m [2m❯[22m src/app/portal/orders/new/__tests__/NewOrderPage.test.tsx:[2m331:14[22m[39m
    [90m329| [39m    it('should not contain any console.* statements in production code…
    [90m330| [39m      // This test checks that no console statements are called during…
    [90m331| [39m      [34mrender[39m([33m<[39m[33mNewOrderPage[39m [33m/[39m[33m>[39m)[33m;[39m
    [90m   | [39m             [31m^[39m
    [90m332| [39m
    [90m333| [39m      [90m// EXPECTED: No console statements during render[39m

[31m[2m⎯⎯⎯⎯⎯⎯⎯⎯⎯⎯⎯⎯⎯⎯⎯⎯⎯⎯⎯⎯[262/377]⎯[22m[39m

[41m[1m FAIL [22m[49m src/app/portal/orders/new/__tests__/NewOrderPage.test.tsx[2m > [22mNewOrderPage - Console.log Standards Violations[2m > [22mCoding Standards Compliance[2m > [22mshould follow structured logging pattern for all log events
[31m[1mReferenceError[22m: React is not defined[39m
[36m [2m❯[22m src/app/portal/orders/new/__tests__/NewOrderPage.test.tsx:[2m385:36[22m[39m
    [90m383| [39m
    [90m384| [39m      [90m// Render component[39m
    [90m385| [39m      [35mconst[39m { getByText } [33m=[39m [34mrender[39m([33m<[39m[33mNewOrderPage[39m [33m/[39m[33m>[39m)[33m;[39m
    [90m   | [39m                                   [31m^[39m
    [90m386| [39m
    [90m387| [39m      [90m// Trigger validation failure[39m

[31m[2m⎯⎯⎯⎯⎯⎯⎯⎯⎯⎯⎯⎯⎯⎯⎯⎯⎯⎯⎯⎯[263/377]⎯[22m[39m

[41m[1m FAIL [22m[49m src/app/api/fulfillment/orders/[id]/__tests__/route.test.ts[2m > [22mGET /api/fulfillment/orders/[id][2m > [22mauthorization[2m > [22mshould return 403 when customer user tries to access this endpoint
[31m[1mAssertionError[22m: expected 404 to be 403 // Object.is equality[39m

[32m- Expected[39m
[31m+ Received[39m

[32m- 403[39m
[31m+ 404[39m

[36m [2m❯[22m src/app/api/fulfillment/orders/[id]/__tests__/route.test.ts:[2m234:31[22m[39m
    [90m232| [39m
    [90m233| [39m      [35mconst[39m response [33m=[39m [35mawait[39m [33mGET[39m(request[33m,[39m params)[33m;[39m
    [90m234| [39m      [34mexpect[39m(response[33m.[39mstatus)[33m.[39m[34mtoBe[39m([34m403[39m)[33m;[39m
    [90m   | [39m                              [31m^[39m
    [90m235| [39m
    [90m236| [39m      [35mconst[39m data [33m=[39m [35mawait[39m response[33m.[39m[34mjson[39m()[33m;[39m

[31m[2m⎯⎯⎯⎯⎯⎯⎯⎯⎯⎯⎯⎯⎯⎯⎯⎯⎯⎯⎯⎯[264/377]⎯[22m[39m

[41m[1m FAIL [22m[49m src/app/api/fulfillment/orders/[id]/__tests__/route.test.ts[2m > [22mGET /api/fulfillment/orders/[id][2m > [22mauthorization[2m > [22mshould return 403 when vendor user tries to access this endpoint
[31m[1mAssertionError[22m: expected 404 to be 403 // Object.is equality[39m

[32m- Expected[39m
[31m+ Received[39m

[32m- 403[39m
[31m+ 404[39m

[36m [2m❯[22m src/app/api/fulfillment/orders/[id]/__tests__/route.test.ts:[2m256:31[22m[39m
    [90m254| [39m
    [90m255| [39m      [35mconst[39m response [33m=[39m [35mawait[39m [33mGET[39m(request[33m,[39m params)[33m;[39m
    [90m256| [39m      [34mexpect[39m(response[33m.[39mstatus)[33m.[39m[34mtoBe[39m([34m403[39m)[33m;[39m
    [90m   | [39m                              [31m^[39m
    [90m257| [39m
    [90m258| [39m      [35mconst[39m data [33m=[39m [35mawait[39m response[33m.[39m[34mjson[39m()[33m;[39m

[31m[2m⎯⎯⎯⎯⎯⎯⎯⎯⎯⎯⎯⎯⎯⎯⎯⎯⎯⎯⎯⎯[265/377]⎯[22m[39m

[41m[1m FAIL [22m[49m src/app/api/fulfillment/orders/[id]/__tests__/route.test.ts[2m > [22mGET /api/fulfillment/orders/[id][2m > [22merror handling[2m > [22mshould return 500 when database error occurs
[31m[1mAssertionError[22m: expected { …(2) } to have property "error" with value 'Failed to fetch order'[39m

Expected: [32m"Failed to [7mfetch[27m order"[39m
Received: [31m"Failed to [7mload[27m order[7m details[27m"[39m

[36m [2m❯[22m src/app/api/fulfillment/orders/[id]/__tests__/route.test.ts:[2m446:20[22m[39m
    [90m444| [39m
    [90m445| [39m      [35mconst[39m data [33m=[39m [35mawait[39m response[33m.[39m[34mjson[39m()[33m;[39m
    [90m446| [39m      [34mexpect[39m(data)[33m.[39m[34mtoHaveProperty[39m([32m'error'[39m[33m,[39m [32m'Failed to fetch order'[39m)[33m;[39m
    [90m   | [39m                   [31m^[39m
    [90m447| [39m
    [90m448| [39m      // In development, details are included; in production they're n…

[31m[2m⎯⎯⎯⎯⎯⎯⎯⎯⎯⎯⎯⎯⎯⎯⎯⎯⎯⎯⎯⎯[266/377]⎯[22m[39m

[41m[1m FAIL [22m[49m src/app/api/fulfillment/orders/[id]/__tests__/route.test.ts[2m > [22mGET /api/fulfillment/orders/[id][2m > [22merror handling[2m > [22mshould handle timeout errors gracefully
[31m[1mAssertionError[22m: expected { …(2) } to have property "error" with value 'Failed to fetch order'[39m

Expected: [32m"Failed to [7mfetch[27m order"[39m
Received: [31m"Failed to [7mload[27m order[7m details[27m"[39m

[36m [2m❯[22m src/app/api/fulfillment/orders/[id]/__tests__/route.test.ts:[2m471:20[22m[39m
    [90m469| [39m
    [90m470| [39m      [35mconst[39m data [33m=[39m [35mawait[39m response[33m.[39m[34mjson[39m()[33m;[39m
    [90m471| [39m      [34mexpect[39m(data)[33m.[39m[34mtoHaveProperty[39m([32m'error'[39m[33m,[39m [32m'Failed to fetch order'[39m)[33m;[39m
    [90m   | [39m                   [31m^[39m
    [90m472| [39m    })[33m;[39m
    [90m473| [39m

[31m[2m⎯⎯⎯⎯⎯⎯⎯⎯⎯⎯⎯⎯⎯⎯⎯⎯⎯⎯⎯⎯[267/377]⎯[22m[39m

[41m[1m FAIL [22m[49m src/app/api/fulfillment/orders/[id]/__tests__/usertype-bug.test.ts[2m > [22mUserType Bug - Fulfillment Order Details Route[2m > [22mGET /api/fulfillment/orders/[id] - reversed fallback bug[2m > [22mshould work for internal users with only userType (no fallback needed)
[31m[1mAssertionError[22m: Target cannot be null or undefined.[39m
[36m [2m❯[22m src/app/api/fulfillment/orders/[id]/__tests__/usertype-bug.test.ts:[2m98:29[22m[39m
    [90m 96| [39m      [35mconst[39m data [33m=[39m [35mawait[39m response[33m.[39m[34mjson[39m()[33m;[39m
    [90m 97| [39m      [34mexpect[39m(data[33m.[39mid)[33m.[39m[34mtoBe[39m([32m'550e8400-e29b-41d4-a716-446655440001'[39m)[33m;[39m
    [90m 98| [39m      [34mexpect[39m(data[33m.[39mservices)[33m.[39m[34mtoHaveLength[39m([34m2[39m)[33m;[39m
    [90m   | [39m                            [31m^[39m
    [90m 99| [39m    })[33m;[39m
    [90m100| [39m

[31m[2m⎯⎯⎯⎯⎯⎯⎯⎯⎯⎯⎯⎯⎯⎯⎯⎯⎯⎯⎯⎯[268/377]⎯[22m[39m

[41m[1m FAIL [22m[49m src/app/api/fulfillment/orders/[id]/__tests__/usertype-bug.test.ts[2m > [22mUserType Bug - Fulfillment Order Details Route[2m > [22mGET /api/fulfillment/orders/[id] - reversed fallback bug[2m > [22mshould work for vendor users with only userType viewing their orders
[31m[1mAssertionError[22m: expected 404 to be 200 // Object.is equality[39m

[32m- Expected[39m
[31m+ Received[39m

[32m- 200[39m
[31m+ 404[39m

[36m [2m❯[22m src/app/api/fulfillment/orders/[id]/__tests__/usertype-bug.test.ts:[2m120:31[22m[39m
    [90m118| [39m
    [90m119| [39m      [90m// Vendor users should see their assigned orders[39m
    [90m120| [39m      [34mexpect[39m(response[33m.[39mstatus)[33m.[39m[34mtoBe[39m([34m200[39m)[33m;[39m
    [90m   | [39m                              [31m^[39m
    [90m121| [39m      [35mconst[39m data [33m=[39m [35mawait[39m response[33m.[39m[34mjson[39m()[33m;[39m
    [90m122| [39m      [34mexpect[39m(data[33m.[39mid)[33m.[39m[34mtoBe[39m([32m'550e8400-e29b-41d4-a716-446655440001'[39m)[33m;[39m

[31m[2m⎯⎯⎯⎯⎯⎯⎯⎯⎯⎯⎯⎯⎯⎯⎯⎯⎯⎯⎯⎯[269/377]⎯[22m[39m

[41m[1m FAIL [22m[49m src/app/api/fulfillment/orders/[id]/__tests__/usertype-bug.test.ts[2m > [22mUserType Bug - Fulfillment Order Details Route[2m > [22mGET /api/fulfillment/orders/[id] - reversed fallback bug[2m > [22mshould block vendor users with userType from viewing other vendor orders
[31m[1mAssertionError[22m: expected 404 to be 403 // Object.is equality[39m

[32m- Expected[39m
[31m+ Received[39m

[32m- 403[39m
[31m+ 404[39m

[36m [2m❯[22m src/app/api/fulfillment/orders/[id]/__tests__/usertype-bug.test.ts:[2m142:31[22m[39m
    [90m140| [39m
    [90m141| [39m      [90m// Vendor users should NOT see orders assigned to other vendors[39m
    [90m142| [39m      [34mexpect[39m(response[33m.[39mstatus)[33m.[39m[34mtoBe[39m([34m403[39m)[33m;[39m
    [90m   | [39m                              [31m^[39m
    [90m143| [39m      [35mconst[39m data [33m=[39m [35mawait[39m response[33m.[39m[34mjson[39m()[33m;[39m
    [90m144| [39m      [34mexpect[39m(data[33m.[39merror)[33m.[39m[34mtoContain[39m([32m'Access denied'[39m)[33m;[39m

[31m[2m⎯⎯⎯⎯⎯⎯⎯⎯⎯⎯⎯⎯⎯⎯⎯⎯⎯⎯⎯⎯[270/377]⎯[22m[39m

[41m[1m FAIL [22m[49m src/app/api/fulfillment/orders/[id]/__tests__/usertype-bug.test.ts[2m > [22mUserType Bug - Fulfillment Order Details Route[2m > [22mGET /api/fulfillment/orders/[id] - reversed fallback bug[2m > [22mshould block customer users with userType from viewing other customer orders
[31m[1mAssertionError[22m: expected 'You do not have permission to view th…' to contain 'Access denied'[39m

Expected: [32m"Access denied"[39m
Received: [31m"You do not have permission to view this order"[39m

[36m [2m❯[22m src/app/api/fulfillment/orders/[id]/__tests__/usertype-bug.test.ts:[2m189:26[22m[39m
    [90m187| [39m      [34mexpect[39m(response[33m.[39mstatus)[33m.[39m[34mtoBe[39m([34m403[39m)[33m;[39m
    [90m188| [39m      [35mconst[39m data [33m=[39m [35mawait[39m response[33m.[39m[34mjson[39m()[33m;[39m
    [90m189| [39m      [34mexpect[39m(data[33m.[39merror)[33m.[39m[34mtoContain[39m([32m'Access denied'[39m)[33m;[39m
    [90m   | [39m                         [31m^[39m
    [90m190| [39m    })[33m;[39m
    [90m191| [39m

[31m[2m⎯⎯⎯⎯⎯⎯⎯⎯⎯⎯⎯⎯⎯⎯⎯⎯⎯⎯⎯⎯[271/377]⎯[22m[39m

[41m[1m FAIL [22m[49m src/app/api/fulfillment/orders/[id]/__tests__/usertype-bug.test.ts[2m > [22mUserType Bug - Fulfillment Order Details Route[2m > [22mGET /api/fulfillment/orders/[id] - reversed fallback bug[2m > [22mshould fail when type is set but userType is not (proves fallback is wrong)
[31m[1mAssertionError[22m: expected 403 to be 200 // Object.is equality[39m

[32m- Expected[39m
[31m+ Received[39m

[32m- 200[39m
[31m+ 403[39m

[36m [2m❯[22m src/app/api/fulfillment/orders/[id]/__tests__/usertype-bug.test.ts:[2m263:31[22m[39m
    [90m261| [39m      // This test might pass with the buggy code, showing the fallbac…
    [90m262| [39m      [90m// but is conceptually wrong[39m
    [90m263| [39m      [34mexpect[39m(response[33m.[39mstatus)[33m.[39m[34mtoBe[39m([34m200[39m)[33m;[39m [90m// This passing shows the bug![39m
    [90m   | [39m                              [31m^[39m
    [90m264| [39m    })[33m;[39m
    [90m265| [39m  })[33m;[39m

[31m[2m⎯⎯⎯⎯⎯⎯⎯⎯⎯⎯⎯⎯⎯⎯⎯⎯⎯⎯⎯⎯[272/377]⎯[22m[39m

[41m[1m FAIL [22m[49m src/app/api/fulfillment/orders/[id]/__tests__/usertype-bug.test.ts[2m > [22mUserType Bug - Fulfillment Order Details Route[2m > [22mOrder not found scenarios[2m > [22mshould return 404 when order does not exist
[31m[1mAssertionError[22m: expected 200 to be 404 // Object.is equality[39m

[32m- Expected[39m
[31m+ Received[39m

[32m- 404[39m
[31m+ 200[39m

[36m [2m❯[22m src/app/api/fulfillment/orders/[id]/__tests__/usertype-bug.test.ts:[2m282:31[22m[39m
    [90m280| [39m      const response = await GET(request, { params: { id: 'nonexistent…
    [90m281| [39m
    [90m282| [39m      [34mexpect[39m(response[33m.[39mstatus)[33m.[39m[34mtoBe[39m([34m404[39m)[33m;[39m
    [90m   | [39m                              [31m^[39m
    [90m283| [39m      [35mconst[39m data [33m=[39m [35mawait[39m response[33m.[39m[34mjson[39m()[33m;[39m
    [90m284| [39m      [34mexpect[39m(data[33m.[39merror)[33m.[39m[34mtoBe[39m([32m'Order not found'[39m)[33m;[39m

[31m[2m⎯⎯⎯⎯⎯⎯⎯⎯⎯⎯⎯⎯⎯⎯⎯⎯⎯⎯⎯⎯[273/377]⎯[22m[39m

[41m[1m FAIL [22m[49m src/app/api/fulfillment/orders/[id]/__tests__/usertype-bug.test.ts[2m > [22mUserType Bug - Fulfillment Order Details Route[2m > [22mService details inclusion[2m > [22mshould include service details based on query parameter
[31m[1mAssertionError[22m: expected 404 to be 200 // Object.is equality[39m

[32m- Expected[39m
[31m+ Received[39m

[32m- 200[39m
[31m+ 404[39m

[36m [2m❯[22m src/app/api/fulfillment/orders/[id]/__tests__/usertype-bug.test.ts:[2m304:31[22m[39m
    [90m302| [39m      const response = await GET(request, { params: { id: '550e8400-e2…
    [90m303| [39m
    [90m304| [39m      [34mexpect[39m(response[33m.[39mstatus)[33m.[39m[34mtoBe[39m([34m200[39m)[33m;[39m
    [90m   | [39m                              [31m^[39m
    [90m305| [39m      [35mconst[39m data [33m=[39m [35mawait[39m response[33m.[39m[34mjson[39m()[33m;[39m
    [90m306| [39m      [34mexpect[39m(data[33m.[39mservices)[33m.[39m[34mtoBeDefined[39m()[33m;[39m

[31m[2m⎯⎯⎯⎯⎯⎯⎯⎯⎯⎯⎯⎯⎯⎯⎯⎯⎯⎯⎯⎯[274/377]⎯[22m[39m

[41m[1m FAIL [22m[49m src/app/api/fulfillment/orders/[id]/__tests__/vendor-field-integration.test.ts[2m > [22mVendor Field Integration Tests[2m > [22mComplete Order Flow with Vendor Data[2m > [22mshould fetch complete order details with vendor information at all levels
[31m[1mAssertionError[22m: expected { id: 'complete-order-001', …(15) } to have property "order"[39m
[36m [2m❯[22m src/app/api/fulfillment/orders/[id]/__tests__/vendor-field-integration.test.ts:[2m335:20[22m[39m
    [90m333| [39m
    [90m334| [39m      [90m// Verify complete order structure[39m
    [90m335| [39m      [34mexpect[39m(data)[33m.[39m[34mtoHaveProperty[39m([32m'order'[39m)[33m;[39m
    [90m   | [39m                   [31m^[39m
    [90m336| [39m      [34mexpect[39m(data)[33m.[39m[34mtoHaveProperty[39m([32m'serviceFulfillments'[39m)[33m;[39m
    [90m337| [39m      [34mexpect[39m(data)[33m.[39m[34mtoHaveProperty[39m([32m'comments'[39m)[33m;[39m

[31m[2m⎯⎯⎯⎯⎯⎯⎯⎯⎯⎯⎯⎯⎯⎯⎯⎯⎯⎯⎯⎯[275/377]⎯[22m[39m

[41m[1m FAIL [22m[49m src/app/api/fulfillment/orders/[id]/__tests__/vendor-field-integration.test.ts[2m > [22mVendor Field Integration Tests[2m > [22mComplete Order Flow with Vendor Data[2m > [22mshould handle mixed vendor assignments correctly
[31m[1mTypeError[22m: Cannot read properties of undefined (reading 'assignedVendor')[39m
[36m [2m❯[22m src/app/api/fulfillment/orders/[id]/__tests__/vendor-field-integration.test.ts:[2m551:25[22m[39m
    [90m549| [39m
    [90m550| [39m      [90m// Verify no order-level vendor[39m
    [90m551| [39m      [34mexpect[39m(data[33m.[39morder[33m.[39massignedVendor)[33m.[39m[34mtoBeNull[39m()[33m;[39m
    [90m   | [39m                        [31m^[39m
    [90m552| [39m
    [90m553| [39m      [90m// Verify mixed service vendors[39m

[31m[2m⎯⎯⎯⎯⎯⎯⎯⎯⎯⎯⎯⎯⎯⎯⎯⎯⎯⎯⎯⎯[276/377]⎯[22m[39m

[41m[1m FAIL [22m[49m src/app/api/fulfillment/orders/[id]/__tests__/vendor-field-integration.test.ts[2m > [22mVendor Field Integration Tests[2m > [22mPerformance and Data Consistency[2m > [22mshould handle large orders with multiple services efficiently
[31m[1mTypeError[22m: Cannot read properties of undefined (reading 'items')[39m
[36m [2m❯[22m src/app/api/fulfillment/orders/[id]/__tests__/vendor-field-integration.test.ts:[2m691:25[22m[39m
    [90m689| [39m
    [90m690| [39m      [90m// Verify all items are present[39m
    [90m691| [39m      [34mexpect[39m(data[33m.[39morder[33m.[39mitems)[33m.[39m[34mtoHaveLength[39m([34m20[39m)[33m;[39m
    [90m   | [39m                        [31m^[39m
    [90m692| [39m      [34mexpect[39m(data[33m.[39mserviceFulfillments)[33m.[39m[34mtoHaveLength[39m([34m20[39m)[33m;[39m
    [90m693| [39m      expect(data.comments).toHaveLength(4); // Every 5th item has a c…

[31m[2m⎯⎯⎯⎯⎯⎯⎯⎯⎯⎯⎯⎯⎯⎯⎯⎯⎯⎯⎯⎯[277/377]⎯[22m[39m

[41m[1m FAIL [22m[49m src/app/api/fulfillment/services/[id]/__tests__/route.test.ts[2m > [22mPATCH /api/fulfillment/services/[id][2m > [22mauthorization[2m > [22mshould allow internal users with fulfillment permission to update status
[31m[1mAssertionError[22m: expected 400 to be 200 // Object.is equality[39m

[32m- Expected[39m
[31m+ Received[39m

[32m- 200[39m
[31m+ 400[39m

[36m [2m❯[22m src/app/api/fulfillment/services/[id]/__tests__/route.test.ts:[2m364:31[22m[39m
    [90m362| [39m      }
    [90m363| [39m
    [90m364| [39m      [34mexpect[39m(response[33m.[39mstatus)[33m.[39m[34mtoBe[39m([34m200[39m)[33m;[39m
    [90m   | [39m                              [31m^[39m
    [90m365| [39m
    [90m366| [39m      [35mconst[39m data [33m=[39m [35mawait[39m response[33m.[39m[34mjson[39m()[33m;[39m

[31m[2m⎯⎯⎯⎯⎯⎯⎯⎯⎯⎯⎯⎯⎯⎯⎯⎯⎯⎯⎯⎯[278/377]⎯[22m[39m

[41m[1m FAIL [22m[49m src/app/api/fulfillment/services/[id]/__tests__/route.test.ts[2m > [22mPATCH /api/fulfillment/services/[id][2m > [22mauthorization[2m > [22mshould allow vendor users to update their assigned services
[31m[1mAssertionError[22m: expected 400 to be 200 // Object.is equality[39m

[32m- Expected[39m
[31m+ Received[39m

[32m- 200[39m
[31m+ 400[39m

[36m [2m❯[22m src/app/api/fulfillment/services/[id]/__tests__/route.test.ts:[2m414:31[22m[39m
    [90m412| [39m
    [90m413| [39m      [35mconst[39m response [33m=[39m [35mawait[39m [33mPATCH[39m(request[33m,[39m params)[33m;[39m
    [90m414| [39m      [34mexpect[39m(response[33m.[39mstatus)[33m.[39m[34mtoBe[39m([34m200[39m)[33m;[39m
    [90m   | [39m                              [31m^[39m
    [90m415| [39m
    [90m416| [39m      [35mconst[39m data [33m=[39m [35mawait[39m response[33m.[39m[34mjson[39m()[33m;[39m

[31m[2m⎯⎯⎯⎯⎯⎯⎯⎯⎯⎯⎯⎯⎯⎯⎯⎯⎯⎯⎯⎯[279/377]⎯[22m[39m

[41m[1m FAIL [22m[49m src/app/api/fulfillment/services/[id]/__tests__/route.test.ts[2m > [22mPATCH /api/fulfillment/services/[id][2m > [22mbusiness logic[2m > [22mshould return 404 when service does not exist
[31m[1mAssertionError[22m: expected 400 to be 404 // Object.is equality[39m

[32m- Expected[39m
[31m+ Received[39m

[32m- 404[39m
[31m+ 400[39m

[36m [2m❯[22m src/app/api/fulfillment/services/[id]/__tests__/route.test.ts:[2m622:31[22m[39m
    [90m620| [39m      }
    [90m621| [39m
    [90m622| [39m      [34mexpect[39m(response[33m.[39mstatus)[33m.[39m[34mtoBe[39m([34m404[39m)[33m;[39m
    [90m   | [39m                              [31m^[39m
    [90m623| [39m
    [90m624| [39m      [35mconst[39m data [33m=[39m [35mawait[39m response[33m.[39m[34mjson[39m()[33m;[39m

[31m[2m⎯⎯⎯⎯⎯⎯⎯⎯⎯⎯⎯⎯⎯⎯⎯⎯⎯⎯⎯⎯[280/377]⎯[22m[39m

[41m[1m FAIL [22m[49m src/app/api/fulfillment/services/[id]/__tests__/route.test.ts[2m > [22mPATCH /api/fulfillment/services/[id][2m > [22mbusiness logic[2m > [22mshould allow multiple field updates in single request
[31m[1mAssertionError[22m: expected 400 to be 200 // Object.is equality[39m

[32m- Expected[39m
[31m+ Received[39m

[32m- 200[39m
[31m+ 400[39m

[36m [2m❯[22m src/app/api/fulfillment/services/[id]/__tests__/route.test.ts:[2m692:31[22m[39m
    [90m690| [39m      }
    [90m691| [39m
    [90m692| [39m      [34mexpect[39m(response[33m.[39mstatus)[33m.[39m[34mtoBe[39m([34m200[39m)[33m;[39m
    [90m   | [39m                              [31m^[39m
    [90m693| [39m
    [90m694| [39m      [35mconst[39m data [33m=[39m [35mawait[39m response[33m.[39m[34mjson[39m()[33m;[39m

[31m[2m⎯⎯⎯⎯⎯⎯⎯⎯⎯⎯⎯⎯⎯⎯⎯⎯⎯⎯⎯⎯[281/377]⎯[22m[39m

[41m[1m FAIL [22m[49m src/app/api/fulfillment/services/[id]/__tests__/route.test.ts[2m > [22mPATCH /api/fulfillment/services/[id][2m > [22maudit context[2m > [22mshould pass IP address and user agent to service
[31m[1mAssertionError[22m: expected "vi.fn()" to be called with arguments: [ …(4) ][90m

Number of calls: [1m0[22m
[31m[39m
[36m [2m❯[22m src/app/api/fulfillment/services/[id]/__tests__/route.test.ts:[2m769:55[22m[39m
    [90m767| [39m      [35mawait[39m [33mPATCH[39m(request[33m,[39m params)[33m;[39m
    [90m768| [39m
    [90m769| [39m      expect(ServiceFulfillmentService.updateService).toHaveBeenCalled…
    [90m   | [39m                                                      [31m^[39m
    [90m770| [39m        [32m'c47ac10b-58cc-4372-a567-0e02b2c3d479'[39m[33m,[39m
    [90m771| [39m        { status[33m:[39m [32m'Processing'[39m }[33m,[39m

[31m[2m⎯⎯⎯⎯⎯⎯⎯⎯⎯⎯⎯⎯⎯⎯⎯⎯⎯⎯⎯⎯[282/377]⎯[22m[39m

[41m[1m FAIL [22m[49m src/app/api/fulfillment/services/[id]/__tests__/route.test.ts[2m > [22mPATCH /api/fulfillment/services/[id][2m > [22merror handling[2m > [22mshould return 500 when service throws an unexpected error
[31m[1mAssertionError[22m: expected 400 to be 500 // Object.is equality[39m

[32m- Expected[39m
[31m+ Received[39m

[32m- 500[39m
[31m+ 400[39m

[36m [2m❯[22m src/app/api/fulfillment/services/[id]/__tests__/route.test.ts:[2m809:31[22m[39m
    [90m807| [39m
    [90m808| [39m      [35mconst[39m response [33m=[39m [35mawait[39m [33mPATCH[39m(request[33m,[39m params)[33m;[39m
    [90m809| [39m      [34mexpect[39m(response[33m.[39mstatus)[33m.[39m[34mtoBe[39m([34m500[39m)[33m;[39m
    [90m   | [39m                              [31m^[39m
    [90m810| [39m
    [90m811| [39m      [35mconst[39m data [33m=[39m [35mawait[39m response[33m.[39m[34mjson[39m()[33m;[39m

[31m[2m⎯⎯⎯⎯⎯⎯⎯⎯⎯⎯⎯⎯⎯⎯⎯⎯⎯⎯⎯⎯[283/377]⎯[22m[39m

[41m[1m FAIL [22m[49m src/app/api/services/[id]/status/__tests__/route.test.ts[2m > [22mPUT /api/services/[id]/status[2m > [22mvalidation[2m > [22mshould return 400 when comment exceeds 1000 characters
[31m[1mAssertionError[22m: expected 'status: Invalid enum value. Expected …' to contain '1000 characters'[39m

Expected: [32m"1000 characters"[39m
Received: [31m"status: Invalid enum value. Expected 'draft' | 'pending' | 'submitted' | 'processing' | 'missing_info' | 'completed' | 'cancelled' | 'cancelled_dnb', received 'Processing'"[39m

[36m [2m❯[22m src/app/api/services/[id]/status/__tests__/route.test.ts:[2m210:26[22m[39m
    [90m208| [39m
    [90m209| [39m      [34mexpect[39m(response[33m.[39mstatus)[33m.[39m[34mtoBe[39m([34m400[39m)[33m;[39m
    [90m210| [39m      [34mexpect[39m(data[33m.[39merror)[33m.[39m[34mtoContain[39m([32m'1000 characters'[39m)[33m;[39m
    [90m   | [39m                         [31m^[39m
    [90m211| [39m    })[33m;[39m
    [90m212| [39m

[31m[2m⎯⎯⎯⎯⎯⎯⎯⎯⎯⎯⎯⎯⎯⎯⎯⎯⎯⎯⎯⎯[284/377]⎯[22m[39m

[41m[1m FAIL [22m[49m src/app/api/services/[id]/status/__tests__/route.test.ts[2m > [22mPUT /api/services/[id]/status[2m > [22mvalidation[2m > [22mshould return 404 when service does not exist
[31m[1mAssertionError[22m: expected 400 to be 404 // Object.is equality[39m

[32m- Expected[39m
[31m+ Received[39m

[32m- 404[39m
[31m+ 400[39m

[36m [2m❯[22m src/app/api/services/[id]/status/__tests__/route.test.ts:[2m226:31[22m[39m
    [90m224| [39m      [35mconst[39m data [33m=[39m [35mawait[39m response[33m.[39m[34mjson[39m()[33m;[39m
    [90m225| [39m
    [90m226| [39m      [34mexpect[39m(response[33m.[39mstatus)[33m.[39m[34mtoBe[39m([34m404[39m)[33m;[39m
    [90m   | [39m                              [31m^[39m
    [90m227| [39m      [34mexpect[39m(data[33m.[39merror)[33m.[39m[34mtoBe[39m([32m'Service not found'[39m)[33m;[39m
    [90m228| [39m    })[33m;[39m

[31m[2m⎯⎯⎯⎯⎯⎯⎯⎯⎯⎯⎯⎯⎯⎯⎯⎯⎯⎯⎯⎯[285/377]⎯[22m[39m

[41m[1m FAIL [22m[49m src/app/api/services/[id]/status/__tests__/route.test.ts[2m > [22mPUT /api/services/[id]/status[2m > [22morder locking[2m > [22mshould check lock status before allowing status change
[31m[1mAssertionError[22m: expected 400 to be 200 // Object.is equality[39m

[32m- Expected[39m
[31m+ Received[39m

[32m- 200[39m
[31m+ 400[39m

[36m [2m❯[22m src/app/api/services/[id]/status/__tests__/route.test.ts:[2m283:31[22m[39m
    [90m281| [39m      [35mconst[39m data [33m=[39m [35mawait[39m response[33m.[39m[34mjson[39m()[33m;[39m
    [90m282| [39m
    [90m283| [39m      [34mexpect[39m(response[33m.[39mstatus)[33m.[39m[34mtoBe[39m([34m200[39m)[33m;[39m
    [90m   | [39m                              [31m^[39m
    [90m284| [39m      expect(mockCheckLock).toHaveBeenCalledWith(mockOrderId, mockUser…
    [90m285| [39m    })[33m;[39m

[31m[2m⎯⎯⎯⎯⎯⎯⎯⎯⎯⎯⎯⎯⎯⎯⎯⎯⎯⎯⎯⎯[286/377]⎯[22m[39m

[41m[1m FAIL [22m[49m src/app/api/services/[id]/status/__tests__/route.test.ts[2m > [22mPUT /api/services/[id]/status[2m > [22morder locking[2m > [22mshould return 423 when order is locked by another user
[31m[1mAssertionError[22m: expected 400 to be 423 // Object.is equality[39m

[32m- Expected[39m
[31m+ Received[39m

[32m- 423[39m
[31m+ 400[39m

[36m [2m❯[22m src/app/api/services/[id]/status/__tests__/route.test.ts:[2m309:31[22m[39m
    [90m307| [39m      [35mconst[39m data [33m=[39m [35mawait[39m response[33m.[39m[34mjson[39m()[33m;[39m
    [90m308| [39m
    [90m309| [39m      [34mexpect[39m(response[33m.[39mstatus)[33m.[39m[34mtoBe[39m([34m423[39m)[33m;[39m
    [90m   | [39m                              [31m^[39m
    [90m310| [39m      [34mexpect[39m(data[33m.[39merror)[33m.[39m[34mtoContain[39m([32m'locked by another user'[39m)[33m;[39m
    [90m311| [39m      [34mexpect[39m(data[33m.[39mlockedBy)[33m.[39m[34mtoBe[39m([32m'other-user-id'[39m)[33m;[39m

[31m[2m⎯⎯⎯⎯⎯⎯⎯⎯⎯⎯⎯⎯⎯⎯⎯⎯⎯⎯⎯⎯[287/377]⎯[22m[39m

[41m[1m FAIL [22m[49m src/app/api/services/[id]/status/__tests__/route.test.ts[2m > [22mPUT /api/services/[id]/status[2m > [22morder locking[2m > [22mshould automatically acquire lock if not locked
[31m[1mAssertionError[22m: expected 400 to be 200 // Object.is equality[39m

[32m- Expected[39m
[31m+ Received[39m

[32m- 200[39m
[31m+ 400[39m

[36m [2m❯[22m src/app/api/services/[id]/status/__tests__/route.test.ts:[2m358:31[22m[39m
    [90m356| [39m      const response = await PUT(request, { params: { id: mockServiceI…
    [90m357| [39m
    [90m358| [39m      [34mexpect[39m(response[33m.[39mstatus)[33m.[39m[34mtoBe[39m([34m200[39m)[33m;[39m
    [90m   | [39m                              [31m^[39m
    [90m359| [39m      expect(mockAcquireLock).toHaveBeenCalledWith(mockOrderId, mockUs…
    [90m360| [39m    })[33m;[39m

[31m[2m⎯⎯⎯⎯⎯⎯⎯⎯⎯⎯⎯⎯⎯⎯⎯⎯⎯⎯⎯⎯[288/377]⎯[22m[39m

[41m[1m FAIL [22m[49m src/app/api/services/[id]/status/__tests__/route.test.ts[2m > [22mPUT /api/services/[id]/status[2m > [22mstatus change logic[2m > [22mshould update service status and create audit entry
[31m[1mAssertionError[22m: expected 400 to be 200 // Object.is equality[39m

[32m- Expected[39m
[31m+ Received[39m

[32m- 200[39m
[31m+ 400[39m

[36m [2m❯[22m src/app/api/services/[id]/status/__tests__/route.test.ts:[2m405:31[22m[39m
    [90m403| [39m      [35mconst[39m data [33m=[39m [35mawait[39m response[33m.[39m[34mjson[39m()[33m;[39m
    [90m404| [39m
    [90m405| [39m      [34mexpect[39m(response[33m.[39mstatus)[33m.[39m[34mtoBe[39m([34m200[39m)[33m;[39m
    [90m   | [39m                              [31m^[39m
    [90m406| [39m      [34mexpect[39m(data[33m.[39mservice[33m.[39mstatus)[33m.[39m[34mtoBe[39m([32m'Processing'[39m)[33m;[39m
    [90m407| [39m      [34mexpect[39m(data[33m.[39mauditEntry[33m.[39misStatusChange)[33m.[39m[34mtoBe[39m([35mtrue[39m)[33m;[39m

[31m[2m⎯⎯⎯⎯⎯⎯⎯⎯⎯⎯⎯⎯⎯⎯⎯⎯⎯⎯⎯⎯[289/377]⎯[22m[39m

[41m[1m FAIL [22m[49m src/app/api/services/[id]/status/__tests__/route.test.ts[2m > [22mPUT /api/services/[id]/status[2m > [22mstatus change logic[2m > [22mshould include optional comment with status change
[31m[1mAssertionError[22m: expected 400 to be 200 // Object.is equality[39m

[32m- Expected[39m
[31m+ Received[39m

[32m- 200[39m
[31m+ 400[39m

[36m [2m❯[22m src/app/api/services/[id]/status/__tests__/route.test.ts:[2m462:31[22m[39m
    [90m460| [39m      [35mconst[39m data [33m=[39m [35mawait[39m response[33m.[39m[34mjson[39m()[33m;[39m
    [90m461| [39m
    [90m462| [39m      [34mexpect[39m(response[33m.[39mstatus)[33m.[39m[34mtoBe[39m([34m200[39m)[33m;[39m
    [90m   | [39m                              [31m^[39m
    [90m463| [39m      expect(data.auditEntry.comment).toContain('Need driver license c…
    [90m464| [39m

[31m[2m⎯⎯⎯⎯⎯⎯⎯⎯⎯⎯⎯⎯⎯⎯⎯⎯⎯⎯⎯⎯[290/377]⎯[22m[39m

[41m[1m FAIL [22m[49m src/app/api/services/[id]/status/__tests__/route.test.ts[2m > [22mPUT /api/services/[id]/status[2m > [22mstatus change logic[2m > [22mshould require confirmation when changing from terminal status
[31m[1mAssertionError[22m: expected 400 to be 409 // Object.is equality[39m

[32m- Expected[39m
[31m+ Received[39m

[32m- 409[39m
[31m+ 400[39m

[36m [2m❯[22m src/app/api/services/[id]/status/__tests__/route.test.ts:[2m490:31[22m[39m
    [90m488| [39m      [35mconst[39m data [33m=[39m [35mawait[39m response[33m.[39m[34mjson[39m()[33m;[39m
    [90m489| [39m
    [90m490| [39m      [34mexpect[39m(response[33m.[39mstatus)[33m.[39m[34mtoBe[39m([34m409[39m)[33m;[39m
    [90m   | [39m                              [31m^[39m
    [90m491| [39m      [34mexpect[39m(data[33m.[39merror)[33m.[39m[34mtoContain[39m([32m'confirmation required'[39m)[33m;[39m
    [90m492| [39m      [34mexpect[39m(data[33m.[39mrequiresConfirmation)[33m.[39m[34mtoBe[39m([35mtrue[39m)[33m;[39m

[31m[2m⎯⎯⎯⎯⎯⎯⎯⎯⎯⎯⎯⎯⎯⎯⎯⎯⎯⎯⎯⎯[291/377]⎯[22m[39m

[41m[1m FAIL [22m[49m src/app/api/services/[id]/status/__tests__/route.test.ts[2m > [22mPUT /api/services/[id]/status[2m > [22mstatus change logic[2m > [22mshould allow reopening terminal status with confirmation
[31m[1mAssertionError[22m: expected 400 to be 200 // Object.is equality[39m

[32m- Expected[39m
[31m+ Received[39m

[32m- 200[39m
[31m+ 400[39m

[36m [2m❯[22m src/app/api/services/[id]/status/__tests__/route.test.ts:[2m530:31[22m[39m
    [90m528| [39m      [35mconst[39m data [33m=[39m [35mawait[39m response[33m.[39m[34mjson[39m()[33m;[39m
    [90m529| [39m
    [90m530| [39m      [34mexpect[39m(response[33m.[39mstatus)[33m.[39m[34mtoBe[39m([34m200[39m)[33m;[39m
    [90m   | [39m                              [31m^[39m
    [90m531| [39m      [34mexpect[39m(data[33m.[39mservice[33m.[39mstatus)[33m.[39m[34mtoBe[39m([32m'Processing'[39m)[33m;[39m
    [90m532| [39m      [34mexpect[39m(data[33m.[39mauditEntry[33m.[39mstatusChangedFrom)[33m.[39m[34mtoBe[39m([32m'Completed'[39m)[33m;[39m

[31m[2m⎯⎯⎯⎯⎯⎯⎯⎯⎯⎯⎯⎯⎯⎯⎯⎯⎯⎯⎯⎯[292/377]⎯[22m[39m

[41m[1m FAIL [22m[49m src/app/api/services/[id]/status/__tests__/route.test.ts[2m > [22mPUT /api/services/[id]/status[2m > [22mstatus change logic[2m > [22mshould handle all terminal statuses (Cancelled, Cancelled-DNB)
[31m[1mAssertionError[22m: expected 400 to be 409 // Object.is equality[39m

[32m- Expected[39m
[31m+ Received[39m

[32m- 409[39m
[31m+ 400[39m

[36m [2m❯[22m src/app/api/services/[id]/status/__tests__/route.test.ts:[2m554:31[22m[39m
    [90m552| [39m      [35mconst[39m data [33m=[39m [35mawait[39m response[33m.[39m[34mjson[39m()[33m;[39m
    [90m553| [39m
    [90m554| [39m      [34mexpect[39m(response[33m.[39mstatus)[33m.[39m[34mtoBe[39m([34m409[39m)[33m;[39m
    [90m   | [39m                              [31m^[39m
    [90m555| [39m      [34mexpect[39m(data[33m.[39mrequiresConfirmation)[33m.[39m[34mtoBe[39m([35mtrue[39m)[33m;[39m
    [90m556| [39m      [34mexpect[39m(data[33m.[39mcurrentStatus)[33m.[39m[34mtoBe[39m([32m'Cancelled-DNB'[39m)[33m;[39m

[31m[2m⎯⎯⎯⎯⎯⎯⎯⎯⎯⎯⎯⎯⎯⎯⎯⎯⎯⎯⎯⎯[293/377]⎯[22m[39m

[41m[1m FAIL [22m[49m src/app/api/services/[id]/status/__tests__/route.test.ts[2m > [22mPUT /api/services/[id]/status[2m > [22msuccess response format[2m > [22mshould return updated service with audit entry
[31m[1mAssertionError[22m: expected 400 to be 200 // Object.is equality[39m

[32m- Expected[39m
[31m+ Received[39m

[32m- 200[39m
[31m+ 400[39m

[36m [2m❯[22m src/app/api/services/[id]/status/__tests__/route.test.ts:[2m609:31[22m[39m
    [90m607| [39m      [35mconst[39m data [33m=[39m [35mawait[39m response[33m.[39m[34mjson[39m()[33m;[39m
    [90m608| [39m
    [90m609| [39m      [34mexpect[39m(response[33m.[39mstatus)[33m.[39m[34mtoBe[39m([34m200[39m)[33m;[39m
    [90m   | [39m                              [31m^[39m
    [90m610| [39m      [34mexpect[39m(data)[33m.[39m[34mtoHaveProperty[39m([32m'service'[39m)[33m;[39m
    [90m611| [39m      [34mexpect[39m(data)[33m.[39m[34mtoHaveProperty[39m([32m'auditEntry'[39m)[33m;[39m

[31m[2m⎯⎯⎯⎯⎯⎯⎯⎯⎯⎯⎯⎯⎯⎯⎯⎯⎯⎯⎯⎯[294/377]⎯[22m[39m

[41m[1m FAIL [22m[49m src/app/api/services/[id]/status/__tests__/route.test.ts[2m > [22mPUT /api/services/[id]/status[2m > [22merror handling[2m > [22mshould handle database transaction errors
[31m[1mAssertionError[22m: expected 400 to be 500 // Object.is equality[39m

[32m- Expected[39m
[31m+ Received[39m

[32m- 500[39m
[31m+ 400[39m

[36m [2m❯[22m src/app/api/services/[id]/status/__tests__/route.test.ts:[2m639:31[22m[39m
    [90m637| [39m      [35mconst[39m data [33m=[39m [35mawait[39m response[33m.[39m[34mjson[39m()[33m;[39m
    [90m638| [39m
    [90m639| [39m      [34mexpect[39m(response[33m.[39mstatus)[33m.[39m[34mtoBe[39m([34m500[39m)[33m;[39m
    [90m   | [39m                              [31m^[39m
    [90m640| [39m      [34mexpect[39m(data[33m.[39merror)[33m.[39m[34mtoBe[39m([32m'Failed to update service status'[39m)[33m;[39m
    [90m641| [39m    })[33m;[39m

[31m[2m⎯⎯⎯⎯⎯⎯⎯⎯⎯⎯⎯⎯⎯⎯⎯⎯⎯⎯⎯⎯[295/377]⎯[22m[39m

[41m[1m FAIL [22m[49m src/app/api/services/[id]/status/__tests__/route.test.ts[2m > [22mPUT /api/services/[id]/status[2m > [22merror handling[2m > [22mshould handle lock acquisition failure
[31m[1mAssertionError[22m: expected 400 to be 423 // Object.is equality[39m

[32m- Expected[39m
[31m+ Received[39m

[32m- 423[39m
[31m+ 400[39m

[36m [2m❯[22m src/app/api/services/[id]/status/__tests__/route.test.ts:[2m660:31[22m[39m
    [90m658| [39m      [35mconst[39m data [33m=[39m [35mawait[39m response[33m.[39m[34mjson[39m()[33m;[39m
    [90m659| [39m
    [90m660| [39m      [34mexpect[39m(response[33m.[39mstatus)[33m.[39m[34mtoBe[39m([34m423[39m)[33m;[39m
    [90m   | [39m                              [31m^[39m
    [90m661| [39m      [34mexpect[39m(data[33m.[39merror)[33m.[39m[34mtoContain[39m([32m'Failed to acquire lock'[39m)[33m;[39m
    [90m662| [39m    })[33m;[39m

[31m[2m⎯⎯⎯⎯⎯⎯⎯⎯⎯⎯⎯⎯⎯⎯⎯⎯⎯⎯⎯⎯[296/377]⎯[22m[39m

[41m[1m FAIL [22m[49m src/app/api/services/[id]/comments/__tests__/route-full-editing.test.ts[2m > [22mPOST /api/services/[id]/comments - Full Text Editing[2m > [22mvalidation with brackets allowed[2m > [22mshould accept text with opening brackets only
[31m[1mAssertionError[22m: expected 403 to be 201 // Object.is equality[39m

[32m- Expected[39m
[31m+ Received[39m

[32m- 201[39m
[31m+ 403[39m

[36m [2m❯[22m src/app/api/services/[id]/comments/__tests__/route-full-editing.test.ts:[2m163:31[22m[39m
    [90m161| [39m      }
    [90m162| [39m
    [90m163| [39m      [34mexpect[39m(response[33m.[39mstatus)[33m.[39m[34mtoBe[39m([34m201[39m)[33m;[39m
    [90m   | [39m                              [31m^[39m
    [90m164| [39m      [35mconst[39m data [33m=[39m [35mawait[39m response[33m.[39m[34mjson[39m()[33m;[39m
    [90m165| [39m      [34mexpect[39m(data[33m.[39mfinalText)[33m.[39m[34mtoBe[39m([32m'Text with [ bracket'[39m)[33m;[39m

[31m[2m⎯⎯⎯⎯⎯⎯⎯⎯⎯⎯⎯⎯⎯⎯⎯⎯⎯⎯⎯⎯[297/377]⎯[22m[39m

[41m[1m FAIL [22m[49m src/app/api/services/[id]/comments/__tests__/route-full-editing.test.ts[2m > [22mPOST /api/services/[id]/comments - Full Text Editing[2m > [22mvalidation with brackets allowed[2m > [22mshould accept text with closing brackets only
[31m[1mAssertionError[22m: expected 403 to be 201 // Object.is equality[39m

[32m- Expected[39m
[31m+ Received[39m

[32m- 201[39m
[31m+ 403[39m

[36m [2m❯[22m src/app/api/services/[id]/comments/__tests__/route-full-editing.test.ts:[2m194:31[22m[39m
    [90m192| [39m      const response = await POST(request, { params: { id: mockService…
    [90m193| [39m
    [90m194| [39m      [34mexpect[39m(response[33m.[39mstatus)[33m.[39m[34mtoBe[39m([34m201[39m)[33m;[39m
    [90m   | [39m                              [31m^[39m
    [90m195| [39m      [35mconst[39m data [33m=[39m [35mawait[39m response[33m.[39m[34mjson[39m()[33m;[39m
    [90m196| [39m      [34mexpect[39m(data[33m.[39mfinalText)[33m.[39m[34mtoBe[39m([32m'Text with ] bracket'[39m)[33m;[39m

[31m[2m⎯⎯⎯⎯⎯⎯⎯⎯⎯⎯⎯⎯⎯⎯⎯⎯⎯⎯⎯⎯[298/377]⎯[22m[39m

[41m[1m FAIL [22m[49m src/app/api/services/[id]/comments/__tests__/route-full-editing.test.ts[2m > [22mPOST /api/services/[id]/comments - Full Text Editing[2m > [22mvalidation with brackets allowed[2m > [22mshould accept text with placeholder-like brackets
[31m[1mAssertionError[22m: expected 403 to be 201 // Object.is equality[39m

[32m- Expected[39m
[31m+ Received[39m

[32m- 201[39m
[31m+ 403[39m

[36m [2m❯[22m src/app/api/services/[id]/comments/__tests__/route-full-editing.test.ts:[2m221:31[22m[39m
    [90m219| [39m      const response = await POST(request, { params: { id: mockService…
    [90m220| [39m
    [90m221| [39m      [34mexpect[39m(response[33m.[39mstatus)[33m.[39m[34mtoBe[39m([34m201[39m)[33m;[39m
    [90m   | [39m                              [31m^[39m
    [90m222| [39m      [35mconst[39m data [33m=[39m [35mawait[39m response[33m.[39m[34mjson[39m()[33m;[39m
    [90m223| [39m      expect(data.finalText).toBe('Please provide [document type] by […

[31m[2m⎯⎯⎯⎯⎯⎯⎯⎯⎯⎯⎯⎯⎯⎯⎯⎯⎯⎯⎯⎯[299/377]⎯[22m[39m

[41m[1m FAIL [22m[49m src/app/api/services/[id]/comments/__tests__/route-full-editing.test.ts[2m > [22mPOST /api/services/[id]/comments - Full Text Editing[2m > [22mvalidation with brackets allowed[2m > [22mshould accept text completely different from template
[31m[1mAssertionError[22m: expected 403 to be 201 // Object.is equality[39m

[32m- Expected[39m
[31m+ Received[39m

[32m- 201[39m
[31m+ 403[39m

[36m [2m❯[22m src/app/api/services/[id]/comments/__tests__/route-full-editing.test.ts:[2m248:31[22m[39m
    [90m246| [39m      const response = await POST(request, { params: { id: mockService…
    [90m247| [39m
    [90m248| [39m      [34mexpect[39m(response[33m.[39mstatus)[33m.[39m[34mtoBe[39m([34m201[39m)[33m;[39m
    [90m   | [39m                              [31m^[39m
    [90m249| [39m      [35mconst[39m data [33m=[39m [35mawait[39m response[33m.[39m[34mjson[39m()[33m;[39m
    [90m250| [39m      expect(data.finalText).toBe('Completely different text from the …

[31m[2m⎯⎯⎯⎯⎯⎯⎯⎯⎯⎯⎯⎯⎯⎯⎯⎯⎯⎯⎯⎯[300/377]⎯[22m[39m

[41m[1m FAIL [22m[49m src/app/api/services/[id]/comments/__tests__/route-full-editing.test.ts[2m > [22mPOST /api/services/[id]/comments - Full Text Editing[2m > [22mvalidation with brackets allowed[2m > [22mshould accept text with nested and complex brackets
[31m[1mAssertionError[22m: expected 403 to be 201 // Object.is equality[39m

[32m- Expected[39m
[31m+ Received[39m

[32m- 201[39m
[31m+ 403[39m

[36m [2m❯[22m src/app/api/services/[id]/comments/__tests__/route-full-editing.test.ts:[2m270:31[22m[39m
    [90m268| [39m      const response = await POST(request, { params: { id: mockService…
    [90m269| [39m
    [90m270| [39m      [34mexpect[39m(response[33m.[39mstatus)[33m.[39m[34mtoBe[39m([34m201[39m)[33m;[39m
    [90m   | [39m                              [31m^[39m
    [90m271| [39m      [35mconst[39m data [33m=[39m [35mawait[39m response[33m.[39m[34mjson[39m()[33m;[39m
    [90m272| [39m      expect(data.finalText).toBe('Text with [[nested]] and [multiple]…

[31m[2m⎯⎯⎯⎯⎯⎯⎯⎯⎯⎯⎯⎯⎯⎯⎯⎯⎯⎯⎯⎯[301/377]⎯[22m[39m

[41m[1m FAIL [22m[49m src/app/api/services/[id]/comments/__tests__/route-full-editing.test.ts[2m > [22mPOST /api/services/[id]/comments - Full Text Editing[2m > [22mvalidation with brackets allowed[2m > [22mshould accept exactly 1000 characters with brackets
[31m[1mAssertionError[22m: expected 403 to be 201 // Object.is equality[39m

[32m- Expected[39m
[31m+ Received[39m

[32m- 201[39m
[31m+ 403[39m

[36m [2m❯[22m src/app/api/services/[id]/comments/__tests__/route-full-editing.test.ts:[2m294:31[22m[39m
    [90m292| [39m      const response = await POST(request, { params: { id: mockService…
    [90m293| [39m
    [90m294| [39m      [34mexpect[39m(response[33m.[39mstatus)[33m.[39m[34mtoBe[39m([34m201[39m)[33m;[39m
    [90m   | [39m                              [31m^[39m
    [90m295| [39m      [35mconst[39m data [33m=[39m [35mawait[39m response[33m.[39m[34mjson[39m()[33m;[39m
    [90m296| [39m      [34mexpect[39m(data[33m.[39mfinalText[33m.[39mlength)[33m.[39m[34mtoBe[39m([34m1000[39m)[33m;[39m

[31m[2m⎯⎯⎯⎯⎯⎯⎯⎯⎯⎯⎯⎯⎯⎯⎯⎯⎯⎯⎯⎯[302/377]⎯[22m[39m

[41m[1m FAIL [22m[49m src/app/api/services/[id]/comments/__tests__/route-full-editing.test.ts[2m > [22mPOST /api/services/[id]/comments - Full Text Editing[2m > [22mvalidation failures[2m > [22mshould return 400 when templateId is missing
[31m[1mAssertionError[22m: expected 403 to be 400 // Object.is equality[39m

[32m- Expected[39m
[31m+ Received[39m

[32m- 400[39m
[31m+ 403[39m

[36m [2m❯[22m src/app/api/services/[id]/comments/__tests__/route-full-editing.test.ts:[2m318:31[22m[39m
    [90m316| [39m      const response = await POST(request, { params: { id: mockService…
    [90m317| [39m
    [90m318| [39m      [34mexpect[39m(response[33m.[39mstatus)[33m.[39m[34mtoBe[39m([34m400[39m)[33m;[39m
    [90m   | [39m                              [31m^[39m
    [90m319| [39m      [35mconst[39m data [33m=[39m [35mawait[39m response[33m.[39m[34mjson[39m()[33m;[39m
    [90m320| [39m      [34mexpect[39m(data[33m.[39merror)[33m.[39m[34mtoContain[39m([32m'templateId'[39m)[33m;[39m

[31m[2m⎯⎯⎯⎯⎯⎯⎯⎯⎯⎯⎯⎯⎯⎯⎯⎯⎯⎯⎯⎯[303/377]⎯[22m[39m

[41m[1m FAIL [22m[49m src/app/api/services/[id]/comments/__tests__/route-full-editing.test.ts[2m > [22mPOST /api/services/[id]/comments - Full Text Editing[2m > [22mvalidation failures[2m > [22mshould return 400 when finalText is missing
[31m[1mAssertionError[22m: expected 403 to be 400 // Object.is equality[39m

[32m- Expected[39m
[31m+ Received[39m

[32m- 400[39m
[31m+ 403[39m

[36m [2m❯[22m src/app/api/services/[id]/comments/__tests__/route-full-editing.test.ts:[2m334:31[22m[39m
    [90m332| [39m      const response = await POST(request, { params: { id: mockService…
    [90m333| [39m
    [90m334| [39m      [34mexpect[39m(response[33m.[39mstatus)[33m.[39m[34mtoBe[39m([34m400[39m)[33m;[39m
    [90m   | [39m                              [31m^[39m
    [90m335| [39m      [35mconst[39m data [33m=[39m [35mawait[39m response[33m.[39m[34mjson[39m()[33m;[39m
    [90m336| [39m      [34mexpect[39m(data[33m.[39merror)[33m.[39m[34mtoContain[39m([32m'finalText'[39m)[33m;[39m

[31m[2m⎯⎯⎯⎯⎯⎯⎯⎯⎯⎯⎯⎯⎯⎯⎯⎯⎯⎯⎯⎯[304/377]⎯[22m[39m

[41m[1m FAIL [22m[49m src/app/api/services/[id]/comments/__tests__/route-full-editing.test.ts[2m > [22mPOST /api/services/[id]/comments - Full Text Editing[2m > [22mvalidation failures[2m > [22mshould return 400 when finalText is empty
[31m[1mAssertionError[22m: expected 403 to be 400 // Object.is equality[39m

[32m- Expected[39m
[31m+ Received[39m

[32m- 400[39m
[31m+ 403[39m

[36m [2m❯[22m src/app/api/services/[id]/comments/__tests__/route-full-editing.test.ts:[2m351:31[22m[39m
    [90m349| [39m      const response = await POST(request, { params: { id: mockService…
    [90m350| [39m
    [90m351| [39m      [34mexpect[39m(response[33m.[39mstatus)[33m.[39m[34mtoBe[39m([34m400[39m)[33m;[39m
    [90m   | [39m                              [31m^[39m
    [90m352| [39m      [35mconst[39m data [33m=[39m [35mawait[39m response[33m.[39m[34mjson[39m()[33m;[39m
    [90m353| [39m      [34mexpect[39m(data[33m.[39merror)[33m.[39m[34mtoContain[39m([32m'at least 1 character'[39m)[33m;[39m

[31m[2m⎯⎯⎯⎯⎯⎯⎯⎯⎯⎯⎯⎯⎯⎯⎯⎯⎯⎯⎯⎯[305/377]⎯[22m[39m

[41m[1m FAIL [22m[49m src/app/api/services/[id]/comments/__tests__/route-full-editing.test.ts[2m > [22mPOST /api/services/[id]/comments - Full Text Editing[2m > [22mvalidation failures[2m > [22mshould return 400 when finalText is only whitespace
[31m[1mAssertionError[22m: expected 403 to be 400 // Object.is equality[39m

[32m- Expected[39m
[31m+ Received[39m

[32m- 400[39m
[31m+ 403[39m

[36m [2m❯[22m src/app/api/services/[id]/comments/__tests__/route-full-editing.test.ts:[2m368:31[22m[39m
    [90m366| [39m      const response = await POST(request, { params: { id: mockService…
    [90m367| [39m
    [90m368| [39m      [34mexpect[39m(response[33m.[39mstatus)[33m.[39m[34mtoBe[39m([34m400[39m)[33m;[39m
    [90m   | [39m                              [31m^[39m
    [90m369| [39m      [35mconst[39m data [33m=[39m [35mawait[39m response[33m.[39m[34mjson[39m()[33m;[39m
    [90m370| [39m      [34mexpect[39m(data[33m.[39merror)[33m.[39m[34mtoBe[39m([32m'Comment text cannot be empty'[39m)[33m;[39m

[31m[2m⎯⎯⎯⎯⎯⎯⎯⎯⎯⎯⎯⎯⎯⎯⎯⎯⎯⎯⎯⎯[306/377]⎯[22m[39m

[41m[1m FAIL [22m[49m src/app/api/services/[id]/comments/__tests__/route-full-editing.test.ts[2m > [22mPOST /api/services/[id]/comments - Full Text Editing[2m > [22mvalidation failures[2m > [22mshould return 400 when finalText exceeds 1000 characters
[31m[1mAssertionError[22m: expected 403 to be 400 // Object.is equality[39m

[32m- Expected[39m
[31m+ Received[39m

[32m- 400[39m
[31m+ 403[39m

[36m [2m❯[22m src/app/api/services/[id]/comments/__tests__/route-full-editing.test.ts:[2m386:31[22m[39m
    [90m384| [39m      const response = await POST(request, { params: { id: mockService…
    [90m385| [39m
    [90m386| [39m      [34mexpect[39m(response[33m.[39mstatus)[33m.[39m[34mtoBe[39m([34m400[39m)[33m;[39m
    [90m   | [39m                              [31m^[39m
    [90m387| [39m      [35mconst[39m data [33m=[39m [35mawait[39m response[33m.[39m[34mjson[39m()[33m;[39m
    [90m388| [39m      expect(data.error).toBe('Comment text cannot exceed 1000 charact…

[31m[2m⎯⎯⎯⎯⎯⎯⎯⎯⎯⎯⎯⎯⎯⎯⎯⎯⎯⎯⎯⎯[307/377]⎯[22m[39m

[41m[1m FAIL [22m[49m src/app/api/services/[id]/comments/__tests__/route-full-editing.test.ts[2m > [22mPOST /api/services/[id]/comments - Full Text Editing[2m > [22mvalidation failures[2m > [22mshould default isInternalOnly to true when not provided
[31m[1mAssertionError[22m: expected 403 to be 201 // Object.is equality[39m

[32m- Expected[39m
[31m+ Received[39m

[32m- 201[39m
[31m+ 403[39m

[36m [2m❯[22m src/app/api/services/[id]/comments/__tests__/route-full-editing.test.ts:[2m409:31[22m[39m
    [90m407| [39m      const response = await POST(request, { params: { id: mockService…
    [90m408| [39m
    [90m409| [39m      [34mexpect[39m(response[33m.[39mstatus)[33m.[39m[34mtoBe[39m([34m201[39m)[33m;[39m
    [90m   | [39m                              [31m^[39m
    [90m410| [39m      [35mconst[39m data [33m=[39m [35mawait[39m response[33m.[39m[34mjson[39m()[33m;[39m
    [90m411| [39m      [34mexpect[39m(data[33m.[39misInternalOnly)[33m.[39m[34mtoBe[39m([35mtrue[39m)[33m;[39m

[31m[2m⎯⎯⎯⎯⎯⎯⎯⎯⎯⎯⎯⎯⎯⎯⎯⎯⎯⎯⎯⎯[308/377]⎯[22m[39m

[41m[1m FAIL [22m[49m src/app/api/services/[id]/comments/__tests__/route-full-editing.test.ts[2m > [22mPOST /api/services/[id]/comments - Full Text Editing[2m > [22mbusiness logic[2m > [22mshould return 404 when template does not exist
[31m[1mAssertionError[22m: expected 403 to be 500 // Object.is equality[39m

[32m- Expected[39m
[31m+ Received[39m

[32m- 500[39m
[31m+ 403[39m

[36m [2m❯[22m src/app/api/services/[id]/comments/__tests__/route-full-editing.test.ts:[2m437:31[22m[39m
    [90m435| [39m      const response = await POST(request, { params: { id: mockService…
    [90m436| [39m
    [90m437| [39m      expect(response.status).toBe(500); // Internal server error for …
    [90m   | [39m                              [31m^[39m
    [90m438| [39m      [35mconst[39m data [33m=[39m [35mawait[39m response[33m.[39m[34mjson[39m()[33m;[39m
    [90m439| [39m      [34mexpect[39m(data[33m.[39merror)[33m.[39m[34mtoContain[39m([32m'error'[39m)[33m;[39m

[31m[2m⎯⎯⎯⎯⎯⎯⎯⎯⎯⎯⎯⎯⎯⎯⎯⎯⎯⎯⎯⎯[309/377]⎯[22m[39m

[41m[1m FAIL [22m[49m src/app/api/services/[id]/comments/__tests__/route-full-editing.test.ts[2m > [22mPOST /api/services/[id]/comments - Full Text Editing[2m > [22mbusiness logic[2m > [22mshould handle database errors gracefully
[31m[1mAssertionError[22m: expected 403 to be 500 // Object.is equality[39m

[32m- Expected[39m
[31m+ Received[39m

[32m- 500[39m
[31m+ 403[39m

[36m [2m❯[22m src/app/api/services/[id]/comments/__tests__/route-full-editing.test.ts:[2m458:31[22m[39m
    [90m456| [39m      const response = await POST(request, { params: { id: mockService…
    [90m457| [39m
    [90m458| [39m      [34mexpect[39m(response[33m.[39mstatus)[33m.[39m[34mtoBe[39m([34m500[39m)[33m;[39m
    [90m   | [39m                              [31m^[39m
    [90m459| [39m      [35mconst[39m data [33m=[39m [35mawait[39m response[33m.[39m[34mjson[39m()[33m;[39m
    [90m460| [39m      [34mexpect[39m(data[33m.[39merror)[33m.[39m[34mtoContain[39m([32m'error'[39m)[33m;[39m

[31m[2m⎯⎯⎯⎯⎯⎯⎯⎯⎯⎯⎯⎯⎯⎯⎯⎯⎯⎯⎯⎯[310/377]⎯[22m[39m

[41m[1m FAIL [22m[49m src/app/api/services/[id]/comments/__tests__/route-full-editing.test.ts[2m > [22mPOST /api/services/[id]/comments - Full Text Editing[2m > [22mbusiness logic[2m > [22mshould track template ID even when text is completely different
[31m[1mAssertionError[22m: expected 403 to be 201 // Object.is equality[39m

[32m- Expected[39m
[31m+ Received[39m

[32m- 201[39m
[31m+ 403[39m

[36m [2m❯[22m src/app/api/services/[id]/comments/__tests__/route-full-editing.test.ts:[2m479:31[22m[39m
    [90m477| [39m      const response = await POST(request, { params: { id: mockService…
    [90m478| [39m
    [90m479| [39m      [34mexpect[39m(response[33m.[39mstatus)[33m.[39m[34mtoBe[39m([34m201[39m)[33m;[39m
    [90m   | [39m                              [31m^[39m
    [90m480| [39m      [35mconst[39m data [33m=[39m [35mawait[39m response[33m.[39m[34mjson[39m()[33m;[39m
    [90m481| [39m      [34mexpect[39m(data[33m.[39mtemplateId)[33m.[39m[34mtoBe[39m(commentData[33m.[39mtemplateId)[33m;[39m

[31m[2m⎯⎯⎯⎯⎯⎯⎯⎯⎯⎯⎯⎯⎯⎯⎯⎯⎯⎯⎯⎯[311/377]⎯[22m[39m

[41m[1m FAIL [22m[49m src/app/api/services/[id]/comments/__tests__/route-null-serviceId-bug.test.ts[2m > [22mService Comments API - null serviceId bug[2m > [22mBug scenario: Receiving null as serviceId[2m > [22mshould return 400 when serviceId is literally "null" string
[31m[1mAssertionError[22m: expected 500 to be 400 // Object.is equality[39m

[32m- Expected[39m
[31m+ Received[39m

[32m- 400[39m
[31m+ 500[39m

[36m [2m❯[22m src/app/api/services/[id]/comments/__tests__/route-null-serviceId-bug.test.ts:[2m71:31[22m[39m
    [90m 69| [39m      [35mconst[39m data [33m=[39m [35mawait[39m response[33m.[39m[34mjson[39m()[33m;[39m
    [90m 70| [39m
    [90m 71| [39m      [34mexpect[39m(response[33m.[39mstatus)[33m.[39m[34mtoBe[39m([34m400[39m)[33m;[39m
    [90m   | [39m                              [31m^[39m
    [90m 72| [39m      [34mexpect[39m(data[33m.[39merror)[33m.[39m[34mtoContain[39m([32m'Invalid service ID'[39m)[33m;[39m
    [90m 73| [39m    })[33m;[39m

[31m[2m⎯⎯⎯⎯⎯⎯⎯⎯⎯⎯⎯⎯⎯⎯⎯⎯⎯⎯⎯⎯[312/377]⎯[22m[39m

[41m[1m FAIL [22m[49m src/app/api/services/[id]/comments/__tests__/route-null-serviceId-bug.test.ts[2m > [22mService Comments API - null serviceId bug[2m > [22mBug scenario: Receiving null as serviceId[2m > [22mshould return 400 for undefined serviceId
[31m[1mAssertionError[22m: expected 500 to be 400 // Object.is equality[39m

[32m- Expected[39m
[31m+ Received[39m

[32m- 400[39m
[31m+ 500[39m

[36m [2m❯[22m src/app/api/services/[id]/comments/__tests__/route-null-serviceId-bug.test.ts:[2m90:31[22m[39m
    [90m 88| [39m      [35mconst[39m data [33m=[39m [35mawait[39m response[33m.[39m[34mjson[39m()[33m;[39m
    [90m 89| [39m
    [90m 90| [39m      [34mexpect[39m(response[33m.[39mstatus)[33m.[39m[34mtoBe[39m([34m400[39m)[33m;[39m
    [90m   | [39m                              [31m^[39m
    [90m 91| [39m      [34mexpect[39m(data[33m.[39merror)[33m.[39m[34mtoContain[39m([32m'Invalid service ID'[39m)[33m;[39m
    [90m 92| [39m    })[33m;[39m

[31m[2m⎯⎯⎯⎯⎯⎯⎯⎯⎯⎯⎯⎯⎯⎯⎯⎯⎯⎯⎯⎯[313/377]⎯[22m[39m

[41m[1m FAIL [22m[49m src/app/api/services/[id]/comments/__tests__/route-null-serviceId-bug.test.ts[2m > [22mService Comments API - null serviceId bug[2m > [22mBug scenario: Receiving null as serviceId[2m > [22mshould return 400 for empty serviceId
[31m[1mAssertionError[22m: expected 500 to be 400 // Object.is equality[39m

[32m- Expected[39m
[31m+ Received[39m

[32m- 400[39m
[31m+ 500[39m

[36m [2m❯[22m src/app/api/services/[id]/comments/__tests__/route-null-serviceId-bug.test.ts:[2m109:31[22m[39m
    [90m107| [39m      [35mconst[39m data [33m=[39m [35mawait[39m response[33m.[39m[34mjson[39m()[33m;[39m
    [90m108| [39m
    [90m109| [39m      [34mexpect[39m(response[33m.[39mstatus)[33m.[39m[34mtoBe[39m([34m400[39m)[33m;[39m
    [90m   | [39m                              [31m^[39m
    [90m110| [39m      [34mexpect[39m(data[33m.[39merror)[33m.[39m[34mtoContain[39m([32m'Service ID is required'[39m)[33m;[39m
    [90m111| [39m    })[33m;[39m

[31m[2m⎯⎯⎯⎯⎯⎯⎯⎯⎯⎯⎯⎯⎯⎯⎯⎯⎯⎯⎯⎯[314/377]⎯[22m[39m

[41m[1m FAIL [22m[49m src/app/api/services/[id]/comments/__tests__/route-null-serviceId-bug.test.ts[2m > [22mService Comments API - null serviceId bug[2m > [22mCorrect behavior with valid serviceId[2m > [22mshould create comment with valid serviceId
[31m[1mAssertionError[22m: expected 500 to be 201 // Object.is equality[39m

[32m- Expected[39m
[31m+ Received[39m

[32m- 201[39m
[31m+ 500[39m

[36m [2m❯[22m src/app/api/services/[id]/comments/__tests__/route-null-serviceId-bug.test.ts:[2m159:31[22m[39m
    [90m157| [39m      [35mconst[39m data [33m=[39m [35mawait[39m response[33m.[39m[34mjson[39m()[33m;[39m
    [90m158| [39m
    [90m159| [39m      [34mexpect[39m(response[33m.[39mstatus)[33m.[39m[34mtoBe[39m([34m201[39m)[33m;[39m
    [90m   | [39m                              [31m^[39m
    [90m160| [39m      [34mexpect[39m(data[33m.[39mcomment)[33m.[39m[34mtoMatchObject[39m({
    [90m161| [39m        id[33m:[39m [32m'comment-456'[39m[33m,[39m

[31m[2m⎯⎯⎯⎯⎯⎯⎯⎯⎯⎯⎯⎯⎯⎯⎯⎯⎯⎯⎯⎯[315/377]⎯[22m[39m

[41m[1m FAIL [22m[49m src/app/api/services/[id]/comments/__tests__/route-null-serviceId-bug.test.ts[2m > [22mService Comments API - null serviceId bug[2m > [22mCorrect behavior with valid serviceId[2m > [22mshould update comment with valid serviceId
[31m[1mTypeError[22m: __vi_import_1__.PUT is not a function[39m
[36m [2m❯[22m src/app/api/services/[id]/comments/__tests__/route-null-serviceId-bug.test.ts:[2m206:30[22m[39m
    [90m204| [39m      )[33m;[39m
    [90m205| [39m
    [90m206| [39m      [35mconst[39m response [33m=[39m [35mawait[39m [33mPUT[39m(request[33m,[39m {
    [90m   | [39m                             [31m^[39m
    [90m207| [39m        params[33m:[39m {
    [90m208| [39m          id[33m:[39m validServiceId[33m,[39m

[31m[2m⎯⎯⎯⎯⎯⎯⎯⎯⎯⎯⎯⎯⎯⎯⎯⎯⎯⎯⎯⎯[316/377]⎯[22m[39m

[41m[1m FAIL [22m[49m src/app/api/services/[id]/comments/__tests__/route-null-serviceId-bug.test.ts[2m > [22mService Comments API - null serviceId bug[2m > [22mCorrect behavior with valid serviceId[2m > [22mshould delete comment with valid serviceId
[31m[1mTypeError[22m: __vi_import_1__.DELETE is not a function[39m
[36m [2m❯[22m src/app/api/services/[id]/comments/__tests__/route-null-serviceId-bug.test.ts:[2m249:30[22m[39m
    [90m247| [39m      )[33m;[39m
    [90m248| [39m
    [90m249| [39m      [35mconst[39m response [33m=[39m [35mawait[39m [33mDELETE[39m(request[33m,[39m {
    [90m   | [39m                             [31m^[39m
    [90m250| [39m        params[33m:[39m {
    [90m251| [39m          id[33m:[39m validServiceId[33m,[39m

[31m[2m⎯⎯⎯⎯⎯⎯⎯⎯⎯⎯⎯⎯⎯⎯⎯⎯⎯⎯⎯⎯[317/377]⎯[22m[39m

[41m[1m FAIL [22m[49m src/app/api/services/[id]/comments/__tests__/route-null-serviceId-bug.test.ts[2m > [22mService Comments API - null serviceId bug[2m > [22mSecurity: Preventing cross-service comment manipulation[2m > [22mshould not allow updating comment from different service
[31m[1mTypeError[22m: __vi_import_1__.PUT is not a function[39m
[36m [2m❯[22m src/app/api/services/[id]/comments/__tests__/route-null-serviceId-bug.test.ts:[2m296:30[22m[39m
    [90m294| [39m      )[33m;[39m
    [90m295| [39m
    [90m296| [39m      [35mconst[39m response [33m=[39m [35mawait[39m [33mPUT[39m(request[33m,[39m {
    [90m   | [39m                             [31m^[39m
    [90m297| [39m        params[33m:[39m {
    [90m298| [39m          id[33m:[39m serviceId2[33m,[39m

[31m[2m⎯⎯⎯⎯⎯⎯⎯⎯⎯⎯⎯⎯⎯⎯⎯⎯⎯⎯⎯⎯[318/377]⎯[22m[39m

[41m[1m FAIL [22m[49m src/app/api/services/[id]/comments/__tests__/route-null-serviceId-bug.test.ts[2m > [22mService Comments API - null serviceId bug[2m > [22mSecurity: Preventing cross-service comment manipulation[2m > [22mshould not allow deleting comment from different service
[31m[1mTypeError[22m: __vi_import_1__.DELETE is not a function[39m
[36m [2m❯[22m src/app/api/services/[id]/comments/__tests__/route-null-serviceId-bug.test.ts:[2m326:30[22m[39m
    [90m324| [39m      )[33m;[39m
    [90m325| [39m
    [90m326| [39m      [35mconst[39m response [33m=[39m [35mawait[39m [33mDELETE[39m(request[33m,[39m {
    [90m   | [39m                             [31m^[39m
    [90m327| [39m        params[33m:[39m {
    [90m328| [39m          id[33m:[39m serviceId2[33m,[39m

[31m[2m⎯⎯⎯⎯⎯⎯⎯⎯⎯⎯⎯⎯⎯⎯⎯⎯⎯⎯⎯⎯[319/377]⎯[22m[39m

[41m[1m FAIL [22m[49m src/app/api/services/[id]/comments/__tests__/route-null-serviceId-bug.test.ts[2m > [22mService Comments API - null serviceId bug[2m > [22mPermission checks[2m > [22mshould not allow customers to create comments
[31m[1mAssertionError[22m: expected 'You do not have permission to add com…' to contain 'Customers cannot create comments'[39m

Expected: [32m"[7mCustomers cannot create[27m comments"[39m
Received: [31m"[7mYou do not have permission to add[27m comments"[39m

[36m [2m❯[22m src/app/api/services/[id]/comments/__tests__/route-null-serviceId-bug.test.ts:[2m365:26[22m[39m
    [90m363| [39m
    [90m364| [39m      [34mexpect[39m(response[33m.[39mstatus)[33m.[39m[34mtoBe[39m([34m403[39m)[33m;[39m
    [90m365| [39m      [34mexpect[39m(data[33m.[39merror)[33m.[39m[34mtoContain[39m([32m'Customers cannot create comments'[39m)[33m;[39m
    [90m   | [39m                         [31m^[39m
    [90m366| [39m    })[33m;[39m
    [90m367| [39m

[31m[2m⎯⎯⎯⎯⎯⎯⎯⎯⎯⎯⎯⎯⎯⎯⎯⎯⎯⎯⎯⎯[320/377]⎯[22m[39m

[41m[1m FAIL [22m[49m src/app/api/services/[id]/comments/__tests__/route-null-serviceId-bug.test.ts[2m > [22mService Comments API - null serviceId bug[2m > [22mPermission checks[2m > [22mshould not allow vendors to edit comments
[31m[1mTypeError[22m: __vi_import_1__.PUT is not a function[39m
[36m [2m❯[22m src/app/api/services/[id]/comments/__tests__/route-null-serviceId-bug.test.ts:[2m393:30[22m[39m
    [90m391| [39m      )[33m;[39m
    [90m392| [39m
    [90m393| [39m      [35mconst[39m response [33m=[39m [35mawait[39m [33mPUT[39m(request[33m,[39m {
    [90m   | [39m                             [31m^[39m
    [90m394| [39m        params[33m:[39m {
    [90m395| [39m          id[33m:[39m validServiceId[33m,[39m

[31m[2m⎯⎯⎯⎯⎯⎯⎯⎯⎯⎯⎯⎯⎯⎯⎯⎯⎯⎯⎯⎯[321/377]⎯[22m[39m

[41m[1m FAIL [22m[49m src/app/api/portal/orders/[id]/__tests__/route.test.ts[2m > [22mDraft Order Update Bug - Missing Logger Import[2m > [22mHappy Path: Change draft to submitted[2m > [22mshould successfully change a draft order to submitted status
[31m[1mAssertionError[22m: expected "vi.fn()" to be called with arguments: [ { data: ObjectContaining{…} } ][90m

Number of calls: [1m0[22m
[31m[39m
[36m [2m❯[22m src/app/api/portal/orders/[id]/__tests__/route.test.ts:[2m286:48[22m[39m
    [90m284| [39m
    [90m285| [39m      [90m// Verify status history is created[39m
    [90m286| [39m      [34mexpect[39m(prisma[33m.[39morderStatusHistory[33m.[39mcreate)[33m.[39m[34mtoHaveBeenCalledWith[39m({
    [90m   | [39m                                               [31m^[39m
    [90m287| [39m        data[33m:[39m expect[33m.[39m[34mobjectContaining[39m({
    [90m288| [39m          orderId[33m:[39m [32m'order-789'[39m[33m,[39m

[31m[2m⎯⎯⎯⎯⎯⎯⎯⎯⎯⎯⎯⎯⎯⎯⎯⎯⎯⎯⎯⎯[322/377]⎯[22m[39m

[41m[1m FAIL [22m[49m src/app/api/portal/orders/[id]/__tests__/route.test.ts[2m > [22mDraft Order Update Bug - Missing Logger Import[2m > [22mHappy Path: Change draft to submitted[2m > [22mshould validate required fields before allowing submission
[31m[1mAssertionError[22m: expected 200 to be 400 // Object.is equality[39m

[32m- Expected[39m
[31m+ Received[39m

[32m- 400[39m
[31m+ 200[39m

[36m [2m❯[22m src/app/api/portal/orders/[id]/__tests__/route.test.ts:[2m340:31[22m[39m
    [90m338| [39m
    [90m339| [39m      [90m// Assert - Should fail validation[39m
    [90m340| [39m      [34mexpect[39m(response[33m.[39mstatus)[33m.[39m[34mtoBe[39m([34m400[39m)[33m;[39m
    [90m   | [39m                              [31m^[39m
    [90m341| [39m      [34mexpect[39m(data[33m.[39merror)[33m.[39m[34mtoBeDefined[39m()[33m;[39m
    [90m342| [39m      [34mexpect[39m(data[33m.[39merror)[33m.[39m[34mtoContain[39m([32m'required'[39m)[33m;[39m

[31m[2m⎯⎯⎯⎯⎯⎯⎯⎯⎯⎯⎯⎯⎯⎯⎯⎯⎯⎯⎯⎯[323/377]⎯[22m[39m

[41m[1m FAIL [22m[49m src/app/api/portal/orders/[id]/__tests__/route.test.ts[2m > [22mDraft Order Update Bug - Missing Logger Import[2m > [22mEdge Case: Error handling with proper logging[2m > [22mshould properly log errors when order not found
[31m[1mAssertionError[22m: expected 'Order not found or cannot be edited' to be 'Order not found' // Object.is equality[39m

Expected: [32m"Order not found"[39m
Received: [31m"Order not found[7m or cannot be edited[27m"[39m

[36m [2m❯[22m src/app/api/portal/orders/[id]/__tests__/route.test.ts:[2m377:26[22m[39m
    [90m375| [39m      [90m// Assert[39m
    [90m376| [39m      [34mexpect[39m(response[33m.[39mstatus)[33m.[39m[34mtoBe[39m([34m404[39m)[33m;[39m
    [90m377| [39m      [34mexpect[39m(data[33m.[39merror)[33m.[39m[34mtoBe[39m([32m'Order not found'[39m)[33m;[39m
    [90m   | [39m                         [31m^[39m
    [90m378| [39m
    [90m379| [39m      [90m// Verify logger.error is called (would fail before fix)[39m

[31m[2m⎯⎯⎯⎯⎯⎯⎯⎯⎯⎯⎯⎯⎯⎯⎯⎯⎯⎯⎯⎯[324/377]⎯[22m[39m

[41m[1m FAIL [22m[49m src/app/api/portal/orders/[id]/__tests__/route.test.ts[2m > [22mDraft Order Update Bug - Missing Logger Import[2m > [22mEdge Case: Error handling with proper logging[2m > [22mshould log database errors properly
[31m[1mAssertionError[22m: expected "vi.fn()" to be called with arguments: [ 'Error updating order', …(1) ][90m

Received: 

[1m  1st vi.fn() call:

[22m[2m  [[22m
[32m-   "Error updating order",[90m
[32m-   ObjectContaining {[90m
[32m-     "error": "Database connection failed",[90m
[32m-     "orderId": "order-db-error",[90m
[31m+   "Error updating order:",[90m
[31m+   Error {[90m
[31m+     "message": "Database connection failed",[90m
[2m    },[22m
[2m  ][22m
[31m[90m

Number of calls: [1m1[22m
[31m[39m
[36m [2m❯[22m src/app/api/portal/orders/[id]/__tests__/route.test.ts:[2m432:36[22m[39m
    [90m430| [39m      [90m// Verify logger.error is called with database error[39m
    [90m431| [39m      [35mconst[39m logger [33m=[39m [35mawait[39m [35mimport[39m([32m'@/lib/logger'[39m)[33m;[39m
    [90m432| [39m      [34mexpect[39m(logger[33m.[39m[35mdefault[39m[33m.[39merror)[33m.[39m[34mtoHaveBeenCalledWith[39m(
    [90m   | [39m                                   [31m^[39m
    [90m433| [39m        [32m'Error updating order'[39m[33m,[39m
    [90m434| [39m        expect[33m.[39m[34mobjectContaining[39m({

[31m[2m⎯⎯⎯⎯⎯⎯⎯⎯⎯⎯⎯⎯⎯⎯⎯⎯⎯⎯⎯⎯[325/377]⎯[22m[39m

[41m[1m FAIL [22m[49m src/app/api/portal/orders/[id]/__tests__/route.test.ts[2m > [22mDraft Order Update Bug - Missing Logger Import[2m > [22mEdge Case: Error handling with proper logging[2m > [22mshould handle permission errors with proper logging
[31m[1mAssertionError[22m: expected 404 to be 403 // Object.is equality[39m

[32m- Expected[39m
[31m+ Received[39m

[32m- 403[39m
[31m+ 404[39m

[36m [2m❯[22m src/app/api/portal/orders/[id]/__tests__/route.test.ts:[2m477:31[22m[39m
    [90m475| [39m
    [90m476| [39m      [90m// Assert[39m
    [90m477| [39m      [34mexpect[39m(response[33m.[39mstatus)[33m.[39m[34mtoBe[39m([34m403[39m)[33m;[39m
    [90m   | [39m                              [31m^[39m
    [90m478| [39m      expect(data.error).toBe('You do not have permission to update th…
    [90m479| [39m

[31m[2m⎯⎯⎯⎯⎯⎯⎯⎯⎯⎯⎯⎯⎯⎯⎯⎯⎯⎯⎯⎯[326/377]⎯[22m[39m

[41m[1m FAIL [22m[49m src/app/api/portal/orders/[id]/__tests__/route.test.ts[2m > [22mDraft Order Update Bug - Missing Logger Import[2m > [22mSession and Authentication Edge Cases[2m > [22mshould handle malformed request body gracefully
[31m[1mAssertionError[22m: expected 500 to be 400 // Object.is equality[39m

[32m- Expected[39m
[31m+ Received[39m

[32m- 400[39m
[31m+ 500[39m

[36m [2m❯[22m src/app/api/portal/orders/[id]/__tests__/route.test.ts:[2m540:31[22m[39m
    [90m538| [39m
    [90m539| [39m      [90m// Assert[39m
    [90m540| [39m      [34mexpect[39m(response[33m.[39mstatus)[33m.[39m[34mtoBe[39m([34m400[39m)[33m;[39m
    [90m   | [39m                              [31m^[39m
    [90m541| [39m      [34mexpect[39m(data[33m.[39merror)[33m.[39m[34mtoContain[39m([32m'Invalid request'[39m)[33m;[39m
    [90m542| [39m

[31m[2m⎯⎯⎯⎯⎯⎯⎯⎯⎯⎯⎯⎯⎯⎯⎯⎯⎯⎯⎯⎯[327/377]⎯[22m[39m

[41m[1m FAIL [22m[49m src/app/api/services/[id]/results/__tests__/route.test.ts[2m > [22mPUT /api/services/[id]/results[2m > [22mbusiness logic[2m > [22mshould track first addition of results
[31m[1mAssertionError[22m: expected "vi.fn()" to be called with arguments: [ ObjectContaining{…} ][90m

Received: 

[1m  1st vi.fn() call:

[22m[2m  [[22m
[32m-   ObjectContaining {[90m
[32m-     "data": ObjectContaining {[90m
[31m+   {[90m
[31m+     "data": {[90m
[2m        "results": "First results",[22m
[32m-       "resultsAddedAt": Any<Date>,[90m
[32m-       "resultsAddedBy": Any<Number>,[90m
[32m-       "resultsLastModifiedAt": Any<Date>,[90m
[32m-       "resultsLastModifiedBy": Any<Number>,[90m
[31m+       "resultsAddedAt": 2026-03-22T15:20:43.294Z,[90m
[31m+       "resultsAddedBy": "user-123",[90m
[31m+       "resultsLastModifiedAt": 2026-03-22T15:20:43.294Z,[90m
[31m+       "resultsLastModifiedBy": "user-123",[90m
[31m+     },[90m
[31m+     "where": {[90m
[31m+       "id": "sf-789",[90m
[2m      },[22m
[2m    },[22m
[2m  ][22m
[31m[90m

Number of calls: [1m1[22m
[31m[39m
[36m [2m❯[22m src/app/api/services/[id]/results/__tests__/route.test.ts:[2m532:49[22m[39m
    [90m530| [39m
    [90m531| [39m      // Verify that both resultsAddedBy and resultsLastModifiedBy are…
    [90m532| [39m      [34mexpect[39m(prisma[33m.[39mservicesFulfillment[33m.[39mupdate)[33m.[39m[34mtoHaveBeenCalledWith[39m(
    [90m   | [39m                                                [31m^[39m
    [90m533| [39m        expect[33m.[39m[34mobjectContaining[39m({
    [90m534| [39m          data[33m:[39m expect[33m.[39m[34mobjectContaining[39m({

[31m[2m⎯⎯⎯⎯⎯⎯⎯⎯⎯⎯⎯⎯⎯⎯⎯⎯⎯⎯⎯⎯[328/377]⎯[22m[39m

[41m[1m FAIL [22m[49m src/app/api/services/[id]/results/__tests__/route.test.ts[2m > [22mPUT /api/services/[id]/results[2m > [22mbusiness logic[2m > [22mshould only update modification fields on subsequent edits
[31m[1mAssertionError[22m: expected "vi.fn()" to be called with arguments: [ ObjectContaining{…} ][90m

Received: 

[1m  1st vi.fn() call:

[22m[2m  [[22m
[32m-   ObjectContaining {[90m
[32m-     "data": ObjectContaining {[90m
[31m+   {[90m
[31m+     "data": {[90m
[2m        "results": "Updated results",[22m
[32m-       "resultsLastModifiedAt": Any<Date>,[90m
[32m-       "resultsLastModifiedBy": Any<Number>,[90m
[31m+       "resultsLastModifiedAt": 2026-03-22T15:20:43.299Z,[90m
[31m+       "resultsLastModifiedBy": "user-456",[90m
[31m+     },[90m
[31m+     "where": {[90m
[31m+       "id": "sf-789",[90m
[2m      },[22m
[2m    },[22m
[2m  ][22m
[31m[90m

Number of calls: [1m1[22m
[31m[39m
[36m [2m❯[22m src/app/api/services/[id]/results/__tests__/route.test.ts:[2m586:49[22m[39m
    [90m584| [39m
    [90m585| [39m      // Verify that resultsAddedBy is NOT updated, but modification f…
    [90m586| [39m      [34mexpect[39m(prisma[33m.[39mservicesFulfillment[33m.[39mupdate)[33m.[39m[34mtoHaveBeenCalledWith[39m(
    [90m   | [39m                                                [31m^[39m
    [90m587| [39m        expect[33m.[39m[34mobjectContaining[39m({
    [90m588| [39m          data[33m:[39m expect[33m.[39m[34mobjectContaining[39m({

[31m[2m⎯⎯⎯⎯⎯⎯⎯⎯⎯⎯⎯⎯⎯⎯⎯⎯⎯⎯⎯⎯[329/377]⎯[22m[39m

[41m[1m FAIL [22m[49m src/app/api/fulfillment/orders/[id]/status/__tests__/service-closure.test.ts[2m > [22mPATCH /api/fulfillment/orders/[id]/status - Order Closure with Services[2m > [22morder closure when all services complete[2m > [22mshould handle concurrent closure attempts gracefully
[31m[1mAssertionError[22m: expected 500 to be 400 // Object.is equality[39m

[32m- Expected[39m
[31m+ Received[39m

[32m- 400[39m
[31m+ 500[39m

[36m [2m❯[22m src/app/api/fulfillment/orders/[id]/status/__tests__/service-closure.test.ts:[2m570:31[22m[39m
    [90m568| [39m
    [90m569| [39m      [35mconst[39m response [33m=[39m [35mawait[39m [33mPATCH[39m(request[33m,[39m params)[33m;[39m
    [90m570| [39m      [34mexpect[39m(response[33m.[39mstatus)[33m.[39m[34mtoBe[39m([34m400[39m)[33m;[39m
    [90m   | [39m                              [31m^[39m
    [90m571| [39m
    [90m572| [39m      [35mconst[39m data [33m=[39m [35mawait[39m response[33m.[39m[34mjson[39m()[33m;[39m

[31m[2m⎯⎯⎯⎯⎯⎯⎯⎯⎯⎯⎯⎯⎯⎯⎯⎯⎯⎯⎯⎯[330/377]⎯[22m[39m

[41m[1m FAIL [22m[49m src/app/api/fulfillment/orders/[id]/status/__tests__/service-closure.test.ts[2m > [22mPATCH /api/fulfillment/orders/[id]/status - Order Closure with Services[2m > [22morder closure when all services complete[2m > [22mshould create audit log entry when closing order
[31m[1mAssertionError[22m: expected "vi.fn()" to be called with arguments: [ { data: ObjectContaining{…} } ][90m

Number of calls: [1m0[22m
[31m[39m
[36m [2m❯[22m src/app/api/fulfillment/orders/[id]/status/__tests__/service-closure.test.ts:[2m618:48[22m[39m
    [90m616| [39m      [35mawait[39m [33mPATCH[39m(request[33m,[39m params)[33m;[39m
    [90m617| [39m
    [90m618| [39m      [34mexpect[39m(prisma[33m.[39morderStatusHistory[33m.[39mcreate)[33m.[39m[34mtoHaveBeenCalledWith[39m({
    [90m   | [39m                                               [31m^[39m
    [90m619| [39m        data[33m:[39m expect[33m.[39m[34mobjectContaining[39m({
    [90m620| [39m          orderId[33m:[39m [32m'550e8400-e29b-41d4-a716-446655440001'[39m[33m,[39m

[31m[2m⎯⎯⎯⎯⎯⎯⎯⎯⎯⎯⎯⎯⎯⎯⎯⎯⎯⎯⎯⎯[331/377]⎯[22m[39m

[41m[1m FAIL [22m[49m src/app/api/orders/[id]/services/comments/__tests__/route-fixed.test.ts[2m > [22mGET /api/orders/[id]/services/comments - Fixed Response[2m > [22mshould include all styling fields in comment response
[31m[1mAssertionError[22m: expected { id: 'comment-1', …(14) } to match object { id: 'comment-1', …(8) }
(6 matching properties omitted from actual)[39m

[32m- Expected[39m
[31m+ Received[39m

[33m@@ -1,9 +1,8 @@[39m
[2m  {[22m
[2m    "createdByName": "John Admin",[22m
[2m    "createdByUser": {[22m
[32m-     "email": "john@example.com",[39m
[2m      "name": "John Admin",[22m
[2m    },[22m
[2m    "finalText": "Processing the background check",[22m
[2m    "id": "comment-1",[22m
[2m    "isInternalOnly": true,[22m

[36m [2m❯[22m src/app/api/orders/[id]/services/comments/__tests__/route-fixed.test.ts:[2m138:28[22m[39m
    [90m136| [39m    [90m// Verify regular comment has all fields[39m
    [90m137| [39m    [35mconst[39m regularComment [33m=[39m comments[[34m0[39m][33m;[39m
    [90m138| [39m    [34mexpect[39m(regularComment)[33m.[39m[34mtoMatchObject[39m({
    [90m   | [39m                           [31m^[39m
    [90m139| [39m      id[33m:[39m [32m'comment-1'[39m[33m,[39m
    [90m140| [39m      finalText[33m:[39m [32m'Processing the background check'[39m[33m,[39m

[31m[2m⎯⎯⎯⎯⎯⎯⎯⎯⎯⎯⎯⎯⎯⎯⎯⎯⎯⎯⎯⎯[332/377]⎯[22m[39m

[41m[1m FAIL [22m[49m src/app/api/orders/[id]/services/comments/__tests__/route-fixed.test.ts[2m > [22mGET /api/orders/[id]/services/comments - Fixed Response[2m > [22mshould handle updated comments with updatedByName field
[31m[1mAssertionError[22m: expected { name: 'Editor User' } to match object { name: 'Editor User', …(1) }[39m

[32m- Expected[39m
[31m+ Received[39m

[2m  {[22m
[32m-   "email": "editor@example.com",[39m
[2m    "name": "Editor User",[22m
[2m  }[22m

[36m [2m❯[22m src/app/api/orders/[id]/services/comments/__tests__/route-fixed.test.ts:[2m241:35[22m[39m
    [90m239| [39m    [34mexpect[39m(comment[33m.[39mcreatedByName)[33m.[39m[34mtoBe[39m([32m'Original Author'[39m)[33m;[39m
    [90m240| [39m    [34mexpect[39m(comment[33m.[39mupdatedByName)[33m.[39m[34mtoBe[39m([32m'Editor User'[39m)[33m;[39m
    [90m241| [39m    [34mexpect[39m(comment[33m.[39mupdatedByUser)[33m.[39m[34mtoMatchObject[39m({
    [90m   | [39m                                  [31m^[39m
    [90m242| [39m      name[33m:[39m [32m'Editor User'[39m[33m,[39m
    [90m243| [39m      email[33m:[39m [32m'editor@example.com'[39m

[31m[2m⎯⎯⎯⎯⎯⎯⎯⎯⎯⎯⎯⎯⎯⎯⎯⎯⎯⎯⎯⎯[333/377]⎯[22m[39m

[41m[1m FAIL [22m[49m src/app/api/orders/[id]/services/comments/__tests__/route-fixed.test.ts[2m > [22mGET /api/orders/[id]/services/comments - Fixed Response[2m > [22mshould handle users with no names gracefully
[31m[1mAssertionError[22m: expected 'User' to be 'noname@example.com' // Object.is equality[39m

Expected: [32m"noname@example.com"[39m
Received: [31m"User"[39m

[36m [2m❯[22m src/app/api/orders/[id]/services/comments/__tests__/route-fixed.test.ts:[2m301:35[22m[39m
    [90m299| [39m
    [90m300| [39m    [90m// Should fall back to email when name is empty[39m
    [90m301| [39m    [34mexpect[39m(comment[33m.[39mcreatedByName)[33m.[39m[34mtoBe[39m([32m'noname@example.com'[39m)[33m;[39m
    [90m   | [39m                                  [31m^[39m
    [90m302| [39m    [34mexpect[39m(comment[33m.[39mcreatedByUser[33m.[39mname)[33m.[39m[34mtoBe[39m([32m'noname@example.com'[39m)[33m;[39m
    [90m303| [39m  })[33m;[39m

[31m[2m⎯⎯⎯⎯⎯⎯⎯⎯⎯⎯⎯⎯⎯⎯⎯⎯⎯⎯⎯⎯[334/377]⎯[22m[39m

[41m[1m FAIL [22m[49m src/app/api/services/[id]/attachments/[attachmentId]/__tests__/route.test.ts[2m > [22mGET /api/services/[id]/attachments/[attachmentId][2m > [22mauthorization - internal users[2m > [22mshould allow internal users with fulfillment.view permission to download
[31m[1mAssertionError[22m: expected 500 to be 200 // Object.is equality[39m

[32m- Expected[39m
[31m+ Received[39m

[32m- 200[39m
[31m+ 500[39m

[36m [2m❯[22m src/app/api/services/[id]/attachments/[attachmentId]/__tests__/route.test.ts:[2m138:31[22m[39m
    [90m136| [39m      [35mconst[39m response [33m=[39m [35mawait[39m [33mGET[39m(request[33m,[39m params)[33m;[39m
    [90m137| [39m
    [90m138| [39m      [34mexpect[39m(response[33m.[39mstatus)[33m.[39m[34mtoBe[39m([34m200[39m)[33m;[39m
    [90m   | [39m                              [31m^[39m
    [90m139| [39m
    [90m140| [39m      [90m// Check headers[39m

[31m[2m⎯⎯⎯⎯⎯⎯⎯⎯⎯⎯⎯⎯⎯⎯⎯⎯⎯⎯⎯⎯[335/377]⎯[22m[39m

[41m[1m FAIL [22m[49m src/app/api/services/[id]/attachments/[attachmentId]/__tests__/route.test.ts[2m > [22mGET /api/services/[id]/attachments/[attachmentId][2m > [22mauthorization - vendor users[2m > [22mshould allow vendor to download attachment for assigned service
[31m[1mAssertionError[22m: expected 500 to be 200 // Object.is equality[39m

[32m- Expected[39m
[31m+ Received[39m

[32m- 200[39m
[31m+ 500[39m

[36m [2m❯[22m src/app/api/services/[id]/attachments/[attachmentId]/__tests__/route.test.ts:[2m196:31[22m[39m
    [90m194| [39m
    [90m195| [39m      [35mconst[39m response [33m=[39m [35mawait[39m [33mGET[39m(request[33m,[39m params)[33m;[39m
    [90m196| [39m      [34mexpect[39m(response[33m.[39mstatus)[33m.[39m[34mtoBe[39m([34m200[39m)[33m;[39m
    [90m   | [39m                              [31m^[39m
    [90m197| [39m
    [90m198| [39m      [35mconst[39m arrayBuffer [33m=[39m [35mawait[39m response[33m.[39m[34marrayBuffer[39m()[33m;[39m

[31m[2m⎯⎯⎯⎯⎯⎯⎯⎯⎯⎯⎯⎯⎯⎯⎯⎯⎯⎯⎯⎯[336/377]⎯[22m[39m

[41m[1m FAIL [22m[49m src/app/api/services/[id]/attachments/[attachmentId]/__tests__/route.test.ts[2m > [22mGET /api/services/[id]/attachments/[attachmentId][2m > [22mauthorization - customer users[2m > [22mshould allow customer to download attachment for their own order
[31m[1mAssertionError[22m: expected 500 to be 200 // Object.is equality[39m

[32m- Expected[39m
[31m+ Received[39m

[32m- 200[39m
[31m+ 500[39m

[36m [2m❯[22m src/app/api/services/[id]/attachments/[attachmentId]/__tests__/route.test.ts:[2m285:31[22m[39m
    [90m283| [39m
    [90m284| [39m      [35mconst[39m response [33m=[39m [35mawait[39m [33mGET[39m(request[33m,[39m params)[33m;[39m
    [90m285| [39m      [34mexpect[39m(response[33m.[39mstatus)[33m.[39m[34mtoBe[39m([34m200[39m)[33m;[39m
    [90m   | [39m                              [31m^[39m
    [90m286| [39m
    [90m287| [39m      [35mconst[39m arrayBuffer [33m=[39m [35mawait[39m response[33m.[39m[34marrayBuffer[39m()[33m;[39m

[31m[2m⎯⎯⎯⎯⎯⎯⎯⎯⎯⎯⎯⎯⎯⎯⎯⎯⎯⎯⎯⎯[337/377]⎯[22m[39m

[41m[1m FAIL [22m[49m src/app/api/services/[id]/attachments/[attachmentId]/__tests__/route.test.ts[2m > [22mGET /api/services/[id]/attachments/[attachmentId][2m > [22mbusiness logic[2m > [22mshould return 404 when file does not exist on disk
[31m[1mAssertionError[22m: expected 500 to be 404 // Object.is equality[39m

[32m- Expected[39m
[31m+ Received[39m

[32m- 404[39m
[31m+ 500[39m

[36m [2m❯[22m src/app/api/services/[id]/attachments/[attachmentId]/__tests__/route.test.ts:[2m461:31[22m[39m
    [90m459| [39m
    [90m460| [39m      [35mconst[39m response [33m=[39m [35mawait[39m [33mGET[39m(request[33m,[39m params)[33m;[39m
    [90m461| [39m      [34mexpect[39m(response[33m.[39mstatus)[33m.[39m[34mtoBe[39m([34m404[39m)[33m;[39m
    [90m   | [39m                              [31m^[39m
    [90m462| [39m
    [90m463| [39m      [35mconst[39m data [33m=[39m [35mawait[39m response[33m.[39m[34mjson[39m()[33m;[39m

[31m[2m⎯⎯⎯⎯⎯⎯⎯⎯⎯⎯⎯⎯⎯⎯⎯⎯⎯⎯⎯⎯[338/377]⎯[22m[39m

[41m[1m FAIL [22m[49m src/app/api/services/[id]/attachments/[attachmentId]/__tests__/route.test.ts[2m > [22mGET /api/services/[id]/attachments/[attachmentId][2m > [22merror handling[2m > [22mshould return 500 when file read fails
[31m[1mAssertionError[22m: expected { error: 'Internal server error' } to have property "error" with value 'Failed to read file'[39m

Expected: [32m"Failed to read file"[39m
Received: [31m"Internal server error"[39m

[36m [2m❯[22m src/app/api/services/[id]/attachments/[attachmentId]/__tests__/route.test.ts:[2m511:20[22m[39m
    [90m509| [39m
    [90m510| [39m      [35mconst[39m data [33m=[39m [35mawait[39m response[33m.[39m[34mjson[39m()[33m;[39m
    [90m511| [39m      [34mexpect[39m(data)[33m.[39m[34mtoHaveProperty[39m([32m'error'[39m[33m,[39m [32m'Failed to read file'[39m)[33m;[39m
    [90m   | [39m                   [31m^[39m
    [90m512| [39m    })[33m;[39m
    [90m513| [39m  })[33m;[39m

[31m[2m⎯⎯⎯⎯⎯⎯⎯⎯⎯⎯⎯⎯⎯⎯⎯⎯⎯⎯⎯⎯[339/377]⎯[22m[39m

[41m[1m FAIL [22m[49m src/app/api/services/[id]/attachments/[attachmentId]/__tests__/route.test.ts[2m > [22mDELETE /api/services/[id]/attachments/[attachmentId][2m > [22mauthorization - internal users[2m > [22mshould allow internal users with fulfillment.edit permission to delete
[31m[1mAssertionError[22m: expected 500 to be 200 // Object.is equality[39m

[32m- Expected[39m
[31m+ Received[39m

[32m- 200[39m
[31m+ 500[39m

[36m [2m❯[22m src/app/api/services/[id]/attachments/[attachmentId]/__tests__/route.test.ts:[2m584:31[22m[39m
    [90m582| [39m
    [90m583| [39m      [35mconst[39m response [33m=[39m [35mawait[39m [33mDELETE[39m(request[33m,[39m params)[33m;[39m
    [90m584| [39m      [34mexpect[39m(response[33m.[39mstatus)[33m.[39m[34mtoBe[39m([34m200[39m)[33m;[39m
    [90m   | [39m                              [31m^[39m
    [90m585| [39m
    [90m586| [39m      [35mconst[39m data [33m=[39m [35mawait[39m response[33m.[39m[34mjson[39m()[33m;[39m

[31m[2m⎯⎯⎯⎯⎯⎯⎯⎯⎯⎯⎯⎯⎯⎯⎯⎯⎯⎯⎯⎯[340/377]⎯[22m[39m

[41m[1m FAIL [22m[49m src/app/api/services/[id]/attachments/[attachmentId]/__tests__/route.test.ts[2m > [22mDELETE /api/services/[id]/attachments/[attachmentId][2m > [22mauthorization - vendor users[2m > [22mshould allow vendor to delete attachment for assigned service
[31m[1mAssertionError[22m: expected 500 to be 200 // Object.is equality[39m

[32m- Expected[39m
[31m+ Received[39m

[32m- 200[39m
[31m+ 500[39m

[36m [2m❯[22m src/app/api/services/[id]/attachments/[attachmentId]/__tests__/route.test.ts:[2m681:31[22m[39m
    [90m679| [39m
    [90m680| [39m      [35mconst[39m response [33m=[39m [35mawait[39m [33mDELETE[39m(request[33m,[39m params)[33m;[39m
    [90m681| [39m      [34mexpect[39m(response[33m.[39mstatus)[33m.[39m[34mtoBe[39m([34m200[39m)[33m;[39m
    [90m   | [39m                              [31m^[39m
    [90m682| [39m
    [90m683| [39m      [35mconst[39m data [33m=[39m [35mawait[39m response[33m.[39m[34mjson[39m()[33m;[39m

[31m[2m⎯⎯⎯⎯⎯⎯⎯⎯⎯⎯⎯⎯⎯⎯⎯⎯⎯⎯⎯⎯[341/377]⎯[22m[39m

[41m[1m FAIL [22m[49m src/app/api/services/[id]/attachments/[attachmentId]/__tests__/route.test.ts[2m > [22mDELETE /api/services/[id]/attachments/[attachmentId][2m > [22mbusiness logic[2m > [22mshould still delete database record even if file does not exist on disk
[31m[1mAssertionError[22m: expected 500 to be 200 // Object.is equality[39m

[32m- Expected[39m
[31m+ Received[39m

[32m- 200[39m
[31m+ 500[39m

[36m [2m❯[22m src/app/api/services/[id]/attachments/[attachmentId]/__tests__/route.test.ts:[2m910:31[22m[39m
    [90m908| [39m
    [90m909| [39m      [35mconst[39m response [33m=[39m [35mawait[39m [33mDELETE[39m(request[33m,[39m params)[33m;[39m
    [90m910| [39m      [34mexpect[39m(response[33m.[39mstatus)[33m.[39m[34mtoBe[39m([34m200[39m)[33m;[39m
    [90m   | [39m                              [31m^[39m
    [90m911| [39m
    [90m912| [39m      [90m// File deletion should NOT be attempted[39m

[31m[2m⎯⎯⎯⎯⎯⎯⎯⎯⎯⎯⎯⎯⎯⎯⎯⎯⎯⎯⎯⎯[342/377]⎯[22m[39m

[41m[1m FAIL [22m[49m src/app/api/services/[id]/attachments/[attachmentId]/__tests__/route.test.ts[2m > [22mDELETE /api/services/[id]/attachments/[attachmentId][2m > [22maudit logging[2m > [22mshould create audit log entry for attachment deletion
[31m[1mAssertionError[22m: expected "vi.fn()" to be called with arguments: [ ObjectContaining{…} ][90m

Number of calls: [1m0[22m
[31m[39m
[36m [2m❯[22m src/app/api/services/[id]/attachments/[attachmentId]/__tests__/route.test.ts:[2m973:38[22m[39m
    [90m971| [39m
    [90m972| [39m      [90m// Verify audit log was created[39m
    [90m973| [39m      [34mexpect[39m(prisma[33m.[39mauditLog[33m.[39mcreate)[33m.[39m[34mtoHaveBeenCalledWith[39m(
    [90m   | [39m                                     [31m^[39m
    [90m974| [39m        expect[33m.[39m[34mobjectContaining[39m({
    [90m975| [39m          data[33m:[39m expect[33m.[39m[34mobjectContaining[39m({

[31m[2m⎯⎯⎯⎯⎯⎯⎯⎯⎯⎯⎯⎯⎯⎯⎯⎯⎯⎯⎯⎯[343/377]⎯[22m[39m

[41m[1m FAIL [22m[49m src/app/api/services/[id]/attachments/[attachmentId]/__tests__/route.test.ts[2m > [22mDELETE /api/services/[id]/attachments/[attachmentId][2m > [22merror handling[2m > [22mshould handle file deletion error gracefully
[31m[1mAssertionError[22m: expected 500 to be 200 // Object.is equality[39m

[32m- Expected[39m
[31m+ Received[39m

[32m- 200[39m
[31m+ 500[39m

[36m [2m❯[22m src/app/api/services/[id]/attachments/[attachmentId]/__tests__/route.test.ts:[2m1059:31[22m[39m
    [90m1057| [39m
    [90m1058| [39m      [90m// Should still succeed even if file deletion fails[39m
    [90m1059| [39m      [34mexpect[39m(response[33m.[39mstatus)[33m.[39m[34mtoBe[39m([34m200[39m)[33m;[39m
    [90m   | [39m                              [31m^[39m
    [90m1060| [39m
    [90m1061| [39m      [90m// Database record should still be deleted[39m

[31m[2m⎯⎯⎯⎯⎯⎯⎯⎯⎯⎯⎯⎯⎯⎯⎯⎯⎯⎯⎯⎯[344/377]⎯[22m[39m

[41m[1m FAIL [22m[49m src/app/api/services/[id]/comments/[commentId]/__tests__/route-full-editing.test.ts[2m > [22mPUT /api/services/[id]/comments/[commentId] - Full Text Editing[2m > [22mauthentication[2m > [22mshould return 403 when user lacks fulfillment permission
[31m[1mAssertionError[22m: expected 500 to be 403 // Object.is equality[39m

[32m- Expected[39m
[31m+ Received[39m

[32m- 403[39m
[31m+ 500[39m

[36m [2m❯[22m src/app/api/services/[id]/comments/[commentId]/__tests__/route-full-editing.test.ts:[2m83:31[22m[39m
    [90m 81| [39m      })[33m;[39m
    [90m 82| [39m
    [90m 83| [39m      [34mexpect[39m(response[33m.[39mstatus)[33m.[39m[34mtoBe[39m([34m403[39m)[33m;[39m
    [90m   | [39m                              [31m^[39m
    [90m 84| [39m      [35mconst[39m data [33m=[39m [35mawait[39m response[33m.[39m[34mjson[39m()[33m;[39m
    [90m 85| [39m      [34mexpect[39m(data[33m.[39merror)[33m.[39m[34mtoBe[39m([32m'Insufficient permissions'[39m)[33m;[39m

[31m[2m⎯⎯⎯⎯⎯⎯⎯⎯⎯⎯⎯⎯⎯⎯⎯⎯⎯⎯⎯⎯[345/377]⎯[22m[39m

[41m[1m FAIL [22m[49m src/app/api/services/[id]/comments/[commentId]/__tests__/route-full-editing.test.ts[2m > [22mPUT /api/services/[id]/comments/[commentId] - Full Text Editing[2m > [22mvalidation with brackets allowed[2m > [22mshould accept updated text with brackets
[31m[1mAssertionError[22m: expected 500 to be 200 // Object.is equality[39m

[32m- Expected[39m
[31m+ Received[39m

[32m- 200[39m
[31m+ 500[39m

[36m [2m❯[22m src/app/api/services/[id]/comments/[commentId]/__tests__/route-full-editing.test.ts:[2m126:31[22m[39m
    [90m124| [39m      })[33m;[39m
    [90m125| [39m
    [90m126| [39m      [34mexpect[39m(response[33m.[39mstatus)[33m.[39m[34mtoBe[39m([34m200[39m)[33m;[39m
    [90m   | [39m                              [31m^[39m
    [90m127| [39m      [35mconst[39m data [33m=[39m [35mawait[39m response[33m.[39m[34mjson[39m()[33m;[39m
    [90m128| [39m      expect(data.finalText).toBe('Updated text with [brackets] added'…

[31m[2m⎯⎯⎯⎯⎯⎯⎯⎯⎯⎯⎯⎯⎯⎯⎯⎯⎯⎯⎯⎯[346/377]⎯[22m[39m

[41m[1m FAIL [22m[49m src/app/api/services/[id]/comments/[commentId]/__tests__/route-full-editing.test.ts[2m > [22mPUT /api/services/[id]/comments/[commentId] - Full Text Editing[2m > [22mvalidation with brackets allowed[2m > [22mshould accept text with placeholder-like brackets
[31m[1mAssertionError[22m: expected 500 to be 200 // Object.is equality[39m

[32m- Expected[39m
[31m+ Received[39m

[32m- 200[39m
[31m+ 500[39m

[36m [2m❯[22m src/app/api/services/[id]/comments/[commentId]/__tests__/route-full-editing.test.ts:[2m163:31[22m[39m
    [90m161| [39m      })[33m;[39m
    [90m162| [39m
    [90m163| [39m      [34mexpect[39m(response[33m.[39mstatus)[33m.[39m[34mtoBe[39m([34m200[39m)[33m;[39m
    [90m   | [39m                              [31m^[39m
    [90m164| [39m      [35mconst[39m data [33m=[39m [35mawait[39m response[33m.[39m[34mjson[39m()[33m;[39m
    [90m165| [39m      expect(data.finalText).toBe('Please provide [document type] by […

[31m[2m⎯⎯⎯⎯⎯⎯⎯⎯⎯⎯⎯⎯⎯⎯⎯⎯⎯⎯⎯⎯[347/377]⎯[22m[39m

[41m[1m FAIL [22m[49m src/app/api/services/[id]/comments/[commentId]/__tests__/route-full-editing.test.ts[2m > [22mPUT /api/services/[id]/comments/[commentId] - Full Text Editing[2m > [22mvalidation with brackets allowed[2m > [22mshould accept text completely different from original
[31m[1mAssertionError[22m: expected 500 to be 200 // Object.is equality[39m

[32m- Expected[39m
[31m+ Received[39m

[32m- 200[39m
[31m+ 500[39m

[36m [2m❯[22m src/app/api/services/[id]/comments/[commentId]/__tests__/route-full-editing.test.ts:[2m200:31[22m[39m
    [90m198| [39m      })[33m;[39m
    [90m199| [39m
    [90m200| [39m      [34mexpect[39m(response[33m.[39mstatus)[33m.[39m[34mtoBe[39m([34m200[39m)[33m;[39m
    [90m   | [39m                              [31m^[39m
    [90m201| [39m      [35mconst[39m data [33m=[39m [35mawait[39m response[33m.[39m[34mjson[39m()[33m;[39m
    [90m202| [39m      expect(data.finalText).toBe('Completely new text with [my own br…

[31m[2m⎯⎯⎯⎯⎯⎯⎯⎯⎯⎯⎯⎯⎯⎯⎯⎯⎯⎯⎯⎯[348/377]⎯[22m[39m

[41m[1m FAIL [22m[49m src/app/api/services/[id]/comments/[commentId]/__tests__/route-full-editing.test.ts[2m > [22mPUT /api/services/[id]/comments/[commentId] - Full Text Editing[2m > [22mvalidation with brackets allowed[2m > [22mshould accept only brackets as updated text
[31m[1mAssertionError[22m: expected 500 to be 200 // Object.is equality[39m

[32m- Expected[39m
[31m+ Received[39m

[32m- 200[39m
[31m+ 500[39m

[36m [2m❯[22m src/app/api/services/[id]/comments/[commentId]/__tests__/route-full-editing.test.ts:[2m239:31[22m[39m
    [90m237| [39m      })[33m;[39m
    [90m238| [39m
    [90m239| [39m      [34mexpect[39m(response[33m.[39mstatus)[33m.[39m[34mtoBe[39m([34m200[39m)[33m;[39m
    [90m   | [39m                              [31m^[39m
    [90m240| [39m      [35mconst[39m data [33m=[39m [35mawait[39m response[33m.[39m[34mjson[39m()[33m;[39m
    [90m241| [39m      [34mexpect[39m(data[33m.[39mfinalText)[33m.[39m[34mtoBe[39m([32m'[[[]]]]][[['[39m)[33m;[39m

[31m[2m⎯⎯⎯⎯⎯⎯⎯⎯⎯⎯⎯⎯⎯⎯⎯⎯⎯⎯⎯⎯[349/377]⎯[22m[39m

[41m[1m FAIL [22m[49m src/app/api/services/[id]/comments/[commentId]/__tests__/route-full-editing.test.ts[2m > [22mPUT /api/services/[id]/comments/[commentId] - Full Text Editing[2m > [22mvalidation with brackets allowed[2m > [22mshould accept complex bracket patterns
[31m[1mAssertionError[22m: expected 500 to be 200 // Object.is equality[39m

[32m- Expected[39m
[31m+ Received[39m

[32m- 200[39m
[31m+ 500[39m

[36m [2m❯[22m src/app/api/services/[id]/comments/[commentId]/__tests__/route-full-editing.test.ts:[2m277:31[22m[39m
    [90m275| [39m      })[33m;[39m
    [90m276| [39m
    [90m277| [39m      [34mexpect[39m(response[33m.[39mstatus)[33m.[39m[34mtoBe[39m([34m200[39m)[33m;[39m
    [90m   | [39m                              [31m^[39m
    [90m278| [39m      [35mconst[39m data [33m=[39m [35mawait[39m response[33m.[39m[34mjson[39m()[33m;[39m
    [90m279| [39m      [34mexpect[39m(data[33m.[39mfinalText)[33m.[39m[34mtoContain[39m([32m'["item1", "item2"]'[39m)[33m;[39m

[31m[2m⎯⎯⎯⎯⎯⎯⎯⎯⎯⎯⎯⎯⎯⎯⎯⎯⎯⎯⎯⎯[350/377]⎯[22m[39m

[41m[1m FAIL [22m[49m src/app/api/services/[id]/comments/[commentId]/__tests__/route-full-editing.test.ts[2m > [22mPUT /api/services/[id]/comments/[commentId] - Full Text Editing[2m > [22mpartial updates[2m > [22mshould update only isInternalOnly when finalText not provided
[31m[1mAssertionError[22m: expected 500 to be 200 // Object.is equality[39m

[32m- Expected[39m
[31m+ Received[39m

[32m- 200[39m
[31m+ 500[39m

[36m [2m❯[22m src/app/api/services/[id]/comments/[commentId]/__tests__/route-full-editing.test.ts:[2m322:31[22m[39m
    [90m320| [39m      })[33m;[39m
    [90m321| [39m
    [90m322| [39m      [34mexpect[39m(response[33m.[39mstatus)[33m.[39m[34mtoBe[39m([34m200[39m)[33m;[39m
    [90m   | [39m                              [31m^[39m
    [90m323| [39m      [35mconst[39m data [33m=[39m [35mawait[39m response[33m.[39m[34mjson[39m()[33m;[39m
    [90m324| [39m      [34mexpect[39m(data[33m.[39misInternalOnly)[33m.[39m[34mtoBe[39m([35mfalse[39m)[33m;[39m

[31m[2m⎯⎯⎯⎯⎯⎯⎯⎯⎯⎯⎯⎯⎯⎯⎯⎯⎯⎯⎯⎯[351/377]⎯[22m[39m

[41m[1m FAIL [22m[49m src/app/api/services/[id]/comments/[commentId]/__tests__/route-full-editing.test.ts[2m > [22mPUT /api/services/[id]/comments/[commentId] - Full Text Editing[2m > [22mpartial updates[2m > [22mshould update both finalText and isInternalOnly
[31m[1mAssertionError[22m: expected 500 to be 200 // Object.is equality[39m

[32m- Expected[39m
[31m+ Received[39m

[32m- 200[39m
[31m+ 500[39m

[36m [2m❯[22m src/app/api/services/[id]/comments/[commentId]/__tests__/route-full-editing.test.ts:[2m361:31[22m[39m
    [90m359| [39m      })[33m;[39m
    [90m360| [39m
    [90m361| [39m      [34mexpect[39m(response[33m.[39mstatus)[33m.[39m[34mtoBe[39m([34m200[39m)[33m;[39m
    [90m   | [39m                              [31m^[39m
    [90m362| [39m      [35mconst[39m data [33m=[39m [35mawait[39m response[33m.[39m[34mjson[39m()[33m;[39m
    [90m363| [39m      [34mexpect[39m(data[33m.[39mfinalText)[33m.[39m[34mtoBe[39m([32m'New text with [brackets]'[39m)[33m;[39m

[31m[2m⎯⎯⎯⎯⎯⎯⎯⎯⎯⎯⎯⎯⎯⎯⎯⎯⎯⎯⎯⎯[352/377]⎯[22m[39m

[41m[1m FAIL [22m[49m src/app/api/services/[id]/comments/[commentId]/__tests__/route-full-editing.test.ts[2m > [22mPUT /api/services/[id]/comments/[commentId] - Full Text Editing[2m > [22mpartial updates[2m > [22mshould ignore attempts to update templateId
[31m[1mAssertionError[22m: expected 500 to be 200 // Object.is equality[39m

[32m- Expected[39m
[31m+ Received[39m

[32m- 200[39m
[31m+ 500[39m

[36m [2m❯[22m src/app/api/services/[id]/comments/[commentId]/__tests__/route-full-editing.test.ts:[2m401:31[22m[39m
    [90m399| [39m      })[33m;[39m
    [90m400| [39m
    [90m401| [39m      [34mexpect[39m(response[33m.[39mstatus)[33m.[39m[34mtoBe[39m([34m200[39m)[33m;[39m
    [90m   | [39m                              [31m^[39m
    [90m402| [39m      [35mconst[39m data [33m=[39m [35mawait[39m response[33m.[39m[34mjson[39m()[33m;[39m
    [90m403| [39m      [34mexpect[39m(data[33m.[39mtemplateId)[33m.[39m[34mtoBe[39m([32m'original-template'[39m)[33m;[39m

[31m[2m⎯⎯⎯⎯⎯⎯⎯⎯⎯⎯⎯⎯⎯⎯⎯⎯⎯⎯⎯⎯[353/377]⎯[22m[39m

[41m[1m FAIL [22m[49m src/app/api/services/[id]/comments/[commentId]/__tests__/route-full-editing.test.ts[2m > [22mPUT /api/services/[id]/comments/[commentId] - Full Text Editing[2m > [22mstandard validation still applies[2m > [22mshould return 400 when finalText is empty string
[31m[1mAssertionError[22m: expected 500 to be 400 // Object.is equality[39m

[32m- Expected[39m
[31m+ Received[39m

[32m- 400[39m
[31m+ 500[39m

[36m [2m❯[22m src/app/api/services/[id]/comments/[commentId]/__tests__/route-full-editing.test.ts:[2m444:31[22m[39m
    [90m442| [39m      })[33m;[39m
    [90m443| [39m
    [90m444| [39m      [34mexpect[39m(response[33m.[39mstatus)[33m.[39m[34mtoBe[39m([34m400[39m)[33m;[39m
    [90m   | [39m                              [31m^[39m
    [90m445| [39m      [35mconst[39m data [33m=[39m [35mawait[39m response[33m.[39m[34mjson[39m()[33m;[39m
    [90m446| [39m      [34mexpect[39m(data[33m.[39merror)[33m.[39m[34mtoContain[39m([32m'Comment text is required'[39m)[33m;[39m

[31m[2m⎯⎯⎯⎯⎯⎯⎯⎯⎯⎯⎯⎯⎯⎯⎯⎯⎯⎯⎯⎯[354/377]⎯[22m[39m

[41m[1m FAIL [22m[49m src/app/api/services/[id]/comments/[commentId]/__tests__/route-full-editing.test.ts[2m > [22mPUT /api/services/[id]/comments/[commentId] - Full Text Editing[2m > [22mstandard validation still applies[2m > [22mshould return 400 when finalText is only whitespace
[31m[1mAssertionError[22m: expected 500 to be 400 // Object.is equality[39m

[32m- Expected[39m
[31m+ Received[39m

[32m- 400[39m
[31m+ 500[39m

[36m [2m❯[22m src/app/api/services/[id]/comments/[commentId]/__tests__/route-full-editing.test.ts:[2m461:31[22m[39m
    [90m459| [39m      })[33m;[39m
    [90m460| [39m
    [90m461| [39m      [34mexpect[39m(response[33m.[39mstatus)[33m.[39m[34mtoBe[39m([34m400[39m)[33m;[39m
    [90m   | [39m                              [31m^[39m
    [90m462| [39m      [35mconst[39m data [33m=[39m [35mawait[39m response[33m.[39m[34mjson[39m()[33m;[39m
    [90m463| [39m      [34mexpect[39m(data[33m.[39merror)[33m.[39m[34mtoContain[39m([32m'Comment text is required'[39m)[33m;[39m

[31m[2m⎯⎯⎯⎯⎯⎯⎯⎯⎯⎯⎯⎯⎯⎯⎯⎯⎯⎯⎯⎯[355/377]⎯[22m[39m

[41m[1m FAIL [22m[49m src/app/api/services/[id]/comments/[commentId]/__tests__/route-full-editing.test.ts[2m > [22mPUT /api/services/[id]/comments/[commentId] - Full Text Editing[2m > [22mstandard validation still applies[2m > [22mshould return 400 when finalText exceeds 1000 characters
[31m[1mAssertionError[22m: expected 500 to be 400 // Object.is equality[39m

[32m- Expected[39m
[31m+ Received[39m

[32m- 400[39m
[31m+ 500[39m

[36m [2m❯[22m src/app/api/services/[id]/comments/[commentId]/__tests__/route-full-editing.test.ts:[2m478:31[22m[39m
    [90m476| [39m      })[33m;[39m
    [90m477| [39m
    [90m478| [39m      [34mexpect[39m(response[33m.[39mstatus)[33m.[39m[34mtoBe[39m([34m400[39m)[33m;[39m
    [90m   | [39m                              [31m^[39m
    [90m479| [39m      [35mconst[39m data [33m=[39m [35mawait[39m response[33m.[39m[34mjson[39m()[33m;[39m
    [90m480| [39m      [34mexpect[39m(data[33m.[39merror)[33m.[39m[34mtoContain[39m([32m'cannot exceed 1000 characters'[39m)[33m;[39m

[31m[2m⎯⎯⎯⎯⎯⎯⎯⎯⎯⎯⎯⎯⎯⎯⎯⎯⎯⎯⎯⎯[356/377]⎯[22m[39m

[41m[1m FAIL [22m[49m src/app/api/services/[id]/comments/[commentId]/__tests__/route-full-editing.test.ts[2m > [22mPUT /api/services/[id]/comments/[commentId] - Full Text Editing[2m > [22mstandard validation still applies[2m > [22mshould accept exactly 1000 characters with brackets
[31m[1mAssertionError[22m: expected 500 to be 200 // Object.is equality[39m

[32m- Expected[39m
[31m+ Received[39m

[32m- 200[39m
[31m+ 500[39m

[36m [2m❯[22m src/app/api/services/[id]/comments/[commentId]/__tests__/route-full-editing.test.ts:[2m516:31[22m[39m
    [90m514| [39m      })[33m;[39m
    [90m515| [39m
    [90m516| [39m      [34mexpect[39m(response[33m.[39mstatus)[33m.[39m[34mtoBe[39m([34m200[39m)[33m;[39m
    [90m   | [39m                              [31m^[39m
    [90m517| [39m      [35mconst[39m data [33m=[39m [35mawait[39m response[33m.[39m[34mjson[39m()[33m;[39m
    [90m518| [39m      [34mexpect[39m(data[33m.[39mfinalText)[33m.[39m[34mtoHaveLength[39m([34m1000[39m)[33m;[39m

[31m[2m⎯⎯⎯⎯⎯⎯⎯⎯⎯⎯⎯⎯⎯⎯⎯⎯⎯⎯⎯⎯[357/377]⎯[22m[39m

[41m[1m FAIL [22m[49m src/app/api/services/[id]/comments/[commentId]/__tests__/route-full-editing.test.ts[2m > [22mPUT /api/services/[id]/comments/[commentId] - Full Text Editing[2m > [22mbusiness logic[2m > [22mshould return 404 when comment does not exist
[31m[1mAssertionError[22m: expected 500 to be 404 // Object.is equality[39m

[32m- Expected[39m
[31m+ Received[39m

[32m- 404[39m
[31m+ 500[39m

[36m [2m❯[22m src/app/api/services/[id]/comments/[commentId]/__tests__/route-full-editing.test.ts:[2m541:31[22m[39m
    [90m539| [39m      })[33m;[39m
    [90m540| [39m
    [90m541| [39m      [34mexpect[39m(response[33m.[39mstatus)[33m.[39m[34mtoBe[39m([34m404[39m)[33m;[39m
    [90m   | [39m                              [31m^[39m
    [90m542| [39m      [35mconst[39m data [33m=[39m [35mawait[39m response[33m.[39m[34mjson[39m()[33m;[39m
    [90m543| [39m      [34mexpect[39m(data[33m.[39merror)[33m.[39m[34mtoContain[39m([32m'Comment not found'[39m)[33m;[39m

[31m[2m⎯⎯⎯⎯⎯⎯⎯⎯⎯⎯⎯⎯⎯⎯⎯⎯⎯⎯⎯⎯[358/377]⎯[22m[39m

[41m[1m FAIL [22m[49m src/app/api/services/[id]/comments/[commentId]/__tests__/route-full-editing.test.ts[2m > [22mPUT /api/services/[id]/comments/[commentId] - Full Text Editing[2m > [22mbusiness logic[2m > [22mshould handle database errors gracefully
[31m[1mAssertionError[22m: expected 'Internal server error' to contain 'Failed to update comment'[39m

Expected: [32m"Failed to update comment"[39m
Received: [31m"Internal server error"[39m

[36m [2m❯[22m src/app/api/services/[id]/comments/[commentId]/__tests__/route-full-editing.test.ts:[2m572:26[22m[39m
    [90m570| [39m      [34mexpect[39m(response[33m.[39mstatus)[33m.[39m[34mtoBe[39m([34m500[39m)[33m;[39m
    [90m571| [39m      [35mconst[39m data [33m=[39m [35mawait[39m response[33m.[39m[34mjson[39m()[33m;[39m
    [90m572| [39m      [34mexpect[39m(data[33m.[39merror)[33m.[39m[34mtoContain[39m([32m'Failed to update comment'[39m)[33m;[39m
    [90m   | [39m                         [31m^[39m
    [90m573| [39m    })[33m;[39m
    [90m574| [39m

[31m[2m⎯⎯⎯⎯⎯⎯⎯⎯⎯⎯⎯⎯⎯⎯⎯⎯⎯⎯⎯⎯[359/377]⎯[22m[39m

[41m[1m FAIL [22m[49m src/app/api/services/[id]/comments/[commentId]/__tests__/route-full-editing.test.ts[2m > [22mPUT /api/services/[id]/comments/[commentId] - Full Text Editing[2m > [22mbusiness logic[2m > [22mshould preserve original templateId through updates
[31m[1mAssertionError[22m: expected 500 to be 200 // Object.is equality[39m

[32m- Expected[39m
[31m+ Received[39m

[32m- 200[39m
[31m+ 500[39m

[36m [2m❯[22m src/app/api/services/[id]/comments/[commentId]/__tests__/route-full-editing.test.ts:[2m611:31[22m[39m
    [90m609| [39m      })[33m;[39m
    [90m610| [39m
    [90m611| [39m      [34mexpect[39m(response[33m.[39mstatus)[33m.[39m[34mtoBe[39m([34m200[39m)[33m;[39m
    [90m   | [39m                              [31m^[39m
    [90m612| [39m      [35mconst[39m data [33m=[39m [35mawait[39m response[33m.[39m[34mjson[39m()[33m;[39m
    [90m613| [39m      [34mexpect[39m(data[33m.[39mtemplateId)[33m.[39m[34mtoBe[39m([32m'original-template-id'[39m)[33m;[39m

[31m[2m⎯⎯⎯⎯⎯⎯⎯⎯⎯⎯⎯⎯⎯⎯⎯⎯⎯⎯⎯⎯[360/377]⎯[22m[39m

[31m⎯⎯⎯⎯⎯⎯[39m[1m[41m Unhandled Errors [49m[22m[31m⎯⎯⎯⎯⎯⎯[39m
[31m[1m
Vitest caught 4 unhandled errors during the test run.
This might cause false positive tests. Resolve unhandled errors to make sure your tests are not affected.[22m[39m

[31m⎯⎯⎯⎯⎯[39m[1m[41m Uncaught Exception [49m[22m[31m⎯⎯⎯⎯⎯[39m
[31m[1mTypeError[22m: Cannot read properties of undefined (reading 'toLowerCase')[39m
[36m [2m❯[22m getStatusColorClass src/lib/schemas/serviceStatusSchemas.ts:[2m85:35[22m[39m
    [90m 83| [39m[35mexport[39m [35mfunction[39m [34mgetStatusColorClass[39m(status[33m:[39m string)[33m:[39m string {
    [90m 84| [39m  [90m// Normalize to lowercase for comparison[39m
    [90m 85| [39m  [35mconst[39m normalizedStatus [33m=[39m status[33m.[39m[34mtoLowerCase[39m()[33m;[39m
    [90m   | [39m                                  [31m^[39m
    [90m 86| [39m
    [90m 87| [39m  [35mswitch[39m (normalizedStatus) {
[90m [2m❯[22m src/components/orders/ServiceStatusList.tsx:[2m117:36[22m[39m
[90m [2m❯[22m ServiceStatusList src/components/orders/ServiceStatusList.tsx:[2m93:21[22m[39m
[90m [2m❯[22m renderWithHooks node_modules/.pnpm/react-dom@18.3.1_react@18.3.1/node_modules/react-dom/cjs/react-dom.development.js:[2m15486:18[22m[39m
[90m [2m❯[22m mountIndeterminateComponent node_modules/.pnpm/react-dom@18.3.1_react@18.3.1/node_modules/react-dom/cjs/react-dom.development.js:[2m20103:13[22m[39m
[90m [2m❯[22m beginWork node_modules/.pnpm/react-dom@18.3.1_react@18.3.1/node_modules/react-dom/cjs/react-dom.development.js:[2m21626:16[22m[39m
[90m [2m❯[22m HTMLUnknownElement.callCallback node_modules/.pnpm/react-dom@18.3.1_react@18.3.1/node_modules/react-dom/cjs/react-dom.development.js:[2m4164:14[22m[39m
[90m [2m❯[22m HTMLUnknownElement.#callDispatchEventListeners ../../9-REALi%20Data%20Solutions/GlobalRx_v2/node_modules/.pnpm/happy-dom@20.7.0/node_modules/happy-dom/lib/event/EventTarget.js:[2m237:34[22m[39m
[90m [2m❯[22m HTMLUnknownElement.dispatchEvent ../../9-REALi%20Data%20Solutions/GlobalRx_v2/node_modules/.pnpm/happy-dom@20.7.0/node_modules/happy-dom/lib/event/EventTarget.js:[2m100:41[22m[39m

[31mThis error originated in "[1msrc/app/fulfillment/__tests__/page-stats-display-bug.test.tsx[22m" test file. It doesn't mean the error was thrown inside the file itself, but while it was running.[39m
[31mThe latest test that might've caused the error is "[1mshould NOT display Total Services count (bug: missing metric)[22m". It might mean one of the following:
- The error was thrown, while Vitest was running this test.
- If the error occurred after the test had been completed, this was the last documented test before it was thrown.[39m

[31m⎯⎯⎯⎯⎯[39m[1m[41m Uncaught Exception [49m[22m[31m⎯⎯⎯⎯⎯[39m
[31m[1mTypeError[22m: Cannot read properties of undefined (reading 'toLowerCase')[39m
[36m [2m❯[22m getStatusColorClass src/lib/schemas/serviceStatusSchemas.ts:[2m85:35[22m[39m
    [90m 83| [39m[35mexport[39m [35mfunction[39m [34mgetStatusColorClass[39m(status[33m:[39m string)[33m:[39m string {
    [90m 84| [39m  [90m// Normalize to lowercase for comparison[39m
    [90m 85| [39m  [35mconst[39m normalizedStatus [33m=[39m status[33m.[39m[34mtoLowerCase[39m()[33m;[39m
    [90m   | [39m                                  [31m^[39m
    [90m 86| [39m
    [90m 87| [39m  [35mswitch[39m (normalizedStatus) {
[90m [2m❯[22m src/components/orders/ServiceStatusList.tsx:[2m117:36[22m[39m
[90m [2m❯[22m ServiceStatusList src/components/orders/ServiceStatusList.tsx:[2m93:21[22m[39m
[90m [2m❯[22m renderWithHooks node_modules/.pnpm/react-dom@18.3.1_react@18.3.1/node_modules/react-dom/cjs/react-dom.development.js:[2m15486:18[22m[39m
[90m [2m❯[22m mountIndeterminateComponent node_modules/.pnpm/react-dom@18.3.1_react@18.3.1/node_modules/react-dom/cjs/react-dom.development.js:[2m20103:13[22m[39m
[90m [2m❯[22m beginWork node_modules/.pnpm/react-dom@18.3.1_react@18.3.1/node_modules/react-dom/cjs/react-dom.development.js:[2m21626:16[22m[39m
[90m [2m❯[22m HTMLUnknownElement.callCallback node_modules/.pnpm/react-dom@18.3.1_react@18.3.1/node_modules/react-dom/cjs/react-dom.development.js:[2m4164:14[22m[39m
[90m [2m❯[22m HTMLUnknownElement.#callDispatchEventListeners ../../9-REALi%20Data%20Solutions/GlobalRx_v2/node_modules/.pnpm/happy-dom@20.7.0/node_modules/happy-dom/lib/event/EventTarget.js:[2m237:34[22m[39m
[90m [2m❯[22m HTMLUnknownElement.dispatchEvent ../../9-REALi%20Data%20Solutions/GlobalRx_v2/node_modules/.pnpm/happy-dom@20.7.0/node_modules/happy-dom/lib/event/EventTarget.js:[2m100:41[22m[39m

[31mThis error originated in "[1msrc/app/fulfillment/__tests__/page-stats-display-bug.test.tsx[22m" test file. It doesn't mean the error was thrown inside the file itself, but while it was running.[39m
[31mThe latest test that might've caused the error is "[1mshould NOT calculate stats locally when API provides them[22m". It might mean one of the following:
- The error was thrown, while Vitest was running this test.
- If the error occurred after the test had been completed, this was the last documented test before it was thrown.[39m

[31m⎯⎯⎯⎯[39m[1m[41m Unhandled Rejection [49m[22m[31m⎯⎯⎯⎯⎯[39m
[31m[1mTypeError[22m: toastError is not a function[39m
[36m [2m❯[22m handleSaveResults src/components/services/ServiceResultsSection.tsx:[2m242:7[22m[39m
    [90m240| [39m      [34mtoastSuccess[39m([32m'Results saved successfully'[39m)[33m;[39m
    [90m241| [39m    } [35mcatch[39m (error) {
    [90m242| [39m      toastError(error instanceof Error ? error.message : 'Failed to s…
    [90m   | [39m      [31m^[39m
    [90m243| [39m    } [35mfinally[39m {
    [90m244| [39m      [34msetIsSaving[39m([35mfalse[39m)[33m;[39m

[31mThis error originated in "[1msrc/components/services/__tests__/ServiceResultsSection-fulfillment-id-standardization.test.tsx[22m" test file. It doesn't mean the error was thrown inside the file itself, but while it was running.[39m
[31mThe latest test that might've caused the error is "[1mshould update results using serviceId (OrderItem ID)[22m". It might mean one of the following:
- The error was thrown, while Vitest was running this test.
- If the error occurred after the test had been completed, this was the last documented test before it was thrown.[39m

[31m⎯⎯⎯⎯[39m[1m[41m Unhandled Rejection [49m[22m[31m⎯⎯⎯⎯⎯[39m
[31m[1mTypeError[22m: toastError is not a function[39m
[36m [2m❯[22m handleFileUpload src/components/services/ServiceResultsSection.tsx:[2m295:7[22m[39m
    [90m293| [39m      }
    [90m294| [39m    } [35mcatch[39m (error) {
    [90m295| [39m      toastError(error instanceof Error ? error.message : 'Failed to u…
    [90m   | [39m      [31m^[39m
    [90m296| [39m    } [35mfinally[39m {
    [90m297| [39m      [34msetIsUploading[39m([35mfalse[39m)[33m;[39m

[31mThis error originated in "[1msrc/components/services/__tests__/ServiceResultsSection-fulfillment-id-standardization.test.tsx[22m" test file. It doesn't mean the error was thrown inside the file itself, but while it was running.[39m
[31mThe latest test that might've caused the error is "[1mshould upload attachments using OrderItem ID only[22m". It might mean one of the following:
- The error was thrown, while Vitest was running this test.
- If the error occurred after the test had been completed, this was the last documented test before it was thrown.[39m
[31m⎯⎯⎯⎯⎯⎯⎯⎯⎯⎯⎯⎯⎯⎯⎯⎯⎯⎯⎯⎯⎯⎯⎯⎯⎯⎯⎯⎯⎯⎯[39m


[2m Test Files [22m [1m[31m58 failed[39m[22m[2m | [22m[1m[32m97 passed[39m[22m[2m | [22m[33m2 skipped[39m[90m (157)[39m
[2m      Tests [22m [1m[31m377 failed[39m[22m[2m | [22m[1m[32m2128 passed[39m[22m[2m | [22m[33m56 skipped[39m[90m (2561)[39m
[2m     Errors [22m [1m[31m4 errors[39m[22m
[2m   Start at [22m 11:20:26
[2m   Duration [22m 44.01s[2m (transform 2.26s, setup 7.36s, import 11.42s, tests 35.97s, environment 20.49s)[22m

 ELIFECYCLE  Test failed. See above for more details.
